Loaded 24719 embeddings, 68664 REL train / 7629 val, 34130 CT train / 3792 val, 66742 ST train / 7415 val. Device: mps
Calibration (20 batches): initial_sub_rel=0.2153, initial_sub_tail=4.7348, initial_comp_rel=4.7728, initial_comp_tail=4.8454
Weights: weight_sub_rel=22.1709, weight_sub_tail=1.0080, weight_comp_rel=1.0000, weight_comp_tail=0.9850
Saved /Users/haseeb/Desktop/mitacs_project/week5/phase18b_contrastive_subtail/loss_balancing_check.md
All gradient-norm checks passed: True
  epoch 0: train[sub_rel=0.0662 sub_tail=0.6875 comp_rel=2.1104 comp_tail=1.9699] val[sub_rel=0.0301 sub_tail=0.4436 comp_rel=1.6875 comp_tail=1.4600]
  epoch 1: train[sub_rel=0.0483 sub_tail=0.5163 comp_rel=1.7055 comp_tail=1.2895] val[sub_rel=0.0273 sub_tail=0.4325 comp_rel=1.5341 comp_tail=1.1778]
  epoch 2: train[sub_rel=0.0452 sub_tail=0.4907 comp_rel=1.5705 comp_tail=1.0694] val[sub_rel=0.0251 sub_tail=0.4260 comp_rel=1.4496 comp_tail=1.0389]
  epoch 3: train[sub_rel=0.0433 sub_tail=0.4793 comp_rel=1.5010 comp_tail=0.9372] val[sub_rel=0.0245 sub_tail=0.4210 comp_rel=1.4015 comp_tail=0.9555]
  epoch 4: train[sub_rel=0.0421 sub_tail=0.4678 comp_rel=1.4493 comp_tail=0.8613] val[sub_rel=0.0237 sub_tail=0.4233 comp_rel=1.3674 comp_tail=0.8918]
  epoch 5: train[sub_rel=0.0414 sub_tail=0.4591 comp_rel=1.4061 comp_tail=0.8086] val[sub_rel=0.0231 sub_tail=0.4228 comp_rel=1.3500 comp_tail=0.8421]
  epoch 6: train[sub_rel=0.0406 sub_tail=0.4516 comp_rel=1.3802 comp_tail=0.7670] val[sub_rel=0.0231 sub_tail=0.4200 comp_rel=1.3260 comp_tail=0.8169]
  epoch 7: train[sub_rel=0.0401 sub_tail=0.4513 comp_rel=1.3535 comp_tail=0.7327] val[sub_rel=0.0223 sub_tail=0.4213 comp_rel=1.3098 comp_tail=0.7805]
  epoch 8: train[sub_rel=0.0398 sub_tail=0.4490 comp_rel=1.3368 comp_tail=0.7170] val[sub_rel=0.0220 sub_tail=0.4196 comp_rel=1.2923 comp_tail=0.7546]
  epoch 9: train[sub_rel=0.0394 sub_tail=0.4448 comp_rel=1.3168 comp_tail=0.6903] val[sub_rel=0.0216 sub_tail=0.4222 comp_rel=1.2774 comp_tail=0.7364]
  epoch 10: train[sub_rel=0.0391 sub_tail=0.4381 comp_rel=1.2974 comp_tail=0.6703] val[sub_rel=0.0216 sub_tail=0.4192 comp_rel=1.2723 comp_tail=0.7159]
  epoch 11: train[sub_rel=0.0386 sub_tail=0.4344 comp_rel=1.2944 comp_tail=0.6579] val[sub_rel=0.0215 sub_tail=0.4209 comp_rel=1.2686 comp_tail=0.7054]
  epoch 12: train[sub_rel=0.0385 sub_tail=0.4386 comp_rel=1.2837 comp_tail=0.6392] val[sub_rel=0.0217 sub_tail=0.4202 comp_rel=1.2507 comp_tail=0.6897]
  epoch 13: train[sub_rel=0.0381 sub_tail=0.4341 comp_rel=1.2655 comp_tail=0.6317] val[sub_rel=0.0209 sub_tail=0.4208 comp_rel=1.2423 comp_tail=0.6748]
  epoch 14: train[sub_rel=0.0380 sub_tail=0.4324 comp_rel=1.2561 comp_tail=0.6161] val[sub_rel=0.0212 sub_tail=0.4190 comp_rel=1.2474 comp_tail=0.6689]
  epoch 15: train[sub_rel=0.0379 sub_tail=0.4295 comp_rel=1.2464 comp_tail=0.6108] val[sub_rel=0.0208 sub_tail=0.4232 comp_rel=1.2329 comp_tail=0.6654]
  epoch 16: train[sub_rel=0.0375 sub_tail=0.4295 comp_rel=1.2377 comp_tail=0.6014] val[sub_rel=0.0211 sub_tail=0.4247 comp_rel=1.2372 comp_tail=0.6580]
  epoch 17: train[sub_rel=0.0375 sub_tail=0.4269 comp_rel=1.2296 comp_tail=0.5939] val[sub_rel=0.0204 sub_tail=0.4247 comp_rel=1.2222 comp_tail=0.6369]
  epoch 18: train[sub_rel=0.0373 sub_tail=0.4221 comp_rel=1.2200 comp_tail=0.5910] val[sub_rel=0.0204 sub_tail=0.4224 comp_rel=1.2164 comp_tail=0.6359]
  epoch 19: train[sub_rel=0.0371 sub_tail=0.4253 comp_rel=1.2191 comp_tail=0.5805] val[sub_rel=0.0202 sub_tail=0.4236 comp_rel=1.2197 comp_tail=0.6289]
  epoch 20: train[sub_rel=0.0369 sub_tail=0.4224 comp_rel=1.2076 comp_tail=0.5733] val[sub_rel=0.0207 sub_tail=0.4225 comp_rel=1.2074 comp_tail=0.6214]
  epoch 21: train[sub_rel=0.0369 sub_tail=0.4238 comp_rel=1.2059 comp_tail=0.5714] val[sub_rel=0.0205 sub_tail=0.4245 comp_rel=1.2095 comp_tail=0.6209]
  epoch 22: train[sub_rel=0.0367 sub_tail=0.4219 comp_rel=1.1959 comp_tail=0.5620] val[sub_rel=0.0201 sub_tail=0.4242 comp_rel=1.2077 comp_tail=0.6110]
  epoch 23: train[sub_rel=0.0367 sub_tail=0.4185 comp_rel=1.1934 comp_tail=0.5601] val[sub_rel=0.0202 sub_tail=0.4255 comp_rel=1.2077 comp_tail=0.6051]
  epoch 24: train[sub_rel=0.0366 sub_tail=0.4176 comp_rel=1.1896 comp_tail=0.5542] val[sub_rel=0.0201 sub_tail=0.4245 comp_rel=1.2025 comp_tail=0.6038]
  epoch 25: train[sub_rel=0.0364 sub_tail=0.4184 comp_rel=1.1877 comp_tail=0.5488] val[sub_rel=0.0200 sub_tail=0.4274 comp_rel=1.1942 comp_tail=0.5997]
  epoch 26: train[sub_rel=0.0363 sub_tail=0.4168 comp_rel=1.1797 comp_tail=0.5454] val[sub_rel=0.0196 sub_tail=0.4256 comp_rel=1.1907 comp_tail=0.5982]
  epoch 27: train[sub_rel=0.0363 sub_tail=0.4172 comp_rel=1.1702 comp_tail=0.5453] val[sub_rel=0.0197 sub_tail=0.4235 comp_rel=1.1816 comp_tail=0.5954]
  epoch 28: train[sub_rel=0.0362 sub_tail=0.4180 comp_rel=1.1737 comp_tail=0.5383] val[sub_rel=0.0198 sub_tail=0.4232 comp_rel=1.1909 comp_tail=0.5895]
  epoch 29: train[sub_rel=0.0361 sub_tail=0.4163 comp_rel=1.1661 comp_tail=0.5367] val[sub_rel=0.0197 sub_tail=0.4258 comp_rel=1.1812 comp_tail=0.5869]
  epoch 30: train[sub_rel=0.0359 sub_tail=0.4146 comp_rel=1.1574 comp_tail=0.5302] val[sub_rel=0.0196 sub_tail=0.4236 comp_rel=1.1811 comp_tail=0.5832]
  epoch 31: train[sub_rel=0.0359 sub_tail=0.4118 comp_rel=1.1542 comp_tail=0.5289] val[sub_rel=0.0194 sub_tail=0.4250 comp_rel=1.1728 comp_tail=0.5803]
  epoch 32: train[sub_rel=0.0358 sub_tail=0.4138 comp_rel=1.1558 comp_tail=0.5242] val[sub_rel=0.0197 sub_tail=0.4263 comp_rel=1.1854 comp_tail=0.5701]
  epoch 33: train[sub_rel=0.0358 sub_tail=0.4111 comp_rel=1.1484 comp_tail=0.5236] val[sub_rel=0.0198 sub_tail=0.4272 comp_rel=1.1704 comp_tail=0.5678]
  epoch 34: train[sub_rel=0.0357 sub_tail=0.4086 comp_rel=1.1420 comp_tail=0.5185] val[sub_rel=0.0194 sub_tail=0.4237 comp_rel=1.1659 comp_tail=0.5679]
  epoch 35: train[sub_rel=0.0356 sub_tail=0.4120 comp_rel=1.1434 comp_tail=0.5161] val[sub_rel=0.0194 sub_tail=0.4287 comp_rel=1.1715 comp_tail=0.5708]
  epoch 36: train[sub_rel=0.0355 sub_tail=0.4136 comp_rel=1.1375 comp_tail=0.5173] val[sub_rel=0.0196 sub_tail=0.4265 comp_rel=1.1607 comp_tail=0.5652]
  epoch 37: train[sub_rel=0.0355 sub_tail=0.4084 comp_rel=1.1350 comp_tail=0.5170] val[sub_rel=0.0192 sub_tail=0.4263 comp_rel=1.1632 comp_tail=0.5657]
  epoch 38: train[sub_rel=0.0354 sub_tail=0.4086 comp_rel=1.1418 comp_tail=0.5089] val[sub_rel=0.0193 sub_tail=0.4243 comp_rel=1.1675 comp_tail=0.5592]
  epoch 39: train[sub_rel=0.0354 sub_tail=0.4078 comp_rel=1.1276 comp_tail=0.5042] val[sub_rel=0.0199 sub_tail=0.4280 comp_rel=1.1636 comp_tail=0.5585]
  epoch 40: train[sub_rel=0.0352 sub_tail=0.4077 comp_rel=1.1382 comp_tail=0.5056] val[sub_rel=0.0193 sub_tail=0.4284 comp_rel=1.1574 comp_tail=0.5625]
  epoch 41: train[sub_rel=0.0352 sub_tail=0.4063 comp_rel=1.1220 comp_tail=0.5045] val[sub_rel=0.0189 sub_tail=0.4256 comp_rel=1.1598 comp_tail=0.5618]
  epoch 42: train[sub_rel=0.0352 sub_tail=0.4076 comp_rel=1.1244 comp_tail=0.5029] val[sub_rel=0.0194 sub_tail=0.4268 comp_rel=1.1515 comp_tail=0.5552]
  epoch 43: train[sub_rel=0.0351 sub_tail=0.4046 comp_rel=1.1204 comp_tail=0.4998] val[sub_rel=0.0194 sub_tail=0.4282 comp_rel=1.1572 comp_tail=0.5489]
  epoch 44: train[sub_rel=0.0351 sub_tail=0.4057 comp_rel=1.1152 comp_tail=0.4966] val[sub_rel=0.0190 sub_tail=0.4263 comp_rel=1.1519 comp_tail=0.5448]
  epoch 45: train[sub_rel=0.0350 sub_tail=0.4067 comp_rel=1.1168 comp_tail=0.4973] val[sub_rel=0.0193 sub_tail=0.4265 comp_rel=1.1579 comp_tail=0.5448]
  epoch 46: train[sub_rel=0.0349 sub_tail=0.4072 comp_rel=1.1139 comp_tail=0.4978] val[sub_rel=0.0191 sub_tail=0.4261 comp_rel=1.1527 comp_tail=0.5473]
  epoch 47: train[sub_rel=0.0349 sub_tail=0.4045 comp_rel=1.1134 comp_tail=0.4951] val[sub_rel=0.0190 sub_tail=0.4259 comp_rel=1.1471 comp_tail=0.5397]
  epoch 48: train[sub_rel=0.0349 sub_tail=0.4038 comp_rel=1.1171 comp_tail=0.4946] val[sub_rel=0.0190 sub_tail=0.4272 comp_rel=1.1518 comp_tail=0.5430]
  epoch 49: train[sub_rel=0.0349 sub_tail=0.4025 comp_rel=1.1075 comp_tail=0.4939] val[sub_rel=0.0188 sub_tail=0.4282 comp_rel=1.1440 comp_tail=0.5447]
  epoch 50: train[sub_rel=0.0348 sub_tail=0.4018 comp_rel=1.1119 comp_tail=0.4876] val[sub_rel=0.0188 sub_tail=0.4242 comp_rel=1.1400 comp_tail=0.5412]
  epoch 51: train[sub_rel=0.0348 sub_tail=0.3997 comp_rel=1.1089 comp_tail=0.4864] val[sub_rel=0.0188 sub_tail=0.4221 comp_rel=1.1386 comp_tail=0.5429]
  epoch 52: train[sub_rel=0.0347 sub_tail=0.4007 comp_rel=1.1044 comp_tail=0.4873] val[sub_rel=0.0192 sub_tail=0.4268 comp_rel=1.1481 comp_tail=0.5356]
  epoch 53: train[sub_rel=0.0348 sub_tail=0.4007 comp_rel=1.1021 comp_tail=0.4814] val[sub_rel=0.0190 sub_tail=0.4237 comp_rel=1.1434 comp_tail=0.5374]
  epoch 54: train[sub_rel=0.0346 sub_tail=0.4011 comp_rel=1.1010 comp_tail=0.4826] val[sub_rel=0.0189 sub_tail=0.4255 comp_rel=1.1393 comp_tail=0.5350]
  epoch 55: train[sub_rel=0.0346 sub_tail=0.4003 comp_rel=1.0990 comp_tail=0.4831] val[sub_rel=0.0192 sub_tail=0.4271 comp_rel=1.1418 comp_tail=0.5370]
  epoch 56: train[sub_rel=0.0346 sub_tail=0.3975 comp_rel=1.0958 comp_tail=0.4807] val[sub_rel=0.0187 sub_tail=0.4272 comp_rel=1.1321 comp_tail=0.5339]
  epoch 57: train[sub_rel=0.0345 sub_tail=0.3975 comp_rel=1.0930 comp_tail=0.4797] val[sub_rel=0.0189 sub_tail=0.4265 comp_rel=1.1365 comp_tail=0.5299]
  epoch 58: train[sub_rel=0.0345 sub_tail=0.3993 comp_rel=1.0926 comp_tail=0.4788] val[sub_rel=0.0188 sub_tail=0.4262 comp_rel=1.1409 comp_tail=0.5331]
  epoch 59: train[sub_rel=0.0345 sub_tail=0.4015 comp_rel=1.0949 comp_tail=0.4775] val[sub_rel=0.0185 sub_tail=0.4258 comp_rel=1.1402 comp_tail=0.5345]
  epoch 60: train[sub_rel=0.0344 sub_tail=0.3998 comp_rel=1.0911 comp_tail=0.4772] val[sub_rel=0.0186 sub_tail=0.4280 comp_rel=1.1331 comp_tail=0.5324]
  epoch 61: train[sub_rel=0.0344 sub_tail=0.4004 comp_rel=1.0901 comp_tail=0.4772] val[sub_rel=0.0185 sub_tail=0.4245 comp_rel=1.1292 comp_tail=0.5321]
  epoch 62: train[sub_rel=0.0342 sub_tail=0.3963 comp_rel=1.0833 comp_tail=0.4757] val[sub_rel=0.0184 sub_tail=0.4245 comp_rel=1.1290 comp_tail=0.5273]
  epoch 63: train[sub_rel=0.0343 sub_tail=0.3983 comp_rel=1.0854 comp_tail=0.4742] val[sub_rel=0.0187 sub_tail=0.4273 comp_rel=1.1400 comp_tail=0.5235]
  epoch 64: train[sub_rel=0.0343 sub_tail=0.3958 comp_rel=1.0828 comp_tail=0.4725] val[sub_rel=0.0186 sub_tail=0.4272 comp_rel=1.1285 comp_tail=0.5251]
  epoch 65: train[sub_rel=0.0342 sub_tail=0.3931 comp_rel=1.0829 comp_tail=0.4724] val[sub_rel=0.0185 sub_tail=0.4265 comp_rel=1.1341 comp_tail=0.5263]
  epoch 66: train[sub_rel=0.0341 sub_tail=0.3967 comp_rel=1.0850 comp_tail=0.4637] val[sub_rel=0.0187 sub_tail=0.4299 comp_rel=1.1343 comp_tail=0.5292]
  epoch 67: train[sub_rel=0.0343 sub_tail=0.3947 comp_rel=1.0780 comp_tail=0.4690] val[sub_rel=0.0185 sub_tail=0.4249 comp_rel=1.1273 comp_tail=0.5220]
  epoch 68: train[sub_rel=0.0343 sub_tail=0.3960 comp_rel=1.0818 comp_tail=0.4683] val[sub_rel=0.0185 sub_tail=0.4261 comp_rel=1.1294 comp_tail=0.5219]
  epoch 69: train[sub_rel=0.0340 sub_tail=0.3948 comp_rel=1.0742 comp_tail=0.4646] val[sub_rel=0.0187 sub_tail=0.4259 comp_rel=1.1300 comp_tail=0.5223]
  epoch 70: train[sub_rel=0.0341 sub_tail=0.3979 comp_rel=1.0700 comp_tail=0.4683] val[sub_rel=0.0186 sub_tail=0.4273 comp_rel=1.1266 comp_tail=0.5222]
  epoch 71: train[sub_rel=0.0341 sub_tail=0.3944 comp_rel=1.0729 comp_tail=0.4634] val[sub_rel=0.0183 sub_tail=0.4273 comp_rel=1.1245 comp_tail=0.5178]
  epoch 72: train[sub_rel=0.0340 sub_tail=0.3922 comp_rel=1.0712 comp_tail=0.4614] val[sub_rel=0.0184 sub_tail=0.4227 comp_rel=1.1225 comp_tail=0.5161]
  epoch 73: train[sub_rel=0.0339 sub_tail=0.3931 comp_rel=1.0737 comp_tail=0.4617] val[sub_rel=0.0185 sub_tail=0.4247 comp_rel=1.1204 comp_tail=0.5177]
  epoch 74: train[sub_rel=0.0338 sub_tail=0.3906 comp_rel=1.0708 comp_tail=0.4620] val[sub_rel=0.0183 sub_tail=0.4290 comp_rel=1.1204 comp_tail=0.5155]
  epoch 75: train[sub_rel=0.0338 sub_tail=0.3899 comp_rel=1.0713 comp_tail=0.4632] val[sub_rel=0.0184 sub_tail=0.4266 comp_rel=1.1271 comp_tail=0.5208]
  epoch 76: train[sub_rel=0.0338 sub_tail=0.3946 comp_rel=1.0612 comp_tail=0.4626] val[sub_rel=0.0182 sub_tail=0.4250 comp_rel=1.1209 comp_tail=0.5228]
  epoch 77: train[sub_rel=0.0337 sub_tail=0.3915 comp_rel=1.0694 comp_tail=0.4571] val[sub_rel=0.0184 sub_tail=0.4226 comp_rel=1.1187 comp_tail=0.5165]
  epoch 78: train[sub_rel=0.0337 sub_tail=0.3907 comp_rel=1.0622 comp_tail=0.4618] val[sub_rel=0.0182 sub_tail=0.4224 comp_rel=1.1129 comp_tail=0.5195]
  epoch 79: train[sub_rel=0.0335 sub_tail=0.3926 comp_rel=1.0649 comp_tail=0.4540] val[sub_rel=0.0181 sub_tail=0.4238 comp_rel=1.1213 comp_tail=0.5150]
  epoch 80: train[sub_rel=0.0335 sub_tail=0.3893 comp_rel=1.0598 comp_tail=0.4563] val[sub_rel=0.0182 sub_tail=0.4225 comp_rel=1.1171 comp_tail=0.5158]
  epoch 81: train[sub_rel=0.0334 sub_tail=0.3874 comp_rel=1.0571 comp_tail=0.4508] val[sub_rel=0.0182 sub_tail=0.4241 comp_rel=1.1178 comp_tail=0.5108]
  epoch 82: train[sub_rel=0.0335 sub_tail=0.3870 comp_rel=1.0582 comp_tail=0.4517] val[sub_rel=0.0183 sub_tail=0.4235 comp_rel=1.1225 comp_tail=0.5107]
  epoch 83: train[sub_rel=0.0334 sub_tail=0.3895 comp_rel=1.0580 comp_tail=0.4556] val[sub_rel=0.0183 sub_tail=0.4262 comp_rel=1.1119 comp_tail=0.5050]
  epoch 84: train[sub_rel=0.0334 sub_tail=0.3884 comp_rel=1.0580 comp_tail=0.4496] val[sub_rel=0.0185 sub_tail=0.4225 comp_rel=1.1147 comp_tail=0.5095]
  epoch 85: train[sub_rel=0.0334 sub_tail=0.3897 comp_rel=1.0597 comp_tail=0.4510] val[sub_rel=0.0182 sub_tail=0.4241 comp_rel=1.1182 comp_tail=0.5146]
  epoch 86: train[sub_rel=0.0333 sub_tail=0.3875 comp_rel=1.0561 comp_tail=0.4513] val[sub_rel=0.0183 sub_tail=0.4269 comp_rel=1.1156 comp_tail=0.5136]
  epoch 87: train[sub_rel=0.0333 sub_tail=0.3866 comp_rel=1.0533 comp_tail=0.4495] val[sub_rel=0.0180 sub_tail=0.4259 comp_rel=1.1119 comp_tail=0.5038]
  epoch 88: train[sub_rel=0.0334 sub_tail=0.3894 comp_rel=1.0575 comp_tail=0.4464] val[sub_rel=0.0182 sub_tail=0.4237 comp_rel=1.1148 comp_tail=0.5069]
  early stopping at epoch 88 (best_val_comp_rel=1.1119)
Saved best checkpoint to /Users/haseeb/Desktop/mitacs_project/week5/phase18b_contrastive_subtail/models/contrastive_subtail.pt (best_val_comp_rel=1.1119)
Saved /Users/haseeb/Desktop/mitacs_project/week5/phase18b_contrastive_subtail/models/training_curves.json
