B00JMLFJB8	https://images-na.ssl-images-amazon.com/images/I/41wCMbcDxJL.jpg	404 Client Error: Not Found for url: https://images-na.ssl-images-amazon.com/images/I/41wCMbcDxJL.jpg
B00K8OGHK0	https://images-na.ssl-images-amazon.com/images/I/4105uPQC%2BlL.jpg	404 Client Error: Not Found for url: https://images-na.ssl-images-amazon.com/images/I/4105uPQC%2BlL.jpg
B00TEPQZ6U	https://images-na.ssl-images-amazon.com/images/I/41TH4GqdcQL.jpg	404 Client Error: Not Found for url: https://images-na.ssl-images-amazon.com/images/I/41TH4GqdcQL.jpg
B00V84SHIE	https://images-na.ssl-images-amazon.com/images/I/41UmPoDhRUL.jpg	404 Client Error: Not Found for url: https://images-na.ssl-images-amazon.com/images/I/41UmPoDhRUL.jpg
B00KRYL792	https://images-na.ssl-images-amazon.com/images/I/31OkvCCgTyL.jpg	404 Client Error: Not Found for url: https://images-na.ssl-images-amazon.com/images/I/31OkvCCgTyL.jpg
B00KRYL7CE	https://images-na.ssl-images-amazon.com/images/I/41kG8rH-YyL.jpg	404 Client Error: Not Found for url: https://images-na.ssl-images-amazon.com/images/I/41kG8rH-YyL.jpg
B01H7EMBXK	https://images-na.ssl-images-amazon.com/images/I/41ha1C6vxdL.jpg	404 Client Error: Not Found for url: https://images-na.ssl-images-amazon.com/images/I/41ha1C6vxdL.jpg
B00Q4LZUW2	https://images-na.ssl-images-amazon.com/images/I/418s18JakqL.jpg	404 Client Error: Not Found for url: https://images-na.ssl-images-amazon.com/images/I/418s18JakqL.jpg
B00CBE1S6I	https://images-na.ssl-images-amazon.com/images/I/41qBBMDOEWL.jpg	404 Client Error: Not Found for url: https://images-na.ssl-images-amazon.com/images/I/41qBBMDOEWL.jpg
B00FQCUCSC	https://images-na.ssl-images-amazon.com/images/I/41q2EqggBWL.jpg	404 Client Error: Not Found for url: https://images-na.ssl-images-amazon.com/images/I/41q2EqggBWL.jpg
B017OVGA5G	https://images-na.ssl-images-amazon.com/images/I/51CR91w-g7L.jpg	404 Client Error: Not Found for url: https://images-na.ssl-images-amazon.com/images/I/51CR91w-g7L.jpg
B01H3EALTK	https://images-na.ssl-images-amazon.com/images/I/41EOJWPrm-L.jpg	404 Client Error: Not Found for url: https://images-na.ssl-images-amazon.com/images/I/41EOJWPrm-L.jpg
B012XOO8UI	https://images-na.ssl-images-amazon.com/images/I/3156oDoJZXL.jpg	404 Client Error: Not Found for url: https://images-na.ssl-images-amazon.com/images/I/3156oDoJZXL.jpg
B016YKHX1S	https://images-na.ssl-images-amazon.com/images/I/31v2XDm8RJL.jpg	404 Client Error: Not Found for url: https://images-na.ssl-images-amazon.com/images/I/31v2XDm8RJL.jpg
B00JULWJLI	https://images-na.ssl-images-amazon.com/images/I/41n2ijKhJVL.jpg	404 Client Error: Not Found for url: https://images-na.ssl-images-amazon.com/images/I/41n2ijKhJVL.jpg
B00TIRLF8M	https://images-na.ssl-images-amazon.com/images/I/41HCKUYLg5L.jpg	404 Client Error: Not Found for url: https://images-na.ssl-images-amazon.com/images/I/41HCKUYLg5L.jpg
B008YWF7OU	https://images-na.ssl-images-amazon.com/images/I/31RZw6bsqvL.jpg	404 Client Error: Not Found for url: https://images-na.ssl-images-amazon.com/images/I/31RZw6bsqvL.jpg
B00JULWE54	https://images-na.ssl-images-amazon.com/images/I/41C9EcTPYcL.jpg	404 Client Error: Not Found for url: https://images-na.ssl-images-amazon.com/images/I/41C9EcTPYcL.jpg
B016LJ4GBM	https://images-na.ssl-images-amazon.com/images/I/41DeOod7nkL.jpg	404 Client Error: Not Found for url: https://images-na.ssl-images-amazon.com/images/I/41DeOod7nkL.jpg
B016YKHXL8	https://images-na.ssl-images-amazon.com/images/I/31nvlQ46ATL.jpg	404 Client Error: Not Found for url: https://images-na.ssl-images-amazon.com/images/I/31nvlQ46ATL.jpg
B00B58FQ5K	https://images-na.ssl-images-amazon.com/images/I/31oQfRd7I8L.jpg	404 Client Error: Not Found for url: https://images-na.ssl-images-amazon.com/images/I/31oQfRd7I8L.jpg
B00QNAIJ4A	https://images-na.ssl-images-amazon.com/images/I/31heLfgs0WL.jpg	404 Client Error: Not Found for url: https://images-na.ssl-images-amazon.com/images/I/31heLfgs0WL.jpg
B00XKXI2D6	https://images-na.ssl-images-amazon.com/images/I/41SnmYdyf3L.jpg	404 Client Error: Not Found for url: https://images-na.ssl-images-amazon.com/images/I/41SnmYdyf3L.jpg
B00IL3NRRG	https://images-na.ssl-images-amazon.com/images/I/41WXLQz1WOL.jpg	404 Client Error: Not Found for url: https://images-na.ssl-images-amazon.com/images/I/41WXLQz1WOL.jpg
