✓ Initialized. View run at 
https://modal.com/apps/muhamasif/main/ap-KL6vi2F3xpCiDHOaxXC7ep
Building image im-bfGa68nsmL5tWxHOOZGDRd

=> Step 0: FROM base

=> Step 1: RUN python -m pip install numpy pillow torch torchvision tqdm
Looking in indexes: http://pypi-mirror.modal.local:5555/simple
Collecting numpy
  Downloading http://pypi-mirror.modal.local:5555/simple/numpy/numpy-2.4.6-cp311-cp311-manylinux_2_27_x86_64.manylinux_2_28_x86_64.whl.metadata (6.6 kB)
Collecting pillow
  Downloading http://pypi-mirror.modal.local:5555/simple/pillow/pillow-12.3.0-cp311-cp311-manylinux_2_27_x86_64.manylinux_2_28_x86_64.whl.metadata (9.1 kB)
Collecting torch
  Downloading http://pypi-mirror.modal.local:5555/simple/torch/torch-2.13.0-cp311-cp311-manylinux_2_28_x86_64.whl.metadata (38 kB)
Collecting torchvision
  Downloading http://pypi-mirror.modal.local:5555/simple/torchvision/torchvision-0.28.0-cp311-cp311-manylinux_2_28_x86_64.whl.metadata (5.6 kB)
Collecting tqdm
  Downloading http://pypi-mirror.modal.local:5555/simple/tqdm/tqdm-4.70.0-py3-none-any.whl.metadata (57 kB)
Collecting filelock (from torch)
  Downloading http://pypi-mirror.modal.local:5555/simple/filelock/filelock-3.32.2-py3-none-any.whl.metadata (2.0 kB)
Collecting typing-extensions>=4.10.0 (from torch)
  Downloading http://pypi-mirror.modal.local:5555/simple/typing-extensions/typing_extensions-4.16.0-py3-none-any.whl.metadata (3.3 kB)
Collecting setuptools>=77.0.3 (from torch)
  Downloading http://pypi-mirror.modal.local:5555/simple/setuptools/setuptools-84.0.0-py3-none-any.whl.metadata (6.6 kB)
Collecting sympy>=1.13.3 (from torch)
  Downloading http://pypi-mirror.modal.local:5555/simple/sympy/sympy-1.14.0-py3-none-any.whl.metadata (12 kB)
Collecting networkx>=2.5.1 (from torch)
  Downloading http://pypi-mirror.modal.local:5555/simple/networkx/networkx-3.6.1-py3-none-any.whl.metadata (6.8 kB)
Collecting jinja2 (from torch)
  Downloading http://pypi-mirror.modal.local:5555/simple/jinja2/jinja2-3.1.6-py3-none-any.whl.metadata (2.9 kB)
Collecting fsspec>=0.8.5 (from torch)
  Downloading http://pypi-mirror.modal.local:5555/simple/fsspec/fsspec-2026.7.0-py3-none-any.whl.metadata (10 kB)
Collecting cuda-toolkit==13.0.3 (from cuda-toolkit[cublas,cudart,cufft,cufile,cupti,curand,cusolver,cusparse,nvjitlink,nvrtc,nvtx]==13.0.3; platform_system == "Linux"->torch)
  Downloading http://pypi-mirror.modal.local:5555/simple/cuda-toolkit/cuda_toolkit-13.0.3.0-py2.py3-none-any.whl.metadata (17 kB)
Collecting cuda-bindings<14,>=13.0.3 (from torch)
  Downloading http://pypi-mirror.modal.local:5555/simple/cuda-bindings/cuda_bindings-13.3.1-cp311-cp311-manylinux_2_24_x86_64.manylinux_2_28_x86_64.whl.metadata (2.5 kB)
Collecting nvidia-cudnn-cu13==9.20.0.48 (from torch)
  Downloading http://pypi-mirror.modal.local:5555/simple/nvidia-cudnn-cu13/nvidia_cudnn_cu13-9.20.0.48-py3-none-manylinux_2_27_x86_64.whl.metadata (1.9 kB)
Collecting nvidia-cusparselt-cu13==0.8.1 (from torch)
  Downloading http://pypi-mirror.modal.local:5555/simple/nvidia-cusparselt-cu13/nvidia_cusparselt_cu13-0.8.1-py3-none-manylinux2014_x86_64.whl.metadata (12 kB)
Collecting nvidia-nccl-cu13==2.29.7 (from torch)
  Downloading http://pypi-mirror.modal.local:5555/simple/nvidia-nccl-cu13/nvidia_nccl_cu13-2.29.7-py3-none-manylinux_2_18_x86_64.whl.metadata (2.1 kB)
Collecting nvidia-nvshmem-cu13==3.4.5 (from torch)
  Downloading http://pypi-mirror.modal.local:5555/simple/nvidia-nvshmem-cu13/nvidia_nvshmem_cu13-3.4.5-py3-none-manylinux2014_x86_64.manylinux_2_17_x86_64.whl.metadata (2.1 kB)
Collecting triton==3.7.1 (from torch)
  Downloading http://pypi-mirror.modal.local:5555/simple/triton/triton-3.7.1-cp311-cp311-manylinux_2_27_x86_64.manylinux_2_28_x86_64.whl.metadata (1.7 kB)
Collecting nvidia-cublas==13.1.1.3.* (from cuda-toolkit[cublas,cudart,cufft,cufile,cupti,curand,cusolver,cusparse,nvjitlink,nvrtc,nvtx]==13.0.3; platform_system == "Linux"->torch)
  Downloading http://pypi-mirror.modal.local:5555/simple/nvidia-cublas/nvidia_cublas-13.1.1.3-py3-none-manylinux_2_27_x86_64.whl.metadata (1.8 kB)
Collecting nvidia-cuda-nvrtc==13.0.88.* (from cuda-toolkit[cublas,cudart,cufft,cufile,cupti,curand,cusolver,cusparse,nvjitlink,nvrtc,nvtx]==13.0.3; platform_system == "Linux"->torch)
  Downloading http://pypi-mirror.modal.local:5555/simple/nvidia-cuda-nvrtc/nvidia_cuda_nvrtc-13.0.88-py3-none-manylinux2010_x86_64.manylinux_2_12_x86_64.whl.metadata (1.7 kB)
Collecting nvidia-cuda-runtime==13.0.96.* (from cuda-toolkit[cublas,cudart,cufft,cufile,cupti,curand,cusolver,cusparse,nvjitlink,nvrtc,nvtx]==13.0.3; platform_system == "Linux"->torch)
  Downloading http://pypi-mirror.modal.local:5555/simple/nvidia-cuda-runtime/nvidia_cuda_runtime-13.0.96-py3-none-manylinux2014_x86_64.manylinux_2_17_x86_64.whl.metadata (1.7 kB)
Collecting nvidia-cufft==12.0.0.61.* (from cuda-toolkit[cublas,cudart,cufft,cufile,cupti,curand,cusolver,cusparse,nvjitlink,nvrtc,nvtx]==13.0.3; platform_system == "Linux"->torch)
  Downloading http://pypi-mirror.modal.local:5555/simple/nvidia-cufft/nvidia_cufft-12.0.0.61-py3-none-manylinux2014_x86_64.manylinux_2_17_x86_64.whl.metadata (1.8 kB)
Collecting nvidia-nvjitlink<14,>=13.0.88 (from cuda-toolkit[cublas,cudart,cufft,cufile,cupti,curand,cusolver,cusparse,nvjitlink,nvrtc,nvtx]==13.0.3; platform_system == "Linux"->torch)
  Downloading http://pypi-mirror.modal.local:5555/simple/nvidia-nvjitlink/nvidia_nvjitlink-13.3.33-py3-none-manylinux2010_x86_64.manylinux_2_12_x86_64.whl.metadata (1.8 kB)
Collecting nvidia-cufile==1.15.1.6.* (from cuda-toolkit[cublas,cudart,cufft,cufile,cupti,curand,cusolver,cusparse,nvjitlink,nvrtc,nvtx]==13.0.3; platform_system == "Linux"->torch)
  Downloading http://pypi-mirror.modal.local:5555/simple/nvidia-cufile/nvidia_cufile-1.15.1.6-py3-none-manylinux2014_x86_64.manylinux_2_17_x86_64.whl.metadata (1.7 kB)
Collecting nvidia-cuda-cupti==13.0.85.* (from cuda-toolkit[cublas,cudart,cufft,cufile,cupti,curand,cusolver,cusparse,nvjitlink,nvrtc,nvtx]==13.0.3; platform_system == "Linux"->torch)
  Downloading http://pypi-mirror.modal.local:5555/simple/nvidia-cuda-cupti/nvidia_cuda_cupti-13.0.85-py3-none-manylinux_2_25_x86_64.whl.metadata (1.7 kB)
Collecting nvidia-curand==10.4.0.35.* (from cuda-toolkit[cublas,cudart,cufft,cufile,cupti,curand,cusolver,cusparse,nvjitlink,nvrtc,nvtx]==13.0.3; platform_system == "Linux"->torch)
  Downloading http://pypi-mirror.modal.local:5555/simple/nvidia-curand/nvidia_curand-10.4.0.35-py3-none-manylinux_2_27_x86_64.whl.metadata (1.7 kB)
Collecting nvidia-cusolver==12.0.4.66.* (from cuda-toolkit[cublas,cudart,cufft,cufile,cupti,curand,cusolver,cusparse,nvjitlink,nvrtc,nvtx]==13.0.3; platform_system == "Linux"->torch)
  Downloading http://pypi-mirror.modal.local:5555/simple/nvidia-cusolver/nvidia_cusolver-12.0.4.66-py3-none-manylinux_2_27_x86_64.whl.metadata (1.8 kB)
Collecting nvidia-cusparse==12.6.3.3.* (from cuda-toolkit[cublas,cudart,cufft,cufile,cupti,curand,cusolver,cusparse,nvjitlink,nvrtc,nvtx]==13.0.3; platform_system == "Linux"->torch)
  Downloading http://pypi-mirror.modal.local:5555/simple/nvidia-cusparse/nvidia_cusparse-12.6.3.3-py3-none-manylinux2014_x86_64.manylinux_2_17_x86_64.whl.metadata (1.8 kB)
Collecting nvidia-nvtx==13.0.85.* (from cuda-toolkit[cublas,cudart,cufft,cufile,cupti,curand,cusolver,cusparse,nvjitlink,nvrtc,nvtx]==13.0.3; platform_system == "Linux"->torch)
  Downloading http://pypi-mirror.modal.local:5555/simple/nvidia-nvtx/nvidia_nvtx-13.0.85-py3-none-manylinux1_x86_64.manylinux_2_5_x86_64.whl.metadata (1.8 kB)
Collecting cuda-pathfinder>=1.4.2 (from cuda-bindings<14,>=13.0.3->torch)
  Downloading http://pypi-mirror.modal.local:5555/simple/cuda-pathfinder/cuda_pathfinder-1.6.0-py3-none-any.whl.metadata (1.9 kB)
Collecting mpmath<1.4,>=1.1.0 (from sympy>=1.13.3->torch)
  Downloading http://pypi-mirror.modal.local:5555/simple/mpmath/mpmath-1.3.0-py3-none-any.whl.metadata (8.6 kB)
Collecting MarkupSafe>=2.0 (from jinja2->torch)
  Downloading http://pypi-mirror.modal.local:5555/simple/markupsafe/markupsafe-3.0.3-cp311-cp311-manylinux2014_x86_64.manylinux_2_17_x86_64.manylinux_2_28_x86_64.whl.metadata (2.7 kB)
Downloading http://pypi-mirror.modal.local:5555/simple/numpy/numpy-2.4.6-cp311-cp311-manylinux_2_27_x86_64.manylinux_2_28_x86_64.whl (16.9 MB)
   ━━━━━━━━━━━━━━━━━━━━━━━━━━━━━━━━━━━━━━━━ 16.9/16.9 MB 286.2 MB/s  0:00:00
Downloading http://pypi-mirror.modal.local:5555/simple/pillow/pillow-12.3.0-cp311-cp311-manylinux_2_27_x86_64.manylinux_2_28_x86_64.whl (6.9 MB)
   ━━━━━━━━━━━━━━━━━━━━━━━━━━━━━━━━━━━━━━━━ 6.9/6.9 MB 258.0 MB/s  0:00:00
Downloading http://pypi-mirror.modal.local:5555/simple/torch/torch-2.13.0-cp311-cp311-manylinux_2_28_x86_64.whl (526.6 MB)
   ━━━━━━━━━━━━━━━━━━━━━━━━━━━━━━━━━━━━━━━━ 526.6/526.6 MB 247.7 MB/s  0:00:02
Downloading http://pypi-mirror.modal.local:5555/simple/cuda-toolkit/cuda_toolkit-13.0.3.0-py2.py3-none-any.whl (2.5 kB)
Downloading http://pypi-mirror.modal.local:5555/simple/nvidia-cudnn-cu13/nvidia_cudnn_cu13-9.20.0.48-py3-none-manylinux_2_27_x86_64.whl (366.2 MB)
   ━━━━━━━━━━━━━━━━━━━━━━━━━━━━━━━━━━━━━━━━ 366.2/366.2 MB 276.4 MB/s  0:00:01
Downloading http://pypi-mirror.modal.local:5555/simple/nvidia-cusparselt-cu13/nvidia_cusparselt_cu13-0.8.1-py3-none-manylinux2014_x86_64.whl (170.1 MB)
   ━━━━━━━━━━━━━━━━━━━━━━━━━━━━━━━━━━━━━━━━ 170.1/170.1 MB 268.4 MB/s  0:00:00
Downloading http://pypi-mirror.modal.local:5555/simple/nvidia-nccl-cu13/nvidia_nccl_cu13-2.29.7-py3-none-manylinux_2_18_x86_64.whl (206.0 MB)
   ━━━━━━━━━━━━━━━━━━━━━━━━━━━━━━━━━━━━━━━━ 206.0/206.0 MB 267.1 MB/s  0:00:00
Downloading http://pypi-mirror.modal.local:5555/simple/nvidia-nvshmem-cu13/nvidia_nvshmem_cu13-3.4.5-py3-none-manylinux2014_x86_64.manylinux_2_17_x86_64.whl (60.4 MB)
   ━━━━━━━━━━━━━━━━━━━━━━━━━━━━━━━━━━━━━━━━ 60.4/60.4 MB 270.1 MB/s  0:00:00
Downloading http://pypi-mirror.modal.local:5555/simple/triton/triton-3.7.1-cp311-cp311-manylinux_2_27_x86_64.manylinux_2_28_x86_64.whl (197.7 MB)
   ━━━━━━━━━━━━━━━━━━━━━━━━━━━━━━━━━━━━━━━━ 197.7/197.7 MB 261.0 MB/s  0:00:00
Downloading http://pypi-mirror.modal.local:5555/simple/cuda-bindings/cuda_bindings-13.3.1-cp311-cp311-manylinux_2_24_x86_64.manylinux_2_28_x86_64.whl (6.7 MB)
   ━━━━━━━━━━━━━━━━━━━━━━━━━━━━━━━━━━━━━━━━ 6.7/6.7 MB 259.6 MB/s  0:00:00
Downloading http://pypi-mirror.modal.local:5555/simple/nvidia-cublas/nvidia_cublas-13.1.1.3-py3-none-manylinux_2_27_x86_64.whl (423.1 MB)
   ━━━━━━━━━━━━━━━━━━━━━━━━━━━━━━━━━━━━━━━━ 423.1/423.1 MB 283.2 MB/s  0:00:01
Downloading http://pypi-mirror.modal.local:5555/simple/nvidia-cuda-cupti/nvidia_cuda_cupti-13.0.85-py3-none-manylinux_2_25_x86_64.whl (10.7 MB)
   ━━━━━━━━━━━━━━━━━━━━━━━━━━━━━━━━━━━━━━━━ 10.7/10.7 MB 293.7 MB/s  0:00:00
Downloading http://pypi-mirror.modal.local:5555/simple/nvidia-cuda-nvrtc/nvidia_cuda_nvrtc-13.0.88-py3-none-manylinux2010_x86_64.manylinux_2_12_x86_64.whl (90.2 MB)
   ━━━━━━━━━━━━━━━━━━━━━━━━━━━━━━━━━━━━━━━━ 90.2/90.2 MB 276.9 MB/s  0:00:00
Downloading http://pypi-mirror.modal.local:5555/simple/nvidia-cuda-runtime/nvidia_cuda_runtime-13.0.96-py3-none-manylinux2014_x86_64.manylinux_2_17_x86_64.whl (2.2 MB)
   ━━━━━━━━━━━━━━━━━━━━━━━━━━━━━━━━━━━━━━━━ 2.2/2.2 MB 311.7 MB/s  0:00:00
Downloading http://pypi-mirror.modal.local:5555/simple/nvidia-cufft/nvidia_cufft-12.0.0.61-py3-none-manylinux2014_x86_64.manylinux_2_17_x86_64.whl (214.1 MB)
   ━━━━━━━━━━━━━━━━━━━━━━━━━━━━━━━━━━━━━━━━ 214.1/214.1 MB 269.4 MB/s  0:00:00
Downloading http://pypi-mirror.modal.local:5555/simple/nvidia-cufile/nvidia_cufile-1.15.1.6-py3-none-manylinux2014_x86_64.manylinux_2_17_x86_64.whl (1.2 MB)
   ━━━━━━━━━━━━━━━━━━━━━━━━━━━━━━━━━━━━━━━━ 1.2/1.2 MB 337.9 MB/s  0:00:00
Downloading http://pypi-mirror.modal.local:5555/simple/nvidia-curand/nvidia_curand-10.4.0.35-py3-none-manylinux_2_27_x86_64.whl (59.5 MB)
   ━━━━━━━━━━━━━━━━━━━━━━━━━━━━━━━━━━━━━━━━ 59.5/59.5 MB 274.3 MB/s  0:00:00
Downloading http://pypi-mirror.modal.local:5555/simple/nvidia-cusolver/nvidia_cusolver-12.0.4.66-py3-none-manylinux_2_27_x86_64.whl (200.9 MB)
   ━━━━━━━━━━━━━━━━━━━━━━━━━━━━━━━━━━━━━━━━ 200.9/200.9 MB 269.9 MB/s  0:00:00
Downloading http://pypi-mirror.modal.local:5555/simple/nvidia-cusparse/nvidia_cusparse-12.6.3.3-py3-none-manylinux2014_x86_64.manylinux_2_17_x86_64.whl (145.9 MB)
   ━━━━━━━━━━━━━━━━━━━━━━━━━━━━━━━━━━━━━━━━ 145.9/145.9 MB 272.1 MB/s  0:00:00
Downloading http://pypi-mirror.modal.local:5555/simple/nvidia-nvjitlink/nvidia_nvjitlink-13.3.33-py3-none-manylinux2010_x86_64.manylinux_2_12_x86_64.whl (40.7 MB)
   ━━━━━━━━━━━━━━━━━━━━━━━━━━━━━━━━━━━━━━━━ 40.7/40.7 MB 276.0 MB/s  0:00:00
Downloading http://pypi-mirror.modal.local:5555/simple/nvidia-nvtx/nvidia_nvtx-13.0.85-py3-none-manylinux1_x86_64.manylinux_2_5_x86_64.whl (148 kB)
Downloading http://pypi-mirror.modal.local:5555/simple/torchvision/torchvision-0.28.0-cp311-cp311-manylinux_2_28_x86_64.whl (7.7 MB)
   ━━━━━━━━━━━━━━━━━━━━━━━━━━━━━━━━━━━━━━━━ 7.7/7.7 MB 140.7 MB/s  0:00:00
Downloading http://pypi-mirror.modal.local:5555/simple/tqdm/tqdm-4.70.0-py3-none-any.whl (80 kB)
Downloading http://pypi-mirror.modal.local:5555/simple/cuda-pathfinder/cuda_pathfinder-1.6.0-py3-none-any.whl (54 kB)
Downloading http://pypi-mirror.modal.local:5555/simple/fsspec/fsspec-2026.7.0-py3-none-any.whl (206 kB)
Downloading http://pypi-mirror.modal.local:5555/simple/networkx/networkx-3.6.1-py3-none-any.whl (2.1 MB)
   ━━━━━━━━━━━━━━━━━━━━━━━━━━━━━━━━━━━━━━━━ 2.1/2.1 MB 289.5 MB/s  0:00:00
Downloading http://pypi-mirror.modal.local:5555/simple/setuptools/setuptools-84.0.0-py3-none-any.whl (818 kB)
   ━━━━━━━━━━━━━━━━━━━━━━━━━━━━━━━━━━━━━━━━ 818.2/818.2 kB 323.3 MB/s  0:00:00
Downloading http://pypi-mirror.modal.local:5555/simple/sympy/sympy-1.14.0-py3-none-any.whl (6.3 MB)
   ━━━━━━━━━━━━━━━━━━━━━━━━━━━━━━━━━━━━━━━━ 6.3/6.3 MB 290.8 MB/s  0:00:00
Downloading http://pypi-mirror.modal.local:5555/simple/mpmath/mpmath-1.3.0-py3-none-any.whl (536 kB)
   ━━━━━━━━━━━━━━━━━━━━━━━━━━━━━━━━━━━━━━━━ 536.2/536.2 kB 526.0 MB/s  0:00:00
Downloading http://pypi-mirror.modal.local:5555/simple/typing-extensions/typing_extensions-4.16.0-py3-none-any.whl (45 kB)
Downloading http://pypi-mirror.modal.local:5555/simple/filelock/filelock-3.32.2-py3-none-any.whl (98 kB)
Downloading http://pypi-mirror.modal.local:5555/simple/jinja2/jinja2-3.1.6-py3-none-any.whl (134 kB)
Downloading http://pypi-mirror.modal.local:5555/simple/markupsafe/markupsafe-3.0.3-cp311-cp311-manylinux2014_x86_64.manylinux_2_17_x86_64.manylinux_2_28_x86_64.whl (22 kB)
Installing collected packages: nvidia-cusparselt-cu13, mpmath, cuda-toolkit, typing-extensions, triton, tqdm, sympy, setuptools, pillow, nvidia-nvtx, nvidia-nvshmem-cu13, nvidia-nvjitlink, nvidia-nccl-cu13, nvidia-curand, nvidia-cufile, nvidia-cuda-runtime, nvidia-cuda-nvrtc, nvidia-cuda-cupti, numpy, networkx, MarkupSafe, fsspec, filelock, cuda-pathfinder, nvidia-cusparse, nvidia-cufft, nvidia-cublas, jinja2, cuda-bindings, nvidia-cusolver, nvidia-cudnn-cu13, torch, torchvision
  Attempting uninstall: setuptools
    Found existing installation: setuptools 65.5.1
    Uninstalling setuptools-65.5.1:
      Successfully uninstalled setuptools-65.5.1

Successfully installed MarkupSafe-3.0.3 cuda-bindings-13.3.1 cuda-pathfinder-1.6.0 cuda-toolkit-13.0.3.0 filelock-3.32.2 fsspec-2026.7.0 jinja2-3.1.6 mpmath-1.3.0 networkx-3.6.1 numpy-2.4.6 nvidia-cublas-13.1.1.3 nvidia-cuda-cupti-13.0.85 nvidia-cuda-nvrtc-13.0.88 nvidia-cuda-runtime-13.0.96 nvidia-cudnn-cu13-9.20.0.48 nvidia-cufft-12.0.0.61 nvidia-cufile-1.15.1.6 nvidia-curand-10.4.0.35 nvidia-cusolver-12.0.4.66 nvidia-cusparse-12.6.3.3 nvidia-cusparselt-cu13-0.8.1 nvidia-nccl-cu13-2.29.7 nvidia-nvjitlink-13.3.33 nvidia-nvshmem-cu13-3.4.5 nvidia-nvtx-13.0.85 pillow-12.3.0 setuptools-84.0.0 sympy-1.14.0 torch-2.13.0 torchvision-0.28.0 tqdm-4.70.0 triton-3.7.1 typing-extensions-4.16.0

[notice] A new release of pip is available: 25.2 -> 26.2.1
[notice] To update, run: pip install --upgrade pip
Saving image...
Image saved, took 2.92s

Built image im-bfGa68nsmL5tWxHOOZGDRd in 60.08s


✓ Created objects.
├── 🔨 Created mount 
│   /Users/haseeb/Desktop/mitacs_project/week4/phase13_csa_net_baseline/scripts/
│   modal_train_csa_net.py
├── 🔨 Created mount 
│   /Users/haseeb/Desktop/mitacs_project/week4/phase13_csa_net_baseline/scripts
└── 🔨 Created function train.
Extracting polyvore_images.tar to local container disk...
Extracted 251008 images.
Training on device=cuda
Downloading: "https://download.pytorch.org/models/resnet18-f37072fd.pth" to /root/.cache/torch/hub/checkpoints/resnet18-f37072fd.pth

[1A  0%|          | 0.00/44.7M [00:00<?, ?B/s]
[1A 44%|████▎     | 19.5M/44.7M [00:00<00:00, 203MB/s]
[1A 87%|████████▋ | 39.0M/44.7M [00:00<00:00, 182MB/s]100%|██████████| 44.7M/44.7M [00:00<00:00, 180MB/s]
[W809 17:03:34.889316576 CUDACachingAllocator.cpp:3933] memory allocation failed with OOM on device 0 while trying to allocate 1182793728 bytes (free: 1159135232, total: 23684841472).
[W809 17:03:34.889512932 CUDACachingAllocator.cpp:3933] memory allocation failed with OOM on device 0 while trying to allocate 1182793728 bytes (free: 1159135232, total: 23684841472).
[W809 17:03:34.921235149 CUDACachingAllocator.cpp:3933] memory allocation failed with OOM on device 0 while trying to allocate 1182793728 bytes (free: 1159135232, total: 23684841472).
[W809 17:03:34.921584127 CUDACachingAllocator.cpp:3933] memory allocation failed with OOM on device 0 while trying to allocate 1182793728 bytes (free: 1159135232, total: 23684841472).
[W809 17:03:34.975993225 CUDACachingAllocator.cpp:3933] memory allocation failed with OOM on device 0 while trying to allocate 1182793728 bytes (free: 1157038080, total: 23684841472).
[W809 17:03:34.994615408 CUDACachingAllocator.cpp:3933] memory allocation failed with OOM on device 0 while trying to allocate 1182793728 bytes (free: 1159135232, total: 23684841472).
Traceback (most recent call last):
  File "/pkg/modal/_runtime/container_io_manager.py", line 947, in handle_input_exception
    yield
  File "/pkg/modal/_container_entrypoint.py", line 172, in run_input_sync
    values = io_context.call_function_sync()
             ^^^^^^^^^^^^^^^^^^^^^^^^^^^^^^^
  File "/pkg/modal/_runtime/container_io_manager.py", line 225, in call_function_sync
    expected_value_or_values = self.finalized_function.callable(*args, **kwargs)
                               ^^^^^^^^^^^^^^^^^^^^^^^^^^^^^^^^^^^^^^^^^^^^^^^^^
  File "/root/modal_train_csa_net.py", line 68, in train
    history = run_training(
              ^^^^^^^^^^^^^
  File "/root/code/train_core.py", line 235, in run_training
    x_all = model.encode_image(imgs)
            ^^^^^^^^^^^^^^^^^^^^^^^^
  File "/root/code/model.py", line 58, in encode_image
    feat = self.backbone(images)
           ^^^^^^^^^^^^^^^^^^^^^
  File "/usr/local/lib/python3.11/site-packages/torch/nn/modules/module.py", line 1778, in _wrapped_call_impl
    return self._call_impl(*args, **kwargs)
           ^^^^^^^^^^^^^^^^^^^^^^^^^^^^^^^^
  File "/usr/local/lib/python3.11/site-packages/torch/nn/modules/module.py", line 1789, in _call_impl
    return forward_call(*args, **kwargs)
           ^^^^^^^^^^^^^^^^^^^^^^^^^^^^^
  File "/usr/local/lib/python3.11/site-packages/torchvision/models/resnet.py", line 285, in forward
    return self._forward_impl(x)
           ^^^^^^^^^^^^^^^^^^^^^
  File "/usr/local/lib/python3.11/site-packages/torchvision/models/resnet.py", line 273, in _forward_impl
    x = self.layer1(x)
        ^^^^^^^^^^^^^^
  File "/usr/local/lib/python3.11/site-packages/torch/nn/modules/module.py", line 1778, in _wrapped_call_impl
    return self._call_impl(*args, **kwargs)
           ^^^^^^^^^^^^^^^^^^^^^^^^^^^^^^^^
  File "/usr/local/lib/python3.11/site-packages/torch/nn/modules/module.py", line 1789, in _call_impl
    return forward_call(*args, **kwargs)
           ^^^^^^^^^^^^^^^^^^^^^^^^^^^^^
  File "/usr/local/lib/python3.11/site-packages/torch/nn/modules/container.py", line 253, in forward
    input = module(input)
            ^^^^^^^^^^^^^
  File "/usr/local/lib/python3.11/site-packages/torch/nn/modules/module.py", line 1778, in _wrapped_call_impl
    return self._call_impl(*args, **kwargs)
           ^^^^^^^^^^^^^^^^^^^^^^^^^^^^^^^^
  File "/usr/local/lib/python3.11/site-packages/torch/nn/modules/module.py", line 1789, in _call_impl
    return forward_call(*args, **kwargs)
           ^^^^^^^^^^^^^^^^^^^^^^^^^^^^^
  File "/usr/local/lib/python3.11/site-packages/torchvision/models/resnet.py", line 97, in forward
    out = self.bn2(out)
          ^^^^^^^^^^^^^
  File "/usr/local/lib/python3.11/site-packages/torch/nn/modules/module.py", line 1778, in _wrapped_call_impl
    return self._call_impl(*args, **kwargs)
           ^^^^^^^^^^^^^^^^^^^^^^^^^^^^^^^^
  File "/usr/local/lib/python3.11/site-packages/torch/nn/modules/module.py", line 1789, in _call_impl
    return forward_call(*args, **kwargs)
           ^^^^^^^^^^^^^^^^^^^^^^^^^^^^^
  File "/usr/local/lib/python3.11/site-packages/torch/nn/modules/batchnorm.py", line 210, in forward
    return F.batch_norm(
           ^^^^^^^^^^^^^
  File "/usr/local/lib/python3.11/site-packages/torch/nn/functional.py", line 2898, in batch_norm
    return torch.batch_norm(
           ^^^^^^^^^^^^^^^^^
torch.OutOfMemoryError: CUDA out of memory. Tried to allocate 1.10 GiB. GPU 0 has a total capacity of 22.06 GiB of which 1.08 GiB is free. Process 1 has 20.97 GiB memory in use. Of the allocated memory 20.69 GiB is allocated by PyTorch, and 21.17 MiB is reserved by PyTorch but unallocated. If reserved but unallocated memory is large try setting PYTORCH_CUDA_ALLOC_CONF=expandable_segments:True to avoid fragmentation.  See documentation for Memory Management  (https://docs.pytorch.org/docs/stable/notes/cuda.html#optimizing-memory-usage-with-pytorch-cuda-alloc-conf)
Stopping app - uncaught exception raised locally: OutOfMemoryError('CUDA out of memory. Tried to allocate 1.10 GiB. GPU 0 has a total capacity of 22.06 GiB of which 1.08 GiB is free. Process 1 has 20.97 GiB memory in use. Of the allocated memory 20.69 GiB is allocated by PyTorch, and 21.17 MiB is reserved by PyTorch but unallocated. If reserved but unallocated memory is large try setting PYTORCH_CUDA_ALLOC_CONF=expandable_segments:True to avoid fragmentation.  See documentation for Memory Management  (https://docs.pytorch.org/docs/stable/notes/cuda.html#optimizing-memory-usage-with-pytorch-cuda-alloc-conf)').
╭───────────────────── Traceback (most recent call last) ──────────────────────╮
│ /Users/haseeb/Desktop/mitacs_project/week4/phase13_csa_net_baseline/scripts/ │
│ modal_train_csa_net.py:88 in main                                            │
│                                                                              │
│   87 def main():                                                             │
│ ❱ 88 │   result = train.remote()                                             │
│   89 │   print(result)                                                       │
│                                                                              │
│ /Users/haseeb/.pyenv/versions/3.11.6/lib/python3.11/site-packages/modal/_obj │
│ ect.py:46 in wrapped                                                         │
│                                                                              │
│    45 │   │   await self.hydrate()                                           │
│ ❱  46 │   │   return await method(self, *args, **kwargs)                     │
│    47                                                                        │
│                                                                              │
│ /Users/haseeb/.pyenv/versions/3.11.6/lib/python3.11/site-packages/modal/_fun │
│ ctions.py:1699 in remote                                                     │
│                                                                              │
│   1698 │   │                                                                 │
│ ❱ 1699 │   │   return await self._call_function(args, kwargs)                │
│   1700                                                                       │
│                                                                              │
│ /Users/haseeb/.pyenv/versions/3.11.6/lib/python3.11/site-packages/modal/_fun │
│ ctions.py:1643 in _call_function                                             │
│                                                                              │
│   1642 │   │                                                                 │
│ ❱ 1643 │   │   return await invocation.run_function()                        │
│   1644                                                                       │
│                                                                              │
│ /Users/haseeb/.pyenv/versions/3.11.6/lib/python3.11/site-packages/modal/_fun │
│ ctions.py:494 in run_function                                                │
│                                                                              │
│    493 │   │   │   # No more retries left.                                   │
│ ❱  494 │   │   │   return await _process_result(                             │
│    495 │   │   │   │   await_response.output.result, await_response.output.d │
│                                                                              │
│ /Users/haseeb/.pyenv/versions/3.11.6/lib/python3.11/site-packages/modal/_uti │
│ ls/function_utils.py:527 in _process_result                                  │
│                                                                              │
│   526 │   │   │                                                              │
│ ❱ 527 │   │   │   raise exc_with_hints(exc)                                  │
│   528                                                                        │
│                                                                              │
│     ...Remote call to Modal Function (ta-01KZKQJ1GR8FP434NWQAR8MFFR)...      │
│                                                                              │
│ /root/modal_train_csa_net.py:68 in train                                     │
│                                                                              │
│ ❱ 68 history = run_training(                                                 │
│                                                                              │
│                                                                              │
│ /root/code/train_core.py:235 in run_training                                 │
│                                                                              │
│ ❱ 235 x_all = model.encode_image(imgs)                                       │
│                                                                              │
│                                                                              │
│ /root/code/model.py:58 in encode_image                                       │
│                                                                              │
│ ❱ 58 feat = self.backbone(images)                                            │
│                                                                              │
│                                                                              │
│ /usr/local/lib/python3.11/site-packages/torch/nn/modules/module.py:1778 in   │
│ _wrapped_call_impl                                                           │
│                                                                              │
│ ❱ 1778 return self._call_impl(*args, **kwargs)                               │
│                                                                              │
│                                                                              │
│ /usr/local/lib/python3.11/site-packages/torch/nn/modules/module.py:1789 in   │
│ _call_impl                                                                   │
│                                                                              │
│ ❱ 1789 return forward_call(*args, **kwargs)                                  │
│                                                                              │
│                                                                              │
│ /usr/local/lib/python3.11/site-packages/torchvision/models/resnet.py:285 in  │
│ forward                                                                      │
│                                                                              │
│ ❱ 285 return self._forward_impl(x)                                           │
│                                                                              │
│                                                                              │
│ /usr/local/lib/python3.11/site-packages/torchvision/models/resnet.py:273 in  │
│ _forward_impl                                                                │
│                                                                              │
│ ❱ 273 x = self.layer1(x)                                                     │
│                                                                              │
│                                                                              │
│ /usr/local/lib/python3.11/site-packages/torch/nn/modules/module.py:1778 in   │
│ _wrapped_call_impl                                                           │
│                                                                              │
│ ❱ 1778 return self._call_impl(*args, **kwargs)                               │
│                                                                              │
│                                                                              │
│ /usr/local/lib/python3.11/site-packages/torch/nn/modules/module.py:1789 in   │
│ _call_impl                                                                   │
│                                                                              │
│ ❱ 1789 return forward_call(*args, **kwargs)                                  │
│                                                                              │
│                                                                              │
│ /usr/local/lib/python3.11/site-packages/torch/nn/modules/container.py:253 in │
│ forward                                                                      │
│                                                                              │
│ ❱ 253 input = module(input)                                                  │
│                                                                              │
│                                                                              │
│ /usr/local/lib/python3.11/site-packages/torch/nn/modules/module.py:1778 in   │
│ _wrapped_call_impl                                                           │
│                                                                              │
│ ❱ 1778 return self._call_impl(*args, **kwargs)                               │
│                                                                              │
│                                                                              │
│ /usr/local/lib/python3.11/site-packages/torch/nn/modules/module.py:1789 in   │
│ _call_impl                                                                   │
│                                                                              │
│ ❱ 1789 return forward_call(*args, **kwargs)                                  │
│                                                                              │
│                                                                              │
│ /usr/local/lib/python3.11/site-packages/torchvision/models/resnet.py:97 in   │
│ forward                                                                      │
│                                                                              │
│ ❱ 97 out = self.bn2(out)                                                     │
│                                                                              │
│                                                                              │
│ /usr/local/lib/python3.11/site-packages/torch/nn/modules/module.py:1778 in   │
│ _wrapped_call_impl                                                           │
│                                                                              │
│ ❱ 1778 return self._call_impl(*args, **kwargs)                               │
│                                                                              │
│                                                                              │
│ /usr/local/lib/python3.11/site-packages/torch/nn/modules/module.py:1789 in   │
│ _call_impl                                                                   │
│                                                                              │
│ ❱ 1789 return forward_call(*args, **kwargs)                                  │
│                                                                              │
│                                                                              │
│ /usr/local/lib/python3.11/site-packages/torch/nn/modules/batchnorm.py:210 in │
│ forward                                                                      │
│                                                                              │
│ ❱ 210 return F.batch_norm(                                                   │
│                                                                              │
│                                                                              │
│ /usr/local/lib/python3.11/site-packages/torch/nn/functional.py:2898 in       │
│ batch_norm                                                                   │
│                                                                              │
│ ❱ 2898 return torch.batch_norm(                                              │
│                                                                              │
╰──────────────────────────────────────────────────────────────────────────────╯
OutOfMemoryError: CUDA out of memory. Tried to allocate 1.10 GiB. GPU 0 has a 
total capacity of 22.06 GiB of which 1.08 GiB is free. Process 1 has 20.97 GiB 
memory in use. Of the allocated memory 20.69 GiB is allocated by PyTorch, and 
21.17 MiB is reserved by PyTorch but unallocated. If reserved but unallocated 
memory is large try setting PYTORCH_CUDA_ALLOC_CONF=expandable_segments:True to 
avoid fragmentation.  See documentation for Memory Management  
(https://docs.pytorch.org/docs/stable/notes/cuda.html#optimizing-memory-usage-wi
th-pytorch-cuda-alloc-conf)
