✓ Initialized. View run at 
https://modal.com/apps/muhamasif/main/ap-wYNGaViwhAbWRc6W5Q0KMK
✓ Created objects.
├── 🔨 Created mount 
│   /Users/haseeb/Desktop/mitacs_project/week4/phase13_csa_net_baseline/scripts/
│   modal_extract_csa_features.py
├── 🔨 Created mount 
│   /Users/haseeb/Desktop/mitacs_project/week4/phase13_csa_net_baseline/scripts
└── 🔨 Created function extract.
Extracting polyvore_images.tar...
251008 images to extract features for.

[1A  0%|          | 0/981 [00:00<?, ?it/s]
[1A  0%|          | 1/981 [00:01<20:13,  1.24s/it]
[1A  0%|          | 2/981 [00:02<17:05,  1.05s/it]
[1A  0%|          | 3/981 [00:03<16:24,  1.01s/it]
[1A  0%|          | 4/981 [00:04<16:12,  1.00it/s]
[1A  1%|          | 5/981 [00:05<15:57,  1.02it/s]
[1A  1%|          | 6/981 [00:06<16:04,  1.01it/s]
[1A  1%|          | 7/981 [00:07<16:17,  1.00s/it]
[1A  1%|          | 8/981 [00:08<16:16,  1.00s/it]
[1A  1%|          | 9/981 [00:09<16:14,  1.00s/it]
[1A  1%|          | 10/981 [00:10<16:01,  1.01it/s]
[1A  1%|          | 11/981 [00:10<14:31,  1.11it/s]
[1A  1%|          | 12/981 [00:11<13:17,  1.21it/s]
[1A  1%|▏         | 13/981 [00:12<12:38,  1.28it/s]
[1A  1%|▏         | 14/981 [00:12<12:01,  1.34it/s]
[1A  2%|▏         | 15/981 [00:13<11:28,  1.40it/s]
[1A  2%|▏         | 16/981 [00:14<11:06,  1.45it/s]
[1A  2%|▏         | 17/981 [00:14<10:53,  1.47it/s]
[1A  2%|▏         | 18/981 [00:15<10:43,  1.50it/s]
[1A  2%|▏         | 19/981 [00:15<10:43,  1.49it/s]
[1A  2%|▏         | 20/981 [00:16<10:39,  1.50it/s]
[1A  2%|▏         | 21/981 [00:17<10:33,  1.52it/s]
[1A  2%|▏         | 22/981 [00:17<10:36,  1.51it/s]
[1A  2%|▏         | 23/981 [00:18<10:22,  1.54it/s]
[1A  2%|▏         | 24/981 [00:19<10:19,  1.55it/s]
[1A  3%|▎         | 25/981 [00:19<10:32,  1.51it/s]
[1A  3%|▎         | 26/981 [00:20<10:31,  1.51it/s]
[1A  3%|▎         | 27/981 [00:21<10:12,  1.56it/s]
[1A  3%|▎         | 28/981 [00:21<10:06,  1.57it/s]
[1A  3%|▎         | 29/981 [00:22<10:32,  1.51it/s]
[1A  3%|▎         | 30/981 [00:23<10:46,  1.47it/s]
[1A  3%|▎         | 31/981 [00:23<11:05,  1.43it/s]
[1A  3%|▎         | 32/981 [00:24<11:01,  1.43it/s]
[1A  3%|▎         | 33/981 [00:25<11:04,  1.43it/s]
[1A  3%|▎         | 34/981 [00:26<10:43,  1.47it/s]
[1A  4%|▎         | 35/981 [00:26<10:47,  1.46it/s]
[1A  4%|▎         | 36/981 [00:27<10:35,  1.49it/s]
[1A  4%|▍         | 37/981 [00:28<10:26,  1.51it/s]
[1A  4%|▍         | 38/981 [00:28<10:28,  1.50it/s]
[1A  4%|▍         | 39/981 [00:29<10:26,  1.50it/s]
[1A  4%|▍         | 40/981 [00:29<10:24,  1.51it/s]
[1A  4%|▍         | 41/981 [00:30<10:36,  1.48it/s]
[1A  4%|▍         | 42/981 [00:31<10:37,  1.47it/s]
[1A  4%|▍         | 43/981 [00:32<10:47,  1.45it/s]
[1A  4%|▍         | 44/981 [00:32<10:39,  1.47it/s]
[1A  5%|▍         | 45/981 [00:33<10:37,  1.47it/s]
[1A  5%|▍         | 46/981 [00:34<10:19,  1.51it/s]
[1A  5%|▍         | 47/981 [00:34<10:26,  1.49it/s]
[1A  5%|▍         | 48/981 [00:35<10:23,  1.50it/s]
[1A  5%|▍         | 49/981 [00:36<10:29,  1.48it/s]
[1A  5%|▌         | 50/981 [00:36<10:23,  1.49it/s]
[1A  5%|▌         | 51/981 [00:37<10:21,  1.50it/s]
[1A  5%|▌         | 52/981 [00:38<10:10,  1.52it/s]
[1A  5%|▌         | 53/981 [00:38<10:15,  1.51it/s]
[1A  6%|▌         | 54/981 [00:39<10:16,  1.50it/s]
[1A  6%|▌         | 55/981 [00:40<10:23,  1.48it/s]
[1A  6%|▌         | 56/981 [00:40<10:14,  1.51it/s]
[1A  6%|▌         | 57/981 [00:41<10:19,  1.49it/s]
[1A  6%|▌         | 58/981 [00:42<10:10,  1.51it/s]
[1A  6%|▌         | 59/981 [00:42<10:09,  1.51it/s]
[1A  6%|▌         | 60/981 [00:43<10:27,  1.47it/s]
[1A  6%|▌         | 61/981 [00:44<10:35,  1.45it/s]
[1A  6%|▋         | 62/981 [00:44<10:31,  1.46it/s]
[1A  6%|▋         | 63/981 [00:45<10:22,  1.47it/s]
[1A  7%|▋         | 64/981 [00:46<10:21,  1.48it/s]
[1A  7%|▋         | 65/981 [00:46<10:10,  1.50it/s]
[1A  7%|▋         | 66/981 [00:47<10:21,  1.47it/s]
[1A  7%|▋         | 67/981 [00:48<10:23,  1.47it/s]
[1A  7%|▋         | 68/981 [00:48<10:18,  1.48it/s]
[1A  7%|▋         | 69/981 [00:49<10:26,  1.46it/s]
[1A  7%|▋         | 70/981 [00:50<10:10,  1.49it/s]
[1A  7%|▋         | 71/981 [00:50<10:20,  1.47it/s]
[1A  7%|▋         | 72/981 [00:51<10:15,  1.48it/s]
[1A  7%|▋         | 73/981 [00:52<10:06,  1.50it/s]
[1A  8%|▊         | 74/981 [00:52<09:55,  1.52it/s]
[1A  8%|▊         | 75/981 [00:53<10:05,  1.50it/s]
[1A  8%|▊         | 76/981 [00:54<10:13,  1.48it/s]
[1A  8%|▊         | 77/981 [00:54<10:16,  1.47it/s]
[1A  8%|▊         | 78/981 [00:55<10:09,  1.48it/s]
[1A  8%|▊         | 79/981 [00:56<10:18,  1.46it/s]
[1A  8%|▊         | 80/981 [00:57<10:12,  1.47it/s]
[1A  8%|▊         | 81/981 [00:57<10:04,  1.49it/s]
[1A  8%|▊         | 82/981 [00:58<10:11,  1.47it/s]
[1A  8%|▊         | 83/981 [00:59<10:07,  1.48it/s]
[1A  9%|▊         | 84/981 [00:59<10:05,  1.48it/s]
[1A  9%|▊         | 85/981 [01:00<10:05,  1.48it/s]
[1A  9%|▉         | 86/981 [01:00<09:48,  1.52it/s]
[1A  9%|▉         | 87/981 [01:01<09:53,  1.51it/s]
[1A  9%|▉         | 88/981 [01:02<09:41,  1.54it/s]
[1A  9%|▉         | 89/981 [01:02<09:37,  1.54it/s]
[1A  9%|▉         | 90/981 [01:03<09:33,  1.55it/s]
[1A  9%|▉         | 91/981 [01:04<09:27,  1.57it/s]
[1A  9%|▉         | 92/981 [01:04<09:36,  1.54it/s]
[1A  9%|▉         | 93/981 [01:05<09:22,  1.58it/s]
[1A 10%|▉         | 94/981 [01:06<09:23,  1.57it/s]
[1A 10%|▉         | 95/981 [01:06<09:48,  1.50it/s]
[1A 10%|▉         | 96/981 [01:07<09:48,  1.50it/s]
[1A 10%|▉         | 97/981 [01:08<10:03,  1.47it/s]
[1A 10%|▉         | 98/981 [01:08<09:56,  1.48it/s]
[1A 10%|█         | 99/981 [01:09<10:15,  1.43it/s]
[1A 10%|█         | 100/981 [01:10<10:05,  1.46it/s]
[1A 10%|█         | 101/981 [01:10<09:51,  1.49it/s]
[1A 10%|█         | 102/981 [01:11<09:53,  1.48it/s]
[1A 10%|█         | 103/981 [01:12<09:32,  1.53it/s]
[1A 11%|█         | 104/981 [01:12<09:31,  1.54it/s]
[1A 11%|█         | 105/981 [01:13<09:58,  1.46it/s]
[1A 11%|█         | 106/981 [01:14<10:09,  1.43it/s]
[1A 11%|█         | 107/981 [01:14<09:56,  1.47it/s]
[1A 11%|█         | 108/981 [01:15<09:53,  1.47it/s]
[1A 11%|█         | 109/981 [01:16<09:46,  1.49it/s]
[1A 11%|█         | 110/981 [01:16<09:38,  1.50it/s]
[1A 11%|█▏        | 111/981 [01:17<09:38,  1.50it/s]
[1A 11%|█▏        | 112/981 [01:18<09:43,  1.49it/s]
[1A 12%|█▏        | 113/981 [01:18<09:23,  1.54it/s]
[1A 12%|█▏        | 114/981 [01:19<09:20,  1.55it/s]
[1A 12%|█▏        | 115/981 [01:20<09:07,  1.58it/s]
[1A 12%|█▏        | 116/981 [01:20<09:04,  1.59it/s]
[1A 12%|█▏        | 117/981 [01:21<09:05,  1.59it/s]
[1A 12%|█▏        | 118/981 [01:22<09:08,  1.57it/s]
[1A 12%|█▏        | 119/981 [01:22<09:06,  1.58it/s]
[1A 12%|█▏        | 120/981 [01:23<09:13,  1.56it/s]
[1A 12%|█▏        | 121/981 [01:24<09:12,  1.56it/s]
[1A 12%|█▏        | 122/981 [01:24<09:15,  1.55it/s]
[1A 13%|█▎        | 123/981 [01:25<09:14,  1.55it/s]
[1A 13%|█▎        | 124/981 [01:26<09:49,  1.45it/s]
[1A 13%|█▎        | 125/981 [01:26<10:05,  1.41it/s]
[1A 13%|█▎        | 126/981 [01:27<10:36,  1.34it/s]
[1A 13%|█▎        | 127/981 [01:28<10:21,  1.37it/s]
[1A 13%|█▎        | 128/981 [01:29<10:10,  1.40it/s]
[1A 13%|█▎        | 129/981 [01:29<09:48,  1.45it/s]
[1A 13%|█▎        | 130/981 [01:30<09:34,  1.48it/s]
[1A 13%|█▎        | 131/981 [01:30<09:16,  1.53it/s]
[1A 13%|█▎        | 132/981 [01:31<09:05,  1.56it/s]
[1A 14%|█▎        | 133/981 [01:32<09:09,  1.54it/s]
[1A 14%|█▎        | 134/981 [01:32<09:05,  1.55it/s]
[1A 14%|█▍        | 135/981 [01:33<09:14,  1.53it/s]
[1A 14%|█▍        | 136/981 [01:34<09:11,  1.53it/s]
[1A 14%|█▍        | 137/981 [01:34<09:11,  1.53it/s]
[1A 14%|█▍        | 138/981 [01:35<09:05,  1.55it/s]
[1A 14%|█▍        | 139/981 [01:36<09:00,  1.56it/s]
[1A 14%|█▍        | 140/981 [01:36<08:55,  1.57it/s]
[1A 14%|█▍        | 141/981 [01:37<08:54,  1.57it/s]
[1A 14%|█▍        | 142/981 [01:38<09:08,  1.53it/s]
[1A 15%|█▍        | 143/981 [01:38<09:07,  1.53it/s]
[1A 15%|█▍        | 144/981 [01:39<08:55,  1.56it/s]
[1A 15%|█▍        | 145/981 [01:39<08:55,  1.56it/s]
[1A 15%|█▍        | 146/981 [01:40<08:59,  1.55it/s]
[1A 15%|█▍        | 147/981 [01:41<08:51,  1.57it/s]
[1A 15%|█▌        | 148/981 [01:41<08:49,  1.57it/s]
[1A 15%|█▌        | 149/981 [01:42<08:39,  1.60it/s]
[1A 15%|█▌        | 150/981 [01:43<08:45,  1.58it/s]
[1A 15%|█▌        | 151/981 [01:43<08:45,  1.58it/s]
[1A 15%|█▌        | 152/981 [01:44<08:52,  1.56it/s]
[1A 16%|█▌        | 153/981 [01:45<08:50,  1.56it/s]
[1A 16%|█▌        | 154/981 [01:45<09:01,  1.53it/s]
[1A 16%|█▌        | 155/981 [01:46<09:02,  1.52it/s]
[1A 16%|█▌        | 156/981 [01:47<09:15,  1.49it/s]
[1A 16%|█▌        | 157/981 [01:47<09:07,  1.51it/s]
[1A 16%|█▌        | 158/981 [01:48<08:54,  1.54it/s]
[1A 16%|█▌        | 159/981 [01:49<08:57,  1.53it/s]
[1A 16%|█▋        | 160/981 [01:49<08:59,  1.52it/s]
[1A 16%|█▋        | 161/981 [01:50<08:58,  1.52it/s]
[1A 17%|█▋        | 162/981 [01:50<08:43,  1.56it/s]
[1A 17%|█▋        | 163/981 [01:51<08:47,  1.55it/s]
[1A 17%|█▋        | 164/981 [01:52<08:44,  1.56it/s]
[1A 17%|█▋        | 165/981 [01:52<08:46,  1.55it/s]
[1A 17%|█▋        | 166/981 [01:53<08:38,  1.57it/s]
[1A 17%|█▋        | 167/981 [01:54<08:43,  1.56it/s]
[1A 17%|█▋        | 168/981 [01:54<08:46,  1.55it/s]
[1A 17%|█▋        | 169/981 [01:55<08:56,  1.51it/s]
[1A 17%|█▋        | 170/981 [01:56<08:57,  1.51it/s]
[1A 17%|█▋        | 171/981 [01:56<08:48,  1.53it/s]
[1A 18%|█▊        | 172/981 [01:57<08:54,  1.51it/s]
[1A 18%|█▊        | 173/981 [01:58<08:54,  1.51it/s]
[1A 18%|█▊        | 174/981 [01:58<08:57,  1.50it/s]
[1A 18%|█▊        | 175/981 [01:59<08:57,  1.50it/s]
[1A 18%|█▊        | 176/981 [02:00<08:45,  1.53it/s]
[1A 18%|█▊        | 177/981 [02:00<08:44,  1.53it/s]
[1A 18%|█▊        | 178/981 [02:01<08:57,  1.50it/s]
[1A 18%|█▊        | 179/981 [02:02<08:47,  1.52it/s]
[1A 18%|█▊        | 180/981 [02:02<08:49,  1.51it/s]
[1A 18%|█▊        | 181/981 [02:03<08:58,  1.48it/s]
[1A 19%|█▊        | 182/981 [02:04<08:58,  1.48it/s]
[1A 19%|█▊        | 183/981 [02:04<09:02,  1.47it/s]
[1A 19%|█▉        | 184/981 [02:05<08:57,  1.48it/s]
[1A 19%|█▉        | 185/981 [02:06<08:58,  1.48it/s]
[1A 19%|█▉        | 186/981 [02:06<08:45,  1.51it/s]
[1A 19%|█▉        | 187/981 [02:07<08:40,  1.53it/s]
[1A 19%|█▉        | 188/981 [02:08<08:47,  1.50it/s]
[1A 19%|█▉        | 189/981 [02:08<08:37,  1.53it/s]
[1A 19%|█▉        | 190/981 [02:09<08:29,  1.55it/s]
[1A 19%|█▉        | 191/981 [02:09<08:20,  1.58it/s]
[1A 20%|█▉        | 192/981 [02:10<08:33,  1.54it/s]
[1A 20%|█▉        | 193/981 [02:11<08:29,  1.55it/s]
[1A 20%|█▉        | 194/981 [02:12<08:49,  1.49it/s]
[1A 20%|█▉        | 195/981 [02:12<08:53,  1.47it/s]
[1A 20%|█▉        | 196/981 [02:13<08:42,  1.50it/s]
[1A 20%|██        | 197/981 [02:13<08:29,  1.54it/s]
[1A 20%|██        | 198/981 [02:14<08:39,  1.51it/s]
[1A 20%|██        | 199/981 [02:15<08:40,  1.50it/s]
[1A 20%|██        | 200/981 [02:16<08:39,  1.50it/s]
[1A 20%|██        | 201/981 [02:16<08:54,  1.46it/s]
[1A 21%|██        | 202/981 [02:17<08:52,  1.46it/s]
[1A 21%|██        | 203/981 [02:18<08:50,  1.47it/s]
[1A 21%|██        | 204/981 [02:18<08:39,  1.49it/s]
[1A 21%|██        | 205/981 [02:19<08:43,  1.48it/s]
[1A 21%|██        | 206/981 [02:20<08:32,  1.51it/s]
[1A 21%|██        | 207/981 [02:20<08:30,  1.52it/s]
[1A 21%|██        | 208/981 [02:21<08:19,  1.55it/s]
[1A 21%|██▏       | 209/981 [02:21<08:17,  1.55it/s]
[1A 21%|██▏       | 210/981 [02:22<08:24,  1.53it/s]
[1A 22%|██▏       | 211/981 [02:23<08:14,  1.56it/s]
[1A 22%|██▏       | 212/981 [02:23<08:11,  1.57it/s]
[1A 22%|██▏       | 213/981 [02:24<08:14,  1.55it/s]
[1A 22%|██▏       | 214/981 [02:25<08:17,  1.54it/s]
[1A 22%|██▏       | 215/981 [02:25<08:24,  1.52it/s]
[1A 22%|██▏       | 216/981 [02:26<08:17,  1.54it/s]
[1A 22%|██▏       | 217/981 [02:27<08:49,  1.44it/s]
[1A 22%|██▏       | 218/981 [02:28<09:06,  1.40it/s]
[1A 22%|██▏       | 219/981 [02:28<09:27,  1.34it/s]
[1A 22%|██▏       | 220/981 [02:29<09:35,  1.32it/s]
[1A 23%|██▎       | 221/981 [02:30<09:42,  1.30it/s]
[1A 23%|██▎       | 222/981 [02:31<09:38,  1.31it/s]
[1A 23%|██▎       | 223/981 [02:32<09:44,  1.30it/s]
[1A 23%|██▎       | 224/981 [02:32<09:50,  1.28it/s]
[1A 23%|██▎       | 225/981 [02:33<10:02,  1.26it/s]
[1A 23%|██▎       | 226/981 [02:34<10:11,  1.24it/s]
[1A 23%|██▎       | 227/981 [02:35<10:11,  1.23it/s]
[1A 23%|██▎       | 228/981 [02:36<10:15,  1.22it/s]
[1A 23%|██▎       | 229/981 [02:36<10:09,  1.23it/s]
[1A 23%|██▎       | 230/981 [02:37<10:02,  1.25it/s]
[1A 24%|██▎       | 231/981 [02:38<09:57,  1.26it/s]
[1A 24%|██▎       | 232/981 [02:39<09:58,  1.25it/s]
[1A 24%|██▍       | 233/981 [02:40<09:47,  1.27it/s]
[1A 24%|██▍       | 234/981 [02:40<09:15,  1.34it/s]
[1A 24%|██▍       | 235/981 [02:41<08:57,  1.39it/s]
[1A 24%|██▍       | 236/981 [02:42<08:36,  1.44it/s]
[1A 24%|██▍       | 237/981 [02:42<08:28,  1.46it/s]
[1A 24%|██▍       | 238/981 [02:43<08:32,  1.45it/s]
[1A 24%|██▍       | 239/981 [02:44<08:26,  1.47it/s]
[1A 24%|██▍       | 240/981 [02:44<08:25,  1.47it/s]
[1A 25%|██▍       | 241/981 [02:45<08:20,  1.48it/s]
[1A 25%|██▍       | 242/981 [02:46<08:22,  1.47it/s]
[1A 25%|██▍       | 243/981 [02:46<08:20,  1.47it/s]
[1A 25%|██▍       | 244/981 [02:47<08:15,  1.49it/s]
[1A 25%|██▍       | 245/981 [02:48<08:14,  1.49it/s]
[1A 25%|██▌       | 246/981 [02:48<08:16,  1.48it/s]
[1A 25%|██▌       | 247/981 [02:49<08:14,  1.48it/s]
[1A 25%|██▌       | 248/981 [02:50<08:09,  1.50it/s]
[1A 25%|██▌       | 249/981 [02:50<08:11,  1.49it/s]
[1A 25%|██▌       | 250/981 [02:51<08:07,  1.50it/s]
[1A 26%|██▌       | 251/981 [02:52<08:00,  1.52it/s]
[1A 26%|██▌       | 252/981 [02:52<08:08,  1.49it/s]
[1A 26%|██▌       | 253/981 [02:53<08:01,  1.51it/s]
[1A 26%|██▌       | 254/981 [02:54<08:05,  1.50it/s]
[1A 26%|██▌       | 255/981 [02:54<08:08,  1.49it/s]
[1A 26%|██▌       | 256/981 [02:55<08:06,  1.49it/s]
[1A 26%|██▌       | 257/981 [02:56<08:06,  1.49it/s]
[1A 26%|██▋       | 258/981 [02:56<08:15,  1.46it/s]
[1A 26%|██▋       | 259/981 [02:57<08:17,  1.45it/s]
[1A 27%|██▋       | 260/981 [02:58<08:15,  1.46it/s]
[1A 27%|██▋       | 261/981 [02:58<08:11,  1.47it/s]
[1A 27%|██▋       | 262/981 [02:59<08:17,  1.45it/s]
[1A 27%|██▋       | 263/981 [03:00<08:10,  1.46it/s]
[1A 27%|██▋       | 264/981 [03:00<08:13,  1.45it/s]
[1A 27%|██▋       | 265/981 [03:01<08:21,  1.43it/s]
[1A 27%|██▋       | 266/981 [03:02<08:17,  1.44it/s]
[1A 27%|██▋       | 267/981 [03:03<08:16,  1.44it/s]
[1A 27%|██▋       | 268/981 [03:03<08:33,  1.39it/s]
[1A 27%|██▋       | 269/981 [03:04<08:12,  1.45it/s]
[1A 28%|██▊       | 270/981 [03:05<07:59,  1.48it/s]
[1A 28%|██▊       | 271/981 [03:05<08:03,  1.47it/s]
[1A 28%|██▊       | 272/981 [03:06<08:03,  1.47it/s]
[1A 28%|██▊       | 273/981 [03:07<08:01,  1.47it/s]
[1A 28%|██▊       | 274/981 [03:07<07:59,  1.47it/s]
[1A 28%|██▊       | 275/981 [03:08<07:52,  1.49it/s]
[1A 28%|██▊       | 276/981 [03:09<08:03,  1.46it/s]
[1A 28%|██▊       | 277/981 [03:09<07:59,  1.47it/s]
[1A 28%|██▊       | 278/981 [03:10<08:04,  1.45it/s]
[1A 28%|██▊       | 279/981 [03:11<07:58,  1.47it/s]
[1A 29%|██▊       | 280/981 [03:11<08:08,  1.43it/s]
[1A 29%|██▊       | 281/981 [03:12<08:00,  1.46it/s]
[1A 29%|██▊       | 282/981 [03:13<07:46,  1.50it/s]
[1A 29%|██▉       | 283/981 [03:13<07:37,  1.53it/s]
[1A 29%|██▉       | 284/981 [03:14<07:37,  1.52it/s]
[1A 29%|██▉       | 285/981 [03:15<07:43,  1.50it/s]
[1A 29%|██▉       | 286/981 [03:15<07:55,  1.46it/s]
[1A 29%|██▉       | 287/981 [03:16<07:56,  1.46it/s]
[1A 29%|██▉       | 288/981 [03:17<07:56,  1.46it/s]
[1A 29%|██▉       | 289/981 [03:18<07:54,  1.46it/s]
[1A 30%|██▉       | 290/981 [03:18<07:52,  1.46it/s]
[1A 30%|██▉       | 291/981 [03:19<07:55,  1.45it/s]
[1A 30%|██▉       | 292/981 [03:20<07:56,  1.45it/s]
[1A 30%|██▉       | 293/981 [03:20<07:53,  1.45it/s]
[1A 30%|██▉       | 294/981 [03:21<07:49,  1.46it/s]
[1A 30%|███       | 295/981 [03:22<07:44,  1.48it/s]
[1A 30%|███       | 296/981 [03:22<07:43,  1.48it/s]
[1A 30%|███       | 297/981 [03:23<07:28,  1.52it/s]
[1A 30%|███       | 298/981 [03:24<07:27,  1.53it/s]
[1A 30%|███       | 299/981 [03:24<07:34,  1.50it/s]
[1A 31%|███       | 300/981 [03:25<07:32,  1.51it/s]
[1A 31%|███       | 301/981 [03:26<07:35,  1.49it/s]
[1A 31%|███       | 302/981 [03:26<07:41,  1.47it/s]
[1A 31%|███       | 303/981 [03:27<07:48,  1.45it/s]
[1A 31%|███       | 304/981 [03:28<07:42,  1.46it/s]
[1A 31%|███       | 305/981 [03:28<07:30,  1.50it/s]
[1A 31%|███       | 306/981 [03:29<07:26,  1.51it/s]
[1A 31%|███▏      | 307/981 [03:30<07:31,  1.49it/s]
[1A 31%|███▏      | 308/981 [03:30<07:26,  1.51it/s]
[1A 31%|███▏      | 309/981 [03:31<07:37,  1.47it/s]
[1A 32%|███▏      | 310/981 [03:32<07:38,  1.46it/s]
[1A 32%|███▏      | 311/981 [03:32<07:42,  1.45it/s]
[1A 32%|███▏      | 312/981 [03:33<07:25,  1.50it/s]
[1A 32%|███▏      | 313/981 [03:34<07:14,  1.54it/s]
[1A 32%|███▏      | 314/981 [03:34<07:15,  1.53it/s]
[1A 32%|███▏      | 315/981 [03:35<07:22,  1.51it/s]
[1A 32%|███▏      | 316/981 [03:36<07:15,  1.53it/s]
[1A 32%|███▏      | 317/981 [03:36<07:14,  1.53it/s]
[1A 32%|███▏      | 318/981 [03:37<07:09,  1.54it/s]
[1A 33%|███▎      | 319/981 [03:38<07:05,  1.56it/s]
[1A 33%|███▎      | 320/981 [03:38<06:58,  1.58it/s]
[1A 33%|███▎      | 321/981 [03:39<07:12,  1.53it/s]
[1A 33%|███▎      | 322/981 [03:40<07:15,  1.51it/s]
[1A 33%|███▎      | 323/981 [03:40<07:08,  1.54it/s]
[1A 33%|███▎      | 324/981 [03:41<07:17,  1.50it/s]
[1A 33%|███▎      | 325/981 [03:42<07:20,  1.49it/s]
[1A 33%|███▎      | 326/981 [03:42<07:13,  1.51it/s]
[1A 33%|███▎      | 327/981 [03:43<07:20,  1.48it/s]
[1A 33%|███▎      | 328/981 [03:44<07:29,  1.45it/s]
[1A 34%|███▎      | 329/981 [03:44<07:24,  1.47it/s]
[1A 34%|███▎      | 330/981 [03:45<07:24,  1.46it/s]
[1A 34%|███▎      | 331/981 [03:46<07:22,  1.47it/s]
[1A 34%|███▍      | 332/981 [03:46<07:17,  1.48it/s]
[1A 34%|███▍      | 333/981 [03:47<07:17,  1.48it/s]
[1A 34%|███▍      | 334/981 [03:48<07:09,  1.51it/s]
[1A 34%|███▍      | 335/981 [03:48<07:07,  1.51it/s]
[1A 34%|███▍      | 336/981 [03:49<07:11,  1.49it/s]
[1A 34%|███▍      | 337/981 [03:50<07:08,  1.50it/s]
[1A 34%|███▍      | 338/981 [03:50<07:05,  1.51it/s]
[1A 35%|███▍      | 339/981 [03:51<07:01,  1.52it/s]
[1A 35%|███▍      | 340/981 [03:52<06:59,  1.53it/s]
[1A 35%|███▍      | 341/981 [03:52<07:04,  1.51it/s]
[1A 35%|███▍      | 342/981 [03:53<07:03,  1.51it/s]
[1A 35%|███▍      | 343/981 [03:54<07:03,  1.50it/s]
[1A 35%|███▌      | 344/981 [03:54<06:56,  1.53it/s]
[1A 35%|███▌      | 345/981 [03:55<06:52,  1.54it/s]
[1A 35%|███▌      | 346/981 [03:56<07:00,  1.51it/s]
[1A 35%|███▌      | 347/981 [03:56<06:55,  1.53it/s]
[1A 35%|███▌      | 348/981 [03:57<06:49,  1.55it/s]
[1A 36%|███▌      | 349/981 [03:57<06:48,  1.55it/s]
[1A 36%|███▌      | 350/981 [03:58<06:59,  1.50it/s]
[1A 36%|███▌      | 351/981 [03:59<06:46,  1.55it/s]
[1A 36%|███▌      | 352/981 [03:59<06:52,  1.53it/s]
[1A 36%|███▌      | 353/981 [04:00<06:55,  1.51it/s]
[1A 36%|███▌      | 354/981 [04:01<06:59,  1.49it/s]
[1A 36%|███▌      | 355/981 [04:02<07:19,  1.42it/s]
[1A 36%|███▋      | 356/981 [04:02<07:12,  1.44it/s]
[1A 36%|███▋      | 357/981 [04:03<06:58,  1.49it/s]
[1A 36%|███▋      | 358/981 [04:04<06:58,  1.49it/s]
[1A 37%|███▋      | 359/981 [04:04<06:54,  1.50it/s]
[1A 37%|███▋      | 360/981 [04:05<06:53,  1.50it/s]
[1A 37%|███▋      | 361/981 [04:05<06:49,  1.51it/s]
[1A 37%|███▋      | 362/981 [04:06<06:47,  1.52it/s]
[1A 37%|███▋      | 363/981 [04:07<06:57,  1.48it/s]
[1A 37%|███▋      | 364/981 [04:08<07:00,  1.47it/s]
[1A 37%|███▋      | 365/981 [04:08<07:25,  1.38it/s]
[1A 37%|███▋      | 366/981 [04:09<07:12,  1.42it/s]
[1A 37%|███▋      | 367/981 [04:10<07:25,  1.38it/s]
[1A 38%|███▊      | 368/981 [04:11<07:46,  1.31it/s]
[1A 38%|███▊      | 369/981 [04:11<07:57,  1.28it/s]
[1A 38%|███▊      | 370/981 [04:12<07:58,  1.28it/s]
[1A 38%|███▊      | 371/981 [04:13<07:48,  1.30it/s]
[1A 38%|███▊      | 372/981 [04:14<07:55,  1.28it/s]
[1A 38%|███▊      | 373/981 [04:15<08:00,  1.26it/s]
[1A 38%|███▊      | 374/981 [04:15<08:03,  1.25it/s]
[1A 38%|███▊      | 375/981 [04:16<07:57,  1.27it/s]
[1A 38%|███▊      | 376/981 [04:17<07:55,  1.27it/s]
[1A 38%|███▊      | 377/981 [04:18<08:02,  1.25it/s]
[1A 39%|███▊      | 378/981 [04:19<07:50,  1.28it/s]
[1A 39%|███▊      | 379/981 [04:19<07:29,  1.34it/s]
[1A 39%|███▊      | 380/981 [04:20<07:13,  1.39it/s]
[1A 39%|███▉      | 381/981 [04:21<07:05,  1.41it/s]
[1A 39%|███▉      | 382/981 [04:21<06:52,  1.45it/s]
[1A 39%|███▉      | 383/981 [04:22<06:45,  1.48it/s]
[1A 39%|███▉      | 384/981 [04:23<06:41,  1.49it/s]
[1A 39%|███▉      | 385/981 [04:23<06:41,  1.48it/s]
[1A 39%|███▉      | 386/981 [04:24<06:36,  1.50it/s]
[1A 39%|███▉      | 387/981 [04:25<06:40,  1.48it/s]
[1A 40%|███▉      | 388/981 [04:25<06:51,  1.44it/s]
[1A 40%|███▉      | 389/981 [04:26<06:54,  1.43it/s]
[1A 40%|███▉      | 390/981 [04:27<06:51,  1.44it/s]
[1A 40%|███▉      | 391/981 [04:27<06:36,  1.49it/s]
[1A 40%|███▉      | 392/981 [04:28<06:39,  1.47it/s]
[1A 40%|████      | 393/981 [04:29<06:41,  1.47it/s]
[1A 40%|████      | 394/981 [04:29<06:35,  1.48it/s]
[1A 40%|████      | 395/981 [04:30<06:37,  1.47it/s]
[1A 40%|████      | 396/981 [04:31<06:50,  1.43it/s]
[1A 40%|████      | 397/981 [04:31<06:46,  1.44it/s]
[1A 41%|████      | 398/981 [04:32<06:43,  1.44it/s]
[1A 41%|████      | 399/981 [04:33<06:35,  1.47it/s]
[1A 41%|████      | 400/981 [04:33<06:25,  1.51it/s]
[1A 41%|████      | 401/981 [04:34<06:23,  1.51it/s]
[1A 41%|████      | 402/981 [04:35<06:19,  1.53it/s]
[1A 41%|████      | 403/981 [04:35<06:17,  1.53it/s]
[1A 41%|████      | 404/981 [04:36<06:16,  1.53it/s]
[1A 41%|████▏     | 405/981 [04:37<06:31,  1.47it/s]
[1A 41%|████▏     | 406/981 [04:37<06:25,  1.49it/s]
[1A 41%|████▏     | 407/981 [04:38<06:19,  1.51it/s]
[1A 42%|████▏     | 408/981 [04:39<06:22,  1.50it/s]
[1A 42%|████▏     | 409/981 [04:39<06:28,  1.47it/s]
[1A 42%|████▏     | 410/981 [04:40<06:36,  1.44it/s]
[1A 42%|████▏     | 411/981 [04:41<06:36,  1.44it/s]
[1A 42%|████▏     | 412/981 [04:42<06:28,  1.46it/s]
[1A 42%|████▏     | 413/981 [04:42<06:47,  1.39it/s]
[1A 42%|████▏     | 414/981 [04:43<06:58,  1.35it/s]
[1A 42%|████▏     | 415/981 [04:44<07:09,  1.32it/s]
[1A 42%|████▏     | 416/981 [04:45<07:15,  1.30it/s]
[1A 43%|████▎     | 417/981 [04:46<07:22,  1.28it/s]
[1A 43%|████▎     | 418/981 [04:46<07:05,  1.32it/s]
[1A 43%|████▎     | 419/981 [04:47<06:59,  1.34it/s]
[1A 43%|████▎     | 420/981 [04:48<06:58,  1.34it/s]
[1A 43%|████▎     | 421/981 [04:48<06:59,  1.33it/s]
[1A 43%|████▎     | 422/981 [04:49<07:00,  1.33it/s]
[1A 43%|████▎     | 423/981 [04:50<06:51,  1.36it/s]
[1A 43%|████▎     | 424/981 [04:51<06:46,  1.37it/s]
[1A 43%|████▎     | 425/981 [04:51<06:41,  1.38it/s]
[1A 43%|████▎     | 426/981 [04:52<06:42,  1.38it/s]
[1A 44%|████▎     | 427/981 [04:53<06:45,  1.37it/s]
[1A 44%|████▎     | 428/981 [04:54<06:50,  1.35it/s]
[1A 44%|████▎     | 429/981 [04:54<06:40,  1.38it/s]
[1A 44%|████▍     | 430/981 [04:55<06:41,  1.37it/s]
[1A 44%|████▍     | 431/981 [04:56<06:34,  1.39it/s]
[1A 44%|████▍     | 432/981 [04:56<06:42,  1.36it/s]
[1A 44%|████▍     | 433/981 [04:57<06:36,  1.38it/s]
[1A 44%|████▍     | 434/981 [04:58<06:30,  1.40it/s]
[1A 44%|████▍     | 435/981 [04:59<06:24,  1.42it/s]
[1A 44%|████▍     | 436/981 [04:59<06:31,  1.39it/s]
[1A 45%|████▍     | 437/981 [05:00<06:41,  1.36it/s]
[1A 45%|████▍     | 438/981 [05:01<06:39,  1.36it/s]
[1A 45%|████▍     | 439/981 [05:02<06:39,  1.36it/s]
[1A 45%|████▍     | 440/981 [05:02<06:39,  1.35it/s]
[1A 45%|████▍     | 441/981 [05:03<06:38,  1.36it/s]
[1A 45%|████▌     | 442/981 [05:04<06:35,  1.36it/s]
[1A 45%|████▌     | 443/981 [05:04<06:31,  1.37it/s]
[1A 45%|████▌     | 444/981 [05:05<06:20,  1.41it/s]
[1A 45%|████▌     | 445/981 [05:06<06:13,  1.43it/s]
[1A 45%|████▌     | 446/981 [05:06<06:12,  1.44it/s]
[1A 46%|████▌     | 447/981 [05:07<06:19,  1.41it/s]
[1A 46%|████▌     | 448/981 [05:08<06:29,  1.37it/s]
[1A 46%|████▌     | 449/981 [05:09<06:37,  1.34it/s]
[1A 46%|████▌     | 450/981 [05:10<06:35,  1.34it/s]
[1A 46%|████▌     | 451/981 [05:10<06:31,  1.36it/s]
[1A 46%|████▌     | 452/981 [05:11<06:33,  1.34it/s]
[1A 46%|████▌     | 453/981 [05:12<06:27,  1.36it/s]
[1A 46%|████▋     | 454/981 [05:13<06:35,  1.33it/s]
[1A 46%|████▋     | 455/981 [05:13<06:29,  1.35it/s]
[1A 46%|████▋     | 456/981 [05:14<06:37,  1.32it/s]
[1A 47%|████▋     | 457/981 [05:15<06:29,  1.34it/s]
[1A 47%|████▋     | 458/981 [05:16<06:39,  1.31it/s]
[1A 47%|████▋     | 459/981 [05:16<06:33,  1.33it/s]
[1A 47%|████▋     | 460/981 [05:17<06:41,  1.30it/s]
[1A 47%|████▋     | 461/981 [05:18<06:38,  1.31it/s]
[1A 47%|████▋     | 462/981 [05:19<06:33,  1.32it/s]
[1A 47%|████▋     | 463/981 [05:19<06:34,  1.31it/s]
[1A 47%|████▋     | 464/981 [05:20<06:37,  1.30it/s]
[1A 47%|████▋     | 465/981 [05:21<06:42,  1.28it/s]
[1A 48%|████▊     | 466/981 [05:22<06:43,  1.28it/s]
[1A 48%|████▊     | 467/981 [05:22<06:39,  1.29it/s]
[1A 48%|████▊     | 468/981 [05:23<06:35,  1.30it/s]
[1A 48%|████▊     | 469/981 [05:24<06:27,  1.32it/s]
[1A 48%|████▊     | 470/981 [05:25<06:32,  1.30it/s]
[1A 48%|████▊     | 471/981 [05:26<06:32,  1.30it/s]
[1A 48%|████▊     | 472/981 [05:26<06:27,  1.31it/s]
[1A 48%|████▊     | 473/981 [05:27<06:13,  1.36it/s]
[1A 48%|████▊     | 474/981 [05:28<05:53,  1.43it/s]
[1A 48%|████▊     | 475/981 [05:28<05:52,  1.44it/s]
[1A 49%|████▊     | 476/981 [05:29<05:59,  1.40it/s]
[1A 49%|████▊     | 477/981 [05:30<06:13,  1.35it/s]
[1A 49%|████▊     | 478/981 [05:31<06:05,  1.37it/s]
[1A 49%|████▉     | 479/981 [05:31<06:07,  1.36it/s]
[1A 49%|████▉     | 480/981 [05:32<06:09,  1.36it/s]
[1A 49%|████▉     | 481/981 [05:33<06:01,  1.38it/s]
[1A 49%|████▉     | 482/981 [05:33<06:01,  1.38it/s]
[1A 49%|████▉     | 483/981 [05:34<06:04,  1.37it/s]
[1A 49%|████▉     | 484/981 [05:35<06:12,  1.33it/s]
[1A 49%|████▉     | 485/981 [05:36<06:26,  1.28it/s]
[1A 50%|████▉     | 486/981 [05:37<06:32,  1.26it/s]
[1A 50%|████▉     | 487/981 [05:37<06:41,  1.23it/s]
[1A 50%|████▉     | 488/981 [05:38<06:28,  1.27it/s]
[1A 50%|████▉     | 489/981 [05:39<06:24,  1.28it/s]
[1A 50%|████▉     | 490/981 [05:40<06:20,  1.29it/s]
[1A 50%|█████     | 491/981 [05:41<06:21,  1.28it/s]
[1A 50%|█████     | 492/981 [05:41<06:26,  1.27it/s]
[1A 50%|█████     | 493/981 [05:42<06:30,  1.25it/s]
[1A 50%|█████     | 494/981 [05:43<06:28,  1.25it/s]
[1A 50%|█████     | 495/981 [05:44<06:28,  1.25it/s]
[1A 51%|█████     | 496/981 [05:45<06:21,  1.27it/s]
[1A 51%|█████     | 497/981 [05:45<06:18,  1.28it/s]
[1A 51%|█████     | 498/981 [05:46<06:16,  1.28it/s]
[1A 51%|█████     | 499/981 [05:47<06:07,  1.31it/s]
[1A 51%|█████     | 500/981 [05:48<06:02,  1.33it/s]
[1A 51%|█████     | 501/981 [05:48<06:05,  1.31it/s]
[1A 51%|█████     | 502/981 [05:49<06:13,  1.28it/s]
[1A 51%|█████▏    | 503/981 [05:50<06:00,  1.33it/s]
[1A 51%|█████▏    | 504/981 [05:51<05:49,  1.36it/s]
[1A 51%|█████▏    | 505/981 [05:51<05:45,  1.38it/s]
[1A 52%|█████▏    | 506/981 [05:52<05:36,  1.41it/s]
[1A 52%|█████▏    | 507/981 [05:53<05:33,  1.42it/s]
[1A 52%|█████▏    | 508/981 [05:53<05:34,  1.41it/s]
[1A 52%|█████▏    | 509/981 [05:54<05:29,  1.43it/s]
[1A 52%|█████▏    | 510/981 [05:55<05:29,  1.43it/s]
[1A 52%|█████▏    | 511/981 [05:55<05:26,  1.44it/s]
[1A 52%|█████▏    | 512/981 [05:56<05:26,  1.43it/s]
[1A 52%|█████▏    | 513/981 [05:57<05:24,  1.44it/s]
[1A 52%|█████▏    | 514/981 [05:57<05:16,  1.48it/s]
[1A 52%|█████▏    | 515/981 [05:58<05:09,  1.50it/s]
[1A 53%|█████▎    | 516/981 [05:59<05:22,  1.44it/s]
[1A 53%|█████▎    | 517/981 [06:00<05:30,  1.40it/s]
[1A 53%|█████▎    | 518/981 [06:00<05:34,  1.38it/s]
[1A 53%|█████▎    | 519/981 [06:01<05:45,  1.34it/s]
[1A 53%|█████▎    | 520/981 [06:02<05:49,  1.32it/s]
[1A 53%|█████▎    | 521/981 [06:03<05:54,  1.30it/s]
[1A 53%|█████▎    | 522/981 [06:04<06:07,  1.25it/s]
[1A 53%|█████▎    | 523/981 [06:04<06:08,  1.24it/s]
[1A 53%|█████▎    | 524/981 [06:05<05:50,  1.31it/s]
[1A 54%|█████▎    | 525/981 [06:06<05:41,  1.33it/s]
[1A 54%|█████▎    | 526/981 [06:06<05:32,  1.37it/s]
[1A 54%|█████▎    | 527/981 [06:07<05:29,  1.38it/s]
[1A 54%|█████▍    | 528/981 [06:08<05:26,  1.39it/s]
[1A 54%|█████▍    | 529/981 [06:09<05:30,  1.37it/s]
[1A 54%|█████▍    | 530/981 [06:09<05:31,  1.36it/s]
[1A 54%|█████▍    | 531/981 [06:10<05:26,  1.38it/s]
[1A 54%|█████▍    | 532/981 [06:11<05:26,  1.37it/s]
[1A 54%|█████▍    | 533/981 [06:11<05:17,  1.41it/s]
[1A 54%|█████▍    | 534/981 [06:12<05:16,  1.41it/s]
[1A 55%|█████▍    | 535/981 [06:13<05:09,  1.44it/s]
[1A 55%|█████▍    | 536/981 [06:14<05:09,  1.44it/s]
[1A 55%|█████▍    | 537/981 [06:14<05:07,  1.44it/s]
[1A 55%|█████▍    | 538/981 [06:15<05:13,  1.41it/s]
[1A 55%|█████▍    | 539/981 [06:16<05:14,  1.40it/s]
[1A 55%|█████▌    | 540/981 [06:16<05:12,  1.41it/s]
[1A 55%|█████▌    | 541/981 [06:17<05:07,  1.43it/s]
[1A 55%|█████▌    | 542/981 [06:18<05:01,  1.46it/s]
[1A 55%|█████▌    | 543/981 [06:18<05:00,  1.46it/s]
[1A 55%|█████▌    | 544/981 [06:19<04:55,  1.48it/s]
[1A 56%|█████▌    | 545/981 [06:20<04:55,  1.47it/s]
[1A 56%|█████▌    | 546/981 [06:20<04:58,  1.45it/s]
[1A 56%|█████▌    | 547/981 [06:21<05:00,  1.44it/s]
[1A 56%|█████▌    | 548/981 [06:22<04:56,  1.46it/s]
[1A 56%|█████▌    | 549/981 [06:23<05:20,  1.35it/s]
[1A 56%|█████▌    | 550/981 [06:24<05:33,  1.29it/s]
[1A 56%|█████▌    | 551/981 [06:24<05:44,  1.25it/s]
[1A 56%|█████▋    | 552/981 [06:25<05:34,  1.28it/s]
[1A 56%|█████▋    | 553/981 [06:26<05:23,  1.32it/s]
[1A 56%|█████▋    | 554/981 [06:26<05:12,  1.37it/s]
[1A 57%|█████▋    | 555/981 [06:27<05:02,  1.41it/s]
[1A 57%|█████▋    | 556/981 [06:28<04:58,  1.42it/s]
[1A 57%|█████▋    | 557/981 [06:29<04:56,  1.43it/s]
[1A 57%|█████▋    | 558/981 [06:29<04:56,  1.43it/s]
[1A 57%|█████▋    | 559/981 [06:30<04:55,  1.43it/s]
[1A 57%|█████▋    | 560/981 [06:31<04:48,  1.46it/s]
[1A 57%|█████▋    | 561/981 [06:31<04:50,  1.45it/s]
[1A 57%|█████▋    | 562/981 [06:32<04:52,  1.43it/s]
[1A 57%|█████▋    | 563/981 [06:33<04:50,  1.44it/s]
[1A 57%|█████▋    | 564/981 [06:33<04:54,  1.42it/s]
[1A 58%|█████▊    | 565/981 [06:34<04:52,  1.42it/s]
[1A 58%|█████▊    | 566/981 [06:35<04:49,  1.43it/s]
[1A 58%|█████▊    | 567/981 [06:36<04:54,  1.41it/s]
[1A 58%|█████▊    | 568/981 [06:36<05:03,  1.36it/s]
[1A 58%|█████▊    | 569/981 [06:37<05:06,  1.35it/s]
[1A 58%|█████▊    | 570/981 [06:38<05:06,  1.34it/s]
[1A 58%|█████▊    | 571/981 [06:39<05:06,  1.34it/s]
[1A 58%|█████▊    | 572/981 [06:39<05:03,  1.35it/s]
[1A 58%|█████▊    | 573/981 [06:40<05:02,  1.35it/s]
[1A 59%|█████▊    | 574/981 [06:41<05:02,  1.35it/s]
[1A 59%|█████▊    | 575/981 [06:42<05:16,  1.28it/s]
[1A 59%|█████▊    | 576/981 [06:43<05:26,  1.24it/s]
[1A 59%|█████▉    | 577/981 [06:43<05:27,  1.23it/s]
[1A 59%|█████▉    | 578/981 [06:44<05:24,  1.24it/s]
[1A 59%|█████▉    | 579/981 [06:45<05:24,  1.24it/s]
[1A 59%|█████▉    | 580/981 [06:46<05:14,  1.27it/s]
[1A 59%|█████▉    | 581/981 [06:46<05:01,  1.33it/s]
[1A 59%|█████▉    | 582/981 [06:47<05:16,  1.26it/s]
[1A 59%|█████▉    | 583/981 [06:48<05:27,  1.22it/s]
[1A 60%|█████▉    | 584/981 [06:49<05:31,  1.20it/s]
[1A 60%|█████▉    | 585/981 [06:50<05:16,  1.25it/s]
[1A 60%|█████▉    | 586/981 [06:50<05:03,  1.30it/s]
[1A 60%|█████▉    | 587/981 [06:51<04:52,  1.35it/s]
[1A 60%|█████▉    | 588/981 [06:52<04:42,  1.39it/s]
[1A 60%|██████    | 589/981 [06:52<04:34,  1.43it/s]
[1A 60%|██████    | 590/981 [06:53<04:31,  1.44it/s]
[1A 60%|██████    | 591/981 [06:54<04:31,  1.44it/s]
[1A 60%|██████    | 592/981 [06:55<04:31,  1.43it/s]
[1A 60%|██████    | 593/981 [06:55<04:30,  1.43it/s]
[1A 61%|██████    | 594/981 [06:56<04:29,  1.44it/s]
[1A 61%|██████    | 595/981 [06:57<04:31,  1.42it/s]
[1A 61%|██████    | 596/981 [06:57<04:44,  1.35it/s]
[1A 61%|██████    | 597/981 [06:58<04:49,  1.33it/s]
[1A 61%|██████    | 598/981 [06:59<04:49,  1.32it/s]
[1A 61%|██████    | 599/981 [07:00<04:48,  1.32it/s]
[1A 61%|██████    | 600/981 [07:01<04:52,  1.30it/s]
[1A 61%|██████▏   | 601/981 [07:01<04:42,  1.34it/s]
[1A 61%|██████▏   | 602/981 [07:02<04:36,  1.37it/s]
[1A 61%|██████▏   | 603/981 [07:03<04:33,  1.38it/s]
[1A 62%|██████▏   | 604/981 [07:03<04:30,  1.40it/s]
[1A 62%|██████▏   | 605/981 [07:04<04:26,  1.41it/s]
[1A 62%|██████▏   | 606/981 [07:05<04:19,  1.44it/s]
[1A 62%|██████▏   | 607/981 [07:05<04:19,  1.44it/s]
[1A 62%|██████▏   | 608/981 [07:06<04:21,  1.43it/s]
[1A 62%|██████▏   | 609/981 [07:07<04:24,  1.40it/s]
[1A 62%|██████▏   | 610/981 [07:08<04:21,  1.42it/s]
[1A 62%|██████▏   | 611/981 [07:08<04:14,  1.45it/s]
[1A 62%|██████▏   | 612/981 [07:09<04:11,  1.47it/s]
[1A 62%|██████▏   | 613/981 [07:10<04:11,  1.47it/s]
[1A 63%|██████▎   | 614/981 [07:10<04:12,  1.45it/s]
[1A 63%|██████▎   | 615/981 [07:11<04:11,  1.45it/s]
[1A 63%|██████▎   | 616/981 [07:12<04:19,  1.41it/s]
[1A 63%|██████▎   | 617/981 [07:12<04:23,  1.38it/s]
[1A 63%|██████▎   | 618/981 [07:13<04:22,  1.39it/s]
[1A 63%|██████▎   | 619/981 [07:14<04:19,  1.39it/s]
[1A 63%|██████▎   | 620/981 [07:15<04:14,  1.42it/s]
[1A 63%|██████▎   | 621/981 [07:15<04:19,  1.38it/s]
[1A 63%|██████▎   | 622/981 [07:16<04:18,  1.39it/s]
[1A 64%|██████▎   | 623/981 [07:17<04:18,  1.39it/s]
[1A 64%|██████▎   | 624/981 [07:17<04:19,  1.37it/s]
[1A 64%|██████▎   | 625/981 [07:18<04:25,  1.34it/s]
[1A 64%|██████▍   | 626/981 [07:19<04:26,  1.33it/s]
[1A 64%|██████▍   | 627/981 [07:20<04:28,  1.32it/s]
[1A 64%|██████▍   | 628/981 [07:21<04:31,  1.30it/s]
[1A 64%|██████▍   | 629/981 [07:21<04:32,  1.29it/s]
[1A 64%|██████▍   | 630/981 [07:22<04:34,  1.28it/s]
[1A 64%|██████▍   | 631/981 [07:23<04:37,  1.26it/s]
[1A 64%|██████▍   | 632/981 [07:24<04:36,  1.26it/s]
[1A 65%|██████▍   | 633/981 [07:25<04:38,  1.25it/s]
[1A 65%|██████▍   | 634/981 [07:25<04:37,  1.25it/s]
[1A 65%|██████▍   | 635/981 [07:26<04:32,  1.27it/s]
[1A 65%|██████▍   | 636/981 [07:27<04:30,  1.27it/s]
[1A 65%|██████▍   | 637/981 [07:28<04:37,  1.24it/s]
[1A 65%|██████▌   | 638/981 [07:29<04:28,  1.28it/s]
[1A 65%|██████▌   | 639/981 [07:29<04:26,  1.28it/s]
[1A 65%|██████▌   | 640/981 [07:30<04:20,  1.31it/s]
[1A 65%|██████▌   | 641/981 [07:31<04:10,  1.36it/s]
[1A 65%|██████▌   | 642/981 [07:31<04:02,  1.40it/s]
[1A 66%|██████▌   | 643/981 [07:32<04:05,  1.38it/s]
[1A 66%|██████▌   | 644/981 [07:33<04:03,  1.38it/s]
[1A 66%|██████▌   | 645/981 [07:33<03:54,  1.43it/s]
[1A 66%|██████▌   | 646/981 [07:34<03:52,  1.44it/s]
[1A 66%|██████▌   | 647/981 [07:35<03:49,  1.46it/s]
[1A 66%|██████▌   | 648/981 [07:36<03:50,  1.45it/s]
[1A 66%|██████▌   | 649/981 [07:36<03:54,  1.42it/s]
[1A 66%|██████▋   | 650/981 [07:37<03:52,  1.42it/s]
[1A 66%|██████▋   | 651/981 [07:38<03:48,  1.44it/s]
[1A 66%|██████▋   | 652/981 [07:38<03:46,  1.45it/s]
[1A 67%|██████▋   | 653/981 [07:39<03:44,  1.46it/s]
[1A 67%|██████▋   | 654/981 [07:40<03:47,  1.44it/s]
[1A 67%|██████▋   | 655/981 [07:40<03:45,  1.45it/s]
[1A 67%|██████▋   | 656/981 [07:41<03:45,  1.44it/s]
[1A 67%|██████▋   | 657/981 [07:42<03:49,  1.41it/s]
[1A 67%|██████▋   | 658/981 [07:43<03:47,  1.42it/s]
[1A 67%|██████▋   | 659/981 [07:43<03:48,  1.41it/s]
[1A 67%|██████▋   | 660/981 [07:44<03:50,  1.39it/s]
[1A 67%|██████▋   | 661/981 [07:45<03:46,  1.41it/s]
[1A 67%|██████▋   | 662/981 [07:45<03:46,  1.41it/s]
[1A 68%|██████▊   | 663/981 [07:46<03:45,  1.41it/s]
[1A 68%|██████▊   | 664/981 [07:47<03:43,  1.42it/s]
[1A 68%|██████▊   | 665/981 [07:48<03:44,  1.41it/s]
[1A 68%|██████▊   | 666/981 [07:48<03:47,  1.39it/s]
[1A 68%|██████▊   | 667/981 [07:49<03:48,  1.37it/s]
[1A 68%|██████▊   | 668/981 [07:50<03:53,  1.34it/s]
[1A 68%|██████▊   | 669/981 [07:51<03:56,  1.32it/s]
[1A 68%|██████▊   | 670/981 [07:51<04:00,  1.29it/s]
[1A 68%|██████▊   | 671/981 [07:52<04:04,  1.27it/s]
[1A 69%|██████▊   | 672/981 [07:53<03:59,  1.29it/s]
[1A 69%|██████▊   | 673/981 [07:54<03:56,  1.30it/s]
[1A 69%|██████▊   | 674/981 [07:54<03:53,  1.31it/s]
[1A 69%|██████▉   | 675/981 [07:55<03:53,  1.31it/s]
[1A 69%|██████▉   | 676/981 [07:56<03:47,  1.34it/s]
[1A 69%|██████▉   | 677/981 [07:57<03:45,  1.35it/s]
[1A 69%|██████▉   | 678/981 [07:57<03:41,  1.37it/s]
[1A 69%|██████▉   | 679/981 [07:58<03:39,  1.37it/s]
[1A 69%|██████▉   | 680/981 [07:59<03:35,  1.40it/s]
[1A 69%|██████▉   | 681/981 [07:59<03:32,  1.41it/s]
[1A 70%|██████▉   | 682/981 [08:00<03:27,  1.44it/s]
[1A 70%|██████▉   | 683/981 [08:01<03:26,  1.44it/s]
[1A 70%|██████▉   | 684/981 [08:02<03:26,  1.44it/s]
[1A 70%|██████▉   | 685/981 [08:02<03:27,  1.43it/s]
[1A 70%|██████▉   | 686/981 [08:03<03:27,  1.42it/s]
[1A 70%|███████   | 687/981 [08:04<03:32,  1.39it/s]
[1A 70%|███████   | 688/981 [08:04<03:34,  1.37it/s]
[1A 70%|███████   | 689/981 [08:05<03:36,  1.35it/s]
[1A 70%|███████   | 690/981 [08:06<03:35,  1.35it/s]
[1A 70%|███████   | 691/981 [08:07<03:34,  1.35it/s]
[1A 71%|███████   | 692/981 [08:07<03:33,  1.35it/s]
[1A 71%|███████   | 693/981 [08:08<03:30,  1.37it/s]
[1A 71%|███████   | 694/981 [08:09<03:24,  1.41it/s]
[1A 71%|███████   | 695/981 [08:10<03:24,  1.40it/s]
[1A 71%|███████   | 696/981 [08:10<03:19,  1.43it/s]
[1A 71%|███████   | 697/981 [08:11<03:16,  1.45it/s]
[1A 71%|███████   | 698/981 [08:12<03:16,  1.44it/s]
[1A 71%|███████▏  | 699/981 [08:12<03:12,  1.46it/s]
[1A 71%|███████▏  | 700/981 [08:13<03:12,  1.46it/s]
[1A 71%|███████▏  | 701/981 [08:14<03:15,  1.43it/s]
[1A 72%|███████▏  | 702/981 [08:14<03:11,  1.46it/s]
[1A 72%|███████▏  | 703/981 [08:15<03:11,  1.45it/s]
[1A 72%|███████▏  | 704/981 [08:16<03:13,  1.43it/s]
[1A 72%|███████▏  | 705/981 [08:16<03:14,  1.42it/s]
[1A 72%|███████▏  | 706/981 [08:17<03:15,  1.41it/s]
[1A 72%|███████▏  | 707/981 [08:18<03:11,  1.43it/s]
[1A 72%|███████▏  | 708/981 [08:19<03:12,  1.41it/s]
[1A 72%|███████▏  | 709/981 [08:19<03:14,  1.40it/s]
[1A 72%|███████▏  | 710/981 [08:20<03:07,  1.44it/s]
[1A 72%|███████▏  | 711/981 [08:21<03:10,  1.42it/s]
[1A 73%|███████▎  | 712/981 [08:21<03:13,  1.39it/s]
[1A 73%|███████▎  | 713/981 [08:22<03:12,  1.39it/s]
[1A 73%|███████▎  | 714/981 [08:23<03:08,  1.42it/s]
[1A 73%|███████▎  | 715/981 [08:24<03:10,  1.40it/s]
[1A 73%|███████▎  | 716/981 [08:24<03:07,  1.42it/s]
[1A 73%|███████▎  | 717/981 [08:25<03:04,  1.43it/s]
[1A 73%|███████▎  | 718/981 [08:26<03:00,  1.45it/s]
[1A 73%|███████▎  | 719/981 [08:26<03:02,  1.44it/s]
[1A 73%|███████▎  | 720/981 [08:27<02:58,  1.46it/s]
[1A 73%|███████▎  | 721/981 [08:28<02:57,  1.46it/s]
[1A 74%|███████▎  | 722/981 [08:28<02:59,  1.44it/s]
[1A 74%|███████▎  | 723/981 [08:29<03:02,  1.41it/s]
[1A 74%|███████▍  | 724/981 [08:30<02:58,  1.44it/s]
[1A 74%|███████▍  | 725/981 [08:30<02:54,  1.47it/s]
[1A 74%|███████▍  | 726/981 [08:31<02:49,  1.50it/s]
[1A 74%|███████▍  | 727/981 [08:32<02:53,  1.46it/s]
[1A 74%|███████▍  | 728/981 [08:32<02:50,  1.48it/s]
[1A 74%|███████▍  | 729/981 [08:33<02:50,  1.48it/s]
[1A 74%|███████▍  | 730/981 [08:34<02:51,  1.46it/s]
[1A 75%|███████▍  | 731/981 [08:35<02:54,  1.44it/s]
[1A 75%|███████▍  | 732/981 [08:35<02:59,  1.39it/s]
[1A 75%|███████▍  | 733/981 [08:36<02:59,  1.38it/s]
[1A 75%|███████▍  | 734/981 [08:37<02:54,  1.42it/s]
[1A 75%|███████▍  | 735/981 [08:37<02:53,  1.42it/s]
[1A 75%|███████▌  | 736/981 [08:38<02:55,  1.40it/s]
[1A 75%|███████▌  | 737/981 [08:39<02:57,  1.37it/s]
[1A 75%|███████▌  | 738/981 [08:40<02:51,  1.42it/s]
[1A 75%|███████▌  | 739/981 [08:40<02:49,  1.43it/s]
[1A 75%|███████▌  | 740/981 [08:41<02:47,  1.44it/s]
[1A 76%|███████▌  | 741/981 [08:42<02:45,  1.45it/s]
[1A 76%|███████▌  | 742/981 [08:42<02:47,  1.43it/s]
[1A 76%|███████▌  | 743/981 [08:43<02:44,  1.45it/s]
[1A 76%|███████▌  | 744/981 [08:44<02:43,  1.45it/s]
[1A 76%|███████▌  | 745/981 [08:44<02:43,  1.44it/s]
[1A 76%|███████▌  | 746/981 [08:45<02:42,  1.44it/s]
[1A 76%|███████▌  | 747/981 [08:46<02:41,  1.45it/s]
[1A 76%|███████▌  | 748/981 [08:46<02:42,  1.43it/s]
[1A 76%|███████▋  | 749/981 [08:47<02:41,  1.44it/s]
[1A 76%|███████▋  | 750/981 [08:48<02:42,  1.42it/s]
[1A 77%|███████▋  | 751/981 [08:49<02:39,  1.44it/s]
[1A 77%|███████▋  | 752/981 [08:49<02:40,  1.43it/s]
[1A 77%|███████▋  | 753/981 [08:50<02:39,  1.43it/s]
[1A 77%|███████▋  | 754/981 [08:51<02:40,  1.42it/s]
[1A 77%|███████▋  | 755/981 [08:51<02:41,  1.40it/s]
[1A 77%|███████▋  | 756/981 [08:52<02:39,  1.41it/s]
[1A 77%|███████▋  | 757/981 [08:53<02:51,  1.31it/s]
[1A 77%|███████▋  | 758/981 [08:54<02:52,  1.30it/s]
[1A 77%|███████▋  | 759/981 [08:55<02:56,  1.26it/s]
[1A 77%|███████▋  | 760/981 [08:55<02:51,  1.29it/s]
[1A 78%|███████▊  | 761/981 [08:56<02:43,  1.34it/s]
[1A 78%|███████▊  | 762/981 [08:57<02:43,  1.34it/s]
[1A 78%|███████▊  | 763/981 [08:57<02:36,  1.39it/s]
[1A 78%|███████▊  | 764/981 [08:58<02:35,  1.40it/s]
[1A 78%|███████▊  | 765/981 [08:59<02:33,  1.41it/s]
[1A 78%|███████▊  | 766/981 [09:00<02:30,  1.43it/s]
[1A 78%|███████▊  | 767/981 [09:00<02:29,  1.43it/s]
[1A 78%|███████▊  | 768/981 [09:01<02:26,  1.46it/s]
[1A 78%|███████▊  | 769/981 [09:02<02:26,  1.45it/s]
[1A 78%|███████▊  | 770/981 [09:02<02:24,  1.46it/s]
[1A 79%|███████▊  | 771/981 [09:03<02:23,  1.46it/s]
[1A 79%|███████▊  | 772/981 [09:04<02:20,  1.48it/s]
[1A 79%|███████▉  | 773/981 [09:04<02:18,  1.50it/s]
[1A 79%|███████▉  | 774/981 [09:05<02:17,  1.50it/s]
[1A 79%|███████▉  | 775/981 [09:06<02:16,  1.51it/s]
[1A 79%|███████▉  | 776/981 [09:06<02:17,  1.49it/s]
[1A 79%|███████▉  | 777/981 [09:07<02:18,  1.47it/s]
[1A 79%|███████▉  | 778/981 [09:08<02:18,  1.46it/s]
[1A 79%|███████▉  | 779/981 [09:08<02:20,  1.44it/s]
[1A 80%|███████▉  | 780/981 [09:09<02:22,  1.41it/s]
[1A 80%|███████▉  | 781/981 [09:10<02:23,  1.40it/s]
[1A 80%|███████▉  | 782/981 [09:11<02:20,  1.42it/s]
[1A 80%|███████▉  | 783/981 [09:11<02:21,  1.40it/s]
[1A 80%|███████▉  | 784/981 [09:12<02:21,  1.39it/s]
[1A 80%|████████  | 785/981 [09:13<02:20,  1.39it/s]
[1A 80%|████████  | 786/981 [09:13<02:23,  1.36it/s]
[1A 80%|████████  | 787/981 [09:14<02:21,  1.37it/s]
[1A 80%|████████  | 788/981 [09:15<02:20,  1.37it/s]
[1A 80%|████████  | 789/981 [09:16<02:21,  1.36it/s]
[1A 81%|████████  | 790/981 [09:16<02:21,  1.35it/s]
[1A 81%|████████  | 791/981 [09:17<02:18,  1.37it/s]
[1A 81%|████████  | 792/981 [09:18<02:14,  1.40it/s]
[1A 81%|████████  | 793/981 [09:19<02:14,  1.40it/s]
[1A 81%|████████  | 794/981 [09:19<02:12,  1.41it/s]
[1A 81%|████████  | 795/981 [09:20<02:13,  1.39it/s]
[1A 81%|████████  | 796/981 [09:21<02:09,  1.42it/s]
[1A 81%|████████  | 797/981 [09:21<02:08,  1.43it/s]
[1A 81%|████████▏ | 798/981 [09:22<02:06,  1.45it/s]
[1A 81%|████████▏ | 799/981 [09:23<02:03,  1.47it/s]
[1A 82%|████████▏ | 800/981 [09:23<02:06,  1.43it/s]
[1A 82%|████████▏ | 801/981 [09:24<02:05,  1.43it/s]
[1A 82%|████████▏ | 802/981 [09:25<02:03,  1.45it/s]
[1A 82%|████████▏ | 803/981 [09:26<02:11,  1.35it/s]
[1A 82%|████████▏ | 804/981 [09:26<02:15,  1.31it/s]
[1A 82%|████████▏ | 805/981 [09:27<02:17,  1.28it/s]
[1A 82%|████████▏ | 806/981 [09:28<02:15,  1.29it/s]
[1A 82%|████████▏ | 807/981 [09:29<02:13,  1.30it/s]
[1A 82%|████████▏ | 808/981 [09:30<02:13,  1.29it/s]
[1A 82%|████████▏ | 809/981 [09:30<02:19,  1.24it/s]
[1A 83%|████████▎ | 810/981 [09:31<02:20,  1.21it/s]
[1A 83%|████████▎ | 811/981 [09:32<02:21,  1.20it/s]
[1A 83%|████████▎ | 812/981 [09:33<02:15,  1.25it/s]
[1A 83%|████████▎ | 813/981 [09:34<02:11,  1.28it/s]
[1A 83%|████████▎ | 814/981 [09:35<02:18,  1.21it/s]
[1A 83%|████████▎ | 815/981 [09:35<02:13,  1.25it/s]
[1A 83%|████████▎ | 816/981 [09:36<02:11,  1.25it/s]
[1A 83%|████████▎ | 817/981 [09:37<02:09,  1.26it/s]
[1A 83%|████████▎ | 818/981 [09:38<02:08,  1.27it/s]
[1A 83%|████████▎ | 819/981 [09:38<02:07,  1.27it/s]
[1A 84%|████████▎ | 820/981 [09:39<02:04,  1.30it/s]
[1A 84%|████████▎ | 821/981 [09:40<02:04,  1.29it/s]
[1A 84%|████████▍ | 822/981 [09:41<02:11,  1.21it/s]
[1A 84%|████████▍ | 823/981 [09:42<02:13,  1.18it/s]
[1A 84%|████████▍ | 824/981 [09:43<02:14,  1.16it/s]
[1A 84%|████████▍ | 825/981 [09:43<02:12,  1.18it/s]
[1A 84%|████████▍ | 826/981 [09:44<02:08,  1.20it/s]
[1A 84%|████████▍ | 827/981 [09:45<02:06,  1.22it/s]
[1A 84%|████████▍ | 828/981 [09:46<02:10,  1.17it/s]
[1A 85%|████████▍ | 829/981 [09:47<02:11,  1.16it/s]
[1A 85%|████████▍ | 830/981 [09:48<02:14,  1.13it/s]
[1A 85%|████████▍ | 831/981 [09:49<02:13,  1.12it/s]
[1A 85%|████████▍ | 832/981 [09:50<02:14,  1.11it/s]
[1A 85%|████████▍ | 833/981 [09:50<02:07,  1.16it/s]
[1A 85%|████████▌ | 834/981 [09:51<02:02,  1.20it/s]
[1A 85%|████████▌ | 835/981 [09:52<02:00,  1.21it/s]
[1A 85%|████████▌ | 836/981 [09:53<02:01,  1.20it/s]
[1A 85%|████████▌ | 837/981 [09:54<02:04,  1.16it/s]
[1A 85%|████████▌ | 838/981 [09:55<02:04,  1.14it/s]
[1A 86%|████████▌ | 839/981 [09:55<01:59,  1.19it/s]
[1A 86%|████████▌ | 840/981 [09:56<01:53,  1.25it/s]
[1A 86%|████████▌ | 841/981 [09:57<01:50,  1.26it/s]
[1A 86%|████████▌ | 842/981 [09:58<01:48,  1.28it/s]
[1A 86%|████████▌ | 843/981 [09:58<01:48,  1.27it/s]
[1A 86%|████████▌ | 844/981 [09:59<01:45,  1.29it/s]
[1A 86%|████████▌ | 845/981 [10:00<01:43,  1.31it/s]
[1A 86%|████████▌ | 846/981 [10:01<01:43,  1.31it/s]
[1A 86%|████████▋ | 847/981 [10:01<01:40,  1.34it/s]
[1A 86%|████████▋ | 848/981 [10:02<01:39,  1.34it/s]
[1A 87%|████████▋ | 849/981 [10:03<01:38,  1.34it/s]
[1A 87%|████████▋ | 850/981 [10:04<01:36,  1.35it/s]
[1A 87%|████████▋ | 851/981 [10:04<01:37,  1.33it/s]
[1A 87%|████████▋ | 852/981 [10:05<01:36,  1.34it/s]
[1A 87%|████████▋ | 853/981 [10:06<01:35,  1.33it/s]
[1A 87%|████████▋ | 854/981 [10:07<01:35,  1.33it/s]
[1A 87%|████████▋ | 855/981 [10:07<01:34,  1.33it/s]
[1A 87%|████████▋ | 856/981 [10:08<01:32,  1.36it/s]
[1A 87%|████████▋ | 857/981 [10:09<01:31,  1.36it/s]
[1A 87%|████████▋ | 858/981 [10:10<01:31,  1.34it/s]
[1A 88%|████████▊ | 859/981 [10:10<01:31,  1.34it/s]
[1A 88%|████████▊ | 860/981 [10:11<01:31,  1.32it/s]
[1A 88%|████████▊ | 861/981 [10:12<01:29,  1.34it/s]
[1A 88%|████████▊ | 862/981 [10:13<01:30,  1.32it/s]
[1A 88%|████████▊ | 863/981 [10:13<01:29,  1.31it/s]
[1A 88%|████████▊ | 864/981 [10:14<01:35,  1.22it/s]
[1A 88%|████████▊ | 865/981 [10:15<01:39,  1.17it/s]
[1A 88%|████████▊ | 866/981 [10:16<01:44,  1.10it/s]
[1A 88%|████████▊ | 867/981 [10:17<01:46,  1.07it/s]
[1A 88%|████████▊ | 868/981 [10:18<01:38,  1.15it/s]
[1A 89%|████████▊ | 869/981 [10:19<01:33,  1.20it/s]
[1A 89%|████████▊ | 870/981 [10:20<01:29,  1.24it/s]
[1A 89%|████████▉ | 871/981 [10:20<01:26,  1.26it/s]
[1A 89%|████████▉ | 872/981 [10:21<01:24,  1.29it/s]
[1A 89%|████████▉ | 873/981 [10:22<01:21,  1.32it/s]
[1A 89%|████████▉ | 874/981 [10:23<01:21,  1.32it/s]
[1A 89%|████████▉ | 875/981 [10:23<01:19,  1.34it/s]
[1A 89%|████████▉ | 876/981 [10:24<01:19,  1.32it/s]
[1A 89%|████████▉ | 877/981 [10:25<01:18,  1.32it/s]
[1A 90%|████████▉ | 878/981 [10:26<01:18,  1.32it/s]
[1A 90%|████████▉ | 879/981 [10:26<01:17,  1.32it/s]
[1A 90%|████████▉ | 880/981 [10:27<01:14,  1.35it/s]
[1A 90%|████████▉ | 881/981 [10:28<01:14,  1.33it/s]
[1A 90%|████████▉ | 882/981 [10:29<01:14,  1.32it/s]
[1A 90%|█████████ | 883/981 [10:29<01:13,  1.32it/s]
[1A 90%|█████████ | 884/981 [10:30<01:12,  1.33it/s]
[1A 90%|█████████ | 885/981 [10:31<01:11,  1.34it/s]
[1A 90%|█████████ | 886/981 [10:32<01:10,  1.35it/s]
[1A 90%|█████████ | 887/981 [10:32<01:09,  1.36it/s]
[1A 91%|█████████ | 888/981 [10:33<01:08,  1.36it/s]
[1A 91%|█████████ | 889/981 [10:34<01:07,  1.37it/s]
[1A 91%|█████████ | 890/981 [10:34<01:05,  1.39it/s]
[1A 91%|█████████ | 891/981 [10:35<01:04,  1.40it/s]
[1A 91%|█████████ | 892/981 [10:36<01:02,  1.42it/s]
[1A 91%|█████████ | 893/981 [10:37<01:02,  1.40it/s]
[1A 91%|█████████ | 894/981 [10:37<01:02,  1.39it/s]
[1A 91%|█████████ | 895/981 [10:38<01:01,  1.39it/s]
[1A 91%|█████████▏| 896/981 [10:39<01:00,  1.40it/s]
[1A 91%|█████████▏| 897/981 [10:39<01:00,  1.39it/s]
[1A 92%|█████████▏| 898/981 [10:40<00:58,  1.41it/s]
[1A 92%|█████████▏| 899/981 [10:41<00:57,  1.43it/s]
[1A 92%|█████████▏| 900/981 [10:42<00:58,  1.37it/s]
[1A 92%|█████████▏| 901/981 [10:42<00:59,  1.34it/s]
[1A 92%|█████████▏| 902/981 [10:43<00:57,  1.37it/s]
[1A 92%|█████████▏| 903/981 [10:44<00:56,  1.37it/s]
[1A 92%|█████████▏| 904/981 [10:44<00:55,  1.38it/s]
[1A 92%|█████████▏| 905/981 [10:45<00:55,  1.37it/s]
[1A 92%|█████████▏| 906/981 [10:46<00:54,  1.38it/s]
[1A 92%|█████████▏| 907/981 [10:47<00:53,  1.38it/s]
[1A 93%|█████████▎| 908/981 [10:47<00:52,  1.38it/s]
[1A 93%|█████████▎| 909/981 [10:48<00:52,  1.38it/s]
[1A 93%|█████████▎| 910/981 [10:49<00:51,  1.37it/s]
[1A 93%|█████████▎| 911/981 [10:50<00:51,  1.36it/s]
[1A 93%|█████████▎| 912/981 [10:50<00:50,  1.35it/s]
[1A 93%|█████████▎| 913/981 [10:51<00:51,  1.33it/s]
[1A 93%|█████████▎| 914/981 [10:52<00:49,  1.34it/s]
[1A 93%|█████████▎| 915/981 [10:53<00:48,  1.37it/s]
[1A 93%|█████████▎| 916/981 [10:53<00:47,  1.37it/s]
[1A 93%|█████████▎| 917/981 [10:54<00:46,  1.39it/s]
[1A 94%|█████████▎| 918/981 [10:55<00:45,  1.37it/s]
[1A 94%|█████████▎| 919/981 [10:56<00:45,  1.35it/s]
[1A 94%|█████████▍| 920/981 [10:56<00:44,  1.37it/s]
[1A 94%|█████████▍| 921/981 [10:57<00:43,  1.38it/s]
[1A 94%|█████████▍| 922/981 [10:58<00:43,  1.36it/s]
[1A 94%|█████████▍| 923/981 [10:58<00:42,  1.35it/s]
[1A 94%|█████████▍| 924/981 [10:59<00:42,  1.36it/s]
[1A 94%|█████████▍| 925/981 [11:00<00:41,  1.35it/s]
[1A 94%|█████████▍| 926/981 [11:01<00:40,  1.35it/s]
[1A 94%|█████████▍| 927/981 [11:01<00:40,  1.33it/s]
[1A 95%|█████████▍| 928/981 [11:02<00:39,  1.34it/s]
[1A 95%|█████████▍| 929/981 [11:03<00:38,  1.34it/s]
[1A 95%|█████████▍| 930/981 [11:04<00:37,  1.36it/s]
[1A 95%|█████████▍| 931/981 [11:04<00:36,  1.38it/s]
[1A 95%|█████████▌| 932/981 [11:05<00:36,  1.36it/s]
[1A 95%|█████████▌| 933/981 [11:06<00:35,  1.35it/s]
[1A 95%|█████████▌| 934/981 [11:07<00:34,  1.37it/s]
[1A 95%|█████████▌| 935/981 [11:07<00:33,  1.36it/s]
[1A 95%|█████████▌| 936/981 [11:08<00:32,  1.36it/s]
[1A 96%|█████████▌| 937/981 [11:09<00:32,  1.36it/s]
[1A 96%|█████████▌| 938/981 [11:09<00:31,  1.38it/s]
[1A 96%|█████████▌| 939/981 [11:10<00:31,  1.35it/s]
[1A 96%|█████████▌| 940/981 [11:11<00:30,  1.35it/s]
[1A 96%|█████████▌| 941/981 [11:12<00:29,  1.37it/s]
[1A 96%|█████████▌| 942/981 [11:12<00:28,  1.36it/s]
[1A 96%|█████████▌| 943/981 [11:13<00:27,  1.38it/s]
[1A 96%|█████████▌| 944/981 [11:14<00:27,  1.36it/s]
[1A 96%|█████████▋| 945/981 [11:15<00:26,  1.33it/s]
[1A 96%|█████████▋| 946/981 [11:15<00:25,  1.35it/s]
[1A 97%|█████████▋| 947/981 [11:16<00:24,  1.37it/s]
[1A 97%|█████████▋| 948/981 [11:17<00:23,  1.38it/s]
[1A 97%|█████████▋| 949/981 [11:18<00:22,  1.40it/s]
[1A 97%|█████████▋| 950/981 [11:18<00:21,  1.41it/s]
[1A 97%|█████████▋| 951/981 [11:19<00:21,  1.37it/s]
[1A 97%|█████████▋| 952/981 [11:20<00:20,  1.39it/s]
[1A 97%|█████████▋| 953/981 [11:20<00:19,  1.43it/s]
[1A 97%|█████████▋| 954/981 [11:21<00:19,  1.38it/s]
[1A 97%|█████████▋| 955/981 [11:22<00:18,  1.38it/s]
[1A 97%|█████████▋| 956/981 [11:23<00:18,  1.37it/s]
[1A 98%|█████████▊| 957/981 [11:23<00:17,  1.36it/s]
[1A 98%|█████████▊| 958/981 [11:24<00:17,  1.35it/s]
[1A 98%|█████████▊| 959/981 [11:25<00:15,  1.38it/s]
[1A 98%|█████████▊| 960/981 [11:26<00:15,  1.37it/s]
[1A 98%|█████████▊| 961/981 [11:26<00:14,  1.36it/s]
[1A 98%|█████████▊| 962/981 [11:27<00:14,  1.35it/s]
[1A 98%|█████████▊| 963/981 [11:28<00:13,  1.34it/s]
[1A 98%|█████████▊| 964/981 [11:28<00:12,  1.38it/s]
[1A 98%|█████████▊| 965/981 [11:29<00:11,  1.40it/s]
[1A 98%|█████████▊| 966/981 [11:30<00:10,  1.42it/s]
[1A 99%|█████████▊| 967/981 [11:30<00:09,  1.45it/s]
[1A 99%|█████████▊| 968/981 [11:31<00:09,  1.43it/s]
[1A 99%|█████████▉| 969/981 [11:32<00:08,  1.47it/s]
[1A 99%|█████████▉| 970/981 [11:33<00:07,  1.44it/s]
[1A 99%|█████████▉| 971/981 [11:33<00:07,  1.41it/s]
[1A 99%|█████████▉| 972/981 [11:34<00:06,  1.38it/s]
[1A 99%|█████████▉| 973/981 [11:35<00:05,  1.37it/s]
[1A 99%|█████████▉| 974/981 [11:36<00:05,  1.36it/s]
[1A 99%|█████████▉| 975/981 [11:36<00:04,  1.36it/s]
[1A 99%|█████████▉| 976/981 [11:37<00:03,  1.38it/s]
[1A100%|█████████▉| 977/981 [11:38<00:02,  1.39it/s]
[1A100%|█████████▉| 978/981 [11:38<00:02,  1.39it/s]
[1A100%|█████████▉| 979/981 [11:39<00:01,  1.39it/s]
[1A100%|█████████▉| 980/981 [11:40<00:00,  1.39it/s]
[1A100%|██████████| 981/981 [11:40<00:00,  1.66it/s]
[1A100%|██████████| 981/981 [11:40<00:00,  1.40it/s]
Saved (251008, 64) features.
Stopping app - local entrypoint completed.
✓ App completed. View run at 
https://modal.com/apps/muhamasif/main/ap-wYNGaViwhAbWRc6W5Q0KMK
