✓ Initialized. View run at 
https://modal.com/apps/muhamasif/main/ap-6Tw4ETl4DwsSaYnhARaf8Q
✓ Created objects.
├── 🔨 Created mount 
│   /Users/haseeb/Desktop/mitacs_project/week4/phase13_csa_net_baseline/scripts/
│   modal_train_csa_net.py
├── 🔨 Created mount 
│   /Users/haseeb/Desktop/mitacs_project/week4/phase13_csa_net_baseline/scripts
└── 🔨 Created function train.
Extracting polyvore_images.tar to local container disk...
Extracted 251008 images.
Training on device=cuda
Downloading: "https://download.pytorch.org/models/resnet18-f37072fd.pth" to /root/.cache/torch/hub/checkpoints/resnet18-f37072fd.pth

[1A  0%|          | 0.00/44.7M [00:00<?, ?B/s]
[1A 31%|███       | 13.6M/44.7M [00:00<00:00, 143MB/s]
[1A 61%|██████    | 27.2M/44.7M [00:00<00:00, 130MB/s]
[1A 95%|█████████▍| 42.4M/44.7M [00:00<00:00, 142MB/s]
[1A100%|██████████| 44.7M/44.7M [00:00<00:00, 141MB/s]
epoch 0 step 50: loss=2.5459 D_pos=13.3719 D_neg=11.1537 lr=4.98e-05
epoch 0 step 100: loss=1.1170 D_pos=4.7463 D_neg=3.9383 lr=4.95e-05
epoch 0 step 150: loss=0.5343 D_pos=1.4713 D_neg=1.2371 lr=4.93e-05
epoch 0 step 200: loss=0.4460 D_pos=0.7499 D_neg=0.6039 lr=4.91e-05
epoch 0 step 250: loss=0.3805 D_pos=0.4288 D_neg=0.3483 lr=4.89e-05
epoch 0 step 300: loss=0.3499 D_pos=0.3088 D_neg=0.2589 lr=4.86e-05
epoch 0 step 350: loss=0.3420 D_pos=0.2440 D_neg=0.2020 lr=4.84e-05
epoch 0 step 400: loss=0.3308 D_pos=0.1900 D_neg=0.1592 lr=4.82e-05
epoch 0 step 450: loss=0.3245 D_pos=0.1561 D_neg=0.1316 lr=4.80e-05
epoch 0 step 500: loss=0.3214 D_pos=0.1279 D_neg=0.1065 lr=4.77e-05
epoch 0 step 550: loss=0.3203 D_pos=0.1144 D_neg=0.0941 lr=4.75e-05
== epoch 0 done: train_loss=0.8004 val_loss=0.3178 val_D_pos=0.1093 val_D_neg=0.0915 ==
  -> new best val_loss 0.3178, checkpoint saved
epoch 1 step 600: loss=0.3140 D_pos=0.0968 D_neg=0.0828 lr=4.73e-05
Stopping app - user stopped from CLI.
