✓ Initialized. View run at 
https://modal.com/apps/muhamasif/main/ap-wnjWuELcv6kbLh99JOyXXF
✓ Created objects.
├── 🔨 Created mount 
│   /Users/haseeb/Desktop/mitacs_project/week4/phase13_csa_net_baseline/scripts/
│   modal_train_csa_net.py
├── 🔨 Created mount 
│   /Users/haseeb/Desktop/mitacs_project/week4/phase13_csa_net_baseline/scripts
└── 🔨 Created function train.
Extracting polyvore_images.tar to local container disk...
Extracted 251008 images.
Training on device=cuda
Downloading: "https://download.pytorch.org/models/resnet18-f37072fd.pth" to /root/.cache/torch/hub/checkpoints/resnet18-f37072fd.pth

[1A  0%|          | 0.00/44.7M [00:00<?, ?B/s]
[1A 12%|█▏        | 5.25M/44.7M [00:00<00:00, 54.7MB/s]
[1A 25%|██▌       | 11.2M/44.7M [00:00<00:00, 59.3MB/s]
[1A 57%|█████▋    | 25.6M/44.7M [00:00<00:00, 101MB/s] 
[1A 85%|████████▍ | 37.9M/44.7M [00:00<00:00, 111MB/s]
[1A100%|██████████| 44.7M/44.7M [00:00<00:00, 103MB/s]
epoch 0 step 50: loss=0.3000 D_pos=0.0001 D_neg=0.0001 lr=4.98e-05
epoch 0 step 100: loss=0.3000 D_pos=0.0000 D_neg=0.0000 lr=4.95e-05
epoch 0 step 150: loss=0.3000 D_pos=0.0000 D_neg=0.0000 lr=4.93e-05
epoch 0 step 200: loss=0.3000 D_pos=0.0000 D_neg=0.0000 lr=4.91e-05
epoch 0 step 250: loss=0.3000 D_pos=0.0000 D_neg=0.0000 lr=4.89e-05
epoch 0 step 300: loss=0.3000 D_pos=0.0000 D_neg=0.0000 lr=4.86e-05
epoch 0 step 350: loss=0.3000 D_pos=0.0000 D_neg=0.0000 lr=4.84e-05
epoch 0 step 400: loss=0.3000 D_pos=0.0000 D_neg=0.0000 lr=4.82e-05
epoch 0 step 450: loss=0.3000 D_pos=0.0000 D_neg=0.0000 lr=4.80e-05
epoch 0 step 500: loss=0.3000 D_pos=0.0000 D_neg=0.0000 lr=4.77e-05
epoch 0 step 550: loss=0.3000 D_pos=0.0000 D_neg=0.0000 lr=4.75e-05
== epoch 0 done: train_loss=0.3000 val_loss=0.3000 val_D_pos=0.0000 val_D_neg=0.0000 ==
  -> new best val_loss 0.3000, checkpoint saved
Stopping app - user stopped from CLI.
