epoch 0 step 200: loss=-1.6250 alpha=1.00 D_pos=1.8870 D_neg=1.7672 comp=0.4198 sub=0.1787 lr=4.97e-05
epoch 0 step 400: loss=-2.9544 alpha=0.00 D_pos=1.9812 D_neg=1.9005 comp=0.3808 sub=0.0946 lr=4.94e-05
== epoch 0 done (discrete): train_loss=-2.3717 val_loss=-2.6701 val_D_pos=1.9426 val_D_neg=1.8547 val_comp=0.3880 val_sub=0.0985 ==
  -> new best val_loss -2.6701, checkpoint saved
epoch 1 step 600: loss=-2.6073 alpha=1.00 D_pos=1.9576 D_neg=1.8671 comp=0.3905 sub=0.0757 lr=4.91e-05
epoch 1 step 800: loss=-2.5052 alpha=1.00 D_pos=1.9583 D_neg=1.8746 comp=0.3837 sub=0.0876 lr=4.88e-05
epoch 1 step 1000: loss=-3.0443 alpha=0.00 D_pos=1.9408 D_neg=1.8548 comp=0.3860 sub=0.0859 lr=4.85e-05
== epoch 1 done (discrete): train_loss=-2.7737 val_loss=-2.8024 val_D_pos=1.9460 val_D_neg=1.8600 val_comp=0.3862 val_sub=0.0824 ==
  -> new best val_loss -2.8024, checkpoint saved
epoch 2 step 1200: loss=-2.5430 alpha=1.00 D_pos=1.9321 D_neg=1.8486 comp=0.3835 sub=0.0840 lr=4.82e-05
epoch 2 step 1400: loss=-2.7801 alpha=1.00 D_pos=1.9535 D_neg=1.8895 comp=0.3645 sub=0.0658 lr=4.79e-05
epoch 2 step 1600: loss=-3.0165 alpha=0.00 D_pos=1.9312 D_neg=1.8412 comp=0.3901 sub=0.0905 lr=4.76e-05
== epoch 2 done (discrete): train_loss=-2.8340 val_loss=-2.8911 val_D_pos=1.9393 val_D_neg=1.8575 val_comp=0.3818 val_sub=0.0737 ==
  -> new best val_loss -2.8911, checkpoint saved
epoch 3 step 1800: loss=-2.7560 alpha=1.00 D_pos=1.9133 D_neg=1.8308 comp=0.3825 sub=0.0738 lr=4.73e-05
epoch 3 step 2000: loss=-2.7144 alpha=1.00 D_pos=1.9560 D_neg=1.8617 comp=0.3953 sub=0.0727 lr=4.70e-05
epoch 3 step 2200: loss=-2.6896 alpha=1.00 D_pos=1.9609 D_neg=1.8646 comp=0.3963 sub=0.0763 lr=4.67e-05
== epoch 3 done (discrete): train_loss=-2.8859 val_loss=-2.8562 val_D_pos=1.9400 val_D_neg=1.8615 val_comp=0.3787 val_sub=0.0677 ==
epoch 4 step 2400: loss=-3.0336 alpha=0.00 D_pos=1.9258 D_neg=1.8623 comp=0.3634 sub=0.0615 lr=4.64e-05
epoch 4 step 2600: loss=-2.7873 alpha=1.00 D_pos=1.9208 D_neg=1.8367 comp=0.3840 sub=0.0703 lr=4.61e-05
== epoch 4 done (discrete): train_loss=-2.9158 val_loss=-2.9134 val_D_pos=1.9354 val_D_neg=1.8571 val_comp=0.3784 val_sub=0.0665 ==
  -> new best val_loss -2.9134, checkpoint saved
epoch 5 step 2800: loss=-2.8665 alpha=1.00 D_pos=1.9407 D_neg=1.8716 comp=0.3691 sub=0.0604 lr=4.58e-05
epoch 5 step 3000: loss=-3.0644 alpha=0.00 D_pos=1.9300 D_neg=1.8542 comp=0.3758 sub=0.0569 lr=4.55e-05
epoch 5 step 3200: loss=-3.0953 alpha=0.00 D_pos=1.9485 D_neg=1.8718 comp=0.3768 sub=0.0703 lr=4.52e-05
== epoch 5 done (discrete): train_loss=-2.9441 val_loss=-2.9086 val_D_pos=1.9265 val_D_neg=1.8495 val_comp=0.3771 val_sub=0.0694 ==
epoch 6 step 3400: loss=-2.9663 alpha=1.00 D_pos=1.9222 D_neg=1.8455 comp=0.3767 sub=0.0522 lr=4.49e-05
epoch 6 step 3600: loss=-3.0971 alpha=0.00 D_pos=1.9552 D_neg=1.8695 comp=0.3857 sub=0.0594 lr=4.46e-05
epoch 6 step 3800: loss=-2.6996 alpha=1.00 D_pos=1.9167 D_neg=1.8437 comp=0.3730 sub=0.0815 lr=4.43e-05
== epoch 6 done (discrete): train_loss=-2.9628 val_loss=-2.9380 val_D_pos=1.9333 val_D_neg=1.8561 val_comp=0.3773 val_sub=0.0664 ==
  -> new best val_loss -2.9380, checkpoint saved
epoch 7 step 4000: loss=-3.0551 alpha=0.00 D_pos=1.9551 D_neg=1.8684 comp=0.3867 sub=0.0637 lr=4.40e-05
epoch 7 step 4200: loss=-2.7849 alpha=1.00 D_pos=1.9225 D_neg=1.8614 comp=0.3611 sub=0.0684 lr=4.37e-05
epoch 7 step 4400: loss=-3.0939 alpha=0.00 D_pos=1.9545 D_neg=1.8760 comp=0.3785 sub=0.0593 lr=4.34e-05
== epoch 7 done (discrete): train_loss=-2.9713 val_loss=-2.9415 val_D_pos=1.9346 val_D_neg=1.8580 val_comp=0.3768 val_sub=0.0602 ==
  -> new best val_loss -2.9415, checkpoint saved
epoch 8 step 4600: loss=-3.0640 alpha=0.00 D_pos=1.9584 D_neg=1.8868 comp=0.3717 sub=0.0640 lr=4.31e-05
epoch 8 step 4800: loss=-3.0722 alpha=0.00 D_pos=1.9205 D_neg=1.8408 comp=0.3797 sub=0.0434 lr=4.28e-05
epoch 8 step 5000: loss=-3.0577 alpha=0.00 D_pos=1.9366 D_neg=1.8634 comp=0.3732 sub=0.0616 lr=4.25e-05
== epoch 8 done (discrete): train_loss=-2.9871 val_loss=-2.9690 val_D_pos=1.9312 val_D_neg=1.8572 val_comp=0.3742 val_sub=0.0634 ==
  -> new best val_loss -2.9690, checkpoint saved
epoch 9 step 5200: loss=-2.9233 alpha=1.00 D_pos=1.9322 D_neg=1.8747 comp=0.3575 sub=0.0558 lr=4.22e-05
epoch 9 step 5400: loss=-3.0909 alpha=0.00 D_pos=1.9103 D_neg=1.8477 comp=0.3626 sub=0.0671 lr=4.19e-05
== epoch 9 done (discrete): train_loss=-2.9963 val_loss=-2.9548 val_D_pos=1.9306 val_D_neg=1.8554 val_comp=0.3753 val_sub=0.0617 ==
epoch 10 step 5600: loss=-3.0574 alpha=0.00 D_pos=1.9461 D_neg=1.8606 comp=0.3855 sub=0.0544 lr=4.16e-05
epoch 10 step 5800: loss=-2.9572 alpha=1.00 D_pos=1.9502 D_neg=1.8758 comp=0.3744 sub=0.0541 lr=4.13e-05
epoch 10 step 6000: loss=-3.0974 alpha=0.00 D_pos=1.9265 D_neg=1.8607 comp=0.3658 sub=0.0630 lr=4.10e-05
== epoch 10 done (discrete): train_loss=-3.0058 val_loss=-2.9622 val_D_pos=1.9290 val_D_neg=1.8560 val_comp=0.3731 val_sub=0.0584 ==
epoch 11 step 6200: loss=-2.8508 alpha=1.00 D_pos=1.8998 D_neg=1.8410 comp=0.3588 sub=0.0655 lr=4.07e-05
epoch 11 step 6400: loss=-3.1075 alpha=0.00 D_pos=1.9236 D_neg=1.8503 comp=0.3733 sub=0.0536 lr=4.04e-05
epoch 11 step 6600: loss=-3.0994 alpha=0.00 D_pos=1.9297 D_neg=1.8679 comp=0.3626 sub=0.0571 lr=4.01e-05
== epoch 11 done (discrete): train_loss=-3.0158 val_loss=-2.9784 val_D_pos=1.9236 val_D_neg=1.8505 val_comp=0.3733 val_sub=0.0624 ==
  -> new best val_loss -2.9784, checkpoint saved
epoch 12 step 6800: loss=-3.0758 alpha=0.00 D_pos=1.9478 D_neg=1.8617 comp=0.3861 sub=0.0707 lr=3.98e-05
epoch 12 step 7000: loss=-3.1214 alpha=0.00 D_pos=1.9426 D_neg=1.8692 comp=0.3734 sub=0.0622 lr=3.95e-05
epoch 12 step 7200: loss=-2.9992 alpha=1.00 D_pos=1.9513 D_neg=1.8740 comp=0.3772 sub=0.0507 lr=3.92e-05
== epoch 12 done (discrete): train_loss=-3.0216 val_loss=-2.9976 val_D_pos=1.9273 val_D_neg=1.8552 val_comp=0.3722 val_sub=0.0611 ==
  -> new best val_loss -2.9976, checkpoint saved
epoch 13 step 7400: loss=-3.0959 alpha=0.00 D_pos=1.9105 D_neg=1.8312 comp=0.3793 sub=0.0508 lr=3.89e-05
epoch 13 step 7600: loss=-3.1090 alpha=0.00 D_pos=1.9670 D_neg=1.8884 comp=0.3786 sub=0.0543 lr=3.86e-05
== epoch 13 done (discrete): train_loss=-3.0253 val_loss=-2.9907 val_D_pos=1.9307 val_D_neg=1.8565 val_comp=0.3743 val_sub=0.0590 ==
epoch 14 step 7800: loss=-2.9779 alpha=1.00 D_pos=1.9237 D_neg=1.8527 comp=0.3710 sub=0.0529 lr=3.83e-05
epoch 14 step 8000: loss=-2.9891 alpha=1.00 D_pos=1.9196 D_neg=1.8465 comp=0.3731 sub=0.0476 lr=3.80e-05
epoch 14 step 8200: loss=-3.1110 alpha=0.00 D_pos=1.9403 D_neg=1.8702 comp=0.3701 sub=0.0647 lr=3.77e-05
== epoch 14 done (discrete): train_loss=-3.0322 val_loss=-2.9739 val_D_pos=1.9293 val_D_neg=1.8579 val_comp=0.3716 val_sub=0.0603 ==
epoch 15 step 8400: loss=-3.1355 alpha=0.00 D_pos=1.9416 D_neg=1.8729 comp=0.3687 sub=0.0571 lr=3.74e-05
epoch 15 step 8600: loss=-2.9748 alpha=1.00 D_pos=1.9301 D_neg=1.8569 comp=0.3731 sub=0.0534 lr=3.71e-05
epoch 15 step 8800: loss=-3.0402 alpha=1.00 D_pos=1.9269 D_neg=1.8482 comp=0.3787 sub=0.0481 lr=3.68e-05
== epoch 15 done (discrete): train_loss=-3.0397 val_loss=-3.0156 val_D_pos=1.9301 val_D_neg=1.8552 val_comp=0.3751 val_sub=0.0597 ==
  -> new best val_loss -3.0156, checkpoint saved
epoch 16 step 9000: loss=-3.1363 alpha=0.00 D_pos=1.8923 D_neg=1.8294 comp=0.3629 sub=0.0547 lr=3.65e-05
epoch 16 step 9200: loss=-3.1571 alpha=0.00 D_pos=1.9375 D_neg=1.8687 comp=0.3689 sub=0.0571 lr=3.62e-05
epoch 16 step 9400: loss=-3.1207 alpha=0.00 D_pos=1.9204 D_neg=1.8546 comp=0.3658 sub=0.0524 lr=3.59e-05
== epoch 16 done (discrete): train_loss=-3.0476 val_loss=-2.9966 val_D_pos=1.9282 val_D_neg=1.8567 val_comp=0.3716 val_sub=0.0580 ==
epoch 17 step 9600: loss=-3.0378 alpha=1.00 D_pos=1.9233 D_neg=1.8495 comp=0.3738 sub=0.0465 lr=3.56e-05
epoch 17 step 9800: loss=-3.1189 alpha=0.00 D_pos=1.9243 D_neg=1.8647 comp=0.3596 sub=0.0681 lr=3.53e-05
epoch 17 step 10000: loss=-3.0553 alpha=1.00 D_pos=1.9241 D_neg=1.8659 comp=0.3581 sub=0.0453 lr=3.50e-05
== epoch 17 done (discrete): train_loss=-3.0539 val_loss=-3.0290 val_D_pos=1.9259 val_D_neg=1.8526 val_comp=0.3735 val_sub=0.0591 ==
  -> new best val_loss -3.0290, checkpoint saved
epoch 18 step 10200: loss=-3.0877 alpha=0.00 D_pos=1.9058 D_neg=1.8357 comp=0.3701 sub=0.0531 lr=3.47e-05
epoch 18 step 10400: loss=-2.9805 alpha=1.00 D_pos=1.8976 D_neg=1.8178 comp=0.3798 sub=0.0514 lr=3.44e-05
== epoch 18 done (discrete): train_loss=-3.0640 val_loss=-3.0165 val_D_pos=1.9267 val_D_neg=1.8522 val_comp=0.3747 val_sub=0.0601 ==
epoch 19 step 10600: loss=-3.1639 alpha=0.00 D_pos=1.9254 D_neg=1.8596 comp=0.3658 sub=0.0663 lr=3.41e-05
epoch 19 step 10800: loss=-3.0038 alpha=1.00 D_pos=1.9153 D_neg=1.8440 comp=0.3713 sub=0.0512 lr=3.38e-05
epoch 19 step 11000: loss=-3.1441 alpha=0.00 D_pos=1.9112 D_neg=1.8396 comp=0.3717 sub=0.0706 lr=3.35e-05
== epoch 19 done (discrete): train_loss=-3.0630 val_loss=-3.0537 val_D_pos=1.9232 val_D_neg=1.8506 val_comp=0.3726 val_sub=0.0594 ==
  -> new best val_loss -3.0537, checkpoint saved
epoch 20 step 11200: loss=-3.1555 alpha=0.00 D_pos=1.9274 D_neg=1.8474 comp=0.3800 sub=0.0631 lr=3.32e-05
epoch 20 step 11400: loss=-3.1846 alpha=0.00 D_pos=1.9075 D_neg=1.8535 comp=0.3539 sub=0.0665 lr=3.29e-05
epoch 20 step 11600: loss=-3.1327 alpha=0.00 D_pos=1.8846 D_neg=1.8152 comp=0.3694 sub=0.0590 lr=3.26e-05
== epoch 20 done (discrete): train_loss=-3.0793 val_loss=-3.0256 val_D_pos=1.9244 val_D_neg=1.8499 val_comp=0.3747 val_sub=0.0603 ==
epoch 21 step 11800: loss=-3.0867 alpha=1.00 D_pos=1.9261 D_neg=1.8503 comp=0.3758 sub=0.0428 lr=3.23e-05
epoch 21 step 12000: loss=-3.1389 alpha=0.00 D_pos=1.9239 D_neg=1.8543 comp=0.3695 sub=0.0666 lr=3.20e-05
epoch 21 step 12200: loss=-3.0199 alpha=1.00 D_pos=1.9130 D_neg=1.8610 comp=0.3520 sub=0.0485 lr=3.17e-05
== epoch 21 done (discrete): train_loss=-3.0842 val_loss=-3.0612 val_D_pos=1.9189 val_D_neg=1.8468 val_comp=0.3723 val_sub=0.0646 ==
  -> new best val_loss -3.0612, checkpoint saved
epoch 22 step 12400: loss=-3.1202 alpha=0.00 D_pos=1.9569 D_neg=1.8703 comp=0.3866 sub=0.0689 lr=3.14e-05
epoch 22 step 12600: loss=-3.0561 alpha=1.00 D_pos=1.9143 D_neg=1.8519 comp=0.3623 sub=0.0454 lr=3.11e-05
== epoch 22 done (discrete): train_loss=-3.0887 val_loss=-3.0518 val_D_pos=1.9236 val_D_neg=1.8506 val_comp=0.3730 val_sub=0.0599 ==
epoch 23 step 12800: loss=-3.1420 alpha=0.00 D_pos=1.8767 D_neg=1.8071 comp=0.3697 sub=0.0662 lr=3.08e-05
epoch 23 step 13000: loss=-3.1995 alpha=0.00 D_pos=1.8872 D_neg=1.8382 comp=0.3490 sub=0.0649 lr=3.05e-05
epoch 23 step 13200: loss=-2.9811 alpha=1.00 D_pos=1.8823 D_neg=1.8207 comp=0.3616 sub=0.0544 lr=3.02e-05
== epoch 23 done (discrete): train_loss=-3.1094 val_loss=-3.0756 val_D_pos=1.9148 val_D_neg=1.8406 val_comp=0.3744 val_sub=0.0623 ==
  -> new best val_loss -3.0756, checkpoint saved
epoch 24 step 13400: loss=-3.1298 alpha=1.00 D_pos=1.9033 D_neg=1.8316 comp=0.3716 sub=0.0366 lr=2.99e-05
epoch 24 step 13600: loss=-3.1548 alpha=0.00 D_pos=1.8975 D_neg=1.8280 comp=0.3695 sub=0.0718 lr=2.96e-05
epoch 24 step 13800: loss=-3.0505 alpha=1.00 D_pos=1.9254 D_neg=1.8654 comp=0.3600 sub=0.0415 lr=2.93e-05
== epoch 24 done (discrete): train_loss=-3.1067 val_loss=-3.0902 val_D_pos=1.9167 val_D_neg=1.8413 val_comp=0.3756 val_sub=0.0632 ==
  -> new best val_loss -3.0902, checkpoint saved
epoch 25 step 14000: loss=-3.1754 alpha=0.00 D_pos=1.9004 D_neg=1.8209 comp=0.3795 sub=0.0794 lr=2.90e-05
epoch 25 step 14200: loss=-3.1476 alpha=0.00 D_pos=1.8926 D_neg=1.8310 comp=0.3616 sub=0.0813 lr=2.87e-05
epoch 25 step 14400: loss=-3.1270 alpha=0.00 D_pos=1.9404 D_neg=1.8458 comp=0.3946 sub=0.0815 lr=2.84e-05
== epoch 25 done (discrete): train_loss=-3.1182 val_loss=-3.0976 val_D_pos=1.9129 val_D_neg=1.8375 val_comp=0.3755 val_sub=0.0647 ==
  -> new best val_loss -3.0976, checkpoint saved
epoch 26 step 14600: loss=-3.1044 alpha=1.00 D_pos=1.9367 D_neg=1.8530 comp=0.3837 sub=0.0423 lr=2.81e-05
epoch 26 step 14800: loss=-3.0500 alpha=1.00 D_pos=1.8672 D_neg=1.8022 comp=0.3650 sub=0.0493 lr=2.78e-05
epoch 26 step 15000: loss=-3.1367 alpha=1.00 D_pos=1.9240 D_neg=1.8489 comp=0.3751 sub=0.0371 lr=2.75e-05
== epoch 26 done (discrete): train_loss=-3.1214 val_loss=-3.0928 val_D_pos=1.9109 val_D_neg=1.8343 val_comp=0.3768 val_sub=0.0660 ==
epoch 27 step 15200: loss=-3.1200 alpha=1.00 D_pos=1.8732 D_neg=1.8171 comp=0.3561 sub=0.0405 lr=2.72e-05
epoch 27 step 15400: loss=-3.1239 alpha=0.00 D_pos=1.9164 D_neg=1.8434 comp=0.3730 sub=0.0773 lr=2.69e-05
== epoch 27 done (discrete): train_loss=-3.1274 val_loss=-3.0846 val_D_pos=1.9063 val_D_neg=1.8314 val_comp=0.3750 val_sub=0.0672 ==
epoch 28 step 15600: loss=-3.0477 alpha=1.00 D_pos=1.9384 D_neg=1.8629 comp=0.3755 sub=0.0458 lr=2.66e-05
epoch 28 step 15800: loss=-3.1680 alpha=0.00 D_pos=1.8984 D_neg=1.8280 comp=0.3704 sub=0.0896 lr=2.63e-05
epoch 28 step 16000: loss=-3.0322 alpha=1.00 D_pos=1.9167 D_neg=1.8465 comp=0.3702 sub=0.0459 lr=2.60e-05
== epoch 28 done (discrete): train_loss=-3.1338 val_loss=-3.1099 val_D_pos=1.9057 val_D_neg=1.8308 val_comp=0.3750 val_sub=0.0677 ==
  -> new best val_loss -3.1099, checkpoint saved
epoch 29 step 16200: loss=-3.1077 alpha=1.00 D_pos=1.8999 D_neg=1.8302 comp=0.3697 sub=0.0422 lr=2.57e-05
epoch 29 step 16400: loss=-3.1784 alpha=0.00 D_pos=1.8968 D_neg=1.8287 comp=0.3681 sub=0.0819 lr=2.54e-05
epoch 29 step 16600: loss=-3.1858 alpha=0.00 D_pos=1.9250 D_neg=1.8491 comp=0.3759 sub=0.1090 lr=2.51e-05
== epoch 29 done (discrete): train_loss=-3.1425 val_loss=-3.1108 val_D_pos=1.9068 val_D_neg=1.8317 val_comp=0.3752 val_sub=0.0686 ==
  -> new best val_loss -3.1108, checkpoint saved
epoch 30 step 16800: loss=-3.1211 alpha=1.00 D_pos=1.9172 D_neg=1.8514 comp=0.3658 sub=0.0408 lr=2.48e-05
epoch 30 step 17000: loss=-3.1487 alpha=1.00 D_pos=1.8754 D_neg=1.8099 comp=0.3655 sub=0.0399 lr=2.45e-05
epoch 30 step 17200: loss=-3.1946 alpha=0.00 D_pos=1.9115 D_neg=1.8349 comp=0.3766 sub=0.0856 lr=2.42e-05
== epoch 30 done (discrete): train_loss=-3.1478 val_loss=-3.1197 val_D_pos=1.9000 val_D_neg=1.8241 val_comp=0.3760 val_sub=0.0704 ==
  -> new best val_loss -3.1197, checkpoint saved
epoch 31 step 17400: loss=-3.1938 alpha=0.00 D_pos=1.8830 D_neg=1.8059 comp=0.3770 sub=0.1098 lr=2.39e-05
epoch 31 step 17600: loss=-3.1954 alpha=0.00 D_pos=1.9144 D_neg=1.8317 comp=0.3827 sub=0.0935 lr=2.36e-05
== epoch 31 done (discrete): train_loss=-3.1536 val_loss=-3.1148 val_D_pos=1.9010 val_D_neg=1.8236 val_comp=0.3777 val_sub=0.0691 ==
epoch 32 step 17800: loss=-3.0950 alpha=1.00 D_pos=1.9215 D_neg=1.8299 comp=0.3916 sub=0.0419 lr=2.33e-05
epoch 32 step 18000: loss=-3.1781 alpha=0.00 D_pos=1.9283 D_neg=1.8484 comp=0.3799 sub=0.1045 lr=2.30e-05
epoch 32 step 18200: loss=-3.1446 alpha=1.00 D_pos=1.9279 D_neg=1.8385 comp=0.3894 sub=0.0363 lr=2.27e-05
== epoch 32 done (discrete): train_loss=-3.1579 val_loss=-3.1228 val_D_pos=1.9029 val_D_neg=1.8236 val_comp=0.3793 val_sub=0.0693 ==
  -> new best val_loss -3.1228, checkpoint saved
epoch 33 step 18400: loss=-3.1689 alpha=0.00 D_pos=1.9170 D_neg=1.8446 comp=0.3724 sub=0.0893 lr=2.24e-05
epoch 33 step 18600: loss=-3.2220 alpha=0.00 D_pos=1.9299 D_neg=1.8499 comp=0.3799 sub=0.0915 lr=2.21e-05
epoch 33 step 18800: loss=-3.1744 alpha=0.00 D_pos=1.8541 D_neg=1.7681 comp=0.3860 sub=0.1098 lr=2.18e-05
== epoch 33 done (discrete): train_loss=-3.1666 val_loss=-3.1365 val_D_pos=1.9002 val_D_neg=1.8189 val_comp=0.3813 val_sub=0.0701 ==
  -> new best val_loss -3.1365, checkpoint saved
epoch 34 step 19000: loss=-3.1684 alpha=0.00 D_pos=1.8772 D_neg=1.7996 comp=0.3777 sub=0.0841 lr=2.15e-05
epoch 34 step 19200: loss=-3.2161 alpha=0.00 D_pos=1.9074 D_neg=1.8335 comp=0.3739 sub=0.1004 lr=2.12e-05
epoch 34 step 19400: loss=-3.1968 alpha=0.00 D_pos=1.9127 D_neg=1.8374 comp=0.3753 sub=0.0924 lr=2.09e-05
== epoch 34 done (discrete): train_loss=-3.1670 val_loss=-3.1393 val_D_pos=1.8969 val_D_neg=1.8186 val_comp=0.3784 val_sub=0.0661 ==
  -> new best val_loss -3.1393, checkpoint saved
epoch 35 step 19600: loss=-3.1669 alpha=1.00 D_pos=1.8921 D_neg=1.8124 comp=0.3798 sub=0.0330 lr=2.06e-05
epoch 35 step 19800: loss=-3.1910 alpha=1.00 D_pos=1.8387 D_neg=1.7718 comp=0.3669 sub=0.0338 lr=2.03e-05
epoch 35 step 20000: loss=-3.1420 alpha=1.00 D_pos=1.9038 D_neg=1.8295 comp=0.3743 sub=0.0392 lr=2.00e-05
== epoch 35 done (discrete): train_loss=-3.1725 val_loss=-3.1462 val_D_pos=1.8942 val_D_neg=1.8134 val_comp=0.3809 val_sub=0.0824 ==
  -> new best val_loss -3.1462, checkpoint saved
epoch 36 step 20200: loss=-3.1842 alpha=0.00 D_pos=1.8828 D_neg=1.8069 comp=0.3759 sub=0.0969 lr=1.97e-05
epoch 36 step 20400: loss=-3.2054 alpha=0.00 D_pos=1.9137 D_neg=1.8276 comp=0.3861 sub=0.1036 lr=1.94e-05
== epoch 36 done (discrete): train_loss=-3.1760 val_loss=-3.1480 val_D_pos=1.8928 val_D_neg=1.8139 val_comp=0.3791 val_sub=0.0753 ==
  -> new best val_loss -3.1480, checkpoint saved
epoch 37 step 20600: loss=-3.2235 alpha=0.00 D_pos=1.8855 D_neg=1.8059 comp=0.3796 sub=0.1003 lr=1.91e-05
epoch 37 step 20800: loss=-3.1499 alpha=1.00 D_pos=1.8791 D_neg=1.8019 comp=0.3771 sub=0.0386 lr=1.88e-05
epoch 37 step 21000: loss=-3.1388 alpha=1.00 D_pos=1.8938 D_neg=1.8104 comp=0.3834 sub=0.0389 lr=1.85e-05
== epoch 37 done (discrete): train_loss=-3.1796 val_loss=-3.1540 val_D_pos=1.8928 val_D_neg=1.8115 val_comp=0.3813 val_sub=0.0797 ==
  -> new best val_loss -3.1540, checkpoint saved
epoch 38 step 21200: loss=-3.1973 alpha=0.00 D_pos=1.8910 D_neg=1.8117 comp=0.3793 sub=0.1033 lr=1.82e-05
epoch 38 step 21400: loss=-3.1973 alpha=1.00 D_pos=1.9154 D_neg=1.8317 comp=0.3837 sub=0.0368 lr=1.79e-05
epoch 38 step 21600: loss=-3.1811 alpha=1.00 D_pos=1.9036 D_neg=1.8316 comp=0.3721 sub=0.0385 lr=1.76e-05
== epoch 38 done (discrete): train_loss=-3.1847 val_loss=-3.1507 val_D_pos=1.8956 val_D_neg=1.8139 val_comp=0.3820 val_sub=0.0776 ==
epoch 39 step 21800: loss=-3.2401 alpha=1.00 D_pos=1.8801 D_neg=1.8132 comp=0.3669 sub=0.0263 lr=1.73e-05
epoch 39 step 22000: loss=-3.0897 alpha=1.00 D_pos=1.8978 D_neg=1.8154 comp=0.3824 sub=0.0450 lr=1.70e-05
epoch 39 step 22200: loss=-3.1211 alpha=1.00 D_pos=1.8601 D_neg=1.7851 comp=0.3750 sub=0.0402 lr=1.67e-05
== epoch 39 done (discrete): train_loss=-3.1855 val_loss=-3.1542 val_D_pos=1.8886 val_D_neg=1.8097 val_comp=0.3790 val_sub=0.0769 ==
  -> new best val_loss -3.1542, checkpoint saved
epoch 40 step 22400: loss=-3.1726 alpha=1.00 D_pos=1.8774 D_neg=1.7859 comp=0.3915 sub=0.0299 lr=1.64e-05
epoch 40 step 22600: loss=-3.2204 alpha=0.00 D_pos=1.8882 D_neg=1.8196 comp=0.3686 sub=0.1164 lr=1.61e-05
== epoch 40 done (discrete): train_loss=-3.1893 val_loss=-3.1645 val_D_pos=1.8891 val_D_neg=1.8092 val_comp=0.3799 val_sub=0.0740 ==
  -> new best val_loss -3.1645, checkpoint saved
epoch 41 step 22800: loss=-3.1448 alpha=1.00 D_pos=1.8808 D_neg=1.7939 comp=0.3870 sub=0.0407 lr=1.58e-05
epoch 41 step 23000: loss=-3.2145 alpha=1.00 D_pos=1.8984 D_neg=1.8171 comp=0.3812 sub=0.0332 lr=1.55e-05
epoch 41 step 23200: loss=-3.1835 alpha=1.00 D_pos=1.8856 D_neg=1.7989 comp=0.3867 sub=0.0366 lr=1.52e-05
== epoch 41 done (discrete): train_loss=-3.1953 val_loss=-3.1494 val_D_pos=1.8906 val_D_neg=1.8094 val_comp=0.3813 val_sub=0.0750 ==
epoch 42 step 23400: loss=-3.2114 alpha=1.00 D_pos=1.9167 D_neg=1.8500 comp=0.3667 sub=0.0320 lr=1.49e-05
epoch 42 step 23600: loss=-3.1859 alpha=0.00 D_pos=1.8876 D_neg=1.7920 comp=0.3956 sub=0.1392 lr=1.46e-05
epoch 42 step 23800: loss=-3.2199 alpha=0.00 D_pos=1.8897 D_neg=1.8185 comp=0.3712 sub=0.1132 lr=1.43e-05
== epoch 42 done (discrete): train_loss=-3.1954 val_loss=-3.1665 val_D_pos=1.8897 val_D_neg=1.8079 val_comp=0.3820 val_sub=0.0803 ==
  -> new best val_loss -3.1665, checkpoint saved
epoch 43 step 24000: loss=-3.2022 alpha=0.00 D_pos=1.8907 D_neg=1.8156 comp=0.3751 sub=0.1308 lr=1.40e-05
epoch 43 step 24200: loss=-3.1186 alpha=1.00 D_pos=1.8855 D_neg=1.8078 comp=0.3776 sub=0.0407 lr=1.37e-05
epoch 43 step 24400: loss=-3.2237 alpha=1.00 D_pos=1.9055 D_neg=1.8203 comp=0.3852 sub=0.0339 lr=1.34e-05
== epoch 43 done (discrete): train_loss=-3.2006 val_loss=-3.1628 val_D_pos=1.8885 val_D_neg=1.8050 val_comp=0.3837 val_sub=0.0778 ==
epoch 44 step 24600: loss=-3.2052 alpha=1.00 D_pos=1.9251 D_neg=1.8434 comp=0.3817 sub=0.0341 lr=1.31e-05
epoch 44 step 24800: loss=-3.1624 alpha=1.00 D_pos=1.8948 D_neg=1.8091 comp=0.3857 sub=0.0368 lr=1.28e-05
epoch 44 step 25000: loss=-3.1189 alpha=1.00 D_pos=1.8721 D_neg=1.7845 comp=0.3877 sub=0.0416 lr=1.25e-05
== epoch 44 done (discrete): train_loss=-3.2008 val_loss=-3.1699 val_D_pos=1.8896 val_D_neg=1.8063 val_comp=0.3835 val_sub=0.0809 ==
  -> new best val_loss -3.1699, checkpoint saved
epoch 45 step 25200: loss=-3.2265 alpha=1.00 D_pos=1.9125 D_neg=1.8372 comp=0.3753 sub=0.0326 lr=1.22e-05
epoch 45 step 25400: loss=-3.2076 alpha=0.00 D_pos=1.8923 D_neg=1.8181 comp=0.3743 sub=0.1170 lr=1.19e-05
== epoch 45 done (discrete): train_loss=-3.2053 val_loss=-3.1690 val_D_pos=1.8888 val_D_neg=1.8056 val_comp=0.3833 val_sub=0.0837 ==
epoch 46 step 25600: loss=-3.2115 alpha=0.00 D_pos=1.8891 D_neg=1.8121 comp=0.3771 sub=0.1046 lr=1.16e-05
epoch 46 step 25800: loss=-3.2079 alpha=0.00 D_pos=1.8679 D_neg=1.7879 comp=0.3799 sub=0.1283 lr=1.13e-05
epoch 46 step 26000: loss=-3.2102 alpha=0.00 D_pos=1.8533 D_neg=1.7796 comp=0.3737 sub=0.1260 lr=1.10e-05
== epoch 46 done (discrete): train_loss=-3.2051 val_loss=-3.1791 val_D_pos=1.8871 val_D_neg=1.8061 val_comp=0.3811 val_sub=0.0731 ==
  -> new best val_loss -3.1791, checkpoint saved
epoch 47 step 26200: loss=-3.2070 alpha=1.00 D_pos=1.8965 D_neg=1.8049 comp=0.3916 sub=0.0346 lr=1.07e-05
epoch 47 step 26400: loss=-3.2320 alpha=0.00 D_pos=1.8944 D_neg=1.8211 comp=0.3733 sub=0.1332 lr=1.04e-05
epoch 47 step 26600: loss=-3.2000 alpha=1.00 D_pos=1.8752 D_neg=1.8038 comp=0.3714 sub=0.0323 lr=1.01e-05
== epoch 47 done (discrete): train_loss=-3.2088 val_loss=-3.1806 val_D_pos=1.8881 val_D_neg=1.8074 val_comp=0.3808 val_sub=0.0926 ==
  -> new best val_loss -3.1806, checkpoint saved
epoch 48 step 26800: loss=-3.1804 alpha=1.00 D_pos=1.8285 D_neg=1.7617 comp=0.3669 sub=0.0380 lr=9.76e-06
epoch 48 step 27000: loss=-3.2164 alpha=0.00 D_pos=1.9154 D_neg=1.8164 comp=0.3990 sub=0.1221 lr=9.46e-06
epoch 48 step 27200: loss=-3.2207 alpha=0.00 D_pos=1.8550 D_neg=1.7797 comp=0.3754 sub=0.1078 lr=9.16e-06
== epoch 48 done (discrete): train_loss=-3.2112 val_loss=-3.1813 val_D_pos=1.8824 val_D_neg=1.8025 val_comp=0.3800 val_sub=0.0687 ==
  -> new best val_loss -3.1813, checkpoint saved
epoch 49 step 27400: loss=-3.2149 alpha=0.00 D_pos=1.9177 D_neg=1.8450 comp=0.3726 sub=0.1178 lr=8.86e-06
epoch 49 step 27600: loss=-3.2362 alpha=1.00 D_pos=1.9030 D_neg=1.8070 comp=0.3960 sub=0.0350 lr=8.56e-06
epoch 49 step 27800: loss=-2.8142 alpha=0.00 D_pos=1.9742 D_neg=1.8814 comp=0.3928 sub=0.1197 lr=8.26e-06
== epoch 49 done (discrete): train_loss=-3.2079 val_loss=-3.1927 val_D_pos=1.8882 val_D_neg=1.8036 val_comp=0.3848 val_sub=0.0892 ==
  -> new best val_loss -3.1927, checkpoint saved
epoch 50 step 28000: loss=-3.2558 alpha=1.00 D_pos=1.8917 D_neg=1.8116 comp=0.3801 sub=0.0312 lr=7.96e-06
epoch 50 step 28200: loss=-3.2353 alpha=1.00 D_pos=1.8847 D_neg=1.8086 comp=0.3761 sub=0.0317 lr=7.66e-06
== epoch 50 done (discrete): train_loss=-3.2125 val_loss=-3.1784 val_D_pos=1.8841 val_D_neg=1.8028 val_comp=0.3814 val_sub=0.0893 ==
epoch 51 step 28400: loss=-3.2342 alpha=0.00 D_pos=1.8655 D_neg=1.7896 comp=0.3759 sub=0.1297 lr=7.36e-06
epoch 51 step 28600: loss=-3.2042 alpha=1.00 D_pos=1.8963 D_neg=1.8138 comp=0.3825 sub=0.0342 lr=7.06e-06
epoch 51 step 28800: loss=-3.1969 alpha=0.00 D_pos=1.9042 D_neg=1.8237 comp=0.3805 sub=0.1135 lr=6.76e-06
== epoch 51 done (discrete): train_loss=-3.2116 val_loss=-3.1813 val_D_pos=1.8857 val_D_neg=1.8022 val_comp=0.3836 val_sub=0.0878 ==
epoch 52 step 29000: loss=-3.2116 alpha=0.00 D_pos=1.8935 D_neg=1.8149 comp=0.3786 sub=0.1286 lr=6.46e-06
epoch 52 step 29200: loss=-3.2190 alpha=0.00 D_pos=1.8891 D_neg=1.8006 comp=0.3885 sub=0.1572 lr=6.16e-06
epoch 52 step 29400: loss=-3.1868 alpha=0.00 D_pos=1.9089 D_neg=1.8243 comp=0.3846 sub=0.1577 lr=5.86e-06
== epoch 52 done (discrete): train_loss=-3.2139 val_loss=-3.1796 val_D_pos=1.8921 val_D_neg=1.8051 val_comp=0.3870 val_sub=0.0907 ==
epoch 53 step 29600: loss=-3.2572 alpha=1.00 D_pos=1.8856 D_neg=1.7955 comp=0.3903 sub=0.0295 lr=5.56e-06
epoch 53 step 29800: loss=-3.2111 alpha=1.00 D_pos=1.8621 D_neg=1.7822 comp=0.3799 sub=0.0343 lr=5.26e-06
epoch 53 step 30000: loss=-3.2362 alpha=1.00 D_pos=1.8762 D_neg=1.7975 comp=0.3787 sub=0.0319 lr=4.95e-06
== epoch 53 done (discrete): train_loss=-3.2155 val_loss=-3.1813 val_D_pos=1.8872 val_D_neg=1.8037 val_comp=0.3836 val_sub=0.0892 ==
epoch 54 step 30200: loss=-3.2389 alpha=1.00 D_pos=1.8681 D_neg=1.7855 comp=0.3825 sub=0.0320 lr=4.65e-06
epoch 54 step 30400: loss=-3.2242 alpha=0.00 D_pos=1.9060 D_neg=1.8456 comp=0.3605 sub=0.1296 lr=4.35e-06
== epoch 54 done (discrete): train_loss=-3.2189 val_loss=-3.1884 val_D_pos=1.8861 val_D_neg=1.8061 val_comp=0.3802 val_sub=0.0998 ==
epoch 55 step 30600: loss=-3.2058 alpha=0.00 D_pos=1.9038 D_neg=1.8345 comp=0.3693 sub=0.1158 lr=4.05e-06
epoch 55 step 30800: loss=-3.2191 alpha=1.00 D_pos=1.8842 D_neg=1.8069 comp=0.3773 sub=0.0346 lr=3.75e-06
epoch 55 step 31000: loss=-3.1965 alpha=1.00 D_pos=1.9188 D_neg=1.8290 comp=0.3898 sub=0.0349 lr=3.45e-06
== epoch 55 done (discrete): train_loss=-3.2183 val_loss=-3.1792 val_D_pos=1.8828 val_D_neg=1.8005 val_comp=0.3825 val_sub=0.0789 ==
epoch 56 step 31200: loss=-3.1976 alpha=0.00 D_pos=1.9129 D_neg=1.8338 comp=0.3791 sub=0.1324 lr=3.15e-06
epoch 56 step 31400: loss=-3.2039 alpha=1.00 D_pos=1.9150 D_neg=1.8400 comp=0.3751 sub=0.0354 lr=2.85e-06
epoch 56 step 31600: loss=-3.2124 alpha=0.00 D_pos=1.8875 D_neg=1.8038 comp=0.3837 sub=0.1412 lr=2.55e-06
== epoch 56 done (discrete): train_loss=-3.2180 val_loss=-3.1899 val_D_pos=1.8851 val_D_neg=1.8015 val_comp=0.3837 val_sub=0.0848 ==
epoch 57 step 31800: loss=-3.2110 alpha=1.00 D_pos=1.9072 D_neg=1.8340 comp=0.3732 sub=0.0326 lr=2.25e-06
epoch 57 step 32000: loss=-3.2321 alpha=1.00 D_pos=1.8912 D_neg=1.8037 comp=0.3875 sub=0.0324 lr=1.95e-06
epoch 57 step 32200: loss=-3.2180 alpha=0.00 D_pos=1.9152 D_neg=1.8569 comp=0.3583 sub=0.1220 lr=1.65e-06
== epoch 57 done (discrete): train_loss=-3.2159 val_loss=-3.1838 val_D_pos=1.8844 val_D_neg=1.8016 val_comp=0.3829 val_sub=0.0846 ==
Early stopping at epoch 57 (no improvement for 8 epochs).
Done, 58 epochs.
