✓ Initialized. View run at 
https://modal.com/apps/muhamasif/main/ap-SLCcQcgzW7wR7BMhs13fhx
✓ Created objects.
├── 🔨 Created mount 
│   /Users/haseeb/Desktop/mitacs_project/week3/phase10_color_invariant_compatibi
│   lity/scripts/modal_extract_perturbed_embeddings.py
└── 🔨 Created function SigLIPEmbedder.*.
Extracting color_perturbed_images.tar into local container disk /root/images ...
Extracted 220455 real images (AppleDouble '._*' sidecars filtered by glob below).
Warning: You are sending unauthenticated requests to the HF Hub. Please set a HF_TOKEN to enable higher rate limits and faster downloads.
[transformers] Model config: bos_token_id must be `None` or an integer within the vocabulary (between 0 and 31999), got 49406. This may result in unexpected behavior.
[transformers] Model config: eos_token_id must be `None` or an integer within the vocabulary (between 0 and 31999), got 49407. This may result in unexpected behavior.

[1ALoading weights:   0%|          | 0/408 [00:00<?, ?it/s]
[1ALoading weights:  46%|████▌     | 188/408 [00:00<00:00, 1873.25it/s]
[1ALoading weights: 100%|██████████| 408/408 [00:00<00:00, 2816.01it/s]
Extracting embeddings for 220455 images, batch_size=256...

[1A  0%|          | 0/862 [00:00<?, ?it/s]
[1A  0%|          | 1/862 [00:02<38:44,  2.70s/it]
[1A  0%|          | 2/862 [00:04<31:17,  2.18s/it]
[1A  0%|          | 3/862 [00:06<28:39,  2.00s/it]
[1A  0%|          | 4/862 [00:08<27:32,  1.93s/it]
[1A  1%|          | 5/862 [00:10<28:24,  1.99s/it]
[1A  1%|          | 6/862 [00:12<29:23,  2.06s/it]
[1A  1%|          | 7/862 [00:14<28:08,  1.98s/it]
[1A  1%|          | 8/862 [00:15<26:45,  1.88s/it]
[1A  1%|          | 9/862 [00:17<25:47,  1.81s/it]
[1A  1%|          | 10/862 [00:19<25:52,  1.82s/it]
[1A  1%|▏         | 11/862 [00:21<25:49,  1.82s/it]
[1A  1%|▏         | 12/862 [00:22<25:01,  1.77s/it]
[1A  2%|▏         | 13/862 [00:24<24:28,  1.73s/it]
[1A  2%|▏         | 14/862 [00:26<24:16,  1.72s/it]
[1A  2%|▏         | 15/862 [00:28<26:23,  1.87s/it]
[1A  2%|▏         | 16/862 [00:30<25:20,  1.80s/it]
[1A  2%|▏         | 17/862 [00:32<26:12,  1.86s/it]
[1A  2%|▏         | 18/862 [00:34<28:12,  2.01s/it]
[1A  2%|▏         | 19/862 [00:36<29:29,  2.10s/it]
[1A  2%|▏         | 20/862 [00:38<28:53,  2.06s/it]
[1A  2%|▏         | 21/862 [00:40<28:39,  2.04s/it]
[1A  3%|▎         | 22/862 [00:42<27:31,  1.97s/it]
[1A  3%|▎         | 23/862 [00:44<27:23,  1.96s/it]
[1A  3%|▎         | 24/862 [00:46<27:05,  1.94s/it]
[1A  3%|▎         | 25/862 [00:48<27:25,  1.97s/it]
[1A  3%|▎         | 26/862 [00:50<27:03,  1.94s/it]
[1A  3%|▎         | 27/862 [00:52<26:27,  1.90s/it]
[1A  3%|▎         | 28/862 [00:54<27:02,  1.95s/it]
[1A  3%|▎         | 29/862 [00:56<28:05,  2.02s/it]
[1A  3%|▎         | 30/862 [00:58<28:51,  2.08s/it]
[1A  4%|▎         | 31/862 [01:00<29:47,  2.15s/it]
[1A  4%|▎         | 32/862 [01:03<30:17,  2.19s/it]
[1A  4%|▍         | 33/862 [01:05<29:42,  2.15s/it]
[1A  4%|▍         | 34/862 [01:07<29:38,  2.15s/it]
[1A  4%|▍         | 35/862 [01:09<28:34,  2.07s/it]
[1A  4%|▍         | 36/862 [01:11<27:39,  2.01s/it]
[1A  4%|▍         | 37/862 [01:12<27:09,  1.98s/it]
[1A  4%|▍         | 38/862 [01:14<26:49,  1.95s/it]
[1A  5%|▍         | 39/862 [01:16<26:44,  1.95s/it]
[1A  5%|▍         | 40/862 [01:19<27:54,  2.04s/it]
[1A  5%|▍         | 41/862 [01:21<28:38,  2.09s/it]
[1A  5%|▍         | 42/862 [01:23<29:07,  2.13s/it]
[1A  5%|▍         | 43/862 [01:25<29:35,  2.17s/it]
[1A  5%|▌         | 44/862 [01:27<29:42,  2.18s/it]
[1A  5%|▌         | 45/862 [01:29<28:44,  2.11s/it]
[1A  5%|▌         | 46/862 [01:31<27:37,  2.03s/it]
[1A  5%|▌         | 47/862 [01:33<28:19,  2.09s/it]
[1A  6%|▌         | 48/862 [01:36<29:17,  2.16s/it]
[1A  6%|▌         | 49/862 [01:38<29:29,  2.18s/it]
[1A  6%|▌         | 50/862 [01:40<29:42,  2.20s/it]
[1A  6%|▌         | 51/862 [01:42<29:41,  2.20s/it]
[1A  6%|▌         | 52/862 [01:45<29:44,  2.20s/it]
[1A  6%|▌         | 53/862 [01:47<29:02,  2.15s/it]
[1A  6%|▋         | 54/862 [01:49<28:33,  2.12s/it]
[1A  6%|▋         | 55/862 [01:51<29:07,  2.17s/it]
[1A  6%|▋         | 56/862 [01:53<29:25,  2.19s/it]
[1A  7%|▋         | 57/862 [01:55<29:01,  2.16s/it]
[1A  7%|▋         | 58/862 [01:58<29:02,  2.17s/it]
[1A  7%|▋         | 59/862 [02:00<28:34,  2.14s/it]
[1A  7%|▋         | 60/862 [02:02<28:33,  2.14s/it]
[1A  7%|▋         | 61/862 [02:04<29:43,  2.23s/it]
[1A  7%|▋         | 62/862 [02:06<29:54,  2.24s/it]
[1A  7%|▋         | 63/862 [02:09<30:00,  2.25s/it]
[1A  7%|▋         | 64/862 [02:11<29:59,  2.26s/it]
[1A  8%|▊         | 65/862 [02:13<29:53,  2.25s/it]
[1A  8%|▊         | 66/862 [02:16<31:14,  2.35s/it]
[1A  8%|▊         | 67/862 [02:18<31:22,  2.37s/it]
[1A  8%|▊         | 68/862 [02:21<31:31,  2.38s/it]
[1A  8%|▊         | 69/862 [02:23<32:06,  2.43s/it]
[1A  8%|▊         | 70/862 [02:25<30:46,  2.33s/it]
[1A  8%|▊         | 71/862 [02:27<29:34,  2.24s/it]
[1A  8%|▊         | 72/862 [02:29<28:26,  2.16s/it]
[1A  8%|▊         | 73/862 [02:31<27:08,  2.06s/it]
[1A  9%|▊         | 74/862 [02:33<26:41,  2.03s/it]
[1A  9%|▊         | 75/862 [02:35<26:27,  2.02s/it]
[1A  9%|▉         | 76/862 [02:37<25:29,  1.95s/it]
[1A  9%|▉         | 77/862 [02:39<24:47,  1.89s/it]
[1A  9%|▉         | 78/862 [02:41<25:29,  1.95s/it]
[1A  9%|▉         | 79/862 [02:43<26:12,  2.01s/it]
[1A  9%|▉         | 80/862 [02:45<26:53,  2.06s/it]
[1A  9%|▉         | 81/862 [02:47<28:02,  2.15s/it]
[1A 10%|▉         | 82/862 [02:49<27:47,  2.14s/it]
[1A 10%|▉         | 83/862 [02:52<27:30,  2.12s/it]
[1A 10%|▉         | 84/862 [02:53<26:09,  2.02s/it]
[1A 10%|▉         | 85/862 [02:55<25:21,  1.96s/it]
[1A 10%|▉         | 86/862 [02:57<26:30,  2.05s/it]
[1A 10%|█         | 87/862 [03:00<27:12,  2.11s/it]
[1A 10%|█         | 88/862 [03:02<28:41,  2.22s/it]
[1A 10%|█         | 89/862 [03:05<29:20,  2.28s/it]
[1A 10%|█         | 90/862 [03:07<29:36,  2.30s/it]
[1A 11%|█         | 91/862 [03:09<29:10,  2.27s/it]
[1A 11%|█         | 92/862 [03:11<28:46,  2.24s/it]
[1A 11%|█         | 93/862 [03:13<27:17,  2.13s/it]
[1A 11%|█         | 94/862 [03:15<26:10,  2.04s/it]
[1A 11%|█         | 95/862 [03:17<26:36,  2.08s/it]
[1A 11%|█         | 96/862 [03:19<26:37,  2.09s/it]
[1A 11%|█▏        | 97/862 [03:22<27:45,  2.18s/it]
[1A 11%|█▏        | 98/862 [03:24<28:14,  2.22s/it]
[1A 11%|█▏        | 99/862 [03:26<28:26,  2.24s/it]
[1A 12%|█▏        | 100/862 [03:28<26:52,  2.12s/it]
[1A 12%|█▏        | 101/862 [03:30<25:38,  2.02s/it]
[1A 12%|█▏        | 102/862 [03:32<25:01,  1.98s/it]
[1A 12%|█▏        | 103/862 [03:34<24:19,  1.92s/it]
[1A 12%|█▏        | 104/862 [03:36<25:32,  2.02s/it]
[1A 12%|█▏        | 105/862 [03:38<24:22,  1.93s/it]
[1A 12%|█▏        | 106/862 [03:39<23:36,  1.87s/it]
[1A 12%|█▏        | 107/862 [03:41<23:44,  1.89s/it]
[1A 13%|█▎        | 108/862 [03:43<23:00,  1.83s/it]
[1A 13%|█▎        | 109/862 [03:45<22:33,  1.80s/it]
[1A 13%|█▎        | 110/862 [03:46<22:13,  1.77s/it]
[1A 13%|█▎        | 111/862 [03:48<22:06,  1.77s/it]
[1A 13%|█▎        | 112/862 [03:50<21:56,  1.76s/it]
[1A 13%|█▎        | 113/862 [03:52<21:42,  1.74s/it]
[1A 13%|█▎        | 114/862 [03:53<21:37,  1.73s/it]
[1A 13%|█▎        | 115/862 [03:55<21:35,  1.73s/it]
[1A 13%|█▎        | 116/862 [03:57<21:33,  1.73s/it]
[1A 14%|█▎        | 117/862 [03:58<21:36,  1.74s/it]
[1A 14%|█▎        | 118/862 [04:00<21:33,  1.74s/it]
[1A 14%|█▍        | 119/862 [04:02<22:02,  1.78s/it]
[1A 14%|█▍        | 120/862 [04:04<22:06,  1.79s/it]
[1A 14%|█▍        | 121/862 [04:06<21:52,  1.77s/it]
[1A 14%|█▍        | 122/862 [04:07<21:37,  1.75s/it]
[1A 14%|█▍        | 123/862 [04:09<21:26,  1.74s/it]
[1A 14%|█▍        | 124/862 [04:11<21:20,  1.74s/it]
[1A 15%|█▍        | 125/862 [04:12<21:16,  1.73s/it]
[1A 15%|█▍        | 126/862 [04:14<21:17,  1.74s/it]
[1A 15%|█▍        | 127/862 [04:16<21:22,  1.74s/it]
[1A 15%|█▍        | 128/862 [04:18<21:26,  1.75s/it]
[1A 15%|█▍        | 129/862 [04:20<21:22,  1.75s/it]
[1A 15%|█▌        | 130/862 [04:21<21:20,  1.75s/it]
[1A 15%|█▌        | 131/862 [04:24<23:18,  1.91s/it]
[1A 15%|█▌        | 132/862 [04:26<24:42,  2.03s/it]
[1A 15%|█▌        | 133/862 [04:28<24:58,  2.06s/it]
[1A 16%|█▌        | 134/862 [04:30<25:49,  2.13s/it]
[1A 16%|█▌        | 135/862 [04:32<25:51,  2.13s/it]
[1A 16%|█▌        | 136/862 [04:34<24:22,  2.02s/it]
[1A 16%|█▌        | 137/862 [04:36<23:22,  1.93s/it]
[1A 16%|█▌        | 138/862 [04:38<22:32,  1.87s/it]
[1A 16%|█▌        | 139/862 [04:39<22:05,  1.83s/it]
[1A 16%|█▌        | 140/862 [04:41<21:42,  1.80s/it]
[1A 16%|█▋        | 141/862 [04:43<21:30,  1.79s/it]
[1A 16%|█▋        | 142/862 [04:45<22:58,  1.91s/it]
[1A 17%|█▋        | 143/862 [04:47<24:06,  2.01s/it]
[1A 17%|█▋        | 144/862 [04:50<25:17,  2.11s/it]
[1A 17%|█▋        | 145/862 [04:52<25:35,  2.14s/it]
[1A 17%|█▋        | 146/862 [04:54<25:01,  2.10s/it]
[1A 17%|█▋        | 147/862 [04:56<24:06,  2.02s/it]
[1A 17%|█▋        | 148/862 [04:58<24:29,  2.06s/it]
[1A 17%|█▋        | 149/862 [05:00<25:55,  2.18s/it]
[1A 17%|█▋        | 150/862 [05:02<25:09,  2.12s/it]
[1A 18%|█▊        | 151/862 [05:04<24:58,  2.11s/it]
[1A 18%|█▊        | 152/862 [05:07<25:48,  2.18s/it]
[1A 18%|█▊        | 153/862 [05:09<26:37,  2.25s/it]
[1A 18%|█▊        | 154/862 [05:12<26:59,  2.29s/it]
[1A 18%|█▊        | 155/862 [05:14<26:40,  2.26s/it]
[1A 18%|█▊        | 156/862 [05:16<26:13,  2.23s/it]
[1A 18%|█▊        | 157/862 [05:18<26:52,  2.29s/it]
[1A 18%|█▊        | 158/862 [05:21<27:02,  2.31s/it]
[1A 18%|█▊        | 159/862 [05:23<27:25,  2.34s/it]
[1A 19%|█▊        | 160/862 [05:25<27:09,  2.32s/it]
[1A 19%|█▊        | 161/862 [05:28<27:15,  2.33s/it]
[1A 19%|█▉        | 162/862 [05:30<27:20,  2.34s/it]
[1A 19%|█▉        | 163/862 [05:32<27:31,  2.36s/it]
[1A 19%|█▉        | 164/862 [05:35<27:17,  2.35s/it]
[1A 19%|█▉        | 165/862 [05:37<26:42,  2.30s/it]
[1A 19%|█▉        | 166/862 [05:39<26:43,  2.30s/it]
[1A 19%|█▉        | 167/862 [05:42<27:12,  2.35s/it]
[1A 19%|█▉        | 168/862 [05:44<27:39,  2.39s/it]
[1A 20%|█▉        | 169/862 [05:47<27:49,  2.41s/it]
[1A 20%|█▉        | 170/862 [05:49<28:01,  2.43s/it]
[1A 20%|█▉        | 171/862 [05:52<28:03,  2.44s/it]
[1A 20%|█▉        | 172/862 [05:54<27:02,  2.35s/it]
[1A 20%|██        | 173/862 [05:56<25:07,  2.19s/it]
[1A 20%|██        | 174/862 [05:58<25:41,  2.24s/it]
[1A 20%|██        | 175/862 [06:00<26:00,  2.27s/it]
[1A 20%|██        | 176/862 [06:02<24:38,  2.16s/it]
[1A 21%|██        | 177/862 [06:04<23:26,  2.05s/it]
[1A 21%|██        | 178/862 [06:06<22:30,  1.98s/it]
[1A 21%|██        | 179/862 [06:08<21:44,  1.91s/it]
[1A 21%|██        | 180/862 [06:09<21:12,  1.87s/it]
[1A 21%|██        | 181/862 [06:11<20:55,  1.84s/it]
[1A 21%|██        | 182/862 [06:13<20:53,  1.84s/it]
[1A 21%|██        | 183/862 [06:15<20:34,  1.82s/it]
[1A 21%|██▏       | 184/862 [06:16<20:19,  1.80s/it]
[1A 21%|██▏       | 185/862 [06:18<20:11,  1.79s/it]
[1A 22%|██▏       | 186/862 [06:20<19:55,  1.77s/it]
[1A 22%|██▏       | 187/862 [06:22<19:59,  1.78s/it]
[1A 22%|██▏       | 188/862 [06:23<19:53,  1.77s/it]
[1A 22%|██▏       | 189/862 [06:25<19:54,  1.78s/it]
[1A 22%|██▏       | 190/862 [06:27<20:00,  1.79s/it]
[1A 22%|██▏       | 191/862 [06:29<21:49,  1.95s/it]
[1A 22%|██▏       | 192/862 [06:32<22:41,  2.03s/it]
[1A 22%|██▏       | 193/862 [06:34<23:33,  2.11s/it]
[1A 23%|██▎       | 194/862 [06:36<23:42,  2.13s/it]
[1A 23%|██▎       | 195/862 [06:38<22:22,  2.01s/it]
[1A 23%|██▎       | 196/862 [06:40<21:37,  1.95s/it]
[1A 23%|██▎       | 197/862 [06:41<21:03,  1.90s/it]
[1A 23%|██▎       | 198/862 [06:43<20:24,  1.84s/it]
[1A 23%|██▎       | 199/862 [06:45<20:15,  1.83s/it]
[1A 23%|██▎       | 200/862 [06:47<20:05,  1.82s/it]
[1A 23%|██▎       | 201/862 [06:48<19:49,  1.80s/it]
[1A 23%|██▎       | 202/862 [06:50<19:54,  1.81s/it]
[1A 24%|██▎       | 203/862 [06:52<19:43,  1.80s/it]
[1A 24%|██▎       | 204/862 [06:54<19:37,  1.79s/it]
[1A 24%|██▍       | 205/862 [06:56<19:27,  1.78s/it]
[1A 24%|██▍       | 206/862 [06:57<19:20,  1.77s/it]
[1A 24%|██▍       | 207/862 [06:59<19:14,  1.76s/it]
[1A 24%|██▍       | 208/862 [07:01<19:13,  1.76s/it]
[1A 24%|██▍       | 209/862 [07:03<19:07,  1.76s/it]
[1A 24%|██▍       | 210/862 [07:04<19:11,  1.77s/it]
[1A 24%|██▍       | 211/862 [07:06<19:20,  1.78s/it]
[1A 25%|██▍       | 212/862 [07:08<19:26,  1.80s/it]
[1A 25%|██▍       | 213/862 [07:10<19:30,  1.80s/it]
[1A 25%|██▍       | 214/862 [07:12<19:39,  1.82s/it]
[1A 25%|██▍       | 215/862 [07:14<19:40,  1.82s/it]
[1A 25%|██▌       | 216/862 [07:15<19:47,  1.84s/it]
[1A 25%|██▌       | 217/862 [07:17<19:48,  1.84s/it]
[1A 25%|██▌       | 218/862 [07:19<19:36,  1.83s/it]
[1A 25%|██▌       | 219/862 [07:21<19:29,  1.82s/it]
[1A 26%|██▌       | 220/862 [07:23<19:22,  1.81s/it]
[1A 26%|██▌       | 221/862 [07:25<19:43,  1.85s/it]
[1A 26%|██▌       | 222/862 [07:27<19:54,  1.87s/it]
[1A 26%|██▌       | 223/862 [07:28<20:05,  1.89s/it]
[1A 26%|██▌       | 224/862 [07:31<20:56,  1.97s/it]
[1A 26%|██▌       | 225/862 [07:33<20:44,  1.95s/it]
[1A 26%|██▌       | 226/862 [07:35<21:20,  2.01s/it]
[1A 26%|██▋       | 227/862 [07:37<21:02,  1.99s/it]
[1A 26%|██▋       | 228/862 [07:39<21:01,  1.99s/it]
[1A 27%|██▋       | 229/862 [07:41<21:25,  2.03s/it]
[1A 27%|██▋       | 230/862 [07:43<21:17,  2.02s/it]
[1A 27%|██▋       | 231/862 [07:45<22:11,  2.11s/it]
[1A 27%|██▋       | 232/862 [07:47<22:41,  2.16s/it]
[1A 27%|██▋       | 233/862 [07:49<21:56,  2.09s/it]
[1A 27%|██▋       | 234/862 [07:51<21:17,  2.03s/it]
[1A 27%|██▋       | 235/862 [07:53<20:32,  1.97s/it]
[1A 27%|██▋       | 236/862 [07:55<20:05,  1.93s/it]
[1A 27%|██▋       | 237/862 [07:57<19:35,  1.88s/it]
[1A 28%|██▊       | 238/862 [07:58<19:23,  1.86s/it]
[1A 28%|██▊       | 239/862 [08:00<19:14,  1.85s/it]
[1A 28%|██▊       | 240/862 [08:02<19:10,  1.85s/it]
[1A 28%|██▊       | 241/862 [08:04<19:01,  1.84s/it]
[1A 28%|██▊       | 242/862 [08:06<18:55,  1.83s/it]
[1A 28%|██▊       | 243/862 [08:07<18:49,  1.82s/it]
[1A 28%|██▊       | 244/862 [08:09<18:35,  1.80s/it]
[1A 28%|██▊       | 245/862 [08:11<18:22,  1.79s/it]
[1A 29%|██▊       | 246/862 [08:13<18:15,  1.78s/it]
[1A 29%|██▊       | 247/862 [08:15<18:10,  1.77s/it]
[1A 29%|██▉       | 248/862 [08:16<18:09,  1.77s/it]
[1A 29%|██▉       | 249/862 [08:18<18:10,  1.78s/it]
[1A 29%|██▉       | 250/862 [08:20<18:19,  1.80s/it]
[1A 29%|██▉       | 251/862 [08:22<18:29,  1.82s/it]
[1A 29%|██▉       | 252/862 [08:24<18:53,  1.86s/it]
[1A 29%|██▉       | 253/862 [08:26<19:10,  1.89s/it]
[1A 29%|██▉       | 254/862 [08:28<19:32,  1.93s/it]
[1A 30%|██▉       | 255/862 [08:30<20:00,  1.98s/it]
[1A 30%|██▉       | 256/862 [08:32<20:43,  2.05s/it]
[1A 30%|██▉       | 257/862 [08:34<19:56,  1.98s/it]
[1A 30%|██▉       | 258/862 [08:36<19:29,  1.94s/it]
[1A 30%|███       | 259/862 [08:38<19:23,  1.93s/it]
[1A 30%|███       | 260/862 [08:39<19:06,  1.90s/it]
[1A 30%|███       | 261/862 [08:41<18:57,  1.89s/it]
[1A 30%|███       | 262/862 [08:43<18:37,  1.86s/it]
[1A 31%|███       | 263/862 [08:45<18:24,  1.84s/it]
[1A 31%|███       | 264/862 [08:47<18:15,  1.83s/it]
[1A 31%|███       | 265/862 [08:48<18:05,  1.82s/it]
[1A 31%|███       | 266/862 [08:50<18:05,  1.82s/it]
[1A 31%|███       | 267/862 [08:52<17:53,  1.80s/it]
[1A 31%|███       | 268/862 [08:54<17:49,  1.80s/it]
[1A 31%|███       | 269/862 [08:56<17:39,  1.79s/it]
[1A 31%|███▏      | 270/862 [08:57<17:47,  1.80s/it]
[1A 31%|███▏      | 271/862 [08:59<17:46,  1.80s/it]
[1A 32%|███▏      | 272/862 [09:01<17:47,  1.81s/it]
[1A 32%|███▏      | 273/862 [09:03<17:40,  1.80s/it]
[1A 32%|███▏      | 274/862 [09:05<17:39,  1.80s/it]
[1A 32%|███▏      | 275/862 [09:07<17:41,  1.81s/it]
[1A 32%|███▏      | 276/862 [09:08<17:35,  1.80s/it]
[1A 32%|███▏      | 277/862 [09:10<17:30,  1.80s/it]
[1A 32%|███▏      | 278/862 [09:12<17:29,  1.80s/it]
[1A 32%|███▏      | 279/862 [09:14<17:26,  1.80s/it]
[1A 32%|███▏      | 280/862 [09:16<17:36,  1.82s/it]
[1A 33%|███▎      | 281/862 [09:17<17:39,  1.82s/it]
[1A 33%|███▎      | 282/862 [09:19<17:36,  1.82s/it]
[1A 33%|███▎      | 283/862 [09:21<17:37,  1.83s/it]
[1A 33%|███▎      | 284/862 [09:23<17:46,  1.85s/it]
[1A 33%|███▎      | 285/862 [09:25<17:48,  1.85s/it]
[1A 33%|███▎      | 286/862 [09:27<17:40,  1.84s/it]
[1A 33%|███▎      | 287/862 [09:28<17:37,  1.84s/it]
[1A 33%|███▎      | 288/862 [09:31<18:20,  1.92s/it]
[1A 34%|███▎      | 289/862 [09:33<19:17,  2.02s/it]
[1A 34%|███▎      | 290/862 [09:35<19:35,  2.05s/it]
[1A 34%|███▍      | 291/862 [09:37<19:54,  2.09s/it]
[1A 34%|███▍      | 292/862 [09:39<20:02,  2.11s/it]
[1A 34%|███▍      | 293/862 [09:41<19:59,  2.11s/it]
[1A 34%|███▍      | 294/862 [09:43<19:55,  2.11s/it]
[1A 34%|███▍      | 295/862 [09:46<20:12,  2.14s/it]
[1A 34%|███▍      | 296/862 [09:48<20:22,  2.16s/it]
[1A 34%|███▍      | 297/862 [09:50<20:39,  2.19s/it]
[1A 35%|███▍      | 298/862 [09:52<20:51,  2.22s/it]
[1A 35%|███▍      | 299/862 [09:55<20:45,  2.21s/it]
[1A 35%|███▍      | 300/862 [09:57<20:58,  2.24s/it]
[1A 35%|███▍      | 301/862 [09:59<20:18,  2.17s/it]
[1A 35%|███▌      | 302/862 [10:01<20:03,  2.15s/it]
[1A 35%|███▌      | 303/862 [10:03<19:59,  2.15s/it]
[1A 35%|███▌      | 304/862 [10:05<20:01,  2.15s/it]
[1A 35%|███▌      | 305/862 [10:07<19:44,  2.13s/it]
[1A 35%|███▌      | 306/862 [10:10<19:37,  2.12s/it]
[1A 36%|███▌      | 307/862 [10:11<18:36,  2.01s/it]
[1A 36%|███▌      | 308/862 [10:13<17:51,  1.93s/it]
[1A 36%|███▌      | 309/862 [10:15<17:30,  1.90s/it]
[1A 36%|███▌      | 310/862 [10:17<17:16,  1.88s/it]
[1A 36%|███▌      | 311/862 [10:19<18:03,  1.97s/it]
[1A 36%|███▌      | 312/862 [10:21<17:50,  1.95s/it]
[1A 36%|███▋      | 313/862 [10:23<17:46,  1.94s/it]
[1A 36%|███▋      | 314/862 [10:25<18:04,  1.98s/it]
[1A 37%|███▋      | 315/862 [10:27<17:54,  1.96s/it]
[1A 37%|███▋      | 316/862 [10:29<17:40,  1.94s/it]
[1A 37%|███▋      | 317/862 [10:31<17:56,  1.98s/it]
[1A 37%|███▋      | 318/862 [10:32<17:28,  1.93s/it]
[1A 37%|███▋      | 319/862 [10:34<17:13,  1.90s/it]
[1A 37%|███▋      | 320/862 [10:36<17:21,  1.92s/it]
[1A 37%|███▋      | 321/862 [10:38<17:36,  1.95s/it]
[1A 37%|███▋      | 322/862 [10:40<17:25,  1.94s/it]
[1A 37%|███▋      | 323/862 [10:42<16:59,  1.89s/it]
[1A 38%|███▊      | 324/862 [10:44<16:29,  1.84s/it]
[1A 38%|███▊      | 325/862 [10:45<16:11,  1.81s/it]
[1A 38%|███▊      | 326/862 [10:47<16:43,  1.87s/it]
[1A 38%|███▊      | 327/862 [10:50<17:25,  1.95s/it]
[1A 38%|███▊      | 328/862 [10:52<18:21,  2.06s/it]
[1A 38%|███▊      | 329/862 [10:54<18:19,  2.06s/it]
[1A 38%|███▊      | 330/862 [10:56<18:21,  2.07s/it]
[1A 38%|███▊      | 331/862 [10:58<18:23,  2.08s/it]
[1A 39%|███▊      | 332/862 [11:00<17:38,  2.00s/it]
[1A 39%|███▊      | 333/862 [11:02<17:12,  1.95s/it]
[1A 39%|███▊      | 334/862 [11:04<16:53,  1.92s/it]
[1A 39%|███▉      | 335/862 [11:05<16:34,  1.89s/it]
[1A 39%|███▉      | 336/862 [11:07<16:24,  1.87s/it]
[1A 39%|███▉      | 337/862 [11:09<16:14,  1.86s/it]
[1A 39%|███▉      | 338/862 [11:11<16:12,  1.86s/it]
[1A 39%|███▉      | 339/862 [11:13<16:01,  1.84s/it]
[1A 39%|███▉      | 340/862 [11:15<15:52,  1.82s/it]
[1A 40%|███▉      | 341/862 [11:17<16:19,  1.88s/it]
[1A 40%|███▉      | 342/862 [11:19<17:07,  1.98s/it]
[1A 40%|███▉      | 343/862 [11:21<16:50,  1.95s/it]
[1A 40%|███▉      | 344/862 [11:22<16:18,  1.89s/it]
[1A 40%|████      | 345/862 [11:24<15:58,  1.85s/it]
[1A 40%|████      | 346/862 [11:26<15:47,  1.84s/it]
[1A 40%|████      | 347/862 [11:28<15:40,  1.83s/it]
[1A 40%|████      | 348/862 [11:30<15:36,  1.82s/it]
[1A 40%|████      | 349/862 [11:31<15:42,  1.84s/it]
[1A 41%|████      | 350/862 [11:33<15:44,  1.85s/it]
[1A 41%|████      | 351/862 [11:35<15:45,  1.85s/it]
[1A 41%|████      | 352/862 [11:37<15:41,  1.85s/it]
[1A 41%|████      | 353/862 [11:39<15:34,  1.84s/it]
[1A 41%|████      | 354/862 [11:41<15:29,  1.83s/it]
[1A 41%|████      | 355/862 [11:43<15:49,  1.87s/it]
[1A 41%|████▏     | 356/862 [11:45<16:15,  1.93s/it]
[1A 41%|████▏     | 357/862 [11:47<16:21,  1.94s/it]
[1A 42%|████▏     | 358/862 [11:49<16:23,  1.95s/it]
[1A 42%|████▏     | 359/862 [11:50<16:09,  1.93s/it]
[1A 42%|████▏     | 360/862 [11:52<15:52,  1.90s/it]
[1A 42%|████▏     | 361/862 [11:54<15:39,  1.87s/it]
[1A 42%|████▏     | 362/862 [11:56<15:26,  1.85s/it]
[1A 42%|████▏     | 363/862 [11:58<15:21,  1.85s/it]
[1A 42%|████▏     | 364/862 [12:00<15:11,  1.83s/it]
[1A 42%|████▏     | 365/862 [12:01<15:07,  1.83s/it]
[1A 42%|████▏     | 366/862 [12:03<15:06,  1.83s/it]
[1A 43%|████▎     | 367/862 [12:05<15:04,  1.83s/it]
[1A 43%|████▎     | 368/862 [12:07<14:56,  1.81s/it]
[1A 43%|████▎     | 369/862 [12:09<14:52,  1.81s/it]
[1A 43%|████▎     | 370/862 [12:10<14:46,  1.80s/it]
[1A 43%|████▎     | 371/862 [12:12<14:40,  1.79s/it]
[1A 43%|████▎     | 372/862 [12:14<14:35,  1.79s/it]
[1A 43%|████▎     | 373/862 [12:16<14:35,  1.79s/it]
[1A 43%|████▎     | 374/862 [12:18<14:34,  1.79s/it]
[1A 44%|████▎     | 375/862 [12:19<14:32,  1.79s/it]
[1A 44%|████▎     | 376/862 [12:21<14:28,  1.79s/it]
[1A 44%|████▎     | 377/862 [12:23<14:21,  1.78s/it]
[1A 44%|████▍     | 378/862 [12:25<14:09,  1.76s/it]
[1A 44%|████▍     | 379/862 [12:26<14:08,  1.76s/it]
[1A 44%|████▍     | 380/862 [12:28<14:03,  1.75s/it]
[1A 44%|████▍     | 381/862 [12:30<14:00,  1.75s/it]
[1A 44%|████▍     | 382/862 [12:32<13:57,  1.75s/it]
[1A 44%|████▍     | 383/862 [12:33<13:55,  1.74s/it]
[1A 45%|████▍     | 384/862 [12:35<13:56,  1.75s/it]
[1A 45%|████▍     | 385/862 [12:37<13:56,  1.75s/it]
[1A 45%|████▍     | 386/862 [12:39<14:00,  1.77s/it]
[1A 45%|████▍     | 387/862 [12:41<14:53,  1.88s/it]
[1A 45%|████▌     | 388/862 [12:43<15:34,  1.97s/it]
[1A 45%|████▌     | 389/862 [12:45<15:11,  1.93s/it]
[1A 45%|████▌     | 390/862 [12:47<16:30,  2.10s/it]
[1A 45%|████▌     | 391/862 [12:50<17:20,  2.21s/it]
[1A 45%|████▌     | 392/862 [12:52<16:52,  2.15s/it]
[1A 46%|████▌     | 393/862 [12:54<16:22,  2.10s/it]
[1A 46%|████▌     | 394/862 [12:56<16:06,  2.07s/it]
[1A 46%|████▌     | 395/862 [12:58<16:12,  2.08s/it]
[1A 46%|████▌     | 396/862 [13:00<15:21,  1.98s/it]
[1A 46%|████▌     | 397/862 [13:01<14:50,  1.91s/it]
[1A 46%|████▌     | 398/862 [13:03<14:31,  1.88s/it]
[1A 46%|████▋     | 399/862 [13:05<14:50,  1.92s/it]
[1A 46%|████▋     | 400/862 [13:07<15:18,  1.99s/it]
[1A 47%|████▋     | 401/862 [13:09<15:35,  2.03s/it]
[1A 47%|████▋     | 402/862 [13:12<16:21,  2.13s/it]
[1A 47%|████▋     | 403/862 [13:14<16:30,  2.16s/it]
[1A 47%|████▋     | 404/862 [13:16<16:44,  2.19s/it]
[1A 47%|████▋     | 405/862 [13:18<16:29,  2.16s/it]
[1A 47%|████▋     | 406/862 [13:20<15:49,  2.08s/it]
[1A 47%|████▋     | 407/862 [13:22<15:40,  2.07s/it]
[1A 47%|████▋     | 408/862 [13:24<15:12,  2.01s/it]
[1A 47%|████▋     | 409/862 [13:26<15:43,  2.08s/it]
[1A 48%|████▊     | 410/862 [13:29<15:53,  2.11s/it]
[1A 48%|████▊     | 411/862 [13:31<16:11,  2.15s/it]
[1A 48%|████▊     | 412/862 [13:33<16:03,  2.14s/it]
[1A 48%|████▊     | 413/862 [13:35<16:01,  2.14s/it]
[1A 48%|████▊     | 414/862 [13:37<15:56,  2.14s/it]
[1A 48%|████▊     | 415/862 [13:39<15:50,  2.13s/it]
[1A 48%|████▊     | 416/862 [13:41<15:47,  2.12s/it]
[1A 48%|████▊     | 417/862 [13:44<15:34,  2.10s/it]
[1A 48%|████▊     | 418/862 [13:45<15:03,  2.04s/it]
[1A 49%|████▊     | 419/862 [13:47<14:50,  2.01s/it]
[1A 49%|████▊     | 420/862 [13:49<14:30,  1.97s/it]
[1A 49%|████▉     | 421/862 [13:51<14:11,  1.93s/it]
[1A 49%|████▉     | 422/862 [13:53<13:52,  1.89s/it]
[1A 49%|████▉     | 423/862 [13:55<13:38,  1.86s/it]
[1A 49%|████▉     | 424/862 [13:56<13:26,  1.84s/it]
[1A 49%|████▉     | 425/862 [13:58<13:18,  1.83s/it]
[1A 49%|████▉     | 426/862 [14:00<13:18,  1.83s/it]
[1A 50%|████▉     | 427/862 [14:02<13:16,  1.83s/it]
[1A 50%|████▉     | 428/862 [14:04<13:14,  1.83s/it]
[1A 50%|████▉     | 429/862 [14:05<13:01,  1.80s/it]
[1A 50%|████▉     | 430/862 [14:07<13:07,  1.82s/it]
[1A 50%|█████     | 431/862 [14:09<13:00,  1.81s/it]
[1A 50%|█████     | 432/862 [14:11<13:02,  1.82s/it]
[1A 50%|█████     | 433/862 [14:13<13:01,  1.82s/it]
[1A 50%|█████     | 434/862 [14:15<13:07,  1.84s/it]
[1A 50%|█████     | 435/862 [14:17<13:07,  1.85s/it]
[1A 51%|█████     | 436/862 [14:18<13:09,  1.85s/it]
[1A 51%|█████     | 437/862 [14:20<13:04,  1.85s/it]
[1A 51%|█████     | 438/862 [14:23<14:04,  1.99s/it]
[1A 51%|█████     | 439/862 [14:25<14:40,  2.08s/it]
[1A 51%|█████     | 440/862 [14:27<14:56,  2.12s/it]
[1A 51%|█████     | 441/862 [14:29<14:56,  2.13s/it]
[1A 51%|█████▏    | 442/862 [14:31<15:09,  2.17s/it]
[1A 51%|█████▏    | 443/862 [14:34<15:14,  2.18s/it]
[1A 52%|█████▏    | 444/862 [14:36<14:48,  2.13s/it]
[1A 52%|█████▏    | 445/862 [14:38<14:21,  2.07s/it]
[1A 52%|█████▏    | 446/862 [14:40<14:00,  2.02s/it]
[1A 52%|█████▏    | 447/862 [14:41<13:47,  1.99s/it]
[1A 52%|█████▏    | 448/862 [14:43<13:45,  1.99s/it]
[1A 52%|█████▏    | 449/862 [14:45<13:32,  1.97s/it]
[1A 52%|█████▏    | 450/862 [14:48<13:55,  2.03s/it]
[1A 52%|█████▏    | 451/862 [14:50<13:50,  2.02s/it]
[1A 52%|█████▏    | 452/862 [14:51<13:34,  1.99s/it]
[1A 53%|█████▎    | 453/862 [14:53<13:30,  1.98s/it]
[1A 53%|█████▎    | 454/862 [14:56<13:44,  2.02s/it]
[1A 53%|█████▎    | 455/862 [14:58<13:44,  2.03s/it]
[1A 53%|█████▎    | 456/862 [15:00<13:42,  2.03s/it]
[1A 53%|█████▎    | 457/862 [15:02<13:32,  2.01s/it]
[1A 53%|█████▎    | 458/862 [15:04<13:24,  1.99s/it]
[1A 53%|█████▎    | 459/862 [15:05<13:05,  1.95s/it]
[1A 53%|█████▎    | 460/862 [15:08<13:27,  2.01s/it]
[1A 53%|█████▎    | 461/862 [15:10<13:24,  2.01s/it]
[1A 54%|█████▎    | 462/862 [15:12<13:26,  2.02s/it]
[1A 54%|█████▎    | 463/862 [15:13<13:05,  1.97s/it]
[1A 54%|█████▍    | 464/862 [15:15<12:41,  1.91s/it]
[1A 54%|█████▍    | 465/862 [15:17<12:32,  1.90s/it]
[1A 54%|█████▍    | 466/862 [15:19<12:15,  1.86s/it]
[1A 54%|█████▍    | 467/862 [15:21<12:11,  1.85s/it]
[1A 54%|█████▍    | 468/862 [15:22<12:02,  1.83s/it]
[1A 54%|█████▍    | 469/862 [15:24<11:53,  1.81s/it]
[1A 55%|█████▍    | 470/862 [15:26<11:57,  1.83s/it]
[1A 55%|█████▍    | 471/862 [15:28<12:46,  1.96s/it]
[1A 55%|█████▍    | 472/862 [15:30<12:41,  1.95s/it]
[1A 55%|█████▍    | 473/862 [15:32<12:18,  1.90s/it]
[1A 55%|█████▍    | 474/862 [15:34<12:25,  1.92s/it]
[1A 55%|█████▌    | 475/862 [15:36<12:01,  1.86s/it]
[1A 55%|█████▌    | 476/862 [15:37<11:41,  1.82s/it]
[1A 55%|█████▌    | 477/862 [15:39<11:29,  1.79s/it]
[1A 55%|█████▌    | 478/862 [15:41<11:25,  1.78s/it]
[1A 56%|█████▌    | 479/862 [15:43<11:21,  1.78s/it]
[1A 56%|█████▌    | 480/862 [15:44<11:14,  1.76s/it]
[1A 56%|█████▌    | 481/862 [15:46<11:10,  1.76s/it]
[1A 56%|█████▌    | 482/862 [15:48<11:08,  1.76s/it]
[1A 56%|█████▌    | 483/862 [15:50<11:06,  1.76s/it]
[1A 56%|█████▌    | 484/862 [15:51<11:00,  1.75s/it]
[1A 56%|█████▋    | 485/862 [15:53<10:58,  1.75s/it]
[1A 56%|█████▋    | 486/862 [15:55<11:25,  1.82s/it]
[1A 56%|█████▋    | 487/862 [15:57<11:49,  1.89s/it]
[1A 57%|█████▋    | 488/862 [15:59<11:35,  1.86s/it]
[1A 57%|█████▋    | 489/862 [16:01<11:19,  1.82s/it]
[1A 57%|█████▋    | 490/862 [16:03<11:12,  1.81s/it]
[1A 57%|█████▋    | 491/862 [16:04<11:08,  1.80s/it]
[1A 57%|█████▋    | 492/862 [16:06<11:42,  1.90s/it]
[1A 57%|█████▋    | 493/862 [16:08<11:51,  1.93s/it]
[1A 57%|█████▋    | 494/862 [16:10<11:50,  1.93s/it]
[1A 57%|█████▋    | 495/862 [16:13<12:29,  2.04s/it]
[1A 58%|█████▊    | 496/862 [16:15<12:44,  2.09s/it]
[1A 58%|█████▊    | 497/862 [16:17<13:17,  2.18s/it]
[1A 58%|█████▊    | 498/862 [16:20<13:20,  2.20s/it]
[1A 58%|█████▊    | 499/862 [16:22<13:11,  2.18s/it]
[1A 58%|█████▊    | 500/862 [16:24<13:00,  2.16s/it]
[1A 58%|█████▊    | 501/862 [16:26<12:26,  2.07s/it]
[1A 58%|█████▊    | 502/862 [16:27<11:48,  1.97s/it]
[1A 58%|█████▊    | 503/862 [16:29<11:19,  1.89s/it]
[1A 58%|█████▊    | 504/862 [16:31<10:58,  1.84s/it]
[1A 59%|█████▊    | 505/862 [16:33<11:39,  1.96s/it]
[1A 59%|█████▊    | 506/862 [16:36<12:47,  2.15s/it]
[1A 59%|█████▉    | 507/862 [16:38<12:57,  2.19s/it]
[1A 59%|█████▉    | 508/862 [16:40<13:15,  2.25s/it]
[1A 59%|█████▉    | 509/862 [16:42<12:24,  2.11s/it]
[1A 59%|█████▉    | 510/862 [16:44<11:49,  2.02s/it]
[1A 59%|█████▉    | 511/862 [16:46<11:25,  1.95s/it]
[1A 59%|█████▉    | 512/862 [16:48<11:22,  1.95s/it]
[1A 60%|█████▉    | 513/862 [16:50<11:20,  1.95s/it]
[1A 60%|█████▉    | 514/862 [16:51<11:06,  1.92s/it]
[1A 60%|█████▉    | 515/862 [16:53<10:53,  1.88s/it]
[1A 60%|█████▉    | 516/862 [16:55<10:44,  1.86s/it]
[1A 60%|█████▉    | 517/862 [16:57<10:37,  1.85s/it]
[1A 60%|██████    | 518/862 [16:59<10:29,  1.83s/it]
[1A 60%|██████    | 519/862 [17:00<10:21,  1.81s/it]
[1A 60%|██████    | 520/862 [17:02<10:11,  1.79s/it]
[1A 60%|██████    | 521/862 [17:04<10:04,  1.77s/it]
[1A 61%|██████    | 522/862 [17:06<11:15,  1.99s/it]
[1A 61%|██████    | 523/862 [17:08<11:10,  1.98s/it]
[1A 61%|██████    | 524/862 [17:10<10:46,  1.91s/it]
[1A 61%|██████    | 525/862 [17:12<10:29,  1.87s/it]
[1A 61%|██████    | 526/862 [17:14<10:13,  1.83s/it]
[1A 61%|██████    | 527/862 [17:15<10:05,  1.81s/it]
[1A 61%|██████▏   | 528/862 [17:17<09:56,  1.79s/it]
[1A 61%|██████▏   | 529/862 [17:19<09:45,  1.76s/it]
[1A 61%|██████▏   | 530/862 [17:21<09:42,  1.75s/it]
[1A 62%|██████▏   | 531/862 [17:22<09:37,  1.74s/it]
[1A 62%|██████▏   | 532/862 [17:24<09:29,  1.73s/it]
[1A 62%|██████▏   | 533/862 [17:26<09:24,  1.72s/it]
[1A 62%|██████▏   | 534/862 [17:27<09:20,  1.71s/it]
[1A 62%|██████▏   | 535/862 [17:29<09:18,  1.71s/it]
[1A 62%|██████▏   | 536/862 [17:31<09:54,  1.82s/it]
[1A 62%|██████▏   | 537/862 [17:33<09:43,  1.80s/it]
[1A 62%|██████▏   | 538/862 [17:35<09:36,  1.78s/it]
[1A 63%|██████▎   | 539/862 [17:37<10:02,  1.87s/it]
[1A 63%|██████▎   | 540/862 [17:39<10:12,  1.90s/it]
[1A 63%|██████▎   | 541/862 [17:41<10:48,  2.02s/it]
[1A 63%|██████▎   | 542/862 [17:43<11:20,  2.13s/it]
[1A 63%|██████▎   | 543/862 [17:45<11:21,  2.14s/it]
[1A 63%|██████▎   | 544/862 [17:47<10:47,  2.04s/it]
[1A 63%|██████▎   | 545/862 [17:49<10:23,  1.97s/it]
[1A 63%|██████▎   | 546/862 [17:51<10:10,  1.93s/it]
[1A 63%|██████▎   | 547/862 [17:53<10:22,  1.98s/it]
[1A 64%|██████▎   | 548/862 [17:55<10:38,  2.03s/it]
[1A 64%|██████▎   | 549/862 [17:57<10:38,  2.04s/it]
[1A 64%|██████▍   | 550/862 [17:59<10:29,  2.02s/it]
[1A 64%|██████▍   | 551/862 [18:01<10:27,  2.02s/it]
[1A 64%|██████▍   | 552/862 [18:03<10:16,  1.99s/it]
[1A 64%|██████▍   | 553/862 [18:06<11:18,  2.20s/it]
[1A 64%|██████▍   | 554/862 [18:08<11:16,  2.20s/it]
[1A 64%|██████▍   | 555/862 [18:10<11:33,  2.26s/it]
[1A 65%|██████▍   | 556/862 [18:12<11:03,  2.17s/it]
[1A 65%|██████▍   | 557/862 [18:14<10:35,  2.08s/it]
[1A 65%|██████▍   | 558/862 [18:17<11:01,  2.18s/it]
[1A 65%|██████▍   | 559/862 [18:19<11:24,  2.26s/it]
[1A 65%|██████▍   | 560/862 [18:21<11:34,  2.30s/it]
[1A 65%|██████▌   | 561/862 [18:24<11:53,  2.37s/it]
[1A 65%|██████▌   | 562/862 [18:26<11:42,  2.34s/it]
[1A 65%|██████▌   | 563/862 [18:29<11:31,  2.31s/it]
[1A 65%|██████▌   | 564/862 [18:31<11:27,  2.31s/it]
[1A 66%|██████▌   | 565/862 [18:33<11:05,  2.24s/it]
[1A 66%|██████▌   | 566/862 [18:35<11:00,  2.23s/it]
[1A 66%|██████▌   | 567/862 [18:37<10:52,  2.21s/it]
[1A 66%|██████▌   | 568/862 [18:40<11:07,  2.27s/it]
[1A 66%|██████▌   | 569/862 [18:42<10:36,  2.17s/it]
[1A 66%|██████▌   | 570/862 [18:44<10:41,  2.20s/it]
[1A 66%|██████▌   | 571/862 [18:46<10:44,  2.22s/it]
[1A 66%|██████▋   | 572/862 [18:48<10:40,  2.21s/it]
[1A 66%|██████▋   | 573/862 [18:51<10:37,  2.21s/it]
[1A 67%|██████▋   | 574/862 [18:53<10:26,  2.18s/it]
[1A 67%|██████▋   | 575/862 [18:55<10:14,  2.14s/it]
[1A 67%|██████▋   | 576/862 [18:57<10:04,  2.11s/it]
[1A 67%|██████▋   | 577/862 [18:59<10:00,  2.11s/it]
[1A 67%|██████▋   | 578/862 [19:01<10:10,  2.15s/it]
[1A 67%|██████▋   | 579/862 [19:03<10:07,  2.15s/it]
[1A 67%|██████▋   | 580/862 [19:05<10:08,  2.16s/it]
[1A 67%|██████▋   | 581/862 [19:08<10:06,  2.16s/it]
[1A 68%|██████▊   | 582/862 [19:10<09:59,  2.14s/it]
[1A 68%|██████▊   | 583/862 [19:12<10:00,  2.15s/it]
[1A 68%|██████▊   | 584/862 [19:14<10:02,  2.17s/it]
[1A 68%|██████▊   | 585/862 [19:16<09:52,  2.14s/it]
[1A 68%|██████▊   | 586/862 [19:18<09:59,  2.17s/it]
[1A 68%|██████▊   | 587/862 [19:21<10:02,  2.19s/it]
[1A 68%|██████▊   | 588/862 [19:23<10:21,  2.27s/it]
[1A 68%|██████▊   | 589/862 [19:26<10:48,  2.38s/it]
[1A 68%|██████▊   | 590/862 [19:28<11:17,  2.49s/it]
[1A 69%|██████▊   | 591/862 [19:31<10:52,  2.41s/it]
[1A 69%|██████▊   | 592/862 [19:33<10:56,  2.43s/it]
[1A 69%|██████▉   | 593/862 [19:36<11:01,  2.46s/it]
[1A 69%|██████▉   | 594/862 [19:38<11:08,  2.49s/it]
[1A 69%|██████▉   | 595/862 [19:42<12:08,  2.73s/it]
[1A 69%|██████▉   | 596/862 [19:44<11:50,  2.67s/it]
[1A 69%|██████▉   | 597/862 [19:47<11:36,  2.63s/it]
[1A 69%|██████▉   | 598/862 [19:49<11:20,  2.58s/it]
[1A 69%|██████▉   | 599/862 [19:52<11:23,  2.60s/it]
[1A 70%|██████▉   | 600/862 [19:54<10:58,  2.51s/it]
[1A 70%|██████▉   | 601/862 [19:56<10:32,  2.42s/it]
[1A 70%|██████▉   | 602/862 [19:59<11:00,  2.54s/it]
[1A 70%|██████▉   | 603/862 [20:01<10:20,  2.39s/it]
[1A 70%|███████   | 604/862 [20:03<10:01,  2.33s/it]
[1A 70%|███████   | 605/862 [20:05<09:43,  2.27s/it]
[1A 70%|███████   | 606/862 [20:07<09:11,  2.15s/it]
[1A 70%|███████   | 607/862 [20:09<08:55,  2.10s/it]
[1A 71%|███████   | 608/862 [20:12<09:06,  2.15s/it]
[1A 71%|███████   | 609/862 [20:14<09:18,  2.21s/it]
[1A 71%|███████   | 610/862 [20:16<09:17,  2.21s/it]
[1A 71%|███████   | 611/862 [20:18<09:06,  2.18s/it]
[1A 71%|███████   | 612/862 [20:20<09:12,  2.21s/it]
[1A 71%|███████   | 613/862 [20:23<09:17,  2.24s/it]
[1A 71%|███████   | 614/862 [20:25<09:14,  2.23s/it]
[1A 71%|███████▏  | 615/862 [20:27<09:25,  2.29s/it]
[1A 71%|███████▏  | 616/862 [20:30<09:32,  2.33s/it]
[1A 72%|███████▏  | 617/862 [20:32<09:50,  2.41s/it]
[1A 72%|███████▏  | 618/862 [20:35<10:30,  2.58s/it]
[1A 72%|███████▏  | 619/862 [20:37<09:47,  2.42s/it]
[1A 72%|███████▏  | 620/862 [20:40<09:59,  2.48s/it]
[1A 72%|███████▏  | 621/862 [20:43<09:54,  2.47s/it]
[1A 72%|███████▏  | 622/862 [20:45<09:55,  2.48s/it]
[1A 72%|███████▏  | 623/862 [20:47<09:25,  2.37s/it]
[1A 72%|███████▏  | 624/862 [20:49<09:19,  2.35s/it]
[1A 73%|███████▎  | 625/862 [20:51<08:49,  2.24s/it]
[1A 73%|███████▎  | 626/862 [20:53<08:22,  2.13s/it]
[1A 73%|███████▎  | 627/862 [20:55<07:57,  2.03s/it]
[1A 73%|███████▎  | 628/862 [20:57<07:51,  2.02s/it]
[1A 73%|███████▎  | 629/862 [20:59<07:56,  2.05s/it]
[1A 73%|███████▎  | 630/862 [21:01<07:45,  2.01s/it]
[1A 73%|███████▎  | 631/862 [21:03<07:36,  1.98s/it]
[1A 73%|███████▎  | 632/862 [21:05<07:39,  2.00s/it]
[1A 73%|███████▎  | 633/862 [21:07<07:39,  2.01s/it]
[1A 74%|███████▎  | 634/862 [21:09<07:27,  1.96s/it]
[1A 74%|███████▎  | 635/862 [21:11<07:37,  2.01s/it]
[1A 74%|███████▍  | 636/862 [21:14<08:07,  2.16s/it]
[1A 74%|███████▍  | 637/862 [21:16<07:58,  2.13s/it]
[1A 74%|███████▍  | 638/862 [21:18<07:48,  2.09s/it]
[1A 74%|███████▍  | 639/862 [21:20<07:31,  2.02s/it]
[1A 74%|███████▍  | 640/862 [21:21<07:19,  1.98s/it]
[1A 74%|███████▍  | 641/862 [21:23<07:11,  1.95s/it]
[1A 74%|███████▍  | 642/862 [21:25<07:18,  1.99s/it]
[1A 75%|███████▍  | 643/862 [21:28<07:32,  2.07s/it]
[1A 75%|███████▍  | 644/862 [21:30<07:46,  2.14s/it]
[1A 75%|███████▍  | 645/862 [21:32<07:52,  2.18s/it]
[1A 75%|███████▍  | 646/862 [21:34<07:57,  2.21s/it]
[1A 75%|███████▌  | 647/862 [21:37<07:44,  2.16s/it]
[1A 75%|███████▌  | 648/862 [21:39<07:34,  2.13s/it]
[1A 75%|███████▌  | 649/862 [21:41<07:29,  2.11s/it]
[1A 75%|███████▌  | 650/862 [21:43<07:34,  2.14s/it]
[1A 76%|███████▌  | 651/862 [21:45<07:35,  2.16s/it]
[1A 76%|███████▌  | 652/862 [21:47<07:27,  2.13s/it]
[1A 76%|███████▌  | 653/862 [21:49<07:27,  2.14s/it]
[1A 76%|███████▌  | 654/862 [21:51<07:26,  2.15s/it]
[1A 76%|███████▌  | 655/862 [21:54<07:27,  2.16s/it]
[1A 76%|███████▌  | 656/862 [21:56<07:44,  2.26s/it]
[1A 76%|███████▌  | 657/862 [21:59<07:56,  2.32s/it]
[1A 76%|███████▋  | 658/862 [22:01<07:50,  2.31s/it]
[1A 76%|███████▋  | 659/862 [22:03<07:37,  2.26s/it]
[1A 77%|███████▋  | 660/862 [22:05<07:42,  2.29s/it]
[1A 77%|███████▋  | 661/862 [22:08<07:42,  2.30s/it]
[1A 77%|███████▋  | 662/862 [22:10<07:34,  2.27s/it]
[1A 77%|███████▋  | 663/862 [22:12<07:34,  2.28s/it]
[1A 77%|███████▋  | 664/862 [22:14<07:15,  2.20s/it]
[1A 77%|███████▋  | 665/862 [22:16<07:02,  2.15s/it]
[1A 77%|███████▋  | 666/862 [22:18<07:01,  2.15s/it]
[1A 77%|███████▋  | 667/862 [22:21<07:04,  2.17s/it]
[1A 77%|███████▋  | 668/862 [22:23<07:03,  2.18s/it]
[1A 78%|███████▊  | 669/862 [22:25<07:09,  2.22s/it]
[1A 78%|███████▊  | 670/862 [22:28<07:23,  2.31s/it]
[1A 78%|███████▊  | 671/862 [22:30<07:16,  2.29s/it]
[1A 78%|███████▊  | 672/862 [22:32<07:06,  2.24s/it]
[1A 78%|███████▊  | 673/862 [22:34<07:08,  2.27s/it]
[1A 78%|███████▊  | 674/862 [22:37<07:11,  2.30s/it]
[1A 78%|███████▊  | 675/862 [22:39<07:09,  2.30s/it]
[1A 78%|███████▊  | 676/862 [22:41<06:41,  2.16s/it]
[1A 79%|███████▊  | 677/862 [22:43<06:24,  2.08s/it]
[1A 79%|███████▊  | 678/862 [22:45<06:14,  2.04s/it]
[1A 79%|███████▉  | 679/862 [22:47<06:04,  1.99s/it]
[1A 79%|███████▉  | 680/862 [22:48<05:58,  1.97s/it]
[1A 79%|███████▉  | 681/862 [22:50<05:53,  1.95s/it]
[1A 79%|███████▉  | 682/862 [22:52<05:43,  1.91s/it]
[1A 79%|███████▉  | 683/862 [22:54<05:37,  1.89s/it]
[1A 79%|███████▉  | 684/862 [22:56<05:39,  1.91s/it]
[1A 79%|███████▉  | 685/862 [22:58<05:47,  1.96s/it]
[1A 80%|███████▉  | 686/862 [23:00<06:00,  2.05s/it]
[1A 80%|███████▉  | 687/862 [23:03<06:04,  2.08s/it]
[1A 80%|███████▉  | 688/862 [23:05<06:10,  2.13s/it]
[1A 80%|███████▉  | 689/862 [23:07<06:11,  2.15s/it]
[1A 80%|████████  | 690/862 [23:09<06:14,  2.18s/it]
[1A 80%|████████  | 691/862 [23:11<06:15,  2.20s/it]
[1A 80%|████████  | 692/862 [23:14<06:13,  2.19s/it]
[1A 80%|████████  | 693/862 [23:16<06:05,  2.16s/it]
[1A 81%|████████  | 694/862 [23:18<06:00,  2.15s/it]
[1A 81%|████████  | 695/862 [23:20<06:04,  2.18s/it]
[1A 81%|████████  | 696/862 [23:22<06:09,  2.23s/it]
[1A 81%|████████  | 697/862 [23:25<06:10,  2.25s/it]
[1A 81%|████████  | 698/862 [23:27<05:48,  2.13s/it]
[1A 81%|████████  | 699/862 [23:29<05:58,  2.20s/it]
[1A 81%|████████  | 700/862 [23:32<06:24,  2.37s/it]
[1A 81%|████████▏ | 701/862 [23:34<06:11,  2.31s/it]
[1A 81%|████████▏ | 702/862 [23:36<05:55,  2.22s/it]
[1A 82%|████████▏ | 703/862 [23:38<05:58,  2.26s/it]
[1A 82%|████████▏ | 704/862 [23:41<05:59,  2.27s/it]
[1A 82%|████████▏ | 705/862 [23:43<05:53,  2.25s/it]
[1A 82%|████████▏ | 706/862 [23:45<05:56,  2.28s/it]
[1A 82%|████████▏ | 707/862 [23:48<06:04,  2.35s/it]
[1A 82%|████████▏ | 708/862 [23:50<06:00,  2.34s/it]
[1A 82%|████████▏ | 709/862 [23:52<05:56,  2.33s/it]
[1A 82%|████████▏ | 710/862 [23:54<05:50,  2.30s/it]
[1A 82%|████████▏ | 711/862 [23:57<05:40,  2.26s/it]
[1A 83%|████████▎ | 712/862 [23:59<05:31,  2.21s/it]
[1A 83%|████████▎ | 713/862 [24:01<05:25,  2.18s/it]
[1A 83%|████████▎ | 714/862 [24:03<05:10,  2.10s/it]
[1A 83%|████████▎ | 715/862 [24:05<05:23,  2.20s/it]
[1A 83%|████████▎ | 716/862 [24:07<05:26,  2.24s/it]
[1A 83%|████████▎ | 717/862 [24:10<05:30,  2.28s/it]
[1A 83%|████████▎ | 718/862 [24:12<05:35,  2.33s/it]
[1A 83%|████████▎ | 719/862 [24:15<05:39,  2.38s/it]
[1A 84%|████████▎ | 720/862 [24:17<05:38,  2.39s/it]
[1A 84%|████████▎ | 721/862 [24:19<05:31,  2.35s/it]
[1A 84%|████████▍ | 722/862 [24:22<05:29,  2.35s/it]
Extracting color_perturbed_images.tar into local container disk /root/images ...
[1A 84%|████████▍ | 723/862 [24:24<05:06,  2.20s/it]
[1A 84%|████████▍ | 724/862 [24:26<04:48,  2.09s/it]
[1A 84%|████████▍ | 725/862 [24:27<04:37,  2.02s/it]
[1A 84%|████████▍ | 726/862 [24:29<04:31,  1.99s/it]
[1A 84%|████████▍ | 727/862 [24:31<04:28,  1.99s/it]
[1A 84%|████████▍ | 728/862 [24:33<04:30,  2.02s/it]
[1A 85%|████████▍ | 729/862 [24:35<04:24,  1.99s/it]
[1A 85%|████████▍ | 730/862 [24:37<04:21,  1.98s/it]
[1A 85%|████████▍ | 731/862 [24:39<04:21,  1.99s/it]
[1A 85%|████████▍ | 732/862 [24:41<04:16,  1.98s/it]
[1A 85%|████████▌ | 733/862 [24:43<04:12,  1.96s/it]
[1A 85%|████████▌ | 734/862 [24:45<04:06,  1.93s/it]
[1A 85%|████████▌ | 735/862 [24:47<04:04,  1.92s/it]
[1A 85%|████████▌ | 736/862 [24:49<04:00,  1.91s/it]
[1A 85%|████████▌ | 737/862 [24:51<03:58,  1.91s/it]
[1A 86%|████████▌ | 738/862 [24:53<03:55,  1.90s/it]
[1A 86%|████████▌ | 739/862 [24:54<03:52,  1.89s/it]
[1A 86%|████████▌ | 740/862 [24:56<03:47,  1.86s/it]
[1A 86%|████████▌ | 741/862 [24:58<03:39,  1.82s/it]
[1A 86%|████████▌ | 742/862 [25:00<03:37,  1.81s/it]
[1A 86%|████████▌ | 743/862 [25:01<03:33,  1.79s/it]
[1A 86%|████████▋ | 744/862 [25:03<03:30,  1.79s/it]
[1A 86%|████████▋ | 745/862 [25:05<03:27,  1.78s/it]
[1A 87%|████████▋ | 746/862 [25:07<03:23,  1.76s/it]
[1A 87%|████████▋ | 747/862 [25:08<03:21,  1.76s/it]
[1A 87%|████████▋ | 748/862 [25:10<03:23,  1.78s/it]
[1A 87%|████████▋ | 749/862 [25:12<03:19,  1.76s/it]
[1A 87%|████████▋ | 750/862 [25:14<03:16,  1.76s/it]
[1A 87%|████████▋ | 751/862 [25:15<03:13,  1.75s/it]
[1A 87%|████████▋ | 752/862 [25:17<03:13,  1.76s/it]
[1A 87%|████████▋ | 753/862 [25:19<03:11,  1.76s/it]
[1A 87%|████████▋ | 754/862 [25:21<03:08,  1.75s/it]
[1A 88%|████████▊ | 755/862 [25:23<03:07,  1.75s/it]
[1A 88%|████████▊ | 756/862 [25:24<03:08,  1.78s/it]
[1A 88%|████████▊ | 757/862 [25:26<03:05,  1.76s/it]
[1A 88%|████████▊ | 758/862 [25:28<03:02,  1.75s/it]
[1A 88%|████████▊ | 759/862 [25:30<03:00,  1.75s/it]
[1A 88%|████████▊ | 760/862 [25:31<02:57,  1.74s/it]
[1A 88%|████████▊ | 761/862 [25:33<02:55,  1.74s/it]
[1A 88%|████████▊ | 762/862 [25:35<02:52,  1.73s/it]
[1A 89%|████████▊ | 763/862 [25:36<02:51,  1.73s/it]
[1A 89%|████████▊ | 764/862 [25:38<02:49,  1.73s/it]
[1A 89%|████████▊ | 765/862 [25:40<02:48,  1.73s/it]
[1A 89%|████████▉ | 766/862 [25:42<02:47,  1.75s/it]
[1A 89%|████████▉ | 767/862 [25:43<02:46,  1.75s/it]
[1A 89%|████████▉ | 768/862 [25:45<02:43,  1.74s/it]
[1A 89%|████████▉ | 769/862 [25:47<02:41,  1.74s/it]
[1A 89%|████████▉ | 770/862 [25:49<02:40,  1.75s/it]
[1A 89%|████████▉ | 771/862 [25:50<02:39,  1.75s/it]
[1A 90%|████████▉ | 772/862 [25:52<02:37,  1.75s/it]
[1A 90%|████████▉ | 773/862 [25:54<02:34,  1.74s/it]
[1A 90%|████████▉ | 774/862 [25:56<02:33,  1.75s/it]
[1A 90%|████████▉ | 775/862 [25:57<02:33,  1.76s/it]
[1A 90%|█████████ | 776/862 [25:59<02:30,  1.75s/it]
[1A 90%|█████████ | 777/862 [26:01<02:28,  1.74s/it]
[1A 90%|█████████ | 778/862 [26:03<02:26,  1.74s/it]
[1A 90%|█████████ | 779/862 [26:04<02:24,  1.75s/it]
[1A 90%|█████████ | 780/862 [26:06<02:23,  1.75s/it]
[1A 91%|█████████ | 781/862 [26:08<02:21,  1.75s/it]
[1A 91%|█████████ | 782/862 [26:10<02:19,  1.75s/it]
Extracted 220455 real images (AppleDouble '._*' sidecars filtered by glob below).
[1A 91%|█████████ | 783/862 [26:11<02:18,  1.75s/it]Warning: You are sending unauthenticated requests to the HF Hub. Please set a HF_TOKEN to enable higher rate limits and faster downloads.

[1A 91%|█████████ | 784/862 [26:13<02:18,  1.77s/it][transformers] Model config: bos_token_id must be `None` or an integer within the vocabulary (between 0 and 31999), got 49406. This may result in unexpected behavior.
[transformers] Model config: eos_token_id must be `None` or an integer within the vocabulary (between 0 and 31999), got 49407. This may result in unexpected behavior.

[1A 91%|█████████ | 785/862 [26:15<02:15,  1.76s/it]
[1A 91%|█████████ | 786/862 [26:17<02:13,  1.75s/it]
[1A 91%|█████████▏| 787/862 [26:18<02:10,  1.75s/it]
[1A 91%|█████████▏| 788/862 [26:20<02:11,  1.77s/it]
[1ALoading weights:   0%|          | 0/408 [00:00<?, ?it/s]
[1ALoading weights:  61%|██████    | 249/408 [00:00<00:00, 2486.41it/s]
[1ALoading weights: 100%|██████████| 408/408 [00:00<00:00, 3243.31it/s]

[1A 92%|█████████▏| 789/862 [26:22<02:08,  1.75s/it]
[1A 92%|█████████▏| 790/862 [26:24<02:05,  1.74s/it]
[1A 92%|█████████▏| 791/862 [26:25<02:03,  1.74s/it]
[1A 92%|█████████▏| 792/862 [26:27<02:01,  1.74s/it]
[1A 92%|█████████▏| 793/862 [26:29<02:00,  1.75s/it]
[1A 92%|█████████▏| 794/862 [26:31<01:58,  1.75s/it]
[1A 92%|█████████▏| 795/862 [26:32<01:55,  1.73s/it]
[1A 92%|█████████▏| 796/862 [26:34<01:53,  1.73s/it]
[1A 92%|█████████▏| 797/862 [26:36<01:51,  1.72s/it]
[1A 93%|█████████▎| 798/862 [26:38<01:50,  1.72s/it]
[1A 93%|█████████▎| 799/862 [26:39<01:48,  1.73s/it]
[1A 93%|█████████▎| 800/862 [26:41<01:47,  1.73s/it]
[1A 93%|█████████▎| 801/862 [26:43<01:45,  1.73s/it]
[1A 93%|█████████▎| 802/862 [26:44<01:44,  1.73s/it]
[1A 93%|█████████▎| 803/862 [26:46<01:41,  1.73s/it]
[1A 93%|█████████▎| 804/862 [26:48<01:39,  1.72s/it]
[1A 93%|█████████▎| 805/862 [26:50<01:38,  1.73s/it]
[1A 94%|█████████▎| 806/862 [26:51<01:37,  1.74s/it]
[1A 94%|█████████▎| 807/862 [26:53<01:35,  1.74s/it]
[1A 94%|█████████▎| 808/862 [26:55<01:33,  1.74s/it]
[1A 94%|█████████▍| 809/862 [26:57<01:32,  1.74s/it]
[1A 94%|█████████▍| 810/862 [26:58<01:30,  1.74s/it]
[1A 94%|█████████▍| 811/862 [27:00<01:30,  1.77s/it]
[1A 94%|█████████▍| 812/862 [27:02<01:29,  1.79s/it]
[1A 94%|█████████▍| 813/862 [27:04<01:27,  1.79s/it]
[1A 94%|█████████▍| 814/862 [27:06<01:26,  1.81s/it]
[1A 95%|█████████▍| 815/862 [27:08<01:25,  1.82s/it]
[1A 95%|█████████▍| 816/862 [27:09<01:23,  1.82s/it]
[1A 95%|█████████▍| 817/862 [27:11<01:20,  1.79s/it]
[1A 95%|█████████▍| 818/862 [27:13<01:17,  1.77s/it]
[1A 95%|█████████▌| 819/862 [27:14<01:15,  1.75s/it]
[1A 95%|█████████▌| 820/862 [27:16<01:13,  1.74s/it]
[1A 95%|█████████▌| 821/862 [27:18<01:11,  1.75s/it]
[1A 95%|█████████▌| 822/862 [27:20<01:10,  1.76s/it]
[1A 95%|█████████▌| 823/862 [27:22<01:08,  1.76s/it]
[1A 96%|█████████▌| 824/862 [27:23<01:06,  1.74s/it]
[1A 96%|█████████▌| 825/862 [27:25<01:04,  1.75s/it]
[1A 96%|█████████▌| 826/862 [27:27<01:02,  1.73s/it]
[1A 96%|█████████▌| 827/862 [27:28<01:00,  1.72s/it]
[1A 96%|█████████▌| 828/862 [27:30<00:58,  1.72s/it]
[1A 96%|█████████▌| 829/862 [27:32<00:57,  1.73s/it]
[1A 96%|█████████▋| 830/862 [27:34<00:55,  1.72s/it]
[1A 96%|█████████▋| 831/862 [27:35<00:53,  1.72s/it]
[1A 97%|█████████▋| 832/862 [27:37<00:51,  1.73s/it]
[1A 97%|█████████▋| 833/862 [27:39<00:49,  1.72s/it]
[1A 97%|█████████▋| 834/862 [27:40<00:47,  1.71s/it]
[1A 97%|█████████▋| 835/862 [27:42<00:46,  1.73s/it]
[1A 97%|█████████▋| 836/862 [27:44<00:44,  1.72s/it]
[1A 97%|█████████▋| 837/862 [27:46<00:42,  1.72s/it]
[1A 97%|█████████▋| 838/862 [27:47<00:41,  1.72s/it]
[1A 97%|█████████▋| 839/862 [27:49<00:39,  1.72s/it]
[1A 97%|█████████▋| 840/862 [27:51<00:38,  1.74s/it]
[1A 98%|█████████▊| 841/862 [27:53<00:36,  1.73s/it]
[1A 98%|█████████▊| 842/862 [27:54<00:34,  1.73s/it]
[1A 98%|█████████▊| 843/862 [27:56<00:32,  1.73s/it]
[1A 98%|█████████▊| 844/862 [27:58<00:31,  1.73s/it]
[1A 98%|█████████▊| 845/862 [27:59<00:29,  1.73s/it]
[1A 98%|█████████▊| 846/862 [28:01<00:27,  1.73s/it]
[1A 98%|█████████▊| 847/862 [28:03<00:25,  1.72s/it]
[1A 98%|█████████▊| 848/862 [28:05<00:24,  1.72s/it]
[1A 98%|█████████▊| 849/862 [28:06<00:22,  1.72s/it]
[1A 99%|█████████▊| 850/862 [28:08<00:20,  1.71s/it]
[1A 99%|█████████▊| 851/862 [28:10<00:18,  1.72s/it]
[1A 99%|█████████▉| 852/862 [28:11<00:17,  1.72s/it]
[1A 99%|█████████▉| 853/862 [28:13<00:15,  1.71s/it]
[1A 99%|█████████▉| 854/862 [28:15<00:13,  1.71s/it]
[1A 99%|█████████▉| 855/862 [28:17<00:11,  1.70s/it]
[1A 99%|█████████▉| 856/862 [28:18<00:10,  1.71s/it]
[1A 99%|█████████▉| 857/862 [28:20<00:08,  1.72s/it]
[1A100%|█████████▉| 858/862 [28:22<00:06,  1.71s/it]
[1A100%|█████████▉| 859/862 [28:23<00:05,  1.70s/it]
[1A100%|█████████▉| 860/862 [28:25<00:03,  1.70s/it]
[1A100%|█████████▉| 861/862 [28:27<00:01,  1.71s/it]
[1A100%|██████████| 862/862 [28:27<00:00,  1.31s/it]
[1A100%|██████████| 862/862 [28:27<00:00,  1.98s/it]
Saved (220455, 768) -> /data/embeddings/siglip_perturbed.npz (volume committed).
Done: 220455 embeddings, shape (220455, 768). Run `modal volume get` to fetch the result.
Stopping app - local entrypoint completed.
Runner terminated.
✓ App completed. View run at 
https://modal.com/apps/muhamasif/main/ap-SLCcQcgzW7wR7BMhs13fhx
