Loaded 24719 embeddings, 68664 relevance train / 7629 relevance val, 34130 tail train / 3792 tail val. Device: mps. Uniformity regularizer enabled: False
Calibration (20 batches): initial_rel=4.7836, initial_tail=4.8291, weight_tail=0.9906
Grad norm into SHARED LAYER (model.shared) -- relevance: 0.732587, tail (unweighted): 0.574157 (ratio 1.28x), tail (weighted x0.99): 0.579220 (ratio 1.26x)
Saved /Users/haseeb/Desktop/mitacs_project/week5/phase16d_dedicated_capacity/loss_balancing_check.md
  epoch 0: train_rel=2.0590 train_tail=1.7906 val_rel=1.6173 val_tail=1.2407 collapse_rel=0.1759 collapse_tail=0.1160
  epoch 1: train_rel=1.6025 train_tail=1.0310 val_rel=1.4490 val_tail=0.9581 collapse_rel=0.1537 collapse_tail=0.0667
  epoch 2: train_rel=1.4528 train_tail=0.8062 val_rel=1.3750 val_tail=0.8228 collapse_rel=0.1080 collapse_tail=0.0276
  epoch 3: train_rel=1.3652 train_tail=0.6971 val_rel=1.3242 val_tail=0.7415 collapse_rel=0.0854 collapse_tail=0.0237
  epoch 4: train_rel=1.3119 train_tail=0.6327 val_rel=1.2856 val_tail=0.6849 collapse_rel=0.0838 collapse_tail=0.0222
  epoch 5: train_rel=1.2630 train_tail=0.5840 val_rel=1.2571 val_tail=0.6614 collapse_rel=0.0801 collapse_tail=0.0328
  epoch 6: train_rel=1.2319 train_tail=0.5573 val_rel=1.2502 val_tail=0.6284 collapse_rel=0.0690 collapse_tail=0.0167
  epoch 7: train_rel=1.2068 train_tail=0.5344 val_rel=1.2333 val_tail=0.6077 collapse_rel=0.0697 collapse_tail=0.0131
  epoch 8: train_rel=1.1780 train_tail=0.5110 val_rel=1.2130 val_tail=0.5842 collapse_rel=0.0699 collapse_tail=0.0156
  epoch 9: train_rel=1.1582 train_tail=0.4983 val_rel=1.1957 val_tail=0.5611 collapse_rel=0.0725 collapse_tail=0.0137
  epoch 10: train_rel=1.1437 train_tail=0.4813 val_rel=1.1830 val_tail=0.5492 collapse_rel=0.0555 collapse_tail=0.0177
  epoch 11: train_rel=1.1284 train_tail=0.4703 val_rel=1.1752 val_tail=0.5419 collapse_rel=0.0484 collapse_tail=0.0221
  epoch 12: train_rel=1.1113 train_tail=0.4601 val_rel=1.1773 val_tail=0.5378 collapse_rel=0.0656 collapse_tail=0.0136
  epoch 13: train_rel=1.0993 train_tail=0.4523 val_rel=1.1703 val_tail=0.5219 collapse_rel=0.0526 collapse_tail=0.0146
  epoch 14: train_rel=1.0873 train_tail=0.4421 val_rel=1.1535 val_tail=0.5199 collapse_rel=0.0467 collapse_tail=0.0164
  epoch 15: train_rel=1.0816 train_tail=0.4330 val_rel=1.1569 val_tail=0.5143 collapse_rel=0.0405 collapse_tail=0.0149
  epoch 16: train_rel=1.0675 train_tail=0.4312 val_rel=1.1470 val_tail=0.5020 collapse_rel=0.0550 collapse_tail=0.0138
  epoch 17: train_rel=1.0549 train_tail=0.4241 val_rel=1.1433 val_tail=0.4966 collapse_rel=0.0547 collapse_tail=0.0143
  epoch 18: train_rel=1.0488 train_tail=0.4159 val_rel=1.1314 val_tail=0.4916 collapse_rel=0.0670 collapse_tail=0.0159
  epoch 19: train_rel=1.0488 train_tail=0.4107 val_rel=1.1285 val_tail=0.4826 collapse_rel=0.0556 collapse_tail=0.0108
  epoch 20: train_rel=1.0389 train_tail=0.4057 val_rel=1.1239 val_tail=0.4784 collapse_rel=0.0387 collapse_tail=0.0274
  epoch 21: train_rel=1.0266 train_tail=0.4007 val_rel=1.1278 val_tail=0.4816 collapse_rel=0.0596 collapse_tail=0.0111
  epoch 22: train_rel=1.0210 train_tail=0.4000 val_rel=1.1138 val_tail=0.4742 collapse_rel=0.0523 collapse_tail=0.0205
  epoch 23: train_rel=1.0158 train_tail=0.3898 val_rel=1.1162 val_tail=0.4735 collapse_rel=0.0481 collapse_tail=0.0106
  epoch 24: train_rel=1.0103 train_tail=0.3918 val_rel=1.1120 val_tail=0.4693 collapse_rel=0.0520 collapse_tail=0.0221
  epoch 25: train_rel=1.0052 train_tail=0.3875 val_rel=1.1124 val_tail=0.4568 collapse_rel=0.0396 collapse_tail=0.0196
  epoch 26: train_rel=0.9964 train_tail=0.3841 val_rel=1.0991 val_tail=0.4607 collapse_rel=0.0392 collapse_tail=0.0161
  epoch 27: train_rel=0.9929 train_tail=0.3775 val_rel=1.1009 val_tail=0.4575 collapse_rel=0.0434 collapse_tail=0.0085
  epoch 28: train_rel=0.9875 train_tail=0.3736 val_rel=1.0975 val_tail=0.4515 collapse_rel=0.0326 collapse_tail=0.0192
  epoch 29: train_rel=0.9839 train_tail=0.3731 val_rel=1.1088 val_tail=0.4523 collapse_rel=0.0503 collapse_tail=0.0093
  epoch 30: train_rel=0.9807 train_tail=0.3697 val_rel=1.0997 val_tail=0.4480 collapse_rel=0.0380 collapse_tail=0.0157
  epoch 31: train_rel=0.9732 train_tail=0.3696 val_rel=1.0894 val_tail=0.4432 collapse_rel=0.0539 collapse_tail=0.0147
  epoch 32: train_rel=0.9673 train_tail=0.3713 val_rel=1.0900 val_tail=0.4441 collapse_rel=0.0339 collapse_tail=0.0084
  epoch 33: train_rel=0.9655 train_tail=0.3615 val_rel=1.0814 val_tail=0.4385 collapse_rel=0.0448 collapse_tail=0.0139
  epoch 34: train_rel=0.9700 train_tail=0.3599 val_rel=1.0806 val_tail=0.4448 collapse_rel=0.0435 collapse_tail=0.0110
  epoch 35: train_rel=0.9652 train_tail=0.3563 val_rel=1.0767 val_tail=0.4422 collapse_rel=0.0288 collapse_tail=0.0137
  epoch 36: train_rel=0.9545 train_tail=0.3587 val_rel=1.0750 val_tail=0.4335 collapse_rel=0.0391 collapse_tail=0.0211
  epoch 37: train_rel=0.9552 train_tail=0.3509 val_rel=1.0804 val_tail=0.4262 collapse_rel=0.0354 collapse_tail=0.0107
  epoch 38: train_rel=0.9578 train_tail=0.3553 val_rel=1.0785 val_tail=0.4280 collapse_rel=0.0338 collapse_tail=0.0063
  epoch 39: train_rel=0.9496 train_tail=0.3481 val_rel=1.0794 val_tail=0.4334 collapse_rel=0.0340 collapse_tail=0.0075
  epoch 40: train_rel=0.9456 train_tail=0.3456 val_rel=1.0762 val_tail=0.4360 collapse_rel=0.0420 collapse_tail=0.0132
  epoch 41: train_rel=0.9476 train_tail=0.3474 val_rel=1.0754 val_tail=0.4303 collapse_rel=0.0392 collapse_tail=0.0154
  early stopping at epoch 41 (best_val_rel=1.0750)
Saved best checkpoint to /Users/haseeb/Desktop/mitacs_project/week5/phase16d_dedicated_capacity/models/dedicated_capacity.pt (best_val_rel=1.0750)
Saved /Users/haseeb/Desktop/mitacs_project/week5/phase16d_dedicated_capacity/models/training_curves.json
