Full training run on device=mps
epoch 0 step 100: loss=-3.3148 D_pos=1.8938 D_neg=1.7852 lr=4.98e-05
epoch 0 step 200: loss=-3.4013 D_pos=1.8721 D_neg=1.7553 lr=4.95e-05
epoch 0 step 300: loss=-3.4097 D_pos=1.9074 D_neg=1.8030 lr=4.93e-05
epoch 0 step 400: loss=-3.3935 D_pos=1.9207 D_neg=1.8080 lr=4.91e-05
epoch 0 step 500: loss=-3.4073 D_pos=1.8990 D_neg=1.7828 lr=4.89e-05
== epoch 0 done: train_loss=-3.2117 val_loss=-3.4296 val_D_pos=1.8919 val_D_neg=1.7827 ==
  -> new best val_loss -3.4296, checkpoint saved
epoch 1 step 600: loss=-3.4097 D_pos=1.8761 D_neg=1.7647 lr=4.86e-05
epoch 1 step 700: loss=-3.4446 D_pos=1.8814 D_neg=1.7800 lr=4.84e-05
epoch 1 step 800: loss=-3.4553 D_pos=1.9011 D_neg=1.8028 lr=4.82e-05
epoch 1 step 900: loss=-3.4342 D_pos=1.9052 D_neg=1.7991 lr=4.80e-05
epoch 1 step 1000: loss=-3.4532 D_pos=1.8760 D_neg=1.7759 lr=4.77e-05
epoch 1 step 1100: loss=-3.4302 D_pos=1.8740 D_neg=1.7773 lr=4.75e-05
== epoch 1 done: train_loss=-3.4406 val_loss=-3.4493 val_D_pos=1.8942 val_D_neg=1.7904 ==
  -> new best val_loss -3.4493, checkpoint saved
epoch 2 step 1200: loss=-3.4503 D_pos=1.8672 D_neg=1.7635 lr=4.73e-05
epoch 2 step 1300: loss=-3.4483 D_pos=1.8823 D_neg=1.7789 lr=4.71e-05
epoch 2 step 1400: loss=-3.4527 D_pos=1.8868 D_neg=1.7880 lr=4.68e-05
epoch 2 step 1500: loss=-3.4687 D_pos=1.8929 D_neg=1.8073 lr=4.66e-05
epoch 2 step 1600: loss=-3.4452 D_pos=1.9047 D_neg=1.7961 lr=4.64e-05
== epoch 2 done: train_loss=-3.4518 val_loss=-3.4557 val_D_pos=1.8938 val_D_neg=1.7933 ==
  -> new best val_loss -3.4557, checkpoint saved
epoch 3 step 1700: loss=-3.4576 D_pos=1.9167 D_neg=1.8147 lr=4.62e-05
epoch 3 step 1800: loss=-3.4332 D_pos=1.9155 D_neg=1.8053 lr=4.59e-05
epoch 3 step 1900: loss=-3.4679 D_pos=1.8885 D_neg=1.7921 lr=4.57e-05
epoch 3 step 2000: loss=-3.4762 D_pos=1.8805 D_neg=1.7969 lr=4.55e-05
epoch 3 step 2100: loss=-3.4594 D_pos=1.9162 D_neg=1.8127 lr=4.53e-05
epoch 3 step 2200: loss=-3.4459 D_pos=1.9046 D_neg=1.8076 lr=4.50e-05
== epoch 3 done: train_loss=-3.4591 val_loss=-3.4612 val_D_pos=1.8920 val_D_neg=1.7938 ==
  -> new best val_loss -3.4612, checkpoint saved
epoch 4 step 2300: loss=-3.4853 D_pos=1.8718 D_neg=1.7994 lr=4.48e-05
epoch 4 step 2400: loss=-3.4415 D_pos=1.8793 D_neg=1.7703 lr=4.46e-05
epoch 4 step 2500: loss=-3.4462 D_pos=1.8999 D_neg=1.7842 lr=4.44e-05
epoch 4 step 2600: loss=-3.4517 D_pos=1.8844 D_neg=1.7935 lr=4.41e-05
epoch 4 step 2700: loss=-3.4471 D_pos=1.9277 D_neg=1.8131 lr=4.39e-05
== epoch 4 done: train_loss=-3.4620 val_loss=-3.4633 val_D_pos=1.8903 val_D_neg=1.7931 ==
  -> new best val_loss -3.4633, checkpoint saved
epoch 5 step 2800: loss=-3.4646 D_pos=1.8723 D_neg=1.7889 lr=4.37e-05
epoch 5 step 2900: loss=-3.4656 D_pos=1.9013 D_neg=1.8035 lr=4.35e-05
epoch 5 step 3000: loss=-3.4663 D_pos=1.9028 D_neg=1.8063 lr=4.32e-05
epoch 5 step 3100: loss=-3.4623 D_pos=1.8910 D_neg=1.8015 lr=4.30e-05
epoch 5 step 3200: loss=-3.4578 D_pos=1.9232 D_neg=1.8044 lr=4.28e-05
epoch 5 step 3300: loss=-3.4558 D_pos=1.8972 D_neg=1.7893 lr=4.26e-05
== epoch 5 done: train_loss=-3.4639 val_loss=-3.4673 val_D_pos=1.8879 val_D_neg=1.7921 ==
  -> new best val_loss -3.4673, checkpoint saved
epoch 6 step 3400: loss=-3.4666 D_pos=1.9025 D_neg=1.8120 lr=4.23e-05
epoch 6 step 3500: loss=-3.4952 D_pos=1.8588 D_neg=1.7901 lr=4.21e-05
epoch 6 step 3600: loss=-3.4476 D_pos=1.8951 D_neg=1.7959 lr=4.19e-05
epoch 6 step 3700: loss=-3.4440 D_pos=1.9175 D_neg=1.8099 lr=4.17e-05
epoch 6 step 3800: loss=-3.4556 D_pos=1.9274 D_neg=1.8232 lr=4.14e-05
== epoch 6 done: train_loss=-3.4653 val_loss=-3.4682 val_D_pos=1.8857 val_D_neg=1.7922 ==
  -> new best val_loss -3.4682, checkpoint saved
epoch 7 step 3900: loss=-3.4710 D_pos=1.9042 D_neg=1.7947 lr=4.12e-05
epoch 7 step 4000: loss=-3.4568 D_pos=1.9044 D_neg=1.7947 lr=4.10e-05
epoch 7 step 4100: loss=-3.4590 D_pos=1.9167 D_neg=1.8124 lr=4.08e-05
epoch 7 step 4200: loss=-3.4710 D_pos=1.8471 D_neg=1.7715 lr=4.05e-05
epoch 7 step 4300: loss=-3.4726 D_pos=1.8784 D_neg=1.7905 lr=4.03e-05
epoch 7 step 4400: loss=-3.4765 D_pos=1.8738 D_neg=1.7768 lr=4.01e-05
== epoch 7 done: train_loss=-3.4684 val_loss=-3.4713 val_D_pos=1.8850 val_D_neg=1.7929 ==
  -> new best val_loss -3.4713, checkpoint saved
epoch 8 step 4500: loss=-3.4732 D_pos=1.8854 D_neg=1.8029 lr=3.99e-05
epoch 8 step 4600: loss=-3.4631 D_pos=1.9012 D_neg=1.8003 lr=3.96e-05
epoch 8 step 4700: loss=-3.4488 D_pos=1.9019 D_neg=1.8035 lr=3.94e-05
epoch 8 step 4800: loss=-3.4490 D_pos=1.8565 D_neg=1.7645 lr=3.92e-05
epoch 8 step 4900: loss=-3.4789 D_pos=1.8663 D_neg=1.7831 lr=3.90e-05
epoch 8 step 5000: loss=-3.4701 D_pos=1.8818 D_neg=1.8025 lr=3.87e-05
== epoch 8 done: train_loss=-3.4689 val_loss=-3.4717 val_D_pos=1.8832 val_D_neg=1.7926 ==
  -> new best val_loss -3.4717, checkpoint saved
epoch 9 step 5100: loss=-3.4878 D_pos=1.8658 D_neg=1.7834 lr=3.85e-05
epoch 9 step 5200: loss=-3.4884 D_pos=1.8654 D_neg=1.7894 lr=3.83e-05
epoch 9 step 5300: loss=-3.4731 D_pos=1.8913 D_neg=1.7966 lr=3.81e-05
epoch 9 step 5400: loss=-3.4889 D_pos=1.8839 D_neg=1.7993 lr=3.78e-05
epoch 9 step 5500: loss=-3.4787 D_pos=1.8728 D_neg=1.7880 lr=3.76e-05
== epoch 9 done: train_loss=-3.4710 val_loss=-3.4736 val_D_pos=1.8814 val_D_neg=1.7914 ==
  -> new best val_loss -3.4736, checkpoint saved
epoch 10 step 5600: loss=-3.4986 D_pos=1.8596 D_neg=1.7823 lr=3.74e-05
epoch 10 step 5700: loss=-3.4864 D_pos=1.8520 D_neg=1.7792 lr=3.72e-05
epoch 10 step 5800: loss=-3.4452 D_pos=1.8914 D_neg=1.7790 lr=3.69e-05
epoch 10 step 5900: loss=-3.4785 D_pos=1.8898 D_neg=1.7978 lr=3.67e-05
epoch 10 step 6000: loss=-3.4611 D_pos=1.8600 D_neg=1.7778 lr=3.65e-05
epoch 10 step 6100: loss=-3.5051 D_pos=1.8458 D_neg=1.7824 lr=3.63e-05
== epoch 10 done: train_loss=-3.4708 val_loss=-3.4739 val_D_pos=1.8799 val_D_neg=1.7903 ==
  -> new best val_loss -3.4739, checkpoint saved
epoch 11 step 6200: loss=-3.4702 D_pos=1.8634 D_neg=1.7777 lr=3.60e-05
epoch 11 step 6300: loss=-3.4516 D_pos=1.8631 D_neg=1.7742 lr=3.58e-05
epoch 11 step 6400: loss=-3.4657 D_pos=1.8685 D_neg=1.7749 lr=3.56e-05
epoch 11 step 6500: loss=-3.5072 D_pos=1.8692 D_neg=1.8060 lr=3.54e-05
epoch 11 step 6600: loss=-3.4976 D_pos=1.8704 D_neg=1.7939 lr=3.51e-05
== epoch 11 done: train_loss=-3.4732 val_loss=-3.4751 val_D_pos=1.8781 val_D_neg=1.7894 ==
  -> new best val_loss -3.4751, checkpoint saved
epoch 12 step 6700: loss=-3.4851 D_pos=1.8602 D_neg=1.7889 lr=3.49e-05
epoch 12 step 6800: loss=-3.4587 D_pos=1.8893 D_neg=1.8001 lr=3.47e-05
epoch 12 step 6900: loss=-3.4894 D_pos=1.8593 D_neg=1.7904 lr=3.45e-05
epoch 12 step 7000: loss=-3.4673 D_pos=1.9190 D_neg=1.8177 lr=3.42e-05
epoch 12 step 7100: loss=-3.4832 D_pos=1.8641 D_neg=1.7721 lr=3.40e-05
epoch 12 step 7200: loss=-3.4400 D_pos=1.8610 D_neg=1.7761 lr=3.38e-05
== epoch 12 done: train_loss=-3.4736 val_loss=-3.4770 val_D_pos=1.8771 val_D_neg=1.7894 ==
  -> new best val_loss -3.4770, checkpoint saved
epoch 13 step 7300: loss=-3.4618 D_pos=1.9037 D_neg=1.8028 lr=3.36e-05
epoch 13 step 7400: loss=-3.4884 D_pos=1.8591 D_neg=1.7674 lr=3.33e-05
epoch 13 step 7500: loss=-3.4683 D_pos=1.8884 D_neg=1.8029 lr=3.31e-05
epoch 13 step 7600: loss=-3.4774 D_pos=1.8441 D_neg=1.7574 lr=3.29e-05
epoch 13 step 7700: loss=-3.4628 D_pos=1.8852 D_neg=1.7980 lr=3.27e-05
== epoch 13 done: train_loss=-3.4749 val_loss=-3.4769 val_D_pos=1.8762 val_D_neg=1.7888 ==
epoch 14 step 7800: loss=-3.4692 D_pos=1.8899 D_neg=1.8056 lr=3.24e-05
epoch 14 step 7900: loss=-3.4628 D_pos=1.8882 D_neg=1.7965 lr=3.22e-05
epoch 14 step 8000: loss=-3.4673 D_pos=1.8951 D_neg=1.8115 lr=3.20e-05
epoch 14 step 8100: loss=-3.4872 D_pos=1.8753 D_neg=1.7989 lr=3.18e-05
epoch 14 step 8200: loss=-3.4617 D_pos=1.8508 D_neg=1.7526 lr=3.15e-05
epoch 14 step 8300: loss=-3.4462 D_pos=1.8895 D_neg=1.7846 lr=3.13e-05
== epoch 14 done: train_loss=-3.4766 val_loss=-3.4770 val_D_pos=1.8746 val_D_neg=1.7878 ==
epoch 15 step 8400: loss=-3.4317 D_pos=1.8805 D_neg=1.7684 lr=3.11e-05
epoch 15 step 8500: loss=-3.4853 D_pos=1.8659 D_neg=1.8045 lr=3.09e-05
epoch 15 step 8600: loss=-3.4787 D_pos=1.8607 D_neg=1.7881 lr=3.06e-05
epoch 15 step 8700: loss=-3.4748 D_pos=1.8786 D_neg=1.7968 lr=3.04e-05
epoch 15 step 8800: loss=-3.4811 D_pos=1.8747 D_neg=1.7923 lr=3.02e-05
== epoch 15 done: train_loss=-3.4751 val_loss=-3.4782 val_D_pos=1.8739 val_D_neg=1.7876 ==
  -> new best val_loss -3.4782, checkpoint saved
epoch 16 step 8900: loss=-3.4954 D_pos=1.8688 D_neg=1.7922 lr=3.00e-05
epoch 16 step 9000: loss=-3.4970 D_pos=1.8831 D_neg=1.8122 lr=2.97e-05
epoch 16 step 9100: loss=-3.4557 D_pos=1.8901 D_neg=1.7974 lr=2.95e-05
epoch 16 step 9200: loss=-3.4654 D_pos=1.8698 D_neg=1.7852 lr=2.93e-05
epoch 16 step 9300: loss=-3.4703 D_pos=1.8701 D_neg=1.7774 lr=2.91e-05
epoch 16 step 9400: loss=-3.4882 D_pos=1.8830 D_neg=1.7987 lr=2.88e-05
== epoch 16 done: train_loss=-3.4775 val_loss=-3.4785 val_D_pos=1.8740 val_D_neg=1.7881 ==
  -> new best val_loss -3.4785, checkpoint saved
epoch 17 step 9500: loss=-3.4979 D_pos=1.8857 D_neg=1.8159 lr=2.86e-05
epoch 17 step 9600: loss=-3.4813 D_pos=1.8842 D_neg=1.7861 lr=2.84e-05
epoch 17 step 9700: loss=-3.4931 D_pos=1.8539 D_neg=1.7820 lr=2.82e-05
epoch 17 step 9800: loss=-3.4808 D_pos=1.8620 D_neg=1.7730 lr=2.79e-05
epoch 17 step 9900: loss=-3.4988 D_pos=1.8495 D_neg=1.7826 lr=2.77e-05
epoch 17 step 10000: loss=-3.4826 D_pos=1.8582 D_neg=1.7870 lr=2.75e-05
== epoch 17 done: train_loss=-3.4796 val_loss=-3.4786 val_D_pos=1.8724 val_D_neg=1.7863 ==
epoch 18 step 10100: loss=-3.4774 D_pos=1.8677 D_neg=1.7958 lr=2.73e-05
epoch 18 step 10200: loss=-3.4742 D_pos=1.8729 D_neg=1.7802 lr=2.70e-05
epoch 18 step 10300: loss=-3.4902 D_pos=1.8657 D_neg=1.7975 lr=2.68e-05
epoch 18 step 10400: loss=-3.4488 D_pos=1.9083 D_neg=1.8111 lr=2.66e-05
epoch 18 step 10500: loss=-3.4866 D_pos=1.8592 D_neg=1.7842 lr=2.64e-05
== epoch 18 done: train_loss=-3.4787 val_loss=-3.4787 val_D_pos=1.8722 val_D_neg=1.7872 ==
  -> new best val_loss -3.4787, checkpoint saved
epoch 19 step 10600: loss=-3.4679 D_pos=1.8992 D_neg=1.8026 lr=2.61e-05
epoch 19 step 10700: loss=-3.5038 D_pos=1.8256 D_neg=1.7607 lr=2.59e-05
epoch 19 step 10800: loss=-3.4859 D_pos=1.8551 D_neg=1.7720 lr=2.57e-05
epoch 19 step 10900: loss=-3.4848 D_pos=1.8614 D_neg=1.7772 lr=2.55e-05
epoch 19 step 11000: loss=-3.4794 D_pos=1.8813 D_neg=1.7965 lr=2.52e-05
epoch 19 step 11100: loss=-3.4858 D_pos=1.8666 D_neg=1.7814 lr=2.50e-05
== epoch 19 done: train_loss=-3.4794 val_loss=-3.4804 val_D_pos=1.8718 val_D_neg=1.7871 ==
  -> new best val_loss -3.4804, checkpoint saved
epoch 20 step 11200: loss=-3.4975 D_pos=1.8613 D_neg=1.7932 lr=2.48e-05
epoch 20 step 11300: loss=-3.4890 D_pos=1.8544 D_neg=1.7777 lr=2.45e-05
epoch 20 step 11400: loss=-3.4916 D_pos=1.8630 D_neg=1.7881 lr=2.43e-05
epoch 20 step 11500: loss=-3.4698 D_pos=1.9054 D_neg=1.8103 lr=2.41e-05
epoch 20 step 11600: loss=-3.4830 D_pos=1.8638 D_neg=1.7919 lr=2.39e-05
== epoch 20 done: train_loss=-3.4803 val_loss=-3.4804 val_D_pos=1.8712 val_D_neg=1.7865 ==
epoch 21 step 11700: loss=-3.4532 D_pos=1.8669 D_neg=1.7666 lr=2.36e-05
epoch 21 step 11800: loss=-3.4470 D_pos=1.8901 D_neg=1.7934 lr=2.34e-05
epoch 21 step 11900: loss=-3.5133 D_pos=1.8095 D_neg=1.7646 lr=2.32e-05
epoch 21 step 12000: loss=-3.4781 D_pos=1.8476 D_neg=1.7667 lr=2.30e-05
epoch 21 step 12100: loss=-3.4787 D_pos=1.8904 D_neg=1.7920 lr=2.27e-05
epoch 21 step 12200: loss=-3.4519 D_pos=1.8854 D_neg=1.7921 lr=2.25e-05
== epoch 21 done: train_loss=-3.4795 val_loss=-3.4813 val_D_pos=1.8705 val_D_neg=1.7866 ==
  -> new best val_loss -3.4813, checkpoint saved
epoch 22 step 12300: loss=-3.4689 D_pos=1.8649 D_neg=1.7830 lr=2.23e-05
epoch 22 step 12400: loss=-3.4903 D_pos=1.8542 D_neg=1.7774 lr=2.21e-05
epoch 22 step 12500: loss=-3.4795 D_pos=1.8525 D_neg=1.7806 lr=2.18e-05
epoch 22 step 12600: loss=-3.4488 D_pos=1.9041 D_neg=1.8161 lr=2.16e-05
epoch 22 step 12700: loss=-3.4650 D_pos=1.8516 D_neg=1.7777 lr=2.14e-05
== epoch 22 done: train_loss=-3.4807 val_loss=-3.4807 val_D_pos=1.8706 val_D_neg=1.7860 ==
epoch 23 step 12800: loss=-3.4690 D_pos=1.8624 D_neg=1.7693 lr=2.12e-05
epoch 23 step 12900: loss=-3.5056 D_pos=1.8537 D_neg=1.7894 lr=2.09e-05
epoch 23 step 13000: loss=-3.4942 D_pos=1.8561 D_neg=1.7830 lr=2.07e-05
epoch 23 step 13100: loss=-3.4881 D_pos=1.8632 D_neg=1.7869 lr=2.05e-05
epoch 23 step 13200: loss=-3.4634 D_pos=1.8714 D_neg=1.7828 lr=2.03e-05
epoch 23 step 13300: loss=-3.4756 D_pos=1.8701 D_neg=1.7945 lr=2.00e-05
== epoch 23 done: train_loss=-3.4829 val_loss=-3.4830 val_D_pos=1.8707 val_D_neg=1.7868 ==
  -> new best val_loss -3.4830, checkpoint saved
epoch 24 step 13400: loss=-3.4995 D_pos=1.8659 D_neg=1.7924 lr=1.98e-05
epoch 24 step 13500: loss=-3.4620 D_pos=1.8854 D_neg=1.7897 lr=1.96e-05
epoch 24 step 13600: loss=-3.4853 D_pos=1.8699 D_neg=1.7824 lr=1.94e-05
epoch 24 step 13700: loss=-3.5096 D_pos=1.8664 D_neg=1.8008 lr=1.91e-05
epoch 24 step 13800: loss=-3.4992 D_pos=1.8602 D_neg=1.7986 lr=1.89e-05
epoch 24 step 13900: loss=-3.4520 D_pos=1.8589 D_neg=1.8003 lr=1.87e-05
== epoch 24 done: train_loss=-3.4824 val_loss=-3.4817 val_D_pos=1.8696 val_D_neg=1.7859 ==
epoch 25 step 14000: loss=-3.4711 D_pos=1.8584 D_neg=1.7844 lr=1.85e-05
epoch 25 step 14100: loss=-3.4625 D_pos=1.8425 D_neg=1.7512 lr=1.82e-05
epoch 25 step 14200: loss=-3.4952 D_pos=1.8615 D_neg=1.7922 lr=1.80e-05
epoch 25 step 14300: loss=-3.4878 D_pos=1.8774 D_neg=1.7955 lr=1.78e-05
epoch 25 step 14400: loss=-3.4933 D_pos=1.8641 D_neg=1.7892 lr=1.76e-05
== epoch 25 done: train_loss=-3.4830 val_loss=-3.4835 val_D_pos=1.8697 val_D_neg=1.7863 ==
  -> new best val_loss -3.4835, checkpoint saved
epoch 26 step 14500: loss=-3.4840 D_pos=1.8639 D_neg=1.7887 lr=1.73e-05
epoch 26 step 14600: loss=-3.5086 D_pos=1.8641 D_neg=1.7939 lr=1.71e-05
epoch 26 step 14700: loss=-3.4814 D_pos=1.8747 D_neg=1.7943 lr=1.69e-05
epoch 26 step 14800: loss=-3.4761 D_pos=1.8628 D_neg=1.7846 lr=1.67e-05
epoch 26 step 14900: loss=-3.4719 D_pos=1.8602 D_neg=1.7685 lr=1.64e-05
epoch 26 step 15000: loss=-3.4890 D_pos=1.8487 D_neg=1.7743 lr=1.62e-05
== epoch 26 done: train_loss=-3.4833 val_loss=-3.4836 val_D_pos=1.8698 val_D_neg=1.7868 ==
  -> new best val_loss -3.4836, checkpoint saved
epoch 27 step 15100: loss=-3.4872 D_pos=1.8435 D_neg=1.7543 lr=1.60e-05
epoch 27 step 15200: loss=-3.4882 D_pos=1.8939 D_neg=1.8095 lr=1.58e-05
epoch 27 step 15300: loss=-3.4656 D_pos=1.8842 D_neg=1.8101 lr=1.55e-05
epoch 27 step 15400: loss=-3.5009 D_pos=1.8587 D_neg=1.7854 lr=1.53e-05
epoch 27 step 15500: loss=-3.4655 D_pos=1.8834 D_neg=1.7848 lr=1.51e-05
== epoch 27 done: train_loss=-3.4835 val_loss=-3.4837 val_D_pos=1.8691 val_D_neg=1.7861 ==
  -> new best val_loss -3.4837, checkpoint saved
epoch 28 step 15600: loss=-3.4837 D_pos=1.8722 D_neg=1.7917 lr=1.49e-05
epoch 28 step 15700: loss=-3.4896 D_pos=1.8720 D_neg=1.7936 lr=1.46e-05
epoch 28 step 15800: loss=-3.4817 D_pos=1.8733 D_neg=1.7934 lr=1.44e-05
epoch 28 step 15900: loss=-3.4879 D_pos=1.8668 D_neg=1.7794 lr=1.42e-05
epoch 28 step 16000: loss=-3.4754 D_pos=1.8623 D_neg=1.7757 lr=1.40e-05
epoch 28 step 16100: loss=-3.4743 D_pos=1.8865 D_neg=1.8095 lr=1.37e-05
== epoch 28 done: train_loss=-3.4842 val_loss=-3.4842 val_D_pos=1.8692 val_D_neg=1.7863 ==
  -> new best val_loss -3.4842, checkpoint saved
epoch 29 step 16200: loss=-3.5105 D_pos=1.8484 D_neg=1.7909 lr=1.35e-05
epoch 29 step 16300: loss=-3.4871 D_pos=1.8598 D_neg=1.7906 lr=1.33e-05
epoch 29 step 16400: loss=-3.5041 D_pos=1.8499 D_neg=1.7879 lr=1.31e-05
epoch 29 step 16500: loss=-3.4725 D_pos=1.8953 D_neg=1.7946 lr=1.28e-05
epoch 29 step 16600: loss=-3.4922 D_pos=1.8403 D_neg=1.7562 lr=1.26e-05
== epoch 29 done: train_loss=-3.4838 val_loss=-3.4841 val_D_pos=1.8686 val_D_neg=1.7859 ==
epoch 30 step 16700: loss=-3.4754 D_pos=1.8681 D_neg=1.7868 lr=1.24e-05
epoch 30 step 16800: loss=-3.4933 D_pos=1.8410 D_neg=1.7763 lr=1.22e-05
epoch 30 step 16900: loss=-3.4768 D_pos=1.8663 D_neg=1.7878 lr=1.19e-05
epoch 30 step 17000: loss=-3.4799 D_pos=1.8559 D_neg=1.7650 lr=1.17e-05
epoch 30 step 17100: loss=-3.5173 D_pos=1.8566 D_neg=1.8003 lr=1.15e-05
epoch 30 step 17200: loss=-3.4732 D_pos=1.8819 D_neg=1.7988 lr=1.13e-05
== epoch 30 done: train_loss=-3.4843 val_loss=-3.4847 val_D_pos=1.8682 val_D_neg=1.7863 ==
  -> new best val_loss -3.4847, checkpoint saved
epoch 31 step 17300: loss=-3.5017 D_pos=1.8365 D_neg=1.7750 lr=1.10e-05
epoch 31 step 17400: loss=-3.4789 D_pos=1.8452 D_neg=1.7681 lr=1.08e-05
epoch 31 step 17500: loss=-3.4825 D_pos=1.8602 D_neg=1.7778 lr=1.06e-05
epoch 31 step 17600: loss=-3.4603 D_pos=1.8635 D_neg=1.7845 lr=1.04e-05
epoch 31 step 17700: loss=-3.5096 D_pos=1.8557 D_neg=1.7869 lr=1.01e-05
== epoch 31 done: train_loss=-3.4849 val_loss=-3.4852 val_D_pos=1.8685 val_D_neg=1.7861 ==
  -> new best val_loss -3.4852, checkpoint saved
epoch 32 step 17800: loss=-3.4674 D_pos=1.8664 D_neg=1.7913 lr=9.91e-06
epoch 32 step 17900: loss=-3.5050 D_pos=1.8494 D_neg=1.7859 lr=9.68e-06
epoch 32 step 18000: loss=-3.4938 D_pos=1.8698 D_neg=1.7933 lr=9.46e-06
epoch 32 step 18100: loss=-3.4769 D_pos=1.8768 D_neg=1.7912 lr=9.23e-06
epoch 32 step 18200: loss=-3.4887 D_pos=1.8468 D_neg=1.7573 lr=9.01e-06
epoch 32 step 18300: loss=-3.4793 D_pos=1.8576 D_neg=1.7817 lr=8.78e-06
== epoch 32 done: train_loss=-3.4854 val_loss=-3.4860 val_D_pos=1.8683 val_D_neg=1.7866 ==
  -> new best val_loss -3.4860, checkpoint saved
epoch 33 step 18400: loss=-3.4962 D_pos=1.8377 D_neg=1.7728 lr=8.56e-06
epoch 33 step 18500: loss=-3.4889 D_pos=1.8507 D_neg=1.7629 lr=8.33e-06
epoch 33 step 18600: loss=-3.4886 D_pos=1.8593 D_neg=1.7860 lr=8.11e-06
epoch 33 step 18700: loss=-3.4750 D_pos=1.8644 D_neg=1.7770 lr=7.88e-06
epoch 33 step 18800: loss=-3.4525 D_pos=1.8518 D_neg=1.7574 lr=7.66e-06
epoch 33 step 18900: loss=-3.4919 D_pos=1.8444 D_neg=1.7735 lr=7.43e-06
== epoch 33 done: train_loss=-3.4851 val_loss=-3.4850 val_D_pos=1.8682 val_D_neg=1.7861 ==
epoch 34 step 19000: loss=-3.4590 D_pos=1.8909 D_neg=1.7979 lr=7.21e-06
epoch 34 step 19100: loss=-3.4855 D_pos=1.8335 D_neg=1.7564 lr=6.98e-06
epoch 34 step 19200: loss=-3.4765 D_pos=1.8649 D_neg=1.7786 lr=6.76e-06
epoch 34 step 19300: loss=-3.4947 D_pos=1.8420 D_neg=1.7613 lr=6.53e-06
epoch 34 step 19400: loss=-3.4804 D_pos=1.8693 D_neg=1.7813 lr=6.31e-06
== epoch 34 done: train_loss=-3.4865 val_loss=-3.4852 val_D_pos=1.8682 val_D_neg=1.7862 ==
epoch 35 step 19500: loss=-3.4905 D_pos=1.8560 D_neg=1.7801 lr=6.08e-06
epoch 35 step 19600: loss=-3.4752 D_pos=1.8566 D_neg=1.7863 lr=5.86e-06
epoch 35 step 19700: loss=-3.4816 D_pos=1.8714 D_neg=1.7803 lr=5.63e-06
epoch 35 step 19800: loss=-3.5052 D_pos=1.8664 D_neg=1.8009 lr=5.41e-06
epoch 35 step 19900: loss=-3.4927 D_pos=1.8708 D_neg=1.8038 lr=5.18e-06
epoch 35 step 20000: loss=-3.5087 D_pos=1.8468 D_neg=1.7845 lr=4.95e-06
== epoch 35 done: train_loss=-3.4861 val_loss=-3.4858 val_D_pos=1.8682 val_D_neg=1.7865 ==
epoch 36 step 20100: loss=-3.5002 D_pos=1.8606 D_neg=1.7972 lr=4.73e-06
epoch 36 step 20200: loss=-3.4846 D_pos=1.8772 D_neg=1.7928 lr=4.50e-06
epoch 36 step 20300: loss=-3.4716 D_pos=1.8344 D_neg=1.7514 lr=4.28e-06
epoch 36 step 20400: loss=-3.4850 D_pos=1.8716 D_neg=1.7865 lr=4.05e-06
epoch 36 step 20500: loss=-3.4794 D_pos=1.8464 D_neg=1.7572 lr=3.83e-06
== epoch 36 done: train_loss=-3.4856 val_loss=-3.4856 val_D_pos=1.8679 val_D_neg=1.7862 ==
epoch 37 step 20600: loss=-3.4665 D_pos=1.8915 D_neg=1.7942 lr=3.60e-06
epoch 37 step 20700: loss=-3.5043 D_pos=1.8605 D_neg=1.7791 lr=3.38e-06
epoch 37 step 20800: loss=-3.4784 D_pos=1.8534 D_neg=1.7659 lr=3.15e-06
epoch 37 step 20900: loss=-3.5007 D_pos=1.8488 D_neg=1.7851 lr=2.93e-06
epoch 37 step 21000: loss=-3.4904 D_pos=1.8548 D_neg=1.7840 lr=2.70e-06
epoch 37 step 21100: loss=-3.4757 D_pos=1.8606 D_neg=1.7821 lr=2.48e-06
== epoch 37 done: train_loss=-3.4868 val_loss=-3.4861 val_D_pos=1.8682 val_D_neg=1.7865 ==
  -> new best val_loss -3.4861, checkpoint saved
epoch 38 step 21200: loss=-3.4940 D_pos=1.8496 D_neg=1.7644 lr=2.25e-06
epoch 38 step 21300: loss=-3.4981 D_pos=1.8690 D_neg=1.7898 lr=2.03e-06
epoch 38 step 21400: loss=-3.4726 D_pos=1.8415 D_neg=1.7779 lr=1.80e-06
epoch 38 step 21500: loss=-3.4657 D_pos=1.8726 D_neg=1.7707 lr=1.58e-06
epoch 38 step 21600: loss=-3.4625 D_pos=1.8698 D_neg=1.7759 lr=1.35e-06
== epoch 38 done: train_loss=-3.4862 val_loss=-3.4863 val_D_pos=1.8682 val_D_neg=1.7866 ==
  -> new best val_loss -3.4863, checkpoint saved
epoch 39 step 21700: loss=-3.4853 D_pos=1.8600 D_neg=1.7719 lr=1.13e-06
epoch 39 step 21800: loss=-3.5101 D_pos=1.8813 D_neg=1.8041 lr=9.01e-07
epoch 39 step 21900: loss=-3.4766 D_pos=1.8791 D_neg=1.7917 lr=6.76e-07
epoch 39 step 22000: loss=-3.5063 D_pos=1.8232 D_neg=1.7635 lr=4.50e-07
epoch 39 step 22100: loss=-3.4927 D_pos=1.8291 D_neg=1.7669 lr=2.25e-07
epoch 39 step 22200: loss=-3.4907 D_pos=1.8569 D_neg=1.7807 lr=0.00e+00
== epoch 39 done: train_loss=-3.4873 val_loss=-3.4863 val_D_pos=1.8683 val_D_neg=1.7866 ==
Full training finished in 24872.3s (414.5 min)
[{'epoch': 0, 'train_loss': -3.2117063630399088, 'val_loss': -3.4296345755739033, 'val_D_pos': 1.8918930061173234, 'val_D_neg': 1.7827335644583657}, {'epoch': 1, 'train_loss': -3.4406177290051962, 'val_loss': -3.4493242479720205, 'val_D_pos': 1.8941599948788592, 'val_D_neg': 1.790379241448622}, {'epoch': 2, 'train_loss': -3.4517994548777025, 'val_loss': -3.4557023858124354, 'val_D_pos': 1.8938300635126777, 'val_D_neg': 1.7933111991264725}, {'epoch': 3, 'train_loss': -3.4590835331155243, 'val_loss': -3.4611624051939764, 'val_D_pos': 1.8920240566755335, 'val_D_neg': 1.7938054411338185}, {'epoch': 4, 'train_loss': -3.4620209610719477, 'val_loss': -3.463302014009008, 'val_D_pos': 1.8902899936521016, 'val_D_neg': 1.793113466410798}, {'epoch': 5, 'train_loss': -3.4639118292348847, 'val_loss': -3.46727594789469, 'val_D_pos': 1.8878807224825302, 'val_D_neg': 1.7921029802810098}, {'epoch': 6, 'train_loss': -3.4652854577242898, 'val_loss': -3.4682473236659788, 'val_D_pos': 1.8856979056888217, 'val_D_neg': 1.7922435246361126}, {'epoch': 7, 'train_loss': -3.4684253952486053, 'val_loss': -3.4712648751600734, 'val_D_pos': 1.8850427871839432, 'val_D_neg': 1.7929080198372496}, {'epoch': 8, 'train_loss': -3.46891691358827, 'val_loss': -3.471668351371333, 'val_D_pos': 1.883196071247166, 'val_D_neg': 1.7926407086914815}, {'epoch': 9, 'train_loss': -3.4710354633468516, 'val_loss': -3.4735683855020776, 'val_D_pos': 1.881396354896561, 'val_D_neg': 1.791388268049502}, {'epoch': 10, 'train_loss': -3.470836121830151, 'val_loss': -3.473912351536301, 'val_D_pos': 1.8798691139515469, 'val_D_neg': 1.7902717323880057}, {'epoch': 11, 'train_loss': -3.4732304588496254, 'val_loss': -3.475057970802739, 'val_D_pos': 1.878050356201312, 'val_D_neg': 1.7894212269698673}, {'epoch': 12, 'train_loss': -3.4736218473894134, 'val_loss': -3.4769724944852434, 'val_D_pos': 1.87705979827768, 'val_D_neg': 1.7894004181835736}, {'epoch': 13, 'train_loss': -3.4748712297823787, 'val_loss': -3.476852943312447, 'val_D_pos': 1.876203953306068, 'val_D_neg': 1.7887741859369686}, {'epoch': 14, 'train_loss': -3.4766008768150276, 'val_loss': -3.477036071273516, 'val_D_pos': 1.8746027431140342, 'val_D_neg': 1.7877753249855726}, {'epoch': 15, 'train_loss': -3.4750613999023714, 'val_loss': -3.4781833099869064, 'val_D_pos': 1.873935475465168, 'val_D_neg': 1.7875841838079238}, {'epoch': 16, 'train_loss': -3.4775122352641263, 'val_loss': -3.478540600470777, 'val_D_pos': 1.87395334309377, 'val_D_neg': 1.788129718382638}, {'epoch': 17, 'train_loss': -3.479590343056823, 'val_loss': -3.4786113433118135, 'val_D_pos': 1.8724347416709808, 'val_D_neg': 1.7863474953978227}, {'epoch': 18, 'train_loss': -3.4787031043347696, 'val_loss': -3.478684474837105, 'val_D_pos': 1.8721804078785502, 'val_D_neg': 1.7871564502341664}, {'epoch': 19, 'train_loss': -3.4794293170352635, 'val_loss': -3.4803890507176236, 'val_D_pos': 1.871798468812269, 'val_D_neg': 1.7871357120350941}, {'epoch': 20, 'train_loss': -3.4802904888022717, 'val_loss': -3.480410395928149, 'val_D_pos': 1.8712334670829325, 'val_D_neg': 1.7865422885255806}, {'epoch': 21, 'train_loss': -3.4795409968431046, 'val_loss': -3.481336400193988, 'val_D_pos': 1.8705120704037215, 'val_D_neg': 1.7865553315108023}, {'epoch': 22, 'train_loss': -3.4807151384490855, 'val_loss': -3.4806699302961244, 'val_D_pos': 1.8705986458105301, 'val_D_neg': 1.785994556281458}, {'epoch': 23, 'train_loss': -3.4829323236033214, 'val_loss': -3.482971870674277, 'val_D_pos': 1.8707461839178634, 'val_D_neg': 1.7868434878288761}, {'epoch': 24, 'train_loss': -3.482370429759403, 'val_loss': -3.481662615290228, 'val_D_pos': 1.8696417718329146, 'val_D_neg': 1.7859377661637916}, {'epoch': 25, 'train_loss': -3.483031817477384, 'val_loss': -3.483476161956787, 'val_D_pos': 1.8697187028145827, 'val_D_neg': 1.7863229008496933}, {'epoch': 26, 'train_loss': -3.483290996482904, 'val_loss': -3.483606711873468, 'val_D_pos': 1.869849166135837, 'val_D_neg': 1.7868136155460057}, {'epoch': 27, 'train_loss': -3.483459892461626, 'val_loss': -3.4837125427318067, 'val_D_pos': 1.8690851645649604, 'val_D_neg': 1.7860640847598603}, {'epoch': 28, 'train_loss': -3.484247857718159, 'val_loss': -3.4842104461957826, 'val_D_pos': 1.8692248857480547, 'val_D_neg': 1.786299858207129}, {'epoch': 29, 'train_loss': -3.483762981222688, 'val_loss': -3.4840745071195207, 'val_D_pos': 1.8686109702893585, 'val_D_neg': 1.7858833472168296}, {'epoch': 30, 'train_loss': -3.4843430579137458, 'val_loss': -3.4847458398567057, 'val_D_pos': 1.8682450762241136, 'val_D_neg': 1.786289415943126}, {'epoch': 31, 'train_loss': -3.48491359786164, 'val_loss': -3.485171529481996, 'val_D_pos': 1.8684784762983055, 'val_D_neg': 1.786105439318754}, {'epoch': 32, 'train_loss': -3.485395670365944, 'val_loss': -3.485955463265473, 'val_D_pos': 1.868314195061161, 'val_D_neg': 1.786602261909664}, {'epoch': 33, 'train_loss': -3.4850506160756667, 'val_loss': -3.4849574475918175, 'val_D_pos': 1.8682364265217726, 'val_D_neg': 1.7861468744751225}, {'epoch': 34, 'train_loss': -3.4864976281742397, 'val_loss': -3.4852115208247922, 'val_D_pos': 1.868233363114813, 'val_D_neg': 1.7862275714792732}, {'epoch': 35, 'train_loss': -3.4861280870952194, 'val_loss': -3.485819249782922, 'val_D_pos': 1.8682099261654999, 'val_D_neg': 1.7865185490662947}, {'epoch': 36, 'train_loss': -3.485609810986965, 'val_loss': -3.4855927161450655, 'val_D_pos': 1.8679236246729793, 'val_D_neg': 1.7862297693654052}, {'epoch': 37, 'train_loss': -3.486823329393812, 'val_loss': -3.4861161798801064, 'val_D_pos': 1.8681588026243934, 'val_D_neg': 1.7864793367426162}, {'epoch': 38, 'train_loss': -3.4861808359194146, 'val_loss': -3.48631795847191, 'val_D_pos': 1.8681833911335697, 'val_D_neg': 1.786552786704083}, {'epoch': 39, 'train_loss': -3.487310082792378, 'val_loss': -3.4863459524118676, 'val_D_pos': 1.868259437417365, 'val_D_neg': 1.7865836013565368}]
