✓ Initialized. View run at 
https://modal.com/apps/muhamasif/main/ap-sbMB8hkBazZpDf8VidRu0E
✓ Created objects.
├── 🔨 Created mount 
│   /Users/haseeb/Desktop/mitacs_project/week3/phase9_polyvore_compatibility/scr
│   ipts/modal_extract_embeddings.py
└── 🔨 Created function SigLIPEmbedder.*.
Volume mounted at /data is using 89.1% of available inodes (445486 out of 500000). If you reach the limit, creating new files will fail.
Extracting polyvore_images.tar into local container disk /root/images ...
Extracted 251008 real images (macOS tar AppleDouble '._*' sidecar files present too, filtered out by the glob below, not real images).
[transformers] Model config: bos_token_id must be `None` or an integer within the vocabulary (between 0 and 31999), got 49406. This may result in unexpected behavior.
[transformers] Model config: eos_token_id must be `None` or an integer within the vocabulary (between 0 and 31999), got 49407. This may result in unexpected behavior.
Warning: You are sending unauthenticated requests to the HF Hub. Please set a HF_TOKEN to enable higher rate limits and faster downloads.

[1ALoading weights:   0%|          | 0/408 [00:00<?, ?it/s]
[1ALoading weights:  62%|██████▏   | 254/408 [00:00<00:00, 2531.46it/s]
[1ALoading weights: 100%|██████████| 408/408 [00:00<00:00, 3295.35it/s]
Extracting embeddings for 251008 images, batch_size=256...

[1A  0%|          | 0/981 [00:00<?, ?it/s]
[1A  0%|          | 1/981 [00:02<37:36,  2.30s/it]
[1A  0%|          | 2/981 [00:04<32:09,  1.97s/it]
[1A  0%|          | 3/981 [00:05<29:27,  1.81s/it]
[1A  0%|          | 4/981 [00:07<28:01,  1.72s/it]
[1A  1%|          | 5/981 [00:08<27:24,  1.68s/it]
[1A  1%|          | 6/981 [00:10<27:01,  1.66s/it]
[1A  1%|          | 7/981 [00:12<26:54,  1.66s/it]
[1A  1%|          | 8/981 [00:13<26:45,  1.65s/it]
[1A  1%|          | 9/981 [00:15<26:46,  1.65s/it]
[1A  1%|          | 10/981 [00:17<26:48,  1.66s/it]
[1A  1%|          | 11/981 [00:18<26:42,  1.65s/it]
[1A  1%|          | 12/981 [00:20<26:35,  1.65s/it]
[1A  1%|▏         | 13/981 [00:22<26:32,  1.65s/it]
[1A  1%|▏         | 14/981 [00:23<26:35,  1.65s/it]
[1A  2%|▏         | 15/981 [00:25<26:24,  1.64s/it]
[1A  2%|▏         | 16/981 [00:26<26:23,  1.64s/it]
[1A  2%|▏         | 17/981 [00:28<26:45,  1.66s/it]
[1A  2%|▏         | 18/981 [00:30<26:41,  1.66s/it]
[1A  2%|▏         | 19/981 [00:32<26:55,  1.68s/it]
[1A  2%|▏         | 20/981 [00:33<26:54,  1.68s/it]
[1A  2%|▏         | 21/981 [00:35<26:47,  1.67s/it]
[1A  2%|▏         | 22/981 [00:37<26:35,  1.66s/it]
[1A  2%|▏         | 23/981 [00:38<26:32,  1.66s/it]
[1A  2%|▏         | 24/981 [00:40<26:24,  1.66s/it]
[1A  3%|▎         | 25/981 [00:41<26:12,  1.64s/it]
[1A  3%|▎         | 26/981 [00:43<26:09,  1.64s/it]
[1A  3%|▎         | 27/981 [00:45<26:07,  1.64s/it]
[1A  3%|▎         | 28/981 [00:46<26:04,  1.64s/it]
[1A  3%|▎         | 29/981 [00:48<26:08,  1.65s/it]
[1A  3%|▎         | 30/981 [00:50<26:07,  1.65s/it]
[1A  3%|▎         | 31/981 [00:51<26:05,  1.65s/it]
[1A  3%|▎         | 32/981 [00:53<26:00,  1.64s/it]
[1A  3%|▎         | 33/981 [00:55<25:51,  1.64s/it]
[1A  3%|▎         | 34/981 [00:56<25:51,  1.64s/it]
[1A  4%|▎         | 35/981 [00:58<25:44,  1.63s/it]
[1A  4%|▎         | 36/981 [00:59<25:33,  1.62s/it]
[1A  4%|▍         | 37/981 [01:01<25:24,  1.62s/it]
[1A  4%|▍         | 38/981 [01:03<25:19,  1.61s/it]
[1A  4%|▍         | 39/981 [01:04<25:16,  1.61s/it]
[1A  4%|▍         | 40/981 [01:06<25:10,  1.61s/it]
[1A  4%|▍         | 41/981 [01:07<25:06,  1.60s/it]
[1A  4%|▍         | 42/981 [01:09<25:10,  1.61s/it]
[1A  4%|▍         | 43/981 [01:11<26:07,  1.67s/it]
[1A  4%|▍         | 44/981 [01:13<26:41,  1.71s/it]
[1A  5%|▍         | 45/981 [01:14<26:10,  1.68s/it]
[1A  5%|▍         | 46/981 [01:16<25:50,  1.66s/it]
[1A  5%|▍         | 47/981 [01:17<25:33,  1.64s/it]
[1A  5%|▍         | 48/981 [01:19<25:28,  1.64s/it]
[1A  5%|▍         | 49/981 [01:21<25:29,  1.64s/it]
[1A  5%|▌         | 50/981 [01:22<25:33,  1.65s/it]
[1A  5%|▌         | 51/981 [01:24<25:36,  1.65s/it]
[1A  5%|▌         | 52/981 [01:26<25:24,  1.64s/it]
[1A  5%|▌         | 53/981 [01:27<25:22,  1.64s/it]
[1A  6%|▌         | 54/981 [01:29<25:24,  1.64s/it]
[1A  6%|▌         | 55/981 [01:31<25:22,  1.64s/it]
[1A  6%|▌         | 56/981 [01:32<25:14,  1.64s/it]
[1A  6%|▌         | 57/981 [01:34<25:07,  1.63s/it]
[1A  6%|▌         | 58/981 [01:35<25:03,  1.63s/it]
[1A  6%|▌         | 59/981 [01:37<25:04,  1.63s/it]
[1A  6%|▌         | 60/981 [01:39<25:10,  1.64s/it]
[1A  6%|▌         | 61/981 [01:40<25:06,  1.64s/it]
[1A  6%|▋         | 62/981 [01:42<25:04,  1.64s/it]
[1A  6%|▋         | 63/981 [01:44<25:25,  1.66s/it]
[1A  7%|▋         | 64/981 [01:46<25:58,  1.70s/it]
[1A  7%|▋         | 65/981 [01:47<26:08,  1.71s/it]
[1A  7%|▋         | 66/981 [01:49<26:17,  1.72s/it]
[1A  7%|▋         | 67/981 [01:51<26:37,  1.75s/it]
[1A  7%|▋         | 68/981 [01:53<27:05,  1.78s/it]
[1A  7%|▋         | 69/981 [01:55<27:09,  1.79s/it]
[1A  7%|▋         | 70/981 [01:56<27:13,  1.79s/it]
[1A  7%|▋         | 71/981 [01:58<27:14,  1.80s/it]
[1A  7%|▋         | 72/981 [02:00<27:12,  1.80s/it]
[1A  7%|▋         | 73/981 [02:02<27:17,  1.80s/it]
[1A  8%|▊         | 74/981 [02:04<27:12,  1.80s/it]
[1A  8%|▊         | 75/981 [02:05<27:07,  1.80s/it]
[1A  8%|▊         | 76/981 [02:07<27:18,  1.81s/it]
[1A  8%|▊         | 77/981 [02:09<27:12,  1.81s/it]
[1A  8%|▊         | 78/981 [02:11<27:17,  1.81s/it]
[1A  8%|▊         | 79/981 [02:13<27:36,  1.84s/it]
[1A  8%|▊         | 80/981 [02:14<27:20,  1.82s/it]
[1A  8%|▊         | 81/981 [02:16<27:28,  1.83s/it]
[1A  8%|▊         | 82/981 [02:18<27:18,  1.82s/it]
[1A  8%|▊         | 83/981 [02:20<27:00,  1.80s/it]
[1A  9%|▊         | 84/981 [02:22<26:53,  1.80s/it]
[1A  9%|▊         | 85/981 [02:23<26:47,  1.79s/it]
[1A  9%|▉         | 86/981 [02:25<26:55,  1.80s/it]
[1A  9%|▉         | 87/981 [02:27<26:41,  1.79s/it]
[1A  9%|▉         | 88/981 [02:29<26:35,  1.79s/it]
[1A  9%|▉         | 89/981 [02:31<26:35,  1.79s/it]
[1A  9%|▉         | 90/981 [02:32<26:39,  1.79s/it]
[1A  9%|▉         | 91/981 [02:34<26:41,  1.80s/it]
[1A  9%|▉         | 92/981 [02:36<26:31,  1.79s/it]
[1A  9%|▉         | 93/981 [02:38<26:53,  1.82s/it]
[1A 10%|▉         | 94/981 [02:40<26:47,  1.81s/it]
[1A 10%|▉         | 95/981 [02:41<26:37,  1.80s/it]
[1A 10%|▉         | 96/981 [02:43<26:38,  1.81s/it]
[1A 10%|▉         | 97/981 [02:45<26:40,  1.81s/it]
[1A 10%|▉         | 98/981 [02:47<26:31,  1.80s/it]
[1A 10%|█         | 99/981 [02:49<26:18,  1.79s/it]
[1A 10%|█         | 100/981 [02:50<26:21,  1.79s/it]
[1A 10%|█         | 101/981 [02:52<26:23,  1.80s/it]
[1A 10%|█         | 102/981 [02:54<26:12,  1.79s/it]
[1A 10%|█         | 103/981 [02:56<25:48,  1.76s/it]
[1A 11%|█         | 104/981 [02:57<25:21,  1.73s/it]
[1A 11%|█         | 105/981 [02:59<25:04,  1.72s/it]
[1A 11%|█         | 106/981 [03:01<25:20,  1.74s/it]
[1A 11%|█         | 107/981 [03:03<25:06,  1.72s/it]
[1A 11%|█         | 108/981 [03:04<25:25,  1.75s/it]
[1A 11%|█         | 109/981 [03:06<25:11,  1.73s/it]
[1A 11%|█         | 110/981 [03:08<25:01,  1.72s/it]
[1A 11%|█▏        | 111/981 [03:09<24:59,  1.72s/it]
[1A 11%|█▏        | 112/981 [03:11<24:53,  1.72s/it]
[1A 12%|█▏        | 113/981 [03:13<24:48,  1.72s/it]
[1A 12%|█▏        | 114/981 [03:15<24:42,  1.71s/it]
[1A 12%|█▏        | 115/981 [03:16<24:42,  1.71s/it]
[1A 12%|█▏        | 116/981 [03:18<24:48,  1.72s/it]
[1A 12%|█▏        | 117/981 [03:20<24:40,  1.71s/it]
[1A 12%|█▏        | 118/981 [03:22<25:02,  1.74s/it]
[1A 12%|█▏        | 119/981 [03:23<24:50,  1.73s/it]
[1A 12%|█▏        | 120/981 [03:25<24:45,  1.72s/it]
[1A 12%|█▏        | 121/981 [03:27<24:58,  1.74s/it]
[1A 12%|█▏        | 122/981 [03:28<24:40,  1.72s/it]
[1A 13%|█▎        | 123/981 [03:30<24:21,  1.70s/it]
[1A 13%|█▎        | 124/981 [03:32<24:13,  1.70s/it]
[1A 13%|█▎        | 125/981 [03:33<23:58,  1.68s/it]
[1A 13%|█▎        | 126/981 [03:35<24:00,  1.68s/it]
[1A 13%|█▎        | 127/981 [03:37<23:58,  1.68s/it]
[1A 13%|█▎        | 128/981 [03:38<23:58,  1.69s/it]
[1A 13%|█▎        | 129/981 [03:40<23:55,  1.68s/it]
[1A 13%|█▎        | 130/981 [03:42<23:59,  1.69s/it]
[1A 13%|█▎        | 131/981 [03:44<23:59,  1.69s/it]
[1A 13%|█▎        | 132/981 [03:45<23:56,  1.69s/it]
[1A 14%|█▎        | 133/981 [03:47<23:50,  1.69s/it]
[1A 14%|█▎        | 134/981 [03:49<23:54,  1.69s/it]
[1A 14%|█▍        | 135/981 [03:50<24:01,  1.70s/it]
[1A 14%|█▍        | 136/981 [03:52<24:18,  1.73s/it]
[1A 14%|█▍        | 137/981 [03:54<24:09,  1.72s/it]
[1A 14%|█▍        | 138/981 [03:56<24:03,  1.71s/it]
[1A 14%|█▍        | 139/981 [03:57<23:55,  1.70s/it]
[1A 14%|█▍        | 140/981 [03:59<23:54,  1.71s/it]
[1A 14%|█▍        | 141/981 [04:01<23:49,  1.70s/it]
[1A 14%|█▍        | 142/981 [04:02<23:46,  1.70s/it]
[1A 15%|█▍        | 143/981 [04:04<23:41,  1.70s/it]
[1A 15%|█▍        | 144/981 [04:06<23:35,  1.69s/it]
[1A 15%|█▍        | 145/981 [04:07<23:33,  1.69s/it]
[1A 15%|█▍        | 146/981 [04:09<23:33,  1.69s/it]
[1A 15%|█▍        | 147/981 [04:11<23:32,  1.69s/it]
[1A 15%|█▌        | 148/981 [04:12<23:29,  1.69s/it]
[1A 15%|█▌        | 149/981 [04:14<23:28,  1.69s/it]
[1A 15%|█▌        | 150/981 [04:16<23:24,  1.69s/it]
[1A 15%|█▌        | 151/981 [04:18<23:21,  1.69s/it]
[1A 15%|█▌        | 152/981 [04:19<23:19,  1.69s/it]
[1A 16%|█▌        | 153/981 [04:21<23:11,  1.68s/it]
[1A 16%|█▌        | 154/981 [04:23<23:17,  1.69s/it]
[1A 16%|█▌        | 155/981 [04:24<23:11,  1.68s/it]
[1A 16%|█▌        | 156/981 [04:26<23:11,  1.69s/it]
[1A 16%|█▌        | 157/981 [04:28<23:10,  1.69s/it]
[1A 16%|█▌        | 158/981 [04:29<23:13,  1.69s/it]
[1A 16%|█▌        | 159/981 [04:31<23:13,  1.70s/it]
[1A 16%|█▋        | 160/981 [04:33<23:14,  1.70s/it]
[1A 16%|█▋        | 161/981 [04:34<23:14,  1.70s/it]
[1A 17%|█▋        | 162/981 [04:36<23:14,  1.70s/it]
[1A 17%|█▋        | 163/981 [04:38<23:12,  1.70s/it]
[1A 17%|█▋        | 164/981 [04:40<23:15,  1.71s/it]
[1A 17%|█▋        | 165/981 [04:41<23:10,  1.70s/it]
[1A 17%|█▋        | 166/981 [04:43<23:09,  1.70s/it]
[1A 17%|█▋        | 167/981 [04:45<23:08,  1.71s/it]
[1A 17%|█▋        | 168/981 [04:46<23:06,  1.71s/it]
[1A 17%|█▋        | 169/981 [04:48<23:04,  1.71s/it]
[1A 17%|█▋        | 170/981 [04:50<23:04,  1.71s/it]
[1A 17%|█▋        | 171/981 [04:52<23:04,  1.71s/it]
[1A 18%|█▊        | 172/981 [04:53<23:02,  1.71s/it]
[1A 18%|█▊        | 173/981 [04:55<23:01,  1.71s/it]
[1A 18%|█▊        | 174/981 [04:57<22:59,  1.71s/it]
[1A 18%|█▊        | 175/981 [04:58<22:51,  1.70s/it]
[1A 18%|█▊        | 176/981 [05:00<22:53,  1.71s/it]
[1A 18%|█▊        | 177/981 [05:02<22:52,  1.71s/it]
[1A 18%|█▊        | 178/981 [05:03<22:47,  1.70s/it]
[1A 18%|█▊        | 179/981 [05:05<22:40,  1.70s/it]
[1A 18%|█▊        | 180/981 [05:07<22:41,  1.70s/it]
[1A 18%|█▊        | 181/981 [05:09<22:42,  1.70s/it]
[1A 19%|█▊        | 182/981 [05:10<22:39,  1.70s/it]
[1A 19%|█▊        | 183/981 [05:12<22:38,  1.70s/it]
[1A 19%|█▉        | 184/981 [05:14<22:37,  1.70s/it]
[1A 19%|█▉        | 185/981 [05:15<22:37,  1.71s/it]
[1A 19%|█▉        | 186/981 [05:17<22:37,  1.71s/it]
[1A 19%|█▉        | 187/981 [05:19<22:39,  1.71s/it]
[1A 19%|█▉        | 188/981 [05:21<22:41,  1.72s/it]
[1A 19%|█▉        | 189/981 [05:22<22:40,  1.72s/it]
[1A 19%|█▉        | 190/981 [05:24<22:40,  1.72s/it]
[1A 19%|█▉        | 191/981 [05:26<22:39,  1.72s/it]
[1A 20%|█▉        | 192/981 [05:27<22:38,  1.72s/it]
[1A 20%|█▉        | 193/981 [05:29<22:33,  1.72s/it]
[1A 20%|█▉        | 194/981 [05:31<23:20,  1.78s/it]
[1A 20%|█▉        | 195/981 [05:33<23:07,  1.77s/it]
[1A 20%|█▉        | 196/981 [05:35<22:56,  1.75s/it]
[1A 20%|██        | 197/981 [05:36<22:47,  1.74s/it]
[1A 20%|██        | 198/981 [05:38<22:42,  1.74s/it]
[1A 20%|██        | 199/981 [05:40<22:36,  1.73s/it]
[1A 20%|██        | 200/981 [05:41<22:41,  1.74s/it]
[1A 20%|██        | 201/981 [05:43<22:36,  1.74s/it]
[1A 21%|██        | 202/981 [05:45<22:34,  1.74s/it]
[1A 21%|██        | 203/981 [05:47<22:31,  1.74s/it]
[1A 21%|██        | 204/981 [05:48<22:26,  1.73s/it]
[1A 21%|██        | 205/981 [05:50<22:21,  1.73s/it]
[1A 21%|██        | 206/981 [05:52<22:21,  1.73s/it]
[1A 21%|██        | 207/981 [05:54<22:21,  1.73s/it]
[1A 21%|██        | 208/981 [05:55<22:19,  1.73s/it]
[1A 21%|██▏       | 209/981 [05:57<22:12,  1.73s/it]
[1A 21%|██▏       | 210/981 [05:59<22:15,  1.73s/it]
[1A 22%|██▏       | 211/981 [06:00<22:09,  1.73s/it]
[1A 22%|██▏       | 212/981 [06:02<22:05,  1.72s/it]
[1A 22%|██▏       | 213/981 [06:04<22:00,  1.72s/it]
[1A 22%|██▏       | 214/981 [06:06<22:01,  1.72s/it]
[1A 22%|██▏       | 215/981 [06:07<21:54,  1.72s/it]
[1A 22%|██▏       | 216/981 [06:09<22:21,  1.75s/it]
[1A 22%|██▏       | 217/981 [06:11<22:08,  1.74s/it]
[1A 22%|██▏       | 218/981 [06:13<22:01,  1.73s/it]
[1A 22%|██▏       | 219/981 [06:14<21:48,  1.72s/it]
[1A 22%|██▏       | 220/981 [06:16<21:44,  1.71s/it]
[1A 23%|██▎       | 221/981 [06:18<21:36,  1.71s/it]
[1A 23%|██▎       | 222/981 [06:19<21:37,  1.71s/it]
[1A 23%|██▎       | 223/981 [06:21<21:34,  1.71s/it]
[1A 23%|██▎       | 224/981 [06:23<21:35,  1.71s/it]
[1A 23%|██▎       | 225/981 [06:25<21:29,  1.71s/it]
[1A 23%|██▎       | 226/981 [06:26<21:30,  1.71s/it]
[1A 23%|██▎       | 227/981 [06:28<21:31,  1.71s/it]
[1A 23%|██▎       | 228/981 [06:30<21:31,  1.71s/it]
[1A 23%|██▎       | 229/981 [06:31<21:25,  1.71s/it]
[1A 23%|██▎       | 230/981 [06:33<21:21,  1.71s/it]
[1A 24%|██▎       | 231/981 [06:35<21:20,  1.71s/it]
[1A 24%|██▎       | 232/981 [06:36<21:19,  1.71s/it]
[1A 24%|██▍       | 233/981 [06:38<21:17,  1.71s/it]
[1A 24%|██▍       | 234/981 [06:40<21:16,  1.71s/it]
[1A 24%|██▍       | 235/981 [06:42<21:12,  1.71s/it]
[1A 24%|██▍       | 236/981 [06:43<21:15,  1.71s/it]
[1A 24%|██▍       | 237/981 [06:45<21:11,  1.71s/it]
[1A 24%|██▍       | 238/981 [06:47<21:05,  1.70s/it]
[1A 24%|██▍       | 239/981 [06:48<21:06,  1.71s/it]
[1A 24%|██▍       | 240/981 [06:50<21:04,  1.71s/it]
[1A 25%|██▍       | 241/981 [06:52<20:57,  1.70s/it]
[1A 25%|██▍       | 242/981 [06:54<20:56,  1.70s/it]
[1A 25%|██▍       | 243/981 [06:55<20:50,  1.69s/it]
[1A 25%|██▍       | 244/981 [06:57<20:53,  1.70s/it]
[1A 25%|██▍       | 245/981 [06:59<20:52,  1.70s/it]
[1A 25%|██▌       | 246/981 [07:00<20:52,  1.70s/it]
[1A 25%|██▌       | 247/981 [07:02<20:48,  1.70s/it]
[1A 25%|██▌       | 248/981 [07:04<20:47,  1.70s/it]
[1A 25%|██▌       | 249/981 [07:05<20:46,  1.70s/it]
[1A 25%|██▌       | 250/981 [07:07<20:41,  1.70s/it]
[1A 26%|██▌       | 251/981 [07:09<21:24,  1.76s/it]
[1A 26%|██▌       | 252/981 [07:11<21:11,  1.74s/it]
[1A 26%|██▌       | 253/981 [07:12<21:08,  1.74s/it]
[1A 26%|██▌       | 254/981 [07:14<21:04,  1.74s/it]
[1A 26%|██▌       | 255/981 [07:16<20:54,  1.73s/it]
[1A 26%|██▌       | 256/981 [07:18<20:52,  1.73s/it]
[1A 26%|██▌       | 257/981 [07:19<20:52,  1.73s/it]
[1A 26%|██▋       | 258/981 [07:21<20:50,  1.73s/it]
[1A 26%|██▋       | 259/981 [07:23<20:49,  1.73s/it]
[1A 27%|██▋       | 260/981 [07:25<20:51,  1.74s/it]
[1A 27%|██▋       | 261/981 [07:26<20:48,  1.73s/it]
[1A 27%|██▋       | 262/981 [07:28<20:44,  1.73s/it]
[1A 27%|██▋       | 263/981 [07:30<20:44,  1.73s/it]
[1A 27%|██▋       | 264/981 [07:32<20:42,  1.73s/it]
[1A 27%|██▋       | 265/981 [07:33<20:40,  1.73s/it]
[1A 27%|██▋       | 266/981 [07:35<20:42,  1.74s/it]
[1A 27%|██▋       | 267/981 [07:37<20:36,  1.73s/it]
[1A 27%|██▋       | 268/981 [07:38<20:32,  1.73s/it]
[1A 27%|██▋       | 269/981 [07:40<20:28,  1.73s/it]
[1A 28%|██▊       | 270/981 [07:42<20:30,  1.73s/it]
[1A 28%|██▊       | 271/981 [07:44<20:30,  1.73s/it]
[1A 28%|██▊       | 272/981 [07:45<20:27,  1.73s/it]
[1A 28%|██▊       | 273/981 [07:47<20:21,  1.73s/it]
[1A 28%|██▊       | 274/981 [07:49<20:22,  1.73s/it]
[1A 28%|██▊       | 275/981 [07:51<20:15,  1.72s/it]
[1A 28%|██▊       | 276/981 [07:52<20:16,  1.73s/it]
[1A 28%|██▊       | 277/981 [07:54<20:17,  1.73s/it]
[1A 28%|██▊       | 278/981 [07:56<20:14,  1.73s/it]
[1A 28%|██▊       | 279/981 [07:57<20:07,  1.72s/it]
[1A 29%|██▊       | 280/981 [07:59<20:06,  1.72s/it]
[1A 29%|██▊       | 281/981 [08:01<20:09,  1.73s/it]
[1A 29%|██▊       | 282/981 [08:03<20:09,  1.73s/it]
[1A 29%|██▉       | 283/981 [08:04<20:09,  1.73s/it]
[1A 29%|██▉       | 284/981 [08:06<20:07,  1.73s/it]
[1A 29%|██▉       | 285/981 [08:08<20:03,  1.73s/it]
[1A 29%|██▉       | 286/981 [08:10<20:02,  1.73s/it]
[1A 29%|██▉       | 287/981 [08:11<20:03,  1.73s/it]
[1A 29%|██▉       | 288/981 [08:13<20:16,  1.76s/it]
[1A 29%|██▉       | 289/981 [08:15<20:02,  1.74s/it]
[1A 30%|██▉       | 290/981 [08:17<19:59,  1.74s/it]
[1A 30%|██▉       | 291/981 [08:18<19:47,  1.72s/it]
[1A 30%|██▉       | 292/981 [08:20<19:43,  1.72s/it]
[1A 30%|██▉       | 293/981 [08:22<19:41,  1.72s/it]
[1A 30%|██▉       | 294/981 [08:23<19:38,  1.72s/it]
[1A 30%|███       | 295/981 [08:25<19:39,  1.72s/it]
[1A 30%|███       | 296/981 [08:27<20:05,  1.76s/it]
[1A 30%|███       | 297/981 [08:29<19:59,  1.75s/it]
[1A 30%|███       | 298/981 [08:30<19:55,  1.75s/it]
[1A 30%|███       | 299/981 [08:32<19:49,  1.74s/it]
[1A 31%|███       | 300/981 [08:34<19:39,  1.73s/it]
[1A 31%|███       | 301/981 [08:36<19:37,  1.73s/it]
[1A 31%|███       | 302/981 [08:37<19:29,  1.72s/it]
[1A 31%|███       | 303/981 [08:39<19:37,  1.74s/it]
[1A 31%|███       | 304/981 [08:41<19:32,  1.73s/it]
[1A 31%|███       | 305/981 [08:42<19:20,  1.72s/it]
[1A 31%|███       | 306/981 [08:44<19:17,  1.71s/it]
[1A 31%|███▏      | 307/981 [08:46<19:08,  1.70s/it]
[1A 31%|███▏      | 308/981 [08:48<19:07,  1.71s/it]
[1A 31%|███▏      | 309/981 [08:49<19:02,  1.70s/it]
[1A 32%|███▏      | 310/981 [08:51<19:02,  1.70s/it]
[1A 32%|███▏      | 311/981 [08:53<18:57,  1.70s/it]
[1A 32%|███▏      | 312/981 [08:54<18:55,  1.70s/it]
[1A 32%|███▏      | 313/981 [08:56<19:12,  1.72s/it]
[1A 32%|███▏      | 314/981 [08:58<19:11,  1.73s/it]
[1A 32%|███▏      | 315/981 [09:00<19:48,  1.78s/it]
[1A 32%|███▏      | 316/981 [09:02<21:39,  1.95s/it]
[1A 32%|███▏      | 317/981 [09:04<20:57,  1.89s/it]
[1A 32%|███▏      | 318/981 [09:06<20:18,  1.84s/it]
[1A 33%|███▎      | 319/981 [09:07<19:47,  1.79s/it]
[1A 33%|███▎      | 320/981 [09:09<19:28,  1.77s/it]
[1A 33%|███▎      | 321/981 [09:11<19:12,  1.75s/it]
[1A 33%|███▎      | 322/981 [09:12<19:05,  1.74s/it]
[1A 33%|███▎      | 323/981 [09:14<19:05,  1.74s/it]
[1A 33%|███▎      | 324/981 [09:16<19:05,  1.74s/it]
[1A 33%|███▎      | 325/981 [09:18<19:07,  1.75s/it]
[1A 33%|███▎      | 326/981 [09:19<19:11,  1.76s/it]
[1A 33%|███▎      | 327/981 [09:21<19:17,  1.77s/it]
[1A 33%|███▎      | 328/981 [09:23<19:22,  1.78s/it]
[1A 34%|███▎      | 329/981 [09:25<19:22,  1.78s/it]
[1A 34%|███▎      | 330/981 [09:27<19:03,  1.76s/it]
[1A 34%|███▎      | 331/981 [09:28<18:49,  1.74s/it]
[1A 34%|███▍      | 332/981 [09:30<18:47,  1.74s/it]
[1A 34%|███▍      | 333/981 [09:32<18:52,  1.75s/it]
[1A 34%|███▍      | 334/981 [09:33<18:50,  1.75s/it]
[1A 34%|███▍      | 335/981 [09:35<18:48,  1.75s/it]
[1A 34%|███▍      | 336/981 [09:37<18:39,  1.74s/it]
[1A 34%|███▍      | 337/981 [09:39<18:35,  1.73s/it]
[1A 34%|███▍      | 338/981 [09:40<18:29,  1.73s/it]
[1A 35%|███▍      | 339/981 [09:42<18:27,  1.73s/it]
[1A 35%|███▍      | 340/981 [09:44<18:25,  1.72s/it]
[1A 35%|███▍      | 341/981 [09:46<18:21,  1.72s/it]
[1A 35%|███▍      | 342/981 [09:47<18:16,  1.72s/it]
[1A 35%|███▍      | 343/981 [09:49<18:14,  1.71s/it]
[1A 35%|███▌      | 344/981 [09:51<18:18,  1.72s/it]
[1A 35%|███▌      | 345/981 [09:52<18:14,  1.72s/it]
[1A 35%|███▌      | 346/981 [09:54<18:10,  1.72s/it]
[1A 35%|███▌      | 347/981 [09:56<18:10,  1.72s/it]
[1A 35%|███▌      | 348/981 [09:58<18:09,  1.72s/it]
[1A 36%|███▌      | 349/981 [09:59<18:08,  1.72s/it]
[1A 36%|███▌      | 350/981 [10:01<18:06,  1.72s/it]
[1A 36%|███▌      | 351/981 [10:03<18:03,  1.72s/it]
[1A 36%|███▌      | 352/981 [10:04<17:57,  1.71s/it]
[1A 36%|███▌      | 353/981 [10:06<18:02,  1.72s/it]
[1A 36%|███▌      | 354/981 [10:08<18:07,  1.73s/it]
[1A 36%|███▌      | 355/981 [10:10<18:04,  1.73s/it]
[1A 36%|███▋      | 356/981 [10:11<18:08,  1.74s/it]
[1A 36%|███▋      | 357/981 [10:13<18:16,  1.76s/it]
[1A 36%|███▋      | 358/981 [10:15<18:00,  1.73s/it]
[1A 37%|███▋      | 359/981 [10:17<17:55,  1.73s/it]
[1A 37%|███▋      | 360/981 [10:18<17:50,  1.72s/it]
[1A 37%|███▋      | 361/981 [10:20<17:46,  1.72s/it]
[1A 37%|███▋      | 362/981 [10:22<17:43,  1.72s/it]
[1A 37%|███▋      | 363/981 [10:23<17:44,  1.72s/it]
[1A 37%|███▋      | 364/981 [10:25<17:44,  1.73s/it]
[1A 37%|███▋      | 365/981 [10:27<17:49,  1.74s/it]
[1A 37%|███▋      | 366/981 [10:29<17:46,  1.73s/it]
[1A 37%|███▋      | 367/981 [10:30<17:50,  1.74s/it]
[1A 38%|███▊      | 368/981 [10:32<17:49,  1.75s/it]
[1A 38%|███▊      | 369/981 [10:34<17:58,  1.76s/it]
[1A 38%|███▊      | 370/981 [10:36<17:51,  1.75s/it]
[1A 38%|███▊      | 371/981 [10:38<17:56,  1.76s/it]
[1A 38%|███▊      | 372/981 [10:39<18:13,  1.80s/it]
[1A 38%|███▊      | 373/981 [10:41<17:58,  1.77s/it]
[1A 38%|███▊      | 374/981 [10:43<17:46,  1.76s/it]
[1A 38%|███▊      | 375/981 [10:45<17:36,  1.74s/it]
[1A 38%|███▊      | 376/981 [10:46<17:30,  1.74s/it]
[1A 38%|███▊      | 377/981 [10:48<17:26,  1.73s/it]
[1A 39%|███▊      | 378/981 [10:50<17:17,  1.72s/it]
[1A 39%|███▊      | 379/981 [10:51<17:15,  1.72s/it]
[1A 39%|███▊      | 380/981 [10:53<17:19,  1.73s/it]
[1A 39%|███▉      | 381/981 [10:55<17:21,  1.74s/it]
[1A 39%|███▉      | 382/981 [10:57<17:12,  1.72s/it]
[1A 39%|███▉      | 383/981 [10:58<17:21,  1.74s/it]
[1A 39%|███▉      | 384/981 [11:00<17:18,  1.74s/it]
[1A 39%|███▉      | 385/981 [11:02<17:11,  1.73s/it]
[1A 39%|███▉      | 386/981 [11:04<17:01,  1.72s/it]
[1A 39%|███▉      | 387/981 [11:05<16:51,  1.70s/it]
[1A 40%|███▉      | 388/981 [11:07<16:50,  1.70s/it]
[1A 40%|███▉      | 389/981 [11:09<16:52,  1.71s/it]
[1A 40%|███▉      | 390/981 [11:10<16:53,  1.72s/it]
[1A 40%|███▉      | 391/981 [11:12<16:46,  1.71s/it]
[1A 40%|███▉      | 392/981 [11:14<16:40,  1.70s/it]
[1A 40%|████      | 393/981 [11:15<16:41,  1.70s/it]
[1A 40%|████      | 394/981 [11:17<16:40,  1.70s/it]
[1A 40%|████      | 395/981 [11:19<16:42,  1.71s/it]
[1A 40%|████      | 396/981 [11:21<16:41,  1.71s/it]
[1A 40%|████      | 397/981 [11:22<16:41,  1.71s/it]
[1A 41%|████      | 398/981 [11:24<16:39,  1.71s/it]
[1A 41%|████      | 399/981 [11:26<16:40,  1.72s/it]
[1A 41%|████      | 400/981 [11:27<16:40,  1.72s/it]
[1A 41%|████      | 401/981 [11:29<16:50,  1.74s/it]
[1A 41%|████      | 402/981 [11:31<16:48,  1.74s/it]
[1A 41%|████      | 403/981 [11:33<16:39,  1.73s/it]
[1A 41%|████      | 404/981 [11:34<16:37,  1.73s/it]
[1A 41%|████▏     | 405/981 [11:36<16:35,  1.73s/it]
[1A 41%|████▏     | 406/981 [11:38<16:35,  1.73s/it]
[1A 41%|████▏     | 407/981 [11:40<16:32,  1.73s/it]
[1A 42%|████▏     | 408/981 [11:41<16:30,  1.73s/it]
[1A 42%|████▏     | 409/981 [11:43<16:22,  1.72s/it]
[1A 42%|████▏     | 410/981 [11:45<16:23,  1.72s/it]
[1A 42%|████▏     | 411/981 [11:46<16:23,  1.73s/it]
[1A 42%|████▏     | 412/981 [11:48<16:24,  1.73s/it]
[1A 42%|████▏     | 413/981 [11:50<16:24,  1.73s/it]
[1A 42%|████▏     | 414/981 [11:52<16:23,  1.73s/it]
[1A 42%|████▏     | 415/981 [11:53<16:17,  1.73s/it]
[1A 42%|████▏     | 416/981 [11:55<16:18,  1.73s/it]
[1A 43%|████▎     | 417/981 [11:57<16:12,  1.72s/it]
[1A 43%|████▎     | 418/981 [11:59<16:11,  1.73s/it]
[1A 43%|████▎     | 419/981 [12:00<16:12,  1.73s/it]
[1A 43%|████▎     | 420/981 [12:02<16:10,  1.73s/it]
[1A 43%|████▎     | 421/981 [12:04<16:03,  1.72s/it]
[1A 43%|████▎     | 422/981 [12:06<16:04,  1.73s/it]
[1A 43%|████▎     | 423/981 [12:07<16:05,  1.73s/it]
[1A 43%|████▎     | 424/981 [12:09<16:04,  1.73s/it]
[1A 43%|████▎     | 425/981 [12:11<16:01,  1.73s/it]
[1A 43%|████▎     | 426/981 [12:12<15:55,  1.72s/it]
[1A 44%|████▎     | 427/981 [12:14<15:53,  1.72s/it]
[1A 44%|████▎     | 428/981 [12:16<15:53,  1.72s/it]
[1A 44%|████▎     | 429/981 [12:18<15:51,  1.72s/it]
[1A 44%|████▍     | 430/981 [12:19<15:45,  1.72s/it]
[1A 44%|████▍     | 431/981 [12:21<15:47,  1.72s/it]
[1A 44%|████▍     | 432/981 [12:23<15:46,  1.72s/it]
[1A 44%|████▍     | 433/981 [12:24<15:47,  1.73s/it]
[1A 44%|████▍     | 434/981 [12:26<15:48,  1.73s/it]
[1A 44%|████▍     | 435/981 [12:28<15:46,  1.73s/it]
[1A 44%|████▍     | 436/981 [12:30<15:38,  1.72s/it]
[1A 45%|████▍     | 437/981 [12:31<15:35,  1.72s/it]
[1A 45%|████▍     | 438/981 [12:33<15:33,  1.72s/it]
[1A 45%|████▍     | 439/981 [12:35<15:32,  1.72s/it]
[1A 45%|████▍     | 440/981 [12:37<15:31,  1.72s/it]
[1A 45%|████▍     | 441/981 [12:38<15:29,  1.72s/it]
[1A 45%|████▌     | 442/981 [12:40<15:27,  1.72s/it]
[1A 45%|████▌     | 443/981 [12:42<15:27,  1.72s/it]
[1A 45%|████▌     | 444/981 [12:43<15:26,  1.73s/it]
[1A 45%|████▌     | 445/981 [12:45<15:31,  1.74s/it]
[1A 45%|████▌     | 446/981 [12:47<15:30,  1.74s/it]
[1A 46%|████▌     | 447/981 [12:49<15:25,  1.73s/it]
[1A 46%|████▌     | 448/981 [12:50<15:23,  1.73s/it]
[1A 46%|████▌     | 449/981 [12:52<15:48,  1.78s/it]
[1A 46%|████▌     | 450/981 [12:54<15:46,  1.78s/it]
[1A 46%|████▌     | 451/981 [12:56<15:34,  1.76s/it]
[1A 46%|████▌     | 452/981 [12:57<15:19,  1.74s/it]
[1A 46%|████▌     | 453/981 [12:59<15:08,  1.72s/it]
[1A 46%|████▋     | 454/981 [13:01<15:05,  1.72s/it]
[1A 46%|████▋     | 455/981 [13:03<15:01,  1.71s/it]
[1A 46%|████▋     | 456/981 [13:04<14:58,  1.71s/it]
[1A 47%|████▋     | 457/981 [13:06<14:57,  1.71s/it]
[1A 47%|████▋     | 458/981 [13:08<14:59,  1.72s/it]
[1A 47%|████▋     | 459/981 [13:09<14:56,  1.72s/it]
[1A 47%|████▋     | 460/981 [13:11<14:57,  1.72s/it]
[1A 47%|████▋     | 461/981 [13:13<14:54,  1.72s/it]
[1A 47%|████▋     | 462/981 [13:15<14:54,  1.72s/it]
[1A 47%|████▋     | 463/981 [13:16<14:53,  1.73s/it]
[1A 47%|████▋     | 464/981 [13:18<14:46,  1.71s/it]
[1A 47%|████▋     | 465/981 [13:20<14:45,  1.72s/it]
[1A 48%|████▊     | 466/981 [13:21<14:43,  1.72s/it]
[1A 48%|████▊     | 467/981 [13:23<14:37,  1.71s/it]
[1A 48%|████▊     | 468/981 [13:25<14:44,  1.72s/it]
[1A 48%|████▊     | 469/981 [13:27<14:41,  1.72s/it]
[1A 48%|████▊     | 470/981 [13:28<14:37,  1.72s/it]
[1A 48%|████▊     | 471/981 [13:30<14:36,  1.72s/it]
[1A 48%|████▊     | 472/981 [13:32<14:37,  1.72s/it]
[1A 48%|████▊     | 473/981 [13:34<14:31,  1.72s/it]
[1A 48%|████▊     | 474/981 [13:35<14:33,  1.72s/it]
[1A 48%|████▊     | 475/981 [13:37<14:33,  1.73s/it]
[1A 49%|████▊     | 476/981 [13:39<14:32,  1.73s/it]
[1A 49%|████▊     | 477/981 [13:40<14:31,  1.73s/it]
[1A 49%|████▊     | 478/981 [13:42<14:24,  1.72s/it]
[1A 49%|████▉     | 479/981 [13:44<14:19,  1.71s/it]
[1A 49%|████▉     | 480/981 [13:46<14:21,  1.72s/it]
[1A 49%|████▉     | 481/981 [13:47<14:20,  1.72s/it]
[1A 49%|████▉     | 482/981 [13:49<14:13,  1.71s/it]
[1A 49%|████▉     | 483/981 [13:51<14:13,  1.71s/it]
[1A 49%|████▉     | 484/981 [13:52<14:07,  1.71s/it]
[1A 49%|████▉     | 485/981 [13:54<14:06,  1.71s/it]
[1A 50%|████▉     | 486/981 [13:56<14:02,  1.70s/it]
[1A 50%|████▉     | 487/981 [13:58<14:02,  1.71s/it]
[1A 50%|████▉     | 488/981 [13:59<14:01,  1.71s/it]
[1A 50%|████▉     | 489/981 [14:01<14:00,  1.71s/it]
[1A 50%|████▉     | 490/981 [14:03<13:57,  1.71s/it]
[1A 50%|█████     | 491/981 [14:04<13:53,  1.70s/it]
[1A 50%|█████     | 492/981 [14:06<13:50,  1.70s/it]
[1A 50%|█████     | 493/981 [14:08<13:47,  1.70s/it]
[1A 50%|█████     | 494/981 [14:09<13:49,  1.70s/it]
[1A 50%|█████     | 495/981 [14:11<13:47,  1.70s/it]
[1A 51%|█████     | 496/981 [14:13<13:45,  1.70s/it]
[1A 51%|█████     | 497/981 [14:15<13:48,  1.71s/it]
[1A 51%|█████     | 498/981 [14:16<13:51,  1.72s/it]
[1A 51%|█████     | 499/981 [14:18<13:47,  1.72s/it]
[1A 51%|█████     | 500/981 [14:20<13:55,  1.74s/it]
[1A 51%|█████     | 501/981 [14:22<13:52,  1.73s/it]
[1A 51%|█████     | 502/981 [14:23<13:46,  1.73s/it]
[1A 51%|█████▏    | 503/981 [14:25<13:42,  1.72s/it]
[1A 51%|█████▏    | 504/981 [14:27<13:43,  1.73s/it]
[1A 51%|█████▏    | 505/981 [14:28<13:38,  1.72s/it]
[1A 52%|█████▏    | 506/981 [14:30<13:35,  1.72s/it]
[1A 52%|█████▏    | 507/981 [14:32<13:33,  1.72s/it]
[1A 52%|█████▏    | 508/981 [14:34<13:34,  1.72s/it]
[1A 52%|█████▏    | 509/981 [14:35<13:28,  1.71s/it]
[1A 52%|█████▏    | 510/981 [14:37<13:27,  1.71s/it]
[1A 52%|█████▏    | 511/981 [14:39<13:23,  1.71s/it]
[1A 52%|█████▏    | 512/981 [14:40<13:18,  1.70s/it]
[1A 52%|█████▏    | 513/981 [14:42<13:15,  1.70s/it]
[1A 52%|█████▏    | 514/981 [14:44<13:11,  1.70s/it]
[1A 52%|█████▏    | 515/981 [14:45<13:09,  1.69s/it]
[1A 53%|█████▎    | 516/981 [14:47<13:06,  1.69s/it]
[1A 53%|█████▎    | 517/981 [14:49<13:07,  1.70s/it]
[1A 53%|█████▎    | 518/981 [14:50<13:04,  1.69s/it]
[1A 53%|█████▎    | 519/981 [14:52<13:04,  1.70s/it]
[1A 53%|█████▎    | 520/981 [14:54<13:08,  1.71s/it]
[1A 53%|█████▎    | 521/981 [14:56<13:03,  1.70s/it]
[1A 53%|█████▎    | 522/981 [14:57<13:00,  1.70s/it]
[1A 53%|█████▎    | 523/981 [14:59<12:58,  1.70s/it]
[1A 53%|█████▎    | 524/981 [15:01<13:01,  1.71s/it]
[1A 54%|█████▎    | 525/981 [15:02<13:03,  1.72s/it]
[1A 54%|█████▎    | 526/981 [15:04<12:58,  1.71s/it]
[1A 54%|█████▎    | 527/981 [15:06<13:16,  1.75s/it]
[1A 54%|█████▍    | 528/981 [15:08<13:18,  1.76s/it]
[1A 54%|█████▍    | 529/981 [15:10<13:14,  1.76s/it]
[1A 54%|█████▍    | 530/981 [15:11<13:11,  1.76s/it]
[1A 54%|█████▍    | 531/981 [15:13<13:04,  1.74s/it]
[1A 54%|█████▍    | 532/981 [15:15<13:03,  1.75s/it]
[1A 54%|█████▍    | 533/981 [15:17<12:59,  1.74s/it]
[1A 54%|█████▍    | 534/981 [15:18<12:51,  1.73s/it]
[1A 55%|█████▍    | 535/981 [15:20<12:45,  1.72s/it]
[1A 55%|█████▍    | 536/981 [15:22<12:44,  1.72s/it]
[1A 55%|█████▍    | 537/981 [15:23<12:45,  1.72s/it]
[1A 55%|█████▍    | 538/981 [15:25<12:40,  1.72s/it]
[1A 55%|█████▍    | 539/981 [15:27<12:38,  1.72s/it]
[1A 55%|█████▌    | 540/981 [15:29<12:38,  1.72s/it]
[1A 55%|█████▌    | 541/981 [15:30<12:40,  1.73s/it]
[1A 55%|█████▌    | 542/981 [15:32<12:38,  1.73s/it]
[1A 55%|█████▌    | 543/981 [15:34<12:36,  1.73s/it]
[1A 55%|█████▌    | 544/981 [15:35<12:33,  1.72s/it]
[1A 56%|█████▌    | 545/981 [15:37<12:33,  1.73s/it]
[1A 56%|█████▌    | 546/981 [15:39<12:30,  1.73s/it]
[1A 56%|█████▌    | 547/981 [15:41<12:30,  1.73s/it]
[1A 56%|█████▌    | 548/981 [15:42<12:29,  1.73s/it]
[1A 56%|█████▌    | 549/981 [15:44<12:24,  1.72s/it]
[1A 56%|█████▌    | 550/981 [15:46<12:28,  1.74s/it]
[1A 56%|█████▌    | 551/981 [15:48<12:34,  1.76s/it]
[1A 56%|█████▋    | 552/981 [15:49<12:39,  1.77s/it]
[1A 56%|█████▋    | 553/981 [15:51<12:33,  1.76s/it]
[1A 56%|█████▋    | 554/981 [15:53<12:28,  1.75s/it]
[1A 57%|█████▋    | 555/981 [15:55<12:20,  1.74s/it]
[1A 57%|█████▋    | 556/981 [15:56<12:27,  1.76s/it]
[1A 57%|█████▋    | 557/981 [15:58<12:40,  1.79s/it]
[1A 57%|█████▋    | 558/981 [16:00<12:49,  1.82s/it]
[1A 57%|█████▋    | 559/981 [16:02<12:39,  1.80s/it]
[1A 57%|█████▋    | 560/981 [16:04<12:38,  1.80s/it]
[1A 57%|█████▋    | 561/981 [16:06<12:41,  1.81s/it]
[1A 57%|█████▋    | 562/981 [16:07<12:29,  1.79s/it]
[1A 57%|█████▋    | 563/981 [16:09<12:20,  1.77s/it]
[1A 57%|█████▋    | 564/981 [16:11<12:23,  1.78s/it]
[1A 58%|█████▊    | 565/981 [16:13<12:13,  1.76s/it]
[1A 58%|█████▊    | 566/981 [16:15<12:47,  1.85s/it]
[1A 58%|█████▊    | 567/981 [16:16<12:33,  1.82s/it]
[1A 58%|█████▊    | 568/981 [16:18<12:35,  1.83s/it]
[1A 58%|█████▊    | 569/981 [16:20<12:35,  1.83s/it]
[1A 58%|█████▊    | 570/981 [16:22<12:29,  1.82s/it]
[1A 58%|█████▊    | 571/981 [16:24<12:24,  1.81s/it]
[1A 58%|█████▊    | 572/981 [16:25<12:22,  1.82s/it]
[1A 58%|█████▊    | 573/981 [16:27<12:15,  1.80s/it]
[1A 59%|█████▊    | 574/981 [16:29<12:10,  1.79s/it]
[1A 59%|█████▊    | 575/981 [16:31<12:06,  1.79s/it]
[1A 59%|█████▊    | 576/981 [16:33<12:12,  1.81s/it]
[1A 59%|█████▉    | 577/981 [16:34<12:06,  1.80s/it]
[1A 59%|█████▉    | 578/981 [16:36<12:03,  1.80s/it]
[1A 59%|█████▉    | 579/981 [16:38<11:55,  1.78s/it]
[1A 59%|█████▉    | 580/981 [16:40<11:53,  1.78s/it]
[1A 59%|█████▉    | 581/981 [16:41<11:47,  1.77s/it]
[1A 59%|█████▉    | 582/981 [16:43<11:38,  1.75s/it]
[1A 59%|█████▉    | 583/981 [16:45<11:30,  1.74s/it]
[1A 60%|█████▉    | 584/981 [16:47<11:25,  1.73s/it]
[1A 60%|█████▉    | 585/981 [16:48<11:20,  1.72s/it]
[1A 60%|█████▉    | 586/981 [16:50<11:16,  1.71s/it]
[1A 60%|█████▉    | 587/981 [16:52<11:12,  1.71s/it]
[1A 60%|█████▉    | 588/981 [16:53<11:13,  1.71s/it]
[1A 60%|██████    | 589/981 [16:55<11:11,  1.71s/it]
[1A 60%|██████    | 590/981 [16:57<11:09,  1.71s/it]
[1A 60%|██████    | 591/981 [16:59<11:15,  1.73s/it]
[1A 60%|██████    | 592/981 [17:00<11:13,  1.73s/it]
[1A 60%|██████    | 593/981 [17:02<11:09,  1.72s/it]
[1A 61%|██████    | 594/981 [17:04<11:06,  1.72s/it]
[1A 61%|██████    | 595/981 [17:05<11:03,  1.72s/it]
[1A 61%|██████    | 596/981 [17:07<11:03,  1.72s/it]
[1A 61%|██████    | 597/981 [17:09<11:03,  1.73s/it]
[1A 61%|██████    | 598/981 [17:11<11:02,  1.73s/it]
[1A 61%|██████    | 599/981 [17:12<11:00,  1.73s/it]
[1A 61%|██████    | 600/981 [17:14<11:02,  1.74s/it]
[1A 61%|██████▏   | 601/981 [17:16<11:01,  1.74s/it]
[1A 61%|██████▏   | 602/981 [17:18<10:58,  1.74s/it]
[1A 61%|██████▏   | 603/981 [17:19<10:57,  1.74s/it]
[1A 62%|██████▏   | 604/981 [17:21<10:52,  1.73s/it]
[1A 62%|██████▏   | 605/981 [17:23<10:51,  1.73s/it]
[1A 62%|██████▏   | 606/981 [17:25<10:54,  1.75s/it]
[1A 62%|██████▏   | 607/981 [17:26<10:53,  1.75s/it]
[1A 62%|██████▏   | 608/981 [17:28<10:46,  1.73s/it]
[1A 62%|██████▏   | 609/981 [17:30<10:43,  1.73s/it]
[1A 62%|██████▏   | 610/981 [17:32<10:41,  1.73s/it]
[1A 62%|██████▏   | 611/981 [17:33<10:36,  1.72s/it]
[1A 62%|██████▏   | 612/981 [17:35<10:32,  1.71s/it]
[1A 62%|██████▏   | 613/981 [17:37<10:29,  1.71s/it]
[1A 63%|██████▎   | 614/981 [17:38<10:28,  1.71s/it]
[1A 63%|██████▎   | 615/981 [17:40<10:23,  1.70s/it]
[1A 63%|██████▎   | 616/981 [17:42<10:21,  1.70s/it]
[1A 63%|██████▎   | 617/981 [17:43<10:19,  1.70s/it]
[1A 63%|██████▎   | 618/981 [17:45<10:19,  1.71s/it]
[1A 63%|██████▎   | 619/981 [17:47<10:21,  1.72s/it]
[1A 63%|██████▎   | 620/981 [17:49<10:20,  1.72s/it]
[1A 63%|██████▎   | 621/981 [17:50<10:20,  1.72s/it]
[1A 63%|██████▎   | 622/981 [17:52<10:19,  1.73s/it]
[1A 64%|██████▎   | 623/981 [17:54<10:19,  1.73s/it]
[1A 64%|██████▎   | 624/981 [17:56<10:18,  1.73s/it]
[1A 64%|██████▎   | 625/981 [17:57<10:15,  1.73s/it]
[1A 64%|██████▍   | 626/981 [17:59<10:13,  1.73s/it]
[1A 64%|██████▍   | 627/981 [18:01<10:11,  1.73s/it]
[1A 64%|██████▍   | 628/981 [18:02<10:09,  1.73s/it]
[1A 64%|██████▍   | 629/981 [18:04<10:10,  1.74s/it]
[1A 64%|██████▍   | 630/981 [18:06<10:06,  1.73s/it]
[1A 64%|██████▍   | 631/981 [18:08<10:03,  1.72s/it]
[1A 64%|██████▍   | 632/981 [18:09<10:01,  1.72s/it]
[1A 65%|██████▍   | 633/981 [18:11<09:56,  1.71s/it]
[1A 65%|██████▍   | 634/981 [18:13<09:55,  1.72s/it]
[1A 65%|██████▍   | 635/981 [18:14<09:54,  1.72s/it]
[1A 65%|██████▍   | 636/981 [18:16<09:54,  1.72s/it]
[1A 65%|██████▍   | 637/981 [18:18<09:52,  1.72s/it]
[1A 65%|██████▌   | 638/981 [18:20<09:48,  1.72s/it]
[1A 65%|██████▌   | 639/981 [18:21<09:47,  1.72s/it]
[1A 65%|██████▌   | 640/981 [18:23<09:46,  1.72s/it]
[1A 65%|██████▌   | 641/981 [18:25<09:43,  1.72s/it]
[1A 65%|██████▌   | 642/981 [18:27<09:41,  1.72s/it]
[1A 66%|██████▌   | 643/981 [18:28<09:39,  1.72s/it]
[1A 66%|██████▌   | 644/981 [18:30<09:39,  1.72s/it]
[1A 66%|██████▌   | 645/981 [18:32<09:34,  1.71s/it]
[1A 66%|██████▌   | 646/981 [18:33<09:37,  1.72s/it]
[1A 66%|██████▌   | 647/981 [18:35<09:34,  1.72s/it]
[1A 66%|██████▌   | 648/981 [18:37<09:32,  1.72s/it]
[1A 66%|██████▌   | 649/981 [18:39<09:34,  1.73s/it]
[1A 66%|██████▋   | 650/981 [18:40<09:31,  1.73s/it]
[1A 66%|██████▋   | 651/981 [18:42<09:28,  1.72s/it]
[1A 66%|██████▋   | 652/981 [18:44<09:22,  1.71s/it]
[1A 67%|██████▋   | 653/981 [18:45<09:18,  1.70s/it]
[1A 67%|██████▋   | 654/981 [18:47<09:16,  1.70s/it]
[1A 67%|██████▋   | 655/981 [18:49<09:13,  1.70s/it]
[1A 67%|██████▋   | 656/981 [18:50<09:14,  1.71s/it]
[1A 67%|██████▋   | 657/981 [18:52<09:14,  1.71s/it]
[1A 67%|██████▋   | 658/981 [18:54<09:14,  1.72s/it]
[1A 67%|██████▋   | 659/981 [18:56<09:12,  1.72s/it]
[1A 67%|██████▋   | 660/981 [18:57<09:12,  1.72s/it]
[1A 67%|██████▋   | 661/981 [18:59<09:11,  1.72s/it]
[1A 67%|██████▋   | 662/981 [19:01<09:09,  1.72s/it]
[1A 68%|██████▊   | 663/981 [19:03<09:05,  1.72s/it]
[1A 68%|██████▊   | 664/981 [19:04<09:08,  1.73s/it]
[1A 68%|██████▊   | 665/981 [19:06<09:05,  1.73s/it]
[1A 68%|██████▊   | 666/981 [19:08<09:04,  1.73s/it]
[1A 68%|██████▊   | 667/981 [19:09<09:00,  1.72s/it]
[1A 68%|██████▊   | 668/981 [19:11<09:00,  1.73s/it]
[1A 68%|██████▊   | 669/981 [19:13<08:55,  1.72s/it]
[1A 68%|██████▊   | 670/981 [19:15<08:52,  1.71s/it]
[1A 68%|██████▊   | 671/981 [19:16<08:48,  1.71s/it]
[1A 69%|██████▊   | 672/981 [19:18<08:48,  1.71s/it]
[1A 69%|██████▊   | 673/981 [19:20<08:49,  1.72s/it]
[1A 69%|██████▊   | 674/981 [19:22<08:51,  1.73s/it]
[1A 69%|██████▉   | 675/981 [19:23<08:50,  1.73s/it]
[1A 69%|██████▉   | 676/981 [19:25<08:47,  1.73s/it]
[1A 69%|██████▉   | 677/981 [19:27<08:45,  1.73s/it]
[1A 69%|██████▉   | 678/981 [19:28<08:39,  1.71s/it]
[1A 69%|██████▉   | 679/981 [19:30<08:35,  1.71s/it]
[1A 69%|██████▉   | 680/981 [19:32<08:33,  1.71s/it]
[1A 69%|██████▉   | 681/981 [19:33<08:31,  1.70s/it]
[1A 70%|██████▉   | 682/981 [19:35<08:30,  1.71s/it]
[1A 70%|██████▉   | 683/981 [19:37<08:26,  1.70s/it]
[1A 70%|██████▉   | 684/981 [19:39<08:25,  1.70s/it]
[1A 70%|██████▉   | 685/981 [19:40<08:22,  1.70s/it]
[1A 70%|██████▉   | 686/981 [19:42<08:20,  1.70s/it]
[1A 70%|███████   | 687/981 [19:44<08:19,  1.70s/it]
[1A 70%|███████   | 688/981 [19:45<08:24,  1.72s/it]
[1A 70%|███████   | 689/981 [19:47<08:19,  1.71s/it]
[1A 70%|███████   | 690/981 [19:49<08:18,  1.71s/it]
[1A 70%|███████   | 691/981 [19:51<08:17,  1.72s/it]
[1A 71%|███████   | 692/981 [19:52<08:15,  1.71s/it]
[1A 71%|███████   | 693/981 [19:54<08:14,  1.72s/it]
[1A 71%|███████   | 694/981 [19:56<08:13,  1.72s/it]
[1A 71%|███████   | 695/981 [19:57<08:09,  1.71s/it]
[1A 71%|███████   | 696/981 [19:59<08:08,  1.71s/it]
[1A 71%|███████   | 697/981 [20:01<08:06,  1.71s/it]
[1A 71%|███████   | 698/981 [20:03<08:06,  1.72s/it]
[1A 71%|███████▏  | 699/981 [20:04<08:02,  1.71s/it]
[1A 71%|███████▏  | 700/981 [20:06<07:59,  1.71s/it]
[1A 71%|███████▏  | 701/981 [20:08<07:59,  1.71s/it]
[1A 72%|███████▏  | 702/981 [20:09<07:59,  1.72s/it]
[1A 72%|███████▏  | 703/981 [20:11<08:00,  1.73s/it]
[1A 72%|███████▏  | 704/981 [20:13<07:57,  1.72s/it]
[1A 72%|███████▏  | 705/981 [20:15<07:56,  1.73s/it]
[1A 72%|███████▏  | 706/981 [20:16<07:54,  1.73s/it]
[1A 72%|███████▏  | 707/981 [20:18<07:52,  1.73s/it]
[1A 72%|███████▏  | 708/981 [20:20<08:02,  1.77s/it]
[1A 72%|███████▏  | 709/981 [20:22<08:06,  1.79s/it]
[1A 72%|███████▏  | 710/981 [20:23<07:58,  1.77s/it]
[1A 72%|███████▏  | 711/981 [20:25<07:59,  1.78s/it]
[1A 73%|███████▎  | 712/981 [20:27<07:51,  1.75s/it]
[1A 73%|███████▎  | 713/981 [20:29<07:48,  1.75s/it]
[1A 73%|███████▎  | 714/981 [20:30<07:43,  1.74s/it]
[1A 73%|███████▎  | 715/981 [20:32<07:41,  1.73s/it]
[1A 73%|███████▎  | 716/981 [20:34<07:36,  1.72s/it]
[1A 73%|███████▎  | 717/981 [20:36<07:36,  1.73s/it]
[1A 73%|███████▎  | 718/981 [20:37<07:32,  1.72s/it]
[1A 73%|███████▎  | 719/981 [20:39<07:30,  1.72s/it]
[1A 73%|███████▎  | 720/981 [20:41<07:29,  1.72s/it]
[1A 73%|███████▎  | 721/981 [20:42<07:27,  1.72s/it]
[1A 74%|███████▎  | 722/981 [20:44<07:23,  1.71s/it]
[1A 74%|███████▎  | 723/981 [20:46<07:22,  1.72s/it]
[1A 74%|███████▍  | 724/981 [20:48<07:20,  1.71s/it]
[1A 74%|███████▍  | 725/981 [20:49<07:19,  1.72s/it]
[1A 74%|███████▍  | 726/981 [20:51<07:16,  1.71s/it]
[1A 74%|███████▍  | 727/981 [20:53<07:15,  1.71s/it]
[1A 74%|███████▍  | 728/981 [20:54<07:14,  1.72s/it]
[1A 74%|███████▍  | 729/981 [20:56<07:13,  1.72s/it]
[1A 74%|███████▍  | 730/981 [20:58<07:11,  1.72s/it]
[1A 75%|███████▍  | 731/981 [21:00<07:10,  1.72s/it]
[1A 75%|███████▍  | 732/981 [21:01<07:08,  1.72s/it]
[1A 75%|███████▍  | 733/981 [21:03<07:06,  1.72s/it]
[1A 75%|███████▍  | 734/981 [21:05<07:03,  1.72s/it]
[1A 75%|███████▍  | 735/981 [21:06<07:02,  1.72s/it]
[1A 75%|███████▌  | 736/981 [21:08<07:00,  1.72s/it]
[1A 75%|███████▌  | 737/981 [21:10<06:58,  1.72s/it]
[1A 75%|███████▌  | 738/981 [21:12<06:57,  1.72s/it]
[1A 75%|███████▌  | 739/981 [21:13<06:56,  1.72s/it]
[1A 75%|███████▌  | 740/981 [21:15<06:54,  1.72s/it]
[1A 76%|███████▌  | 741/981 [21:17<06:50,  1.71s/it]
[1A 76%|███████▌  | 742/981 [21:18<06:48,  1.71s/it]
[1A 76%|███████▌  | 743/981 [21:20<06:45,  1.71s/it]
[1A 76%|███████▌  | 744/981 [21:22<06:45,  1.71s/it]
[1A 76%|███████▌  | 745/981 [21:24<06:44,  1.71s/it]
[1A 76%|███████▌  | 746/981 [21:25<06:45,  1.72s/it]
[1A 76%|███████▌  | 747/981 [21:27<06:42,  1.72s/it]
[1A 76%|███████▌  | 748/981 [21:29<06:39,  1.71s/it]
[1A 76%|███████▋  | 749/981 [21:30<06:36,  1.71s/it]
[1A 76%|███████▋  | 750/981 [21:32<06:33,  1.70s/it]
[1A 77%|███████▋  | 751/981 [21:34<06:39,  1.74s/it]
[1A 77%|███████▋  | 752/981 [21:36<06:35,  1.73s/it]
[1A 77%|███████▋  | 753/981 [21:37<06:31,  1.72s/it]
[1A 77%|███████▋  | 754/981 [21:39<06:33,  1.74s/it]
[1A 77%|███████▋  | 755/981 [21:41<06:28,  1.72s/it]
[1A 77%|███████▋  | 756/981 [21:43<06:25,  1.71s/it]
[1A 77%|███████▋  | 757/981 [21:44<06:21,  1.70s/it]
[1A 77%|███████▋  | 758/981 [21:46<06:19,  1.70s/it]
[1A 77%|███████▋  | 759/981 [21:48<06:18,  1.71s/it]
[1A 77%|███████▋  | 760/981 [21:49<06:18,  1.71s/it]
[1A 78%|███████▊  | 761/981 [21:51<06:18,  1.72s/it]
[1A 78%|███████▊  | 762/981 [21:53<06:16,  1.72s/it]
[1A 78%|███████▊  | 763/981 [21:55<06:12,  1.71s/it]
[1A 78%|███████▊  | 764/981 [21:56<06:10,  1.71s/it]
[1A 78%|███████▊  | 765/981 [21:58<06:08,  1.71s/it]
[1A 78%|███████▊  | 766/981 [22:00<06:06,  1.70s/it]
[1A 78%|███████▊  | 767/981 [22:01<06:04,  1.70s/it]
[1A 78%|███████▊  | 768/981 [22:03<06:02,  1.70s/it]
[1A 78%|███████▊  | 769/981 [22:05<06:00,  1.70s/it]
[1A 78%|███████▊  | 770/981 [22:06<05:59,  1.70s/it]
[1A 79%|███████▊  | 771/981 [22:08<05:57,  1.70s/it]
[1A 79%|███████▊  | 772/981 [22:10<05:56,  1.71s/it]
[1A 79%|███████▉  | 773/981 [22:12<05:54,  1.70s/it]
[1A 79%|███████▉  | 774/981 [22:13<05:53,  1.71s/it]
[1A 79%|███████▉  | 775/981 [22:15<05:53,  1.71s/it]
[1A 79%|███████▉  | 776/981 [22:17<05:52,  1.72s/it]
[1A 79%|███████▉  | 777/981 [22:18<05:51,  1.72s/it]
[1A 79%|███████▉  | 778/981 [22:20<05:50,  1.73s/it]
[1A 79%|███████▉  | 779/981 [22:22<05:56,  1.76s/it]
[1A 80%|███████▉  | 780/981 [22:24<05:55,  1.77s/it]
[1A 80%|███████▉  | 781/981 [22:26<05:53,  1.77s/it]
[1A 80%|███████▉  | 782/981 [22:27<05:47,  1.74s/it]
[1A 80%|███████▉  | 783/981 [22:29<05:42,  1.73s/it]
[1A 80%|███████▉  | 784/981 [22:31<05:44,  1.75s/it]
[1A 80%|████████  | 785/981 [22:32<05:41,  1.74s/it]
[1A 80%|████████  | 786/981 [22:34<05:37,  1.73s/it]
[1A 80%|████████  | 787/981 [22:36<05:32,  1.72s/it]
[1A 80%|████████  | 788/981 [22:38<05:33,  1.73s/it]
[1A 80%|████████  | 789/981 [22:39<05:33,  1.74s/it]
[1A 81%|████████  | 790/981 [22:41<05:33,  1.74s/it]
[1A 81%|████████  | 791/981 [22:43<05:30,  1.74s/it]
[1A 81%|████████  | 792/981 [22:45<05:25,  1.72s/it]
[1A 81%|████████  | 793/981 [22:46<05:24,  1.72s/it]
[1A 81%|████████  | 794/981 [22:48<05:22,  1.73s/it]
[1A 81%|████████  | 795/981 [22:50<05:20,  1.73s/it]
[1A 81%|████████  | 796/981 [22:51<05:20,  1.73s/it]
[1A 81%|████████  | 797/981 [22:53<05:16,  1.72s/it]
[1A 81%|████████▏ | 798/981 [22:55<05:13,  1.71s/it]
[1A 81%|████████▏ | 799/981 [22:57<05:11,  1.71s/it]
[1A 82%|████████▏ | 800/981 [22:58<05:08,  1.71s/it]
[1A 82%|████████▏ | 801/981 [23:00<05:09,  1.72s/it]
[1A 82%|████████▏ | 802/981 [23:02<05:06,  1.71s/it]
[1A 82%|████████▏ | 803/981 [23:03<05:05,  1.72s/it]
[1A 82%|████████▏ | 804/981 [23:05<05:02,  1.71s/it]
[1A 82%|████████▏ | 805/981 [23:07<05:00,  1.71s/it]
[1A 82%|████████▏ | 806/981 [23:09<04:58,  1.71s/it]
[1A 82%|████████▏ | 807/981 [23:10<04:58,  1.71s/it]
[1A 82%|████████▏ | 808/981 [23:12<04:56,  1.71s/it]
[1A 82%|████████▏ | 809/981 [23:14<04:57,  1.73s/it]
[1A 83%|████████▎ | 810/981 [23:15<04:54,  1.72s/it]
[1A 83%|████████▎ | 811/981 [23:17<04:52,  1.72s/it]
[1A 83%|████████▎ | 812/981 [23:19<04:50,  1.72s/it]
[1A 83%|████████▎ | 813/981 [23:21<04:47,  1.71s/it]
[1A 83%|████████▎ | 814/981 [23:22<04:45,  1.71s/it]
[1A 83%|████████▎ | 815/981 [23:24<04:42,  1.70s/it]
[1A 83%|████████▎ | 816/981 [23:26<04:40,  1.70s/it]
[1A 83%|████████▎ | 817/981 [23:27<04:39,  1.70s/it]
[1A 83%|████████▎ | 818/981 [23:29<04:38,  1.71s/it]
[1A 83%|████████▎ | 819/981 [23:31<04:37,  1.71s/it]
[1A 84%|████████▎ | 820/981 [23:33<04:35,  1.71s/it]
[1A 84%|████████▎ | 821/981 [23:34<04:33,  1.71s/it]
[1A 84%|████████▍ | 822/981 [23:36<04:34,  1.73s/it]
[1A 84%|████████▍ | 823/981 [23:38<04:32,  1.72s/it]
[1A 84%|████████▍ | 824/981 [23:39<04:30,  1.72s/it]
[1A 84%|████████▍ | 825/981 [23:41<04:30,  1.73s/it]
[1A 84%|████████▍ | 826/981 [23:43<04:31,  1.75s/it]
[1A 84%|████████▍ | 827/981 [23:45<04:28,  1.74s/it]
[1A 84%|████████▍ | 828/981 [23:46<04:25,  1.73s/it]
[1A 85%|████████▍ | 829/981 [23:48<04:22,  1.73s/it]
[1A 85%|████████▍ | 830/981 [23:50<04:19,  1.72s/it]
[1A 85%|████████▍ | 831/981 [23:52<04:18,  1.72s/it]
[1A 85%|████████▍ | 832/981 [23:53<04:15,  1.72s/it]
[1A 85%|████████▍ | 833/981 [23:55<04:14,  1.72s/it]
[1A 85%|████████▌ | 834/981 [23:57<04:11,  1.71s/it]
[1A 85%|████████▌ | 835/981 [23:58<04:09,  1.71s/it]
[1A 85%|████████▌ | 836/981 [24:00<04:07,  1.71s/it]
[1A 85%|████████▌ | 837/981 [24:02<04:06,  1.71s/it]
[1A 85%|████████▌ | 838/981 [24:04<04:03,  1.70s/it]
[1A 86%|████████▌ | 839/981 [24:05<04:02,  1.70s/it]
[1A 86%|████████▌ | 840/981 [24:07<03:59,  1.70s/it]
[1A 86%|████████▌ | 841/981 [24:09<03:57,  1.70s/it]
[1A 86%|████████▌ | 842/981 [24:10<03:55,  1.69s/it]
[1A 86%|████████▌ | 843/981 [24:12<03:54,  1.70s/it]
[1A 86%|████████▌ | 844/981 [24:14<03:53,  1.70s/it]
[1A 86%|████████▌ | 845/981 [24:15<03:52,  1.71s/it]
[1A 86%|████████▌ | 846/981 [24:17<03:50,  1.71s/it]
[1A 86%|████████▋ | 847/981 [24:19<03:49,  1.71s/it]
[1A 86%|████████▋ | 848/981 [24:21<03:47,  1.71s/it]
[1A 87%|████████▋ | 849/981 [24:22<03:46,  1.71s/it]
[1A 87%|████████▋ | 850/981 [24:24<03:44,  1.71s/it]
[1A 87%|████████▋ | 851/981 [24:26<03:42,  1.71s/it]
[1A 87%|████████▋ | 852/981 [24:27<03:40,  1.71s/it]
[1A 87%|████████▋ | 853/981 [24:29<03:38,  1.71s/it]
[1A 87%|████████▋ | 854/981 [24:31<03:36,  1.70s/it]
[1A 87%|████████▋ | 855/981 [24:32<03:33,  1.70s/it]
[1A 87%|████████▋ | 856/981 [24:34<03:31,  1.70s/it]
[1A 87%|████████▋ | 857/981 [24:36<03:31,  1.71s/it]
[1A 87%|████████▋ | 858/981 [24:38<03:29,  1.70s/it]
[1A 88%|████████▊ | 859/981 [24:39<03:29,  1.71s/it]
[1A 88%|████████▊ | 860/981 [24:41<03:28,  1.72s/it]
[1A 88%|████████▊ | 861/981 [24:43<03:25,  1.71s/it]
[1A 88%|████████▊ | 862/981 [24:45<03:24,  1.72s/it]
[1A 88%|████████▊ | 863/981 [24:46<03:23,  1.73s/it]
[1A 88%|████████▊ | 864/981 [24:48<03:22,  1.73s/it]
[1A 88%|████████▊ | 865/981 [24:50<03:19,  1.72s/it]
[1A 88%|████████▊ | 866/981 [24:51<03:18,  1.73s/it]
[1A 88%|████████▊ | 867/981 [24:53<03:16,  1.73s/it]
[1A 88%|████████▊ | 868/981 [24:55<03:15,  1.73s/it]
[1A 89%|████████▊ | 869/981 [24:57<03:13,  1.73s/it]
[1A 89%|████████▊ | 870/981 [24:58<03:12,  1.73s/it]
[1A 89%|████████▉ | 871/981 [25:00<03:10,  1.73s/it]
[1A 89%|████████▉ | 872/981 [25:02<03:08,  1.73s/it]
[1A 89%|████████▉ | 873/981 [25:04<03:06,  1.73s/it]
[1A 89%|████████▉ | 874/981 [25:05<03:05,  1.74s/it]
[1A 89%|████████▉ | 875/981 [25:07<03:03,  1.74s/it]
[1A 89%|████████▉ | 876/981 [25:09<03:01,  1.73s/it]
[1A 89%|████████▉ | 877/981 [25:10<02:59,  1.73s/it]
[1A 90%|████████▉ | 878/981 [25:12<02:57,  1.73s/it]
[1A 90%|████████▉ | 879/981 [25:14<02:56,  1.73s/it]
[1A 90%|████████▉ | 880/981 [25:16<02:54,  1.73s/it]
[1A 90%|████████▉ | 881/981 [25:17<02:52,  1.73s/it]
[1A 90%|████████▉ | 882/981 [25:19<02:50,  1.72s/it]
[1A 90%|█████████ | 883/981 [25:21<02:48,  1.71s/it]
[1A 90%|█████████ | 884/981 [25:23<02:46,  1.72s/it]
[1A 90%|█████████ | 885/981 [25:24<02:45,  1.72s/it]
[1A 90%|█████████ | 886/981 [25:26<02:43,  1.72s/it]
[1A 90%|█████████ | 887/981 [25:28<02:41,  1.72s/it]
[1A 91%|█████████ | 888/981 [25:29<02:39,  1.71s/it]
[1A 91%|█████████ | 889/981 [25:31<02:37,  1.72s/it]
[1A 91%|█████████ | 890/981 [25:33<02:36,  1.73s/it]
[1A 91%|█████████ | 891/981 [25:35<02:34,  1.71s/it]
[1A 91%|█████████ | 892/981 [25:36<02:38,  1.78s/it]
[1A 91%|█████████ | 893/981 [25:38<02:34,  1.76s/it]
[1A 91%|█████████ | 894/981 [25:40<02:32,  1.75s/it]
[1A 91%|█████████ | 895/981 [25:42<02:29,  1.74s/it]
[1A 91%|█████████▏| 896/981 [25:43<02:28,  1.75s/it]
[1A 91%|█████████▏| 897/981 [25:45<02:27,  1.75s/it]
[1A 92%|█████████▏| 898/981 [25:47<02:25,  1.76s/it]
[1A 92%|█████████▏| 899/981 [25:49<02:24,  1.76s/it]
[1A 92%|█████████▏| 900/981 [25:50<02:22,  1.76s/it]
[1A 92%|█████████▏| 901/981 [25:52<02:20,  1.76s/it]
[1A 92%|█████████▏| 902/981 [25:54<02:19,  1.76s/it]
[1A 92%|█████████▏| 903/981 [25:56<02:17,  1.76s/it]
[1A 92%|█████████▏| 904/981 [25:58<02:18,  1.80s/it]
[1A 92%|█████████▏| 905/981 [25:59<02:15,  1.79s/it]
[1A 92%|█████████▏| 906/981 [26:01<02:17,  1.84s/it]
[1A 92%|█████████▏| 907/981 [26:03<02:16,  1.85s/it]
[1A 93%|█████████▎| 908/981 [26:05<02:15,  1.85s/it]
[1A 93%|█████████▎| 909/981 [26:07<02:13,  1.85s/it]
[1A 93%|█████████▎| 910/981 [26:09<02:10,  1.84s/it]
[1A 93%|█████████▎| 911/981 [26:11<02:11,  1.88s/it]
[1A 93%|█████████▎| 912/981 [26:12<02:08,  1.86s/it]
[1A 93%|█████████▎| 913/981 [26:14<02:06,  1.86s/it]
[1A 93%|█████████▎| 914/981 [26:16<02:04,  1.85s/it]
[1A 93%|█████████▎| 915/981 [26:18<02:01,  1.85s/it]
[1A 93%|█████████▎| 916/981 [26:20<02:00,  1.85s/it]
[1A 93%|█████████▎| 917/981 [26:22<01:58,  1.85s/it]
[1A 94%|█████████▎| 918/981 [26:23<01:54,  1.82s/it]
[1A 94%|█████████▎| 919/981 [26:25<01:50,  1.79s/it]
[1A 94%|█████████▍| 920/981 [26:27<01:47,  1.77s/it]
[1A 94%|█████████▍| 921/981 [26:29<01:45,  1.76s/it]
[1A 94%|█████████▍| 922/981 [26:30<01:43,  1.75s/it]
[1A 94%|█████████▍| 923/981 [26:32<01:41,  1.75s/it]
[1A 94%|█████████▍| 924/981 [26:34<01:39,  1.74s/it]
[1A 94%|█████████▍| 925/981 [26:36<01:37,  1.74s/it]
[1A 94%|█████████▍| 926/981 [26:37<01:36,  1.75s/it]
[1A 94%|█████████▍| 927/981 [26:39<01:33,  1.73s/it]
[1A 95%|█████████▍| 928/981 [26:41<01:31,  1.73s/it]
[1A 95%|█████████▍| 929/981 [26:42<01:29,  1.72s/it]
[1A 95%|█████████▍| 930/981 [26:44<01:28,  1.74s/it]
[1A 95%|█████████▍| 931/981 [26:46<01:26,  1.74s/it]
[1A 95%|█████████▌| 932/981 [26:48<01:24,  1.72s/it]
[1A 95%|█████████▌| 933/981 [26:49<01:22,  1.73s/it]
[1A 95%|█████████▌| 934/981 [26:51<01:21,  1.73s/it]
[1A 95%|█████████▌| 935/981 [26:53<01:19,  1.73s/it]
[1A 95%|█████████▌| 936/981 [26:55<01:17,  1.72s/it]
[1A 96%|█████████▌| 937/981 [26:56<01:15,  1.73s/it]
[1A 96%|█████████▌| 938/981 [26:58<01:14,  1.73s/it]
[1A 96%|█████████▌| 939/981 [27:00<01:12,  1.73s/it]
[1A 96%|█████████▌| 940/981 [27:02<01:10,  1.73s/it]
[1A 96%|█████████▌| 941/981 [27:03<01:09,  1.74s/it]
[1A 96%|█████████▌| 942/981 [27:05<01:07,  1.74s/it]
[1A 96%|█████████▌| 943/981 [27:07<01:06,  1.74s/it]
[1A 96%|█████████▌| 944/981 [27:09<01:05,  1.77s/it]
[1A 96%|█████████▋| 945/981 [27:10<01:03,  1.77s/it]
[1A 96%|█████████▋| 946/981 [27:12<01:01,  1.75s/it]
[1A 97%|█████████▋| 947/981 [27:14<00:59,  1.74s/it]
[1A 97%|█████████▋| 948/981 [27:16<00:57,  1.74s/it]
[1A 97%|█████████▋| 949/981 [27:17<00:55,  1.74s/it]
[1A 97%|█████████▋| 950/981 [27:19<00:53,  1.73s/it]
[1A 97%|█████████▋| 951/981 [27:21<00:51,  1.73s/it]
[1A 97%|█████████▋| 952/981 [27:22<00:49,  1.72s/it]
[1A 97%|█████████▋| 953/981 [27:24<00:48,  1.73s/it]
[1A 97%|█████████▋| 954/981 [27:26<00:46,  1.73s/it]
[1A 97%|█████████▋| 955/981 [27:28<00:45,  1.73s/it]
[1A 97%|█████████▋| 956/981 [27:29<00:43,  1.73s/it]
[1A 98%|█████████▊| 957/981 [27:31<00:41,  1.74s/it]
[1A 98%|█████████▊| 958/981 [27:33<00:41,  1.78s/it]
[1A 98%|█████████▊| 959/981 [27:35<00:38,  1.77s/it]
[1A 98%|█████████▊| 960/981 [27:36<00:36,  1.76s/it]
[1A 98%|█████████▊| 961/981 [27:38<00:34,  1.75s/it]
[1A 98%|█████████▊| 962/981 [27:40<00:33,  1.75s/it]
[1A 98%|█████████▊| 963/981 [27:42<00:31,  1.75s/it]
[1A 98%|█████████▊| 964/981 [27:43<00:29,  1.74s/it]
[1A 98%|█████████▊| 965/981 [27:45<00:27,  1.74s/it]
[1A 98%|█████████▊| 966/981 [27:47<00:26,  1.74s/it]
[1A 99%|█████████▊| 967/981 [27:49<00:24,  1.77s/it]
[1A 99%|█████████▊| 968/981 [27:50<00:22,  1.76s/it]
[1A 99%|█████████▉| 969/981 [27:52<00:21,  1.76s/it]
[1A 99%|█████████▉| 970/981 [27:54<00:19,  1.77s/it]
[1A 99%|█████████▉| 971/981 [27:56<00:17,  1.75s/it]
[1A 99%|█████████▉| 972/981 [27:57<00:15,  1.74s/it]
[1A 99%|█████████▉| 973/981 [27:59<00:14,  1.76s/it]
[1A 99%|█████████▉| 974/981 [28:01<00:12,  1.74s/it]
[1A 99%|█████████▉| 975/981 [28:03<00:10,  1.73s/it]
[1A 99%|█████████▉| 976/981 [28:04<00:08,  1.73s/it]
[1A100%|█████████▉| 977/981 [28:06<00:06,  1.73s/it]
[1A100%|█████████▉| 978/981 [28:08<00:05,  1.72s/it]
[1A100%|█████████▉| 979/981 [28:10<00:03,  1.72s/it]
[1A100%|█████████▉| 980/981 [28:11<00:01,  1.72s/it]
[1A100%|██████████| 981/981 [28:12<00:00,  1.46s/it]
[1A100%|██████████| 981/981 [28:12<00:00,  1.73s/it]
Saved (251008, 768) -> /data/embeddings/siglip_base.npz (volume committed).
Done: 251008 embeddings, shape (251008, 768). Run `modal volume get` to fetch the result.
Stopping app - local entrypoint completed.
Runner terminated.
✓ App completed. View run at 
https://modal.com/apps/muhamasif/main/ap-sbMB8hkBazZpDf8VidRu0E
