Loaded 251008 embeddings, 1373702 train edges, 129850 val edges.
Using device: mps

=== Training model_a_random_negs (R=8 random negs, H=0 hard negs) ===
    ...batch 2000/10732, running loss 4.3877
    ...batch 4000/10732, running loss 4.3420
    ...batch 6000/10732, running loss 4.3162
    ...batch 8000/10732, running loss 4.2982
    ...batch 10000/10732, running loss 4.2848
  epoch 0: train_loss=4.2800 val_loss=5.2566 mean_pairwise_cosine=0.6584
    ...batch 2000/10732, running loss 4.1935
    ...batch 4000/10732, running loss 4.1904
    ...batch 6000/10732, running loss 4.1880
    ...batch 8000/10732, running loss 4.1839
    ...batch 10000/10732, running loss 4.1814
  epoch 1: train_loss=4.1800 val_loss=5.4315 mean_pairwise_cosine=0.6419
    ...batch 2000/10732, running loss 4.1330
    ...batch 4000/10732, running loss 4.1351
    ...batch 6000/10732, running loss 4.1363
    ...batch 8000/10732, running loss 4.1350
    ...batch 10000/10732, running loss 4.1333
  epoch 2: train_loss=4.1329 val_loss=5.6256 mean_pairwise_cosine=0.6211
    ...batch 2000/10732, running loss 4.0992
    ...batch 4000/10732, running loss 4.1013
    ...batch 6000/10732, running loss 4.1012
    ...batch 8000/10732, running loss 4.1020
    ...batch 10000/10732, running loss 4.1012
  epoch 3: train_loss=4.1008 val_loss=5.7007 mean_pairwise_cosine=0.6128
    ...batch 2000/10732, running loss 4.0754
    ...batch 4000/10732, running loss 4.0781
    ...batch 6000/10732, running loss 4.0788
    ...batch 8000/10732, running loss 4.0777
    ...batch 10000/10732, running loss 4.0775
  epoch 4: train_loss=4.0769 val_loss=5.7672 mean_pairwise_cosine=0.6103
    ...batch 2000/10732, running loss 4.0526
    ...batch 4000/10732, running loss 4.0568
    ...batch 6000/10732, running loss 4.0578
    ...batch 8000/10732, running loss 4.0572
    ...batch 10000/10732, running loss 4.0572
  epoch 5: train_loss=4.0574 val_loss=5.9112 mean_pairwise_cosine=0.5948
  early stopping at epoch 5 (patience=5 exceeded, best_val_loss=5.2566)
Saved best checkpoint to /Users/haseeb/Desktop/mitacs_project/week3/phase9_polyvore_compatibility/models/model_a_random_negs.pt (best_val_loss=5.2566)

=== Training model_b_hard_negs (R=4 random negs, H=4 hard negs) ===
    ...batch 2000/10732, running loss 4.5243
    ...batch 4000/10732, running loss 4.4916
    ...batch 6000/10732, running loss 4.4732
    ...batch 8000/10732, running loss 4.4603
    ...batch 10000/10732, running loss 4.4503
  epoch 0: train_loss=4.4468 val_loss=4.6446 mean_pairwise_cosine=0.7765
    ...batch 2000/10732, running loss 4.3853
    ...batch 4000/10732, running loss 4.3819
    ...batch 6000/10732, running loss 4.3797
    ...batch 8000/10732, running loss 4.3759
    ...batch 10000/10732, running loss 4.3726
  epoch 1: train_loss=4.3714 val_loss=4.6643 mean_pairwise_cosine=0.7720
    ...batch 2000/10732, running loss 4.3378
    ...batch 4000/10732, running loss 4.3373
    ...batch 6000/10732, running loss 4.3372
    ...batch 8000/10732, running loss 4.3356
    ...batch 10000/10732, running loss 4.3342
  epoch 2: train_loss=4.3333 val_loss=4.7030 mean_pairwise_cosine=0.7650
    ...batch 2000/10732, running loss 4.3083
    ...batch 4000/10732, running loss 4.3062
    ...batch 6000/10732, running loss 4.3070
    ...batch 8000/10732, running loss 4.3072
    ...batch 10000/10732, running loss 4.3067
  epoch 3: train_loss=4.3058 val_loss=4.7761 mean_pairwise_cosine=0.7509
    ...batch 2000/10732, running loss 4.2840
    ...batch 4000/10732, running loss 4.2857
    ...batch 6000/10732, running loss 4.2857
    ...batch 8000/10732, running loss 4.2850
    ...batch 10000/10732, running loss 4.2848
  epoch 4: train_loss=4.2844 val_loss=4.7744 mean_pairwise_cosine=0.7560
    ...batch 2000/10732, running loss 4.2646
    ...batch 4000/10732, running loss 4.2662
    ...batch 6000/10732, running loss 4.2667
    ...batch 8000/10732, running loss 4.2671
    ...batch 10000/10732, running loss 4.2670
  epoch 5: train_loss=4.2669 val_loss=4.8300 mean_pairwise_cosine=0.7408
  early stopping at epoch 5 (patience=5 exceeded, best_val_loss=4.6446)
Saved best checkpoint to /Users/haseeb/Desktop/mitacs_project/week3/phase9_polyvore_compatibility/models/model_b_hard_negs.pt (best_val_loss=4.6446)

Saved /Users/haseeb/Desktop/mitacs_project/week3/phase9_polyvore_compatibility/models/training_curves.json
