Loaded 24719 embeddings, 68664 relevance-axis train / 7629 val, 34130 tail-axis train / 3792 val. Device: mps
Calibration (20 batches): initial_sub_rel=0.2153, initial_sub_tail=0.2013, initial_comp_rel=4.7729, initial_comp_tail=4.8456
Weights: weight_sub_rel=22.1712, weight_sub_tail=23.7129, weight_comp_rel=1.0000, weight_comp_tail=0.9850
Saved /Users/haseeb/Desktop/mitacs_project/week5/phase18_unified_two_axis/loss_balancing_check.md
All gradient-norm checks passed: True
  epoch 0: train[sub_rel=0.0622 sub_tail=0.0682 comp_rel=2.1323 comp_tail=2.0342] val[sub_rel=0.0272 sub_tail=0.0329 comp_rel=1.7045 comp_tail=1.5051]
  epoch 1: train[sub_rel=0.0453 sub_tail=0.0500 comp_rel=1.7368 comp_tail=1.3785] val[sub_rel=0.0253 sub_tail=0.0288 comp_rel=1.5546 comp_tail=1.2456]
  epoch 2: train[sub_rel=0.0426 sub_tail=0.0468 comp_rel=1.6017 comp_tail=1.1694] val[sub_rel=0.0235 sub_tail=0.0282 comp_rel=1.4709 comp_tail=1.1118]
  epoch 3: train[sub_rel=0.0410 sub_tail=0.0451 comp_rel=1.5264 comp_tail=1.0507] val[sub_rel=0.0222 sub_tail=0.0269 comp_rel=1.4283 comp_tail=1.0323]
  epoch 4: train[sub_rel=0.0399 sub_tail=0.0440 comp_rel=1.4841 comp_tail=0.9647] val[sub_rel=0.0217 sub_tail=0.0265 comp_rel=1.3981 comp_tail=0.9728]
  epoch 5: train[sub_rel=0.0392 sub_tail=0.0431 comp_rel=1.4400 comp_tail=0.9134] val[sub_rel=0.0211 sub_tail=0.0264 comp_rel=1.3686 comp_tail=0.9433]
  epoch 6: train[sub_rel=0.0385 sub_tail=0.0424 comp_rel=1.4159 comp_tail=0.8747] val[sub_rel=0.0216 sub_tail=0.0263 comp_rel=1.3598 comp_tail=0.9166]
  epoch 7: train[sub_rel=0.0383 sub_tail=0.0419 comp_rel=1.3963 comp_tail=0.8435] val[sub_rel=0.0205 sub_tail=0.0257 comp_rel=1.3418 comp_tail=0.8808]
  epoch 8: train[sub_rel=0.0379 sub_tail=0.0416 comp_rel=1.3693 comp_tail=0.8106] val[sub_rel=0.0208 sub_tail=0.0253 comp_rel=1.3280 comp_tail=0.8509]
  epoch 9: train[sub_rel=0.0376 sub_tail=0.0412 comp_rel=1.3542 comp_tail=0.7925] val[sub_rel=0.0201 sub_tail=0.0243 comp_rel=1.3106 comp_tail=0.8318]
  epoch 10: train[sub_rel=0.0373 sub_tail=0.0409 comp_rel=1.3460 comp_tail=0.7766] val[sub_rel=0.0203 sub_tail=0.0245 comp_rel=1.3142 comp_tail=0.8212]
  epoch 11: train[sub_rel=0.0371 sub_tail=0.0406 comp_rel=1.3329 comp_tail=0.7582] val[sub_rel=0.0198 sub_tail=0.0246 comp_rel=1.2973 comp_tail=0.8100]
  epoch 12: train[sub_rel=0.0368 sub_tail=0.0403 comp_rel=1.3117 comp_tail=0.7429] val[sub_rel=0.0197 sub_tail=0.0242 comp_rel=1.2944 comp_tail=0.7905]
  epoch 13: train[sub_rel=0.0367 sub_tail=0.0400 comp_rel=1.3037 comp_tail=0.7283] val[sub_rel=0.0199 sub_tail=0.0249 comp_rel=1.2922 comp_tail=0.7867]
  epoch 14: train[sub_rel=0.0364 sub_tail=0.0399 comp_rel=1.2941 comp_tail=0.7171] val[sub_rel=0.0193 sub_tail=0.0237 comp_rel=1.2673 comp_tail=0.7780]
  epoch 15: train[sub_rel=0.0363 sub_tail=0.0398 comp_rel=1.2935 comp_tail=0.7051] val[sub_rel=0.0193 sub_tail=0.0241 comp_rel=1.2692 comp_tail=0.7619]
  epoch 16: train[sub_rel=0.0362 sub_tail=0.0396 comp_rel=1.2799 comp_tail=0.7018] val[sub_rel=0.0196 sub_tail=0.0240 comp_rel=1.2598 comp_tail=0.7520]
  epoch 17: train[sub_rel=0.0361 sub_tail=0.0394 comp_rel=1.2709 comp_tail=0.6954] val[sub_rel=0.0192 sub_tail=0.0237 comp_rel=1.2562 comp_tail=0.7443]
  epoch 18: train[sub_rel=0.0359 sub_tail=0.0392 comp_rel=1.2637 comp_tail=0.6819] val[sub_rel=0.0192 sub_tail=0.0232 comp_rel=1.2529 comp_tail=0.7398]
  epoch 19: train[sub_rel=0.0358 sub_tail=0.0391 comp_rel=1.2561 comp_tail=0.6718] val[sub_rel=0.0190 sub_tail=0.0231 comp_rel=1.2493 comp_tail=0.7333]
  epoch 20: train[sub_rel=0.0357 sub_tail=0.0390 comp_rel=1.2529 comp_tail=0.6716] val[sub_rel=0.0192 sub_tail=0.0234 comp_rel=1.2467 comp_tail=0.7154]
  epoch 21: train[sub_rel=0.0355 sub_tail=0.0388 comp_rel=1.2430 comp_tail=0.6614] val[sub_rel=0.0190 sub_tail=0.0237 comp_rel=1.2443 comp_tail=0.7191]
  epoch 22: train[sub_rel=0.0354 sub_tail=0.0386 comp_rel=1.2358 comp_tail=0.6572] val[sub_rel=0.0188 sub_tail=0.0233 comp_rel=1.2376 comp_tail=0.7046]
  epoch 23: train[sub_rel=0.0353 sub_tail=0.0385 comp_rel=1.2341 comp_tail=0.6476] val[sub_rel=0.0189 sub_tail=0.0234 comp_rel=1.2342 comp_tail=0.7032]
  epoch 24: train[sub_rel=0.0352 sub_tail=0.0385 comp_rel=1.2263 comp_tail=0.6487] val[sub_rel=0.0187 sub_tail=0.0231 comp_rel=1.2343 comp_tail=0.6993]
  epoch 25: train[sub_rel=0.0351 sub_tail=0.0382 comp_rel=1.2253 comp_tail=0.6449] val[sub_rel=0.0190 sub_tail=0.0229 comp_rel=1.2271 comp_tail=0.6916]
  epoch 26: train[sub_rel=0.0349 sub_tail=0.0382 comp_rel=1.2123 comp_tail=0.6338] val[sub_rel=0.0190 sub_tail=0.0229 comp_rel=1.2365 comp_tail=0.6886]
  epoch 27: train[sub_rel=0.0349 sub_tail=0.0380 comp_rel=1.2092 comp_tail=0.6279] val[sub_rel=0.0185 sub_tail=0.0233 comp_rel=1.2241 comp_tail=0.6868]
  epoch 28: train[sub_rel=0.0348 sub_tail=0.0380 comp_rel=1.2078 comp_tail=0.6236] val[sub_rel=0.0189 sub_tail=0.0229 comp_rel=1.2181 comp_tail=0.6796]
  epoch 29: train[sub_rel=0.0348 sub_tail=0.0379 comp_rel=1.2043 comp_tail=0.6202] val[sub_rel=0.0185 sub_tail=0.0229 comp_rel=1.2239 comp_tail=0.6699]
  epoch 30: train[sub_rel=0.0347 sub_tail=0.0379 comp_rel=1.2003 comp_tail=0.6176] val[sub_rel=0.0188 sub_tail=0.0231 comp_rel=1.2150 comp_tail=0.6770]
  epoch 31: train[sub_rel=0.0347 sub_tail=0.0377 comp_rel=1.1941 comp_tail=0.6103] val[sub_rel=0.0185 sub_tail=0.0225 comp_rel=1.2204 comp_tail=0.6777]
  epoch 32: train[sub_rel=0.0346 sub_tail=0.0377 comp_rel=1.1920 comp_tail=0.6181] val[sub_rel=0.0186 sub_tail=0.0231 comp_rel=1.2120 comp_tail=0.6632]
  epoch 33: train[sub_rel=0.0345 sub_tail=0.0376 comp_rel=1.1907 comp_tail=0.6077] val[sub_rel=0.0187 sub_tail=0.0229 comp_rel=1.2147 comp_tail=0.6564]
  epoch 34: train[sub_rel=0.0344 sub_tail=0.0375 comp_rel=1.1926 comp_tail=0.6045] val[sub_rel=0.0185 sub_tail=0.0227 comp_rel=1.2049 comp_tail=0.6537]
  epoch 35: train[sub_rel=0.0344 sub_tail=0.0374 comp_rel=1.1808 comp_tail=0.5995] val[sub_rel=0.0184 sub_tail=0.0229 comp_rel=1.2061 comp_tail=0.6524]
  epoch 36: train[sub_rel=0.0344 sub_tail=0.0374 comp_rel=1.1814 comp_tail=0.5981] val[sub_rel=0.0184 sub_tail=0.0226 comp_rel=1.2081 comp_tail=0.6436]
  epoch 37: train[sub_rel=0.0343 sub_tail=0.0373 comp_rel=1.1775 comp_tail=0.5919] val[sub_rel=0.0181 sub_tail=0.0226 comp_rel=1.2028 comp_tail=0.6455]
  epoch 38: train[sub_rel=0.0341 sub_tail=0.0374 comp_rel=1.1774 comp_tail=0.5914] val[sub_rel=0.0183 sub_tail=0.0230 comp_rel=1.2045 comp_tail=0.6404]
  epoch 39: train[sub_rel=0.0342 sub_tail=0.0372 comp_rel=1.1751 comp_tail=0.5884] val[sub_rel=0.0184 sub_tail=0.0223 comp_rel=1.2013 comp_tail=0.6458]
  epoch 40: train[sub_rel=0.0342 sub_tail=0.0372 comp_rel=1.1691 comp_tail=0.5857] val[sub_rel=0.0181 sub_tail=0.0222 comp_rel=1.1971 comp_tail=0.6399]
  epoch 41: train[sub_rel=0.0341 sub_tail=0.0372 comp_rel=1.1717 comp_tail=0.5808] val[sub_rel=0.0181 sub_tail=0.0226 comp_rel=1.2001 comp_tail=0.6347]
  epoch 42: train[sub_rel=0.0340 sub_tail=0.0370 comp_rel=1.1640 comp_tail=0.5784] val[sub_rel=0.0183 sub_tail=0.0226 comp_rel=1.1994 comp_tail=0.6378]
  epoch 43: train[sub_rel=0.0340 sub_tail=0.0370 comp_rel=1.1590 comp_tail=0.5767] val[sub_rel=0.0179 sub_tail=0.0224 comp_rel=1.1984 comp_tail=0.6282]
  epoch 44: train[sub_rel=0.0339 sub_tail=0.0369 comp_rel=1.1580 comp_tail=0.5780] val[sub_rel=0.0179 sub_tail=0.0220 comp_rel=1.1886 comp_tail=0.6289]
  epoch 45: train[sub_rel=0.0339 sub_tail=0.0368 comp_rel=1.1604 comp_tail=0.5760] val[sub_rel=0.0178 sub_tail=0.0224 comp_rel=1.1862 comp_tail=0.6318]
  epoch 46: train[sub_rel=0.0338 sub_tail=0.0368 comp_rel=1.1596 comp_tail=0.5783] val[sub_rel=0.0182 sub_tail=0.0223 comp_rel=1.1855 comp_tail=0.6237]
  epoch 47: train[sub_rel=0.0339 sub_tail=0.0368 comp_rel=1.1571 comp_tail=0.5751] val[sub_rel=0.0178 sub_tail=0.0221 comp_rel=1.1865 comp_tail=0.6243]
  epoch 48: train[sub_rel=0.0337 sub_tail=0.0366 comp_rel=1.1547 comp_tail=0.5726] val[sub_rel=0.0181 sub_tail=0.0219 comp_rel=1.1946 comp_tail=0.6179]
  epoch 49: train[sub_rel=0.0337 sub_tail=0.0368 comp_rel=1.1536 comp_tail=0.5688] val[sub_rel=0.0181 sub_tail=0.0222 comp_rel=1.1830 comp_tail=0.6215]
  epoch 50: train[sub_rel=0.0337 sub_tail=0.0367 comp_rel=1.1470 comp_tail=0.5659] val[sub_rel=0.0179 sub_tail=0.0221 comp_rel=1.1769 comp_tail=0.6205]
  epoch 51: train[sub_rel=0.0336 sub_tail=0.0366 comp_rel=1.1506 comp_tail=0.5606] val[sub_rel=0.0179 sub_tail=0.0222 comp_rel=1.1746 comp_tail=0.6203]
  epoch 52: train[sub_rel=0.0336 sub_tail=0.0365 comp_rel=1.1448 comp_tail=0.5644] val[sub_rel=0.0177 sub_tail=0.0219 comp_rel=1.1775 comp_tail=0.6139]
  epoch 53: train[sub_rel=0.0336 sub_tail=0.0365 comp_rel=1.1448 comp_tail=0.5614] val[sub_rel=0.0180 sub_tail=0.0218 comp_rel=1.1800 comp_tail=0.6129]
  epoch 54: train[sub_rel=0.0336 sub_tail=0.0365 comp_rel=1.1420 comp_tail=0.5599] val[sub_rel=0.0176 sub_tail=0.0218 comp_rel=1.1779 comp_tail=0.6090]
  epoch 55: train[sub_rel=0.0335 sub_tail=0.0364 comp_rel=1.1460 comp_tail=0.5660] val[sub_rel=0.0178 sub_tail=0.0216 comp_rel=1.1746 comp_tail=0.6143]
  epoch 56: train[sub_rel=0.0335 sub_tail=0.0364 comp_rel=1.1408 comp_tail=0.5581] val[sub_rel=0.0178 sub_tail=0.0219 comp_rel=1.1769 comp_tail=0.6117]
  early stopping at epoch 56 (best_val_comp_rel=1.1746)
Saved best checkpoint to /Users/haseeb/Desktop/mitacs_project/week5/phase18_unified_two_axis/models/unified_two_axis.pt (best_val_comp_rel=1.1746)
Saved /Users/haseeb/Desktop/mitacs_project/week5/phase18_unified_two_axis/models/training_curves.json
