B00J6129HG	https://images-na.ssl-images-amazon.com/images/I/41FNPHmo3TL.jpg	404 Client Error: Not Found for url: https://images-na.ssl-images-amazon.com/images/I/41FNPHmo3TL.jpg
B019JD975M	https://images-na.ssl-images-amazon.com/images/I/41aRvsKBwVL.jpg	404 Client Error: Not Found for url: https://images-na.ssl-images-amazon.com/images/I/41aRvsKBwVL.jpg
B01H0GQZ28	https://images-na.ssl-images-amazon.com/images/I/41cGalxwpjL.jpg	404 Client Error: Not Found for url: https://images-na.ssl-images-amazon.com/images/I/41cGalxwpjL.jpg
B00XXF968Q	https://images-na.ssl-images-amazon.com/images/I/318N4GsVH%2BL.jpg	404 Client Error: Not Found for url: https://images-na.ssl-images-amazon.com/images/I/318N4GsVH%2BL.jpg
B018IS4B7I	https://images-na.ssl-images-amazon.com/images/I/31H3QsJJhsL.jpg	404 Client Error: Not Found for url: https://images-na.ssl-images-amazon.com/images/I/31H3QsJJhsL.jpg
B01DFBX55W	https://images-na.ssl-images-amazon.com/images/I/31ZdezpUJOL.jpg	404 Client Error: Not Found for url: https://images-na.ssl-images-amazon.com/images/I/31ZdezpUJOL.jpg
B00UGB4R5M	https://images-na.ssl-images-amazon.com/images/I/41Str1XuzpL.jpg	404 Client Error: Not Found for url: https://images-na.ssl-images-amazon.com/images/I/41Str1XuzpL.jpg
B00WWFR7RU	https://images-na.ssl-images-amazon.com/images/I/31sHzq-0IXL.jpg	404 Client Error: Not Found for url: https://images-na.ssl-images-amazon.com/images/I/31sHzq-0IXL.jpg
B00KID5SWO	https://images-na.ssl-images-amazon.com/images/I/41CPxFz7NNL.jpg	404 Client Error: Not Found for url: https://images-na.ssl-images-amazon.com/images/I/41CPxFz7NNL.jpg
B016DTXEEA	https://images-na.ssl-images-amazon.com/images/I/41Yko-1HDIL.jpg	404 Client Error: Not Found for url: https://images-na.ssl-images-amazon.com/images/I/41Yko-1HDIL.jpg
B014WVFJOE	https://images-na.ssl-images-amazon.com/images/I/41jWqW8eXqL.jpg	404 Client Error: Not Found for url: https://images-na.ssl-images-amazon.com/images/I/41jWqW8eXqL.jpg
B019X15HZE	https://images-na.ssl-images-amazon.com/images/I/41il2W0NYtL.jpg	404 Client Error: Not Found for url: https://images-na.ssl-images-amazon.com/images/I/41il2W0NYtL.jpg
B01H76T7OY	https://images-na.ssl-images-amazon.com/images/I/31i%2BXfrSX-L.jpg	404 Client Error: Not Found for url: https://images-na.ssl-images-amazon.com/images/I/31i%2BXfrSX-L.jpg
B014MGIN42	https://images-na.ssl-images-amazon.com/images/I/31ppGE0iV3L.jpg	404 Client Error: Not Found for url: https://images-na.ssl-images-amazon.com/images/I/31ppGE0iV3L.jpg
B00SFLE12Y	https://images-na.ssl-images-amazon.com/images/I/31QIMbGApzL.jpg	404 Client Error: Not Found for url: https://images-na.ssl-images-amazon.com/images/I/31QIMbGApzL.jpg
B01H5QBSNO	https://images-na.ssl-images-amazon.com/images/I/31c%2BzzGqA5L.jpg	404 Client Error: Not Found for url: https://images-na.ssl-images-amazon.com/images/I/31c%2BzzGqA5L.jpg
B00WV1UGVO	https://images-na.ssl-images-amazon.com/images/I/41I8CKXFVEL.jpg	404 Client Error: Not Found for url: https://images-na.ssl-images-amazon.com/images/I/41I8CKXFVEL.jpg
B015660WBE	https://images-na.ssl-images-amazon.com/images/I/31EonhMolTL.jpg	404 Client Error: Not Found for url: https://images-na.ssl-images-amazon.com/images/I/31EonhMolTL.jpg
B01AMKUIJA	https://images-na.ssl-images-amazon.com/images/I/31iQKvavgnL.jpg	404 Client Error: Not Found for url: https://images-na.ssl-images-amazon.com/images/I/31iQKvavgnL.jpg
B00SWVKS1K	https://images-na.ssl-images-amazon.com/images/I/310B5M98HuL.jpg	404 Client Error: Not Found for url: https://images-na.ssl-images-amazon.com/images/I/310B5M98HuL.jpg
B00WV1V7RG	https://images-na.ssl-images-amazon.com/images/I/41tSSfe8EcL.jpg	404 Client Error: Not Found for url: https://images-na.ssl-images-amazon.com/images/I/41tSSfe8EcL.jpg
B00WWFR7MA	https://images-na.ssl-images-amazon.com/images/I/31ViBiNHUEL.jpg	404 Client Error: Not Found for url: https://images-na.ssl-images-amazon.com/images/I/31ViBiNHUEL.jpg
B0195GL3VO	https://images-na.ssl-images-amazon.com/images/I/313oOaz7RSL.jpg	404 Client Error: Not Found for url: https://images-na.ssl-images-amazon.com/images/I/313oOaz7RSL.jpg
B01AMKUIRM	https://images-na.ssl-images-amazon.com/images/I/41MtnwF12JL.jpg	404 Client Error: Not Found for url: https://images-na.ssl-images-amazon.com/images/I/41MtnwF12JL.jpg
B01D3R3SXM	https://images-na.ssl-images-amazon.com/images/I/31GWJoo6igL.jpg	404 Client Error: Not Found for url: https://images-na.ssl-images-amazon.com/images/I/31GWJoo6igL.jpg
B015XFE3ZY	https://images-na.ssl-images-amazon.com/images/I/315nr-ZqhSL.jpg	404 Client Error: Not Found for url: https://images-na.ssl-images-amazon.com/images/I/315nr-ZqhSL.jpg
B01E2S8BW4	https://images-na.ssl-images-amazon.com/images/I/41bn1oxLtqL.jpg	404 Client Error: Not Found for url: https://images-na.ssl-images-amazon.com/images/I/41bn1oxLtqL.jpg
B00GRO02ZQ	https://images-na.ssl-images-amazon.com/images/I/31jjV%2BWyD5L.jpg	404 Client Error: Not Found for url: https://images-na.ssl-images-amazon.com/images/I/31jjV%2BWyD5L.jpg
B01AMKULCY	https://images-na.ssl-images-amazon.com/images/I/31U8HLeetjL.jpg	404 Client Error: Not Found for url: https://images-na.ssl-images-amazon.com/images/I/31U8HLeetjL.jpg
B00WV1VN0W	https://images-na.ssl-images-amazon.com/images/I/41QyRWoyseL.jpg	404 Client Error: Not Found for url: https://images-na.ssl-images-amazon.com/images/I/41QyRWoyseL.jpg
B01EY7GY72	https://images-na.ssl-images-amazon.com/images/I/31mP2nm75QL.jpg	404 Client Error: Not Found for url: https://images-na.ssl-images-amazon.com/images/I/31mP2nm75QL.jpg
B0195GL3QO	https://images-na.ssl-images-amazon.com/images/I/413o06zXT9L.jpg	404 Client Error: Not Found for url: https://images-na.ssl-images-amazon.com/images/I/413o06zXT9L.jpg
B00EDG6VSW	https://images-na.ssl-images-amazon.com/images/I/41OYf2uJS2L.jpg	404 Client Error: Not Found for url: https://images-na.ssl-images-amazon.com/images/I/41OYf2uJS2L.jpg
B01FLP1RXC	https://images-na.ssl-images-amazon.com/images/I/518jFey5WEL.jpg	404 Client Error: Not Found for url: https://images-na.ssl-images-amazon.com/images/I/518jFey5WEL.jpg
B0085TF7DS	https://images-na.ssl-images-amazon.com/images/I/41-fuTqj96L.jpg	404 Client Error: Not Found for url: https://images-na.ssl-images-amazon.com/images/I/41-fuTqj96L.jpg
B00HWF7JSM	https://images-na.ssl-images-amazon.com/images/I/3139brVCF6L.jpg	404 Client Error: Not Found for url: https://images-na.ssl-images-amazon.com/images/I/3139brVCF6L.jpg
B00HWF7JZ0	https://images-na.ssl-images-amazon.com/images/I/31tgpKMxvjL.jpg	404 Client Error: Not Found for url: https://images-na.ssl-images-amazon.com/images/I/31tgpKMxvjL.jpg
B01H5M6SO2	https://images-na.ssl-images-amazon.com/images/I/41236LEkBwL.jpg	404 Client Error: Not Found for url: https://images-na.ssl-images-amazon.com/images/I/41236LEkBwL.jpg
B00DG7AZSG	https://images-na.ssl-images-amazon.com/images/I/31XT2JIpJGL.jpg	404 Client Error: Not Found for url: https://images-na.ssl-images-amazon.com/images/I/31XT2JIpJGL.jpg
B01CY3DEIU	https://images-na.ssl-images-amazon.com/images/I/51uvG1-NuiL.jpg	HTTPSConnectionPool(host='images-na.ssl-images-amazon.com', port=443): Read timed out. (read timeout=15)
B01ETHE5K0	https://images-na.ssl-images-amazon.com/images/I/41cb1tYaA9L.jpg	HTTPSConnectionPool(host='images-na.ssl-images-amazon.com', port=443): Read timed out. (read timeout=15)
B00X3RZIK4	https://images-na.ssl-images-amazon.com/images/I/41tmnOwVRFL.jpg	404 Client Error: Not Found for url: https://images-na.ssl-images-amazon.com/images/I/41tmnOwVRFL.jpg
B017D4IAAM	https://images-na.ssl-images-amazon.com/images/I/41TI3snXypL.jpg	404 Client Error: Not Found for url: https://images-na.ssl-images-amazon.com/images/I/41TI3snXypL.jpg
B000Q99TI4	https://images-na.ssl-images-amazon.com/images/I/41dlzc4f0EL.jpg	404 Client Error: Not Found for url: https://images-na.ssl-images-amazon.com/images/I/41dlzc4f0EL.jpg
B002JJLPRC	https://images-na.ssl-images-amazon.com/images/I/31s2QuN6fPL.jpg	404 Client Error: Not Found for url: https://images-na.ssl-images-amazon.com/images/I/31s2QuN6fPL.jpg
B00DSKUVGC	https://images-na.ssl-images-amazon.com/images/I/414vYU1wXwL.jpg	404 Client Error: Not Found for url: https://images-na.ssl-images-amazon.com/images/I/414vYU1wXwL.jpg
B0088PI0DI	https://images-na.ssl-images-amazon.com/images/I/31hkrzZG3jL.jpg	404 Client Error: Not Found for url: https://images-na.ssl-images-amazon.com/images/I/31hkrzZG3jL.jpg
B00B1L35WW	https://images-na.ssl-images-amazon.com/images/I/31KchULAHDL.jpg	404 Client Error: Not Found for url: https://images-na.ssl-images-amazon.com/images/I/31KchULAHDL.jpg
B008TC240A	https://images-na.ssl-images-amazon.com/images/I/41lm27O%2BK1L.jpg	404 Client Error: Not Found for url: https://images-na.ssl-images-amazon.com/images/I/41lm27O%2BK1L.jpg
B00FYEW26C	https://images-na.ssl-images-amazon.com/images/I/41uzQTCp4JL.jpg	404 Client Error: Not Found for url: https://images-na.ssl-images-amazon.com/images/I/41uzQTCp4JL.jpg
B008EVUV06	https://images-na.ssl-images-amazon.com/images/I/41yimzWnoCL.jpg	404 Client Error: Not Found for url: https://images-na.ssl-images-amazon.com/images/I/41yimzWnoCL.jpg
B00EYH1KV8	https://images-na.ssl-images-amazon.com/images/I/31MlISirtgL.jpg	404 Client Error: Not Found for url: https://images-na.ssl-images-amazon.com/images/I/31MlISirtgL.jpg
B002625QJU	https://images-na.ssl-images-amazon.com/images/I/31cv8LtUGCL.jpg	404 Client Error: Not Found for url: https://images-na.ssl-images-amazon.com/images/I/31cv8LtUGCL.jpg
