B010C9SA2S	https://images-na.ssl-images-amazon.com/images/I/41dY4wUDQBL.jpg	404 Client Error: Not Found for url: https://images-na.ssl-images-amazon.com/images/I/41dY4wUDQBL.jpg
B001J8VPZQ	https://images-na.ssl-images-amazon.com/images/I/313SSftWDnL.jpg	404 Client Error: Not Found for url: https://images-na.ssl-images-amazon.com/images/I/313SSftWDnL.jpg
B01FUNAD6W	https://images-na.ssl-images-amazon.com/images/I/31o0iGJlJ3L.jpg	404 Client Error: Not Found for url: https://images-na.ssl-images-amazon.com/images/I/31o0iGJlJ3L.jpg
B010C9SCCQ	https://images-na.ssl-images-amazon.com/images/I/41Hn6M19AtL.jpg	404 Client Error: Not Found for url: https://images-na.ssl-images-amazon.com/images/I/41Hn6M19AtL.jpg
B0064YY0D4	https://images-na.ssl-images-amazon.com/images/I/41faXp4EYDL.jpg	404 Client Error: Not Found for url: https://images-na.ssl-images-amazon.com/images/I/41faXp4EYDL.jpg
B00W9S5QNC	https://images-na.ssl-images-amazon.com/images/I/31jg08PJneL.jpg	404 Client Error: Not Found for url: https://images-na.ssl-images-amazon.com/images/I/31jg08PJneL.jpg
B012P2FLA4	https://images-na.ssl-images-amazon.com/images/I/411Rh5hXS2L.jpg	404 Client Error: Not Found for url: https://images-na.ssl-images-amazon.com/images/I/411Rh5hXS2L.jpg
B00TIRLF8M	https://images-na.ssl-images-amazon.com/images/I/41HCKUYLg5L.jpg	404 Client Error: Not Found for url: https://images-na.ssl-images-amazon.com/images/I/41HCKUYLg5L.jpg
B016LJ4J7S	https://images-na.ssl-images-amazon.com/images/I/41cOr0NKRmL.jpg	404 Client Error: Not Found for url: https://images-na.ssl-images-amazon.com/images/I/41cOr0NKRmL.jpg
B01DTY57Q0	https://images-na.ssl-images-amazon.com/images/I/41iGPmC8XPL.jpg	404 Client Error: Not Found for url: https://images-na.ssl-images-amazon.com/images/I/41iGPmC8XPL.jpg
B017BVZK46	https://images-na.ssl-images-amazon.com/images/I/41SOJZiTF1L.jpg	404 Client Error: Not Found for url: https://images-na.ssl-images-amazon.com/images/I/41SOJZiTF1L.jpg
B00Q4LZUW2	https://images-na.ssl-images-amazon.com/images/I/418s18JakqL.jpg	404 Client Error: Not Found for url: https://images-na.ssl-images-amazon.com/images/I/418s18JakqL.jpg
B00RDDSQIU	https://images-na.ssl-images-amazon.com/images/I/41voM-CeTJL.jpg	404 Client Error: Not Found for url: https://images-na.ssl-images-amazon.com/images/I/41voM-CeTJL.jpg
B0131JMN10	https://images-na.ssl-images-amazon.com/images/I/31QLvZnbUCL.jpg	404 Client Error: Not Found for url: https://images-na.ssl-images-amazon.com/images/I/31QLvZnbUCL.jpg
B01B3ISSBK	https://images-na.ssl-images-amazon.com/images/I/31Xwnq1tUvL.jpg	404 Client Error: Not Found for url: https://images-na.ssl-images-amazon.com/images/I/31Xwnq1tUvL.jpg
B0057D57NK	https://images-na.ssl-images-amazon.com/images/I/31HkSvE9HTL.jpg	404 Client Error: Not Found for url: https://images-na.ssl-images-amazon.com/images/I/31HkSvE9HTL.jpg
B00KRYL792	https://images-na.ssl-images-amazon.com/images/I/31OkvCCgTyL.jpg	404 Client Error: Not Found for url: https://images-na.ssl-images-amazon.com/images/I/31OkvCCgTyL.jpg
B00CU6S680	https://images-na.ssl-images-amazon.com/images/I/315AURp9IaL.jpg	404 Client Error: Not Found for url: https://images-na.ssl-images-amazon.com/images/I/315AURp9IaL.jpg
B017G0I3Y6	https://images-na.ssl-images-amazon.com/images/I/51i4cl4xadL.jpg	404 Client Error: Not Found for url: https://images-na.ssl-images-amazon.com/images/I/51i4cl4xadL.jpg
B016YKHX1S	https://images-na.ssl-images-amazon.com/images/I/31v2XDm8RJL.jpg	404 Client Error: Not Found for url: https://images-na.ssl-images-amazon.com/images/I/31v2XDm8RJL.jpg
B00KRYL7CE	https://images-na.ssl-images-amazon.com/images/I/41kG8rH-YyL.jpg	404 Client Error: Not Found for url: https://images-na.ssl-images-amazon.com/images/I/41kG8rH-YyL.jpg
B00V84SHIE	https://images-na.ssl-images-amazon.com/images/I/41UmPoDhRUL.jpg	404 Client Error: Not Found for url: https://images-na.ssl-images-amazon.com/images/I/41UmPoDhRUL.jpg
B016YKHXL8	https://images-na.ssl-images-amazon.com/images/I/31nvlQ46ATL.jpg	404 Client Error: Not Found for url: https://images-na.ssl-images-amazon.com/images/I/31nvlQ46ATL.jpg
B01H3EALTK	https://images-na.ssl-images-amazon.com/images/I/41EOJWPrm-L.jpg	404 Client Error: Not Found for url: https://images-na.ssl-images-amazon.com/images/I/41EOJWPrm-L.jpg
B00V5Y5V8G	https://images-na.ssl-images-amazon.com/images/I/51Gv4rGp-VL.jpg	404 Client Error: Not Found for url: https://images-na.ssl-images-amazon.com/images/I/51Gv4rGp-VL.jpg
B01H3EALMM	https://images-na.ssl-images-amazon.com/images/I/41wOHTNtwGL.jpg	404 Client Error: Not Found for url: https://images-na.ssl-images-amazon.com/images/I/41wOHTNtwGL.jpg
B00CU6S662	https://images-na.ssl-images-amazon.com/images/I/31tlks4sQaL.jpg	404 Client Error: Not Found for url: https://images-na.ssl-images-amazon.com/images/I/31tlks4sQaL.jpg
B0131JMSCE	https://images-na.ssl-images-amazon.com/images/I/31e7dGQ5vML.jpg	404 Client Error: Not Found for url: https://images-na.ssl-images-amazon.com/images/I/31e7dGQ5vML.jpg
B00JIO7BWY	https://images-na.ssl-images-amazon.com/images/I/31ljtCH90fL.jpg	404 Client Error: Not Found for url: https://images-na.ssl-images-amazon.com/images/I/31ljtCH90fL.jpg
B012XOO8UI	https://images-na.ssl-images-amazon.com/images/I/3156oDoJZXL.jpg	404 Client Error: Not Found for url: https://images-na.ssl-images-amazon.com/images/I/3156oDoJZXL.jpg
B01H3EALEA	https://images-na.ssl-images-amazon.com/images/I/41cEWiVN48L.jpg	404 Client Error: Not Found for url: https://images-na.ssl-images-amazon.com/images/I/41cEWiVN48L.jpg
B00EVLTJN8	https://images-na.ssl-images-amazon.com/images/I/419l8idBrxL.jpg	404 Client Error: Not Found for url: https://images-na.ssl-images-amazon.com/images/I/419l8idBrxL.jpg
B01CHO69RO	https://images-na.ssl-images-amazon.com/images/I/41HRk7c9RGL.jpg	404 Client Error: Not Found for url: https://images-na.ssl-images-amazon.com/images/I/41HRk7c9RGL.jpg
B019W411E8	https://images-na.ssl-images-amazon.com/images/I/61jkEufuZjL.jpg	HTTPSConnectionPool(host='images-na.ssl-images-amazon.com', port=443): Read timed out. (read timeout=15)
B00SMPMKGM	https://images-na.ssl-images-amazon.com/images/I/51dBb0EopqL.jpg	404 Client Error: Not Found for url: https://images-na.ssl-images-amazon.com/images/I/51dBb0EopqL.jpg
B0023MT838	https://images-na.ssl-images-amazon.com/images/I/51LBigChDaL.jpg	HTTPSConnectionPool(host='images-na.ssl-images-amazon.com', port=443): Read timed out. (read timeout=15)
B00MY0DYMA	https://images-na.ssl-images-amazon.com/images/I/41bmHO-CDWL.jpg	404 Client Error: Not Found for url: https://images-na.ssl-images-amazon.com/images/I/41bmHO-CDWL.jpg
B00DUS5UYK	https://images-na.ssl-images-amazon.com/images/I/51kdbat3uBL.jpg	404 Client Error: Not Found for url: https://images-na.ssl-images-amazon.com/images/I/51kdbat3uBL.jpg
B00AM6X3V0	https://images-na.ssl-images-amazon.com/images/I/51hRmcisMSL.jpg	404 Client Error: Not Found for url: https://images-na.ssl-images-amazon.com/images/I/51hRmcisMSL.jpg
B015OORCQ6	https://images-na.ssl-images-amazon.com/images/I/41wylouAIoL.jpg	404 Client Error: Not Found for url: https://images-na.ssl-images-amazon.com/images/I/41wylouAIoL.jpg
B00XKXI3J4	https://images-na.ssl-images-amazon.com/images/I/31qBzddwgsL.jpg	404 Client Error: Not Found for url: https://images-na.ssl-images-amazon.com/images/I/31qBzddwgsL.jpg
B00FR9LTPY	https://images-na.ssl-images-amazon.com/images/I/41DUMp6-w1L.jpg	404 Client Error: Not Found for url: https://images-na.ssl-images-amazon.com/images/I/41DUMp6-w1L.jpg
B00DIU6JYK	https://images-na.ssl-images-amazon.com/images/I/41%2BtjseP7eL.jpg	404 Client Error: Not Found for url: https://images-na.ssl-images-amazon.com/images/I/41%2BtjseP7eL.jpg
B00QI58H88	https://images-na.ssl-images-amazon.com/images/I/41hqajpl2wL.jpg	404 Client Error: Not Found for url: https://images-na.ssl-images-amazon.com/images/I/41hqajpl2wL.jpg
B0085TF7DS	https://images-na.ssl-images-amazon.com/images/I/41-fuTqj96L.jpg	404 Client Error: Not Found for url: https://images-na.ssl-images-amazon.com/images/I/41-fuTqj96L.jpg
B00XKXI3WG	https://images-na.ssl-images-amazon.com/images/I/41LeZX6H1KL.jpg	404 Client Error: Not Found for url: https://images-na.ssl-images-amazon.com/images/I/41LeZX6H1KL.jpg
B00XKXI2D6	https://images-na.ssl-images-amazon.com/images/I/41SnmYdyf3L.jpg	404 Client Error: Not Found for url: https://images-na.ssl-images-amazon.com/images/I/41SnmYdyf3L.jpg
B00CBE1S6I	https://images-na.ssl-images-amazon.com/images/I/41qBBMDOEWL.jpg	404 Client Error: Not Found for url: https://images-na.ssl-images-amazon.com/images/I/41qBBMDOEWL.jpg
B008YWF7OU	https://images-na.ssl-images-amazon.com/images/I/31RZw6bsqvL.jpg	404 Client Error: Not Found for url: https://images-na.ssl-images-amazon.com/images/I/31RZw6bsqvL.jpg
B00JULWJLI	https://images-na.ssl-images-amazon.com/images/I/41n2ijKhJVL.jpg	404 Client Error: Not Found for url: https://images-na.ssl-images-amazon.com/images/I/41n2ijKhJVL.jpg
B00I04GJO4	https://images-na.ssl-images-amazon.com/images/I/51827TRv5JL.jpg	404 Client Error: Not Found for url: https://images-na.ssl-images-amazon.com/images/I/51827TRv5JL.jpg
B01B48NSLO	https://images-na.ssl-images-amazon.com/images/I/41ROu9cbODL.jpg	404 Client Error: Not Found for url: https://images-na.ssl-images-amazon.com/images/I/41ROu9cbODL.jpg
B00B58FQ5K	https://images-na.ssl-images-amazon.com/images/I/31oQfRd7I8L.jpg	404 Client Error: Not Found for url: https://images-na.ssl-images-amazon.com/images/I/31oQfRd7I8L.jpg
B019HKKSM8	https://images-na.ssl-images-amazon.com/images/I/51O25tV4UFL.jpg	404 Client Error: Not Found for url: https://images-na.ssl-images-amazon.com/images/I/51O25tV4UFL.jpg
B00XKXI41Q	https://images-na.ssl-images-amazon.com/images/I/41HubNqbPPL.jpg	404 Client Error: Not Found for url: https://images-na.ssl-images-amazon.com/images/I/41HubNqbPPL.jpg
B00QNAIJ4A	https://images-na.ssl-images-amazon.com/images/I/31heLfgs0WL.jpg	404 Client Error: Not Found for url: https://images-na.ssl-images-amazon.com/images/I/31heLfgs0WL.jpg
B00AYCZCTI	https://images-na.ssl-images-amazon.com/images/I/41CDCEsvMOL.jpg	404 Client Error: Not Found for url: https://images-na.ssl-images-amazon.com/images/I/41CDCEsvMOL.jpg
B00WW6YJG6	https://images-na.ssl-images-amazon.com/images/I/41r4VrelL5L.jpg	404 Client Error: Not Found for url: https://images-na.ssl-images-amazon.com/images/I/41r4VrelL5L.jpg
B01H7EMBXK	https://images-na.ssl-images-amazon.com/images/I/41ha1C6vxdL.jpg	404 Client Error: Not Found for url: https://images-na.ssl-images-amazon.com/images/I/41ha1C6vxdL.jpg
B01BPL4UBW	https://images-na.ssl-images-amazon.com/images/I/41GNHOafkLL.jpg	404 Client Error: Not Found for url: https://images-na.ssl-images-amazon.com/images/I/41GNHOafkLL.jpg
B00ZUJ9Q8I	https://images-na.ssl-images-amazon.com/images/I/41t7l6AAr0L.jpg	404 Client Error: Not Found for url: https://images-na.ssl-images-amazon.com/images/I/41t7l6AAr0L.jpg
B01FKL94WI	https://images-na.ssl-images-amazon.com/images/I/41lDZ93ptFL.jpg	404 Client Error: Not Found for url: https://images-na.ssl-images-amazon.com/images/I/41lDZ93ptFL.jpg
B01DXPYIS8	https://images-na.ssl-images-amazon.com/images/I/419kez%2Bl3NL.jpg	404 Client Error: Not Found for url: https://images-na.ssl-images-amazon.com/images/I/419kez%2Bl3NL.jpg
B00UBUQRAQ	https://images-na.ssl-images-amazon.com/images/I/51bYFkYVgFL.jpg	404 Client Error: Not Found for url: https://images-na.ssl-images-amazon.com/images/I/51bYFkYVgFL.jpg
B017OVGA5G	https://images-na.ssl-images-amazon.com/images/I/51CR91w-g7L.jpg	404 Client Error: Not Found for url: https://images-na.ssl-images-amazon.com/images/I/51CR91w-g7L.jpg
B0018OOF6M	https://images-na.ssl-images-amazon.com/images/I/41Cwm8yRx8L.jpg	404 Client Error: Not Found for url: https://images-na.ssl-images-amazon.com/images/I/41Cwm8yRx8L.jpg
B00B58FP9W	https://images-na.ssl-images-amazon.com/images/I/31NUtqmQJ%2BL.jpg	404 Client Error: Not Found for url: https://images-na.ssl-images-amazon.com/images/I/31NUtqmQJ%2BL.jpg
B00NTYV0VC	https://images-na.ssl-images-amazon.com/images/I/41GUDyPJcwL.jpg	404 Client Error: Not Found for url: https://images-na.ssl-images-amazon.com/images/I/41GUDyPJcwL.jpg
B00XKXIAAG	https://images-na.ssl-images-amazon.com/images/I/41SqjDsmbUL.jpg	404 Client Error: Not Found for url: https://images-na.ssl-images-amazon.com/images/I/41SqjDsmbUL.jpg
B00GAZMA2A	https://images-na.ssl-images-amazon.com/images/I/41SyQu29a0L.jpg	404 Client Error: Not Found for url: https://images-na.ssl-images-amazon.com/images/I/41SyQu29a0L.jpg
B01610O85K	https://images-na.ssl-images-amazon.com/images/I/41bLqaI6idL.jpg	404 Client Error: Not Found for url: https://images-na.ssl-images-amazon.com/images/I/41bLqaI6idL.jpg
B006SRSZR4	https://images-na.ssl-images-amazon.com/images/I/316OJTfWGZL.jpg	404 Client Error: Not Found for url: https://images-na.ssl-images-amazon.com/images/I/316OJTfWGZL.jpg
B00C9TD7J6	https://images-na.ssl-images-amazon.com/images/I/41NmWjbH5GL.jpg	HTTPSConnectionPool(host='images-na.ssl-images-amazon.com', port=443): Read timed out. (read timeout=15)
B019HPXSC0	https://images-na.ssl-images-amazon.com/images/I/41cx8t2QUBL.jpg	404 Client Error: Not Found for url: https://images-na.ssl-images-amazon.com/images/I/41cx8t2QUBL.jpg
B00APXN95U	https://images-na.ssl-images-amazon.com/images/I/31lxbTQTBNL.jpg	404 Client Error: Not Found for url: https://images-na.ssl-images-amazon.com/images/I/31lxbTQTBNL.jpg
B00K17LRYA	https://images-na.ssl-images-amazon.com/images/I/31sr6MKmUML.jpg	404 Client Error: Not Found for url: https://images-na.ssl-images-amazon.com/images/I/31sr6MKmUML.jpg
B00ARH8CPG	https://images-na.ssl-images-amazon.com/images/I/410u98YL6iL.jpg	404 Client Error: Not Found for url: https://images-na.ssl-images-amazon.com/images/I/410u98YL6iL.jpg
B00CYAP6VM	https://images-na.ssl-images-amazon.com/images/I/41J04jjXEkL.jpg	404 Client Error: Not Found for url: https://images-na.ssl-images-amazon.com/images/I/41J04jjXEkL.jpg
B00TATGZ74	https://images-na.ssl-images-amazon.com/images/I/41N-8WWHhdL.jpg	404 Client Error: Not Found for url: https://images-na.ssl-images-amazon.com/images/I/41N-8WWHhdL.jpg
B00UXIRQGU	https://images-na.ssl-images-amazon.com/images/I/41IUQKR7ZwL.jpg	404 Client Error: Not Found for url: https://images-na.ssl-images-amazon.com/images/I/41IUQKR7ZwL.jpg
B00CBE1KDO	https://images-na.ssl-images-amazon.com/images/I/41umNy0wJCL.jpg	404 Client Error: Not Found for url: https://images-na.ssl-images-amazon.com/images/I/41umNy0wJCL.jpg
B0072J71L8	https://images-na.ssl-images-amazon.com/images/I/31oIgQP0lFL.jpg	404 Client Error: Not Found for url: https://images-na.ssl-images-amazon.com/images/I/31oIgQP0lFL.jpg
B006SRSZOW	https://images-na.ssl-images-amazon.com/images/I/417fd34aI4L.jpg	404 Client Error: Not Found for url: https://images-na.ssl-images-amazon.com/images/I/417fd34aI4L.jpg
B0153AR7DE	https://images-na.ssl-images-amazon.com/images/I/4102x5D5%2BEL.jpg	404 Client Error: Not Found for url: https://images-na.ssl-images-amazon.com/images/I/4102x5D5%2BEL.jpg
B00ARCWZZE	https://images-na.ssl-images-amazon.com/images/I/41waFBYBDHL.jpg	404 Client Error: Not Found for url: https://images-na.ssl-images-amazon.com/images/I/41waFBYBDHL.jpg
B013RMMWMG	https://images-na.ssl-images-amazon.com/images/I/41dyzILn7-L.jpg	404 Client Error: Not Found for url: https://images-na.ssl-images-amazon.com/images/I/41dyzILn7-L.jpg
B00BSOU1L0	https://images-na.ssl-images-amazon.com/images/I/41JeTMPru%2BL.jpg	404 Client Error: Not Found for url: https://images-na.ssl-images-amazon.com/images/I/41JeTMPru%2BL.jpg
B01AKT1C7K	https://images-na.ssl-images-amazon.com/images/I/317tNhh4EnL.jpg	404 Client Error: Not Found for url: https://images-na.ssl-images-amazon.com/images/I/317tNhh4EnL.jpg
B00CBE1KES	https://images-na.ssl-images-amazon.com/images/I/417MSJS1nGL.jpg	404 Client Error: Not Found for url: https://images-na.ssl-images-amazon.com/images/I/417MSJS1nGL.jpg
B01FNB5II4	https://images-na.ssl-images-amazon.com/images/I/41wtAR3K6IL.jpg	404 Client Error: Not Found for url: https://images-na.ssl-images-amazon.com/images/I/41wtAR3K6IL.jpg
B00PHA552G	https://images-na.ssl-images-amazon.com/images/I/31rIjovjIYL.jpg	404 Client Error: Not Found for url: https://images-na.ssl-images-amazon.com/images/I/31rIjovjIYL.jpg
B01AKT1C3O	https://images-na.ssl-images-amazon.com/images/I/41aKRzi55pL.jpg	404 Client Error: Not Found for url: https://images-na.ssl-images-amazon.com/images/I/41aKRzi55pL.jpg
B00JBXO0EO	https://images-na.ssl-images-amazon.com/images/I/41BuAHrw7nL.jpg	404 Client Error: Not Found for url: https://images-na.ssl-images-amazon.com/images/I/41BuAHrw7nL.jpg
B00V0G8XRU	https://images-na.ssl-images-amazon.com/images/I/51k-uAN-qsL.jpg	404 Client Error: Not Found for url: https://images-na.ssl-images-amazon.com/images/I/51k-uAN-qsL.jpg
B001VH6IFM	https://images-na.ssl-images-amazon.com/images/I/41J1P6eethL.jpg	404 Client Error: Not Found for url: https://images-na.ssl-images-amazon.com/images/I/41J1P6eethL.jpg
B01DXI33T0	https://images-na.ssl-images-amazon.com/images/I/41C2iMYG5BL.jpg	404 Client Error: Not Found for url: https://images-na.ssl-images-amazon.com/images/I/41C2iMYG5BL.jpg
B00C9O6N88	https://images-na.ssl-images-amazon.com/images/I/21yUoMDeMJL.jpg	HTTPSConnectionPool(host='images-na.ssl-images-amazon.com', port=443): Read timed out. (read timeout=15)
B00O7PCD54	https://images-na.ssl-images-amazon.com/images/I/41vbFIXDPNL.jpg	404 Client Error: Not Found for url: https://images-na.ssl-images-amazon.com/images/I/41vbFIXDPNL.jpg
B00DMWH678	https://images-na.ssl-images-amazon.com/images/I/418nSBP0YYL.jpg	404 Client Error: Not Found for url: https://images-na.ssl-images-amazon.com/images/I/418nSBP0YYL.jpg
B00JB8OW42	https://images-na.ssl-images-amazon.com/images/I/41Fi5g53HLL.jpg	404 Client Error: Not Found for url: https://images-na.ssl-images-amazon.com/images/I/41Fi5g53HLL.jpg
B017OEW7DC	https://images-na.ssl-images-amazon.com/images/I/31agnIGQJRL.jpg	404 Client Error: Not Found for url: https://images-na.ssl-images-amazon.com/images/I/31agnIGQJRL.jpg
B0164NIE5E	https://images-na.ssl-images-amazon.com/images/I/51elo%2B2DUuL.jpg	404 Client Error: Not Found for url: https://images-na.ssl-images-amazon.com/images/I/51elo%2B2DUuL.jpg
B00DMWH8OE	https://images-na.ssl-images-amazon.com/images/I/41t3SeCOxHL.jpg	404 Client Error: Not Found for url: https://images-na.ssl-images-amazon.com/images/I/41t3SeCOxHL.jpg
B00DMWH696	https://images-na.ssl-images-amazon.com/images/I/41-HRoT4QdL.jpg	404 Client Error: Not Found for url: https://images-na.ssl-images-amazon.com/images/I/41-HRoT4QdL.jpg
B01AK98V6A	https://images-na.ssl-images-amazon.com/images/I/31oJKKsaC5L.jpg	HTTPSConnectionPool(host='images-na.ssl-images-amazon.com', port=443): Read timed out. (read timeout=15)
B00X95OFG8	https://images-na.ssl-images-amazon.com/images/I/51ad-nLwQ2L.jpg	HTTPSConnectionPool(host='images-na.ssl-images-amazon.com', port=443): Read timed out. (read timeout=15)
B00U1LX77G	https://images-na.ssl-images-amazon.com/images/I/51KcB7J-xtL.jpg	HTTPSConnectionPool(host='images-na.ssl-images-amazon.com', port=443): Read timed out. (read timeout=15)
B00UVL0SF0	https://images-na.ssl-images-amazon.com/images/I/31AbDBAySNL.jpg	404 Client Error: Not Found for url: https://images-na.ssl-images-amazon.com/images/I/31AbDBAySNL.jpg
B00UVJI6Y2	https://images-na.ssl-images-amazon.com/images/I/31LYPFyJGxL.jpg	404 Client Error: Not Found for url: https://images-na.ssl-images-amazon.com/images/I/31LYPFyJGxL.jpg
B00UVJI7HI	https://images-na.ssl-images-amazon.com/images/I/31RIdxJ0xsL.jpg	404 Client Error: Not Found for url: https://images-na.ssl-images-amazon.com/images/I/31RIdxJ0xsL.jpg
B00OWD0F88	https://images-na.ssl-images-amazon.com/images/I/41ZkpoBzVrL.jpg	404 Client Error: Not Found for url: https://images-na.ssl-images-amazon.com/images/I/41ZkpoBzVrL.jpg
B01DBDW5VY	https://images-na.ssl-images-amazon.com/images/I/41L3mhmh4XL.jpg	404 Client Error: Not Found for url: https://images-na.ssl-images-amazon.com/images/I/41L3mhmh4XL.jpg
B01B5SCQ1G	https://images-na.ssl-images-amazon.com/images/I/41mBT1ZoltL.jpg	404 Client Error: Not Found for url: https://images-na.ssl-images-amazon.com/images/I/41mBT1ZoltL.jpg
B00R4HVDKI	https://images-na.ssl-images-amazon.com/images/I/41a20Ke2SBL.jpg	404 Client Error: Not Found for url: https://images-na.ssl-images-amazon.com/images/I/41a20Ke2SBL.jpg
B00HGREI0I	https://images-na.ssl-images-amazon.com/images/I/41e8ivsc9UL.jpg	404 Client Error: Not Found for url: https://images-na.ssl-images-amazon.com/images/I/41e8ivsc9UL.jpg
B00PUWSEQ0	https://images-na.ssl-images-amazon.com/images/I/4161QCt1aKL.jpg	404 Client Error: Not Found for url: https://images-na.ssl-images-amazon.com/images/I/4161QCt1aKL.jpg
B00JS7UQSW	https://images-na.ssl-images-amazon.com/images/I/41GrbsMCXqL.jpg	404 Client Error: Not Found for url: https://images-na.ssl-images-amazon.com/images/I/41GrbsMCXqL.jpg
B00YU7L8TQ	https://images-na.ssl-images-amazon.com/images/I/41-r1fw%2BozL.jpg	404 Client Error: Not Found for url: https://images-na.ssl-images-amazon.com/images/I/41-r1fw%2BozL.jpg
B018RK8SJ4	https://images-na.ssl-images-amazon.com/images/I/419vGNtm33L.jpg	404 Client Error: Not Found for url: https://images-na.ssl-images-amazon.com/images/I/419vGNtm33L.jpg
B01EMQL5DS	https://images-na.ssl-images-amazon.com/images/I/41sNi-in84L.jpg	404 Client Error: Not Found for url: https://images-na.ssl-images-amazon.com/images/I/41sNi-in84L.jpg
B01H5M6SO2	https://images-na.ssl-images-amazon.com/images/I/41236LEkBwL.jpg	404 Client Error: Not Found for url: https://images-na.ssl-images-amazon.com/images/I/41236LEkBwL.jpg
B00L2L7FPE	https://images-na.ssl-images-amazon.com/images/I/41aOEA58VzL.jpg	404 Client Error: Not Found for url: https://images-na.ssl-images-amazon.com/images/I/41aOEA58VzL.jpg
B01CRG55T0	https://images-na.ssl-images-amazon.com/images/I/41XRk7Lq43L.jpg	404 Client Error: Not Found for url: https://images-na.ssl-images-amazon.com/images/I/41XRk7Lq43L.jpg
B00BR14QBK	https://images-na.ssl-images-amazon.com/images/I/41JfddwVftL.jpg	404 Client Error: Not Found for url: https://images-na.ssl-images-amazon.com/images/I/41JfddwVftL.jpg
B00PBCVMPO	https://images-na.ssl-images-amazon.com/images/I/41nhVdgNHQL.jpg	404 Client Error: Not Found for url: https://images-na.ssl-images-amazon.com/images/I/41nhVdgNHQL.jpg
B018EYSK7I	https://images-na.ssl-images-amazon.com/images/I/41cGzJ9yDDL.jpg	404 Client Error: Not Found for url: https://images-na.ssl-images-amazon.com/images/I/41cGzJ9yDDL.jpg
B00M283T9W	https://images-na.ssl-images-amazon.com/images/I/41RuKOBCBuL.jpg	404 Client Error: Not Found for url: https://images-na.ssl-images-amazon.com/images/I/41RuKOBCBuL.jpg
B01GFT6FR6	https://images-na.ssl-images-amazon.com/images/I/414HIja1lRL.jpg	404 Client Error: Not Found for url: https://images-na.ssl-images-amazon.com/images/I/414HIja1lRL.jpg
B00CBEHQN2	https://images-na.ssl-images-amazon.com/images/I/41GWZ9GarUL.jpg	404 Client Error: Not Found for url: https://images-na.ssl-images-amazon.com/images/I/41GWZ9GarUL.jpg
B016LJ4GBM	https://images-na.ssl-images-amazon.com/images/I/41DeOod7nkL.jpg	404 Client Error: Not Found for url: https://images-na.ssl-images-amazon.com/images/I/41DeOod7nkL.jpg
B01FHO9LFS	https://images-na.ssl-images-amazon.com/images/I/41fGlAaEhYL.jpg	404 Client Error: Not Found for url: https://images-na.ssl-images-amazon.com/images/I/41fGlAaEhYL.jpg
B00SM61B8Y	https://images-na.ssl-images-amazon.com/images/I/51w8Kq-58rL.jpg	HTTPSConnectionPool(host='images-na.ssl-images-amazon.com', port=443): Read timed out. (read timeout=15)
B00TJEGK48	https://images-na.ssl-images-amazon.com/images/I/41fK1NcQpgL.jpg	404 Client Error: Not Found for url: https://images-na.ssl-images-amazon.com/images/I/41fK1NcQpgL.jpg
B00G7N0TLE	https://images-na.ssl-images-amazon.com/images/I/51zjLsFGZWL.jpg	404 Client Error: Not Found for url: https://images-na.ssl-images-amazon.com/images/I/51zjLsFGZWL.jpg
B00RI7MXIK	https://images-na.ssl-images-amazon.com/images/I/51eOjLxM7UL.jpg	404 Client Error: Not Found for url: https://images-na.ssl-images-amazon.com/images/I/51eOjLxM7UL.jpg
B0019TX2D8	https://images-na.ssl-images-amazon.com/images/I/41NqLqzFEvL.jpg	404 Client Error: Not Found for url: https://images-na.ssl-images-amazon.com/images/I/41NqLqzFEvL.jpg
B00EVR42KW	https://images-na.ssl-images-amazon.com/images/I/41nrqu8PepL.jpg	404 Client Error: Not Found for url: https://images-na.ssl-images-amazon.com/images/I/41nrqu8PepL.jpg
B0072D9M0C	https://images-na.ssl-images-amazon.com/images/I/41Q4iFURA-L.jpg	404 Client Error: Not Found for url: https://images-na.ssl-images-amazon.com/images/I/41Q4iFURA-L.jpg
B01DUZH7QQ	https://images-na.ssl-images-amazon.com/images/I/41lvSb-S6vL.jpg	404 Client Error: Not Found for url: https://images-na.ssl-images-amazon.com/images/I/41lvSb-S6vL.jpg
B010M0B4SO	https://images-na.ssl-images-amazon.com/images/I/416RUPkpcLL.jpg	404 Client Error: Not Found for url: https://images-na.ssl-images-amazon.com/images/I/416RUPkpcLL.jpg
B00D2Z96B4	https://images-na.ssl-images-amazon.com/images/I/41RHyFANloL.jpg	404 Client Error: Not Found for url: https://images-na.ssl-images-amazon.com/images/I/41RHyFANloL.jpg
B015U2X2QQ	https://images-na.ssl-images-amazon.com/images/I/41JKierj2PL.jpg	404 Client Error: Not Found for url: https://images-na.ssl-images-amazon.com/images/I/41JKierj2PL.jpg
B00JULWE54	https://images-na.ssl-images-amazon.com/images/I/41C9EcTPYcL.jpg	404 Client Error: Not Found for url: https://images-na.ssl-images-amazon.com/images/I/41C9EcTPYcL.jpg
B00GGX3SXQ	https://images-na.ssl-images-amazon.com/images/I/41EnC58FprL.jpg	404 Client Error: Not Found for url: https://images-na.ssl-images-amazon.com/images/I/41EnC58FprL.jpg
B00L2L71H6	https://images-na.ssl-images-amazon.com/images/I/41jnlM5a3GL.jpg	404 Client Error: Not Found for url: https://images-na.ssl-images-amazon.com/images/I/41jnlM5a3GL.jpg
B0155L1NHM	https://images-na.ssl-images-amazon.com/images/I/41GxHBpPnGL.jpg	404 Client Error: Not Found for url: https://images-na.ssl-images-amazon.com/images/I/41GxHBpPnGL.jpg
B004KLU1AE	https://images-na.ssl-images-amazon.com/images/I/51xJAs3tnYL.jpg	404 Client Error: Not Found for url: https://images-na.ssl-images-amazon.com/images/I/51xJAs3tnYL.jpg
B00MSEI5W6	https://images-na.ssl-images-amazon.com/images/I/41dOpueRNJL.jpg	404 Client Error: Not Found for url: https://images-na.ssl-images-amazon.com/images/I/41dOpueRNJL.jpg
B00FJ86JDU	https://images-na.ssl-images-amazon.com/images/I/51mLCbALDcL.jpg	404 Client Error: Not Found for url: https://images-na.ssl-images-amazon.com/images/I/51mLCbALDcL.jpg
B000RLMDVG	https://images-na.ssl-images-amazon.com/images/I/41XOQ9YUT-L.jpg	404 Client Error: Not Found for url: https://images-na.ssl-images-amazon.com/images/I/41XOQ9YUT-L.jpg
B00AG3ZILM	https://images-na.ssl-images-amazon.com/images/I/31orEHCV4qL.jpg	404 Client Error: Not Found for url: https://images-na.ssl-images-amazon.com/images/I/31orEHCV4qL.jpg
B01BQYMLJG	https://images-na.ssl-images-amazon.com/images/I/41adWPmhWcL.jpg	404 Client Error: Not Found for url: https://images-na.ssl-images-amazon.com/images/I/41adWPmhWcL.jpg
B00P9WMEG2	https://images-na.ssl-images-amazon.com/images/I/41FQTDlnLNL.jpg	404 Client Error: Not Found for url: https://images-na.ssl-images-amazon.com/images/I/41FQTDlnLNL.jpg
B00262IRJ6	https://images-na.ssl-images-amazon.com/images/I/41XgWoQuycL.jpg	404 Client Error: Not Found for url: https://images-na.ssl-images-amazon.com/images/I/41XgWoQuycL.jpg
B01AHSRXVI	https://images-na.ssl-images-amazon.com/images/I/31cpNpNbmtL.jpg	404 Client Error: Not Found for url: https://images-na.ssl-images-amazon.com/images/I/31cpNpNbmtL.jpg
B0131KONDU	https://images-na.ssl-images-amazon.com/images/I/41OK0d8kIqL.jpg	404 Client Error: Not Found for url: https://images-na.ssl-images-amazon.com/images/I/41OK0d8kIqL.jpg
B0147HB56O	https://images-na.ssl-images-amazon.com/images/I/51ZzuQRwpUL.jpg	404 Client Error: Not Found for url: https://images-na.ssl-images-amazon.com/images/I/51ZzuQRwpUL.jpg
B00IJGVO66	https://images-na.ssl-images-amazon.com/images/I/41p-hRs1JCL.jpg	404 Client Error: Not Found for url: https://images-na.ssl-images-amazon.com/images/I/41p-hRs1JCL.jpg
B00IXJMALM	https://images-na.ssl-images-amazon.com/images/I/41pnbz2BqlL.jpg	404 Client Error: Not Found for url: https://images-na.ssl-images-amazon.com/images/I/41pnbz2BqlL.jpg
B01DWNP2WM	https://images-na.ssl-images-amazon.com/images/I/41OpkGR1EUL.jpg	404 Client Error: Not Found for url: https://images-na.ssl-images-amazon.com/images/I/41OpkGR1EUL.jpg
B01B59A4S2	https://images-na.ssl-images-amazon.com/images/I/41TwJeToL-L.jpg	404 Client Error: Not Found for url: https://images-na.ssl-images-amazon.com/images/I/41TwJeToL-L.jpg
B00KW0F1V6	https://images-na.ssl-images-amazon.com/images/I/41-kRJyD9PL.jpg	404 Client Error: Not Found for url: https://images-na.ssl-images-amazon.com/images/I/41-kRJyD9PL.jpg
B00HJU6HQK	https://images-na.ssl-images-amazon.com/images/I/41DB6DpYh2L.jpg	404 Client Error: Not Found for url: https://images-na.ssl-images-amazon.com/images/I/41DB6DpYh2L.jpg
B00KVTSPM0	https://images-na.ssl-images-amazon.com/images/I/41dGlZKIXDL.jpg	404 Client Error: Not Found for url: https://images-na.ssl-images-amazon.com/images/I/41dGlZKIXDL.jpg
B00DWZG4R8	https://images-na.ssl-images-amazon.com/images/I/41JZRKyaA4L.jpg	404 Client Error: Not Found for url: https://images-na.ssl-images-amazon.com/images/I/41JZRKyaA4L.jpg
B00KVTSNHW	https://images-na.ssl-images-amazon.com/images/I/41eM9R1IxbL.jpg	404 Client Error: Not Found for url: https://images-na.ssl-images-amazon.com/images/I/41eM9R1IxbL.jpg
B00KVTSPRU	https://images-na.ssl-images-amazon.com/images/I/41Ia73h7htL.jpg	404 Client Error: Not Found for url: https://images-na.ssl-images-amazon.com/images/I/41Ia73h7htL.jpg
B00D8V4YVO	https://images-na.ssl-images-amazon.com/images/I/41B9c-4Hn1L.jpg	404 Client Error: Not Found for url: https://images-na.ssl-images-amazon.com/images/I/41B9c-4Hn1L.jpg
B01FHH7KC6	https://images-na.ssl-images-amazon.com/images/I/415T4DdLV%2BL.jpg	404 Client Error: Not Found for url: https://images-na.ssl-images-amazon.com/images/I/415T4DdLV%2BL.jpg
B00IDF4NFC	https://images-na.ssl-images-amazon.com/images/I/41NpwF2SLNL.jpg	404 Client Error: Not Found for url: https://images-na.ssl-images-amazon.com/images/I/41NpwF2SLNL.jpg
B0124N5AVE	https://images-na.ssl-images-amazon.com/images/I/31XQLZNs9RL.jpg	404 Client Error: Not Found for url: https://images-na.ssl-images-amazon.com/images/I/31XQLZNs9RL.jpg
B00T3IM94U	https://images-na.ssl-images-amazon.com/images/I/5122M%2BbJ1aL.jpg	404 Client Error: Not Found for url: https://images-na.ssl-images-amazon.com/images/I/5122M%2BbJ1aL.jpg
B017S2M79O	https://images-na.ssl-images-amazon.com/images/I/51qFh%2BajyvL.jpg	404 Client Error: Not Found for url: https://images-na.ssl-images-amazon.com/images/I/51qFh%2BajyvL.jpg
B015VLQ43Y	https://images-na.ssl-images-amazon.com/images/I/41EjbE7nrlL.jpg	404 Client Error: Not Found for url: https://images-na.ssl-images-amazon.com/images/I/41EjbE7nrlL.jpg
B01594W29S	https://images-na.ssl-images-amazon.com/images/I/41kjXG9142L.jpg	404 Client Error: Not Found for url: https://images-na.ssl-images-amazon.com/images/I/41kjXG9142L.jpg
B00TG3805E	https://images-na.ssl-images-amazon.com/images/I/41GHaujiLFL.jpg	404 Client Error: Not Found for url: https://images-na.ssl-images-amazon.com/images/I/41GHaujiLFL.jpg
B01H246A6E	https://images-na.ssl-images-amazon.com/images/I/419e%2BA9uRQL.jpg	404 Client Error: Not Found for url: https://images-na.ssl-images-amazon.com/images/I/419e%2BA9uRQL.jpg
B00R5A2T66	https://images-na.ssl-images-amazon.com/images/I/419PHUClhPL.jpg	404 Client Error: Not Found for url: https://images-na.ssl-images-amazon.com/images/I/419PHUClhPL.jpg
B00SBT05B6	https://images-na.ssl-images-amazon.com/images/I/41TKt99SR1L.jpg	404 Client Error: Not Found for url: https://images-na.ssl-images-amazon.com/images/I/41TKt99SR1L.jpg
B00C2QMPF8	https://images-na.ssl-images-amazon.com/images/I/413s17P%2BxHL.jpg	404 Client Error: Not Found for url: https://images-na.ssl-images-amazon.com/images/I/413s17P%2BxHL.jpg
B000H9JZ9G	https://images-na.ssl-images-amazon.com/images/I/51S-qWd0eDL.jpg	404 Client Error: Not Found for url: https://images-na.ssl-images-amazon.com/images/I/51S-qWd0eDL.jpg
B01H0AW884	https://images-na.ssl-images-amazon.com/images/I/417OC5B935L.jpg	404 Client Error: Not Found for url: https://images-na.ssl-images-amazon.com/images/I/417OC5B935L.jpg
B01C3DA3M6	https://images-na.ssl-images-amazon.com/images/I/41s6qRw9pML.jpg	404 Client Error: Not Found for url: https://images-na.ssl-images-amazon.com/images/I/41s6qRw9pML.jpg
B016DHBTWG	https://images-na.ssl-images-amazon.com/images/I/41EoreXIwbL.jpg	404 Client Error: Not Found for url: https://images-na.ssl-images-amazon.com/images/I/41EoreXIwbL.jpg
B0155NEWZU	https://images-na.ssl-images-amazon.com/images/I/41oam3rovvL.jpg	404 Client Error: Not Found for url: https://images-na.ssl-images-amazon.com/images/I/41oam3rovvL.jpg
B01CRGDFT2	https://images-na.ssl-images-amazon.com/images/I/31l0Bkjua3L.jpg	404 Client Error: Not Found for url: https://images-na.ssl-images-amazon.com/images/I/31l0Bkjua3L.jpg
B01FH733Y0	https://images-na.ssl-images-amazon.com/images/I/41UDn1UOUnL.jpg	404 Client Error: Not Found for url: https://images-na.ssl-images-amazon.com/images/I/41UDn1UOUnL.jpg
B015HO8D8E	https://images-na.ssl-images-amazon.com/images/I/41h%2BuWNe6fL.jpg	404 Client Error: Not Found for url: https://images-na.ssl-images-amazon.com/images/I/41h%2BuWNe6fL.jpg
B01594EN7W	https://images-na.ssl-images-amazon.com/images/I/31fC4Y3chZL.jpg	404 Client Error: Not Found for url: https://images-na.ssl-images-amazon.com/images/I/31fC4Y3chZL.jpg
B00LV4X4L6	https://images-na.ssl-images-amazon.com/images/I/41e7xnvKFyL.jpg	404 Client Error: Not Found for url: https://images-na.ssl-images-amazon.com/images/I/41e7xnvKFyL.jpg
B017S8HXBU	https://images-na.ssl-images-amazon.com/images/I/41o24WUrUlL.jpg	404 Client Error: Not Found for url: https://images-na.ssl-images-amazon.com/images/I/41o24WUrUlL.jpg
B017S8IX8C	https://images-na.ssl-images-amazon.com/images/I/41sK7mzEPLL.jpg	404 Client Error: Not Found for url: https://images-na.ssl-images-amazon.com/images/I/41sK7mzEPLL.jpg
B004W5X6HI	https://images-na.ssl-images-amazon.com/images/I/41NSA-I9qFL.jpg	404 Client Error: Not Found for url: https://images-na.ssl-images-amazon.com/images/I/41NSA-I9qFL.jpg
B00TQQHWL4	https://images-na.ssl-images-amazon.com/images/I/412MJKlsWuL.jpg	404 Client Error: Not Found for url: https://images-na.ssl-images-amazon.com/images/I/412MJKlsWuL.jpg
B00PUWPLJI	https://images-na.ssl-images-amazon.com/images/I/41LZ1N5fReL.jpg	404 Client Error: Not Found for url: https://images-na.ssl-images-amazon.com/images/I/41LZ1N5fReL.jpg
B00PUWKZXA	https://images-na.ssl-images-amazon.com/images/I/51-K3h%2BXNnL.jpg	404 Client Error: Not Found for url: https://images-na.ssl-images-amazon.com/images/I/51-K3h%2BXNnL.jpg
B00Z01UTZU	https://images-na.ssl-images-amazon.com/images/I/513UGDtCyBL.jpg	404 Client Error: Not Found for url: https://images-na.ssl-images-amazon.com/images/I/513UGDtCyBL.jpg
B001NDMPW4	https://images-na.ssl-images-amazon.com/images/I/41krTcpYZ3L.jpg	404 Client Error: Not Found for url: https://images-na.ssl-images-amazon.com/images/I/41krTcpYZ3L.jpg
B01E7XOPZQ	https://images-na.ssl-images-amazon.com/images/I/41XDzzzM6gL.jpg	404 Client Error: Not Found for url: https://images-na.ssl-images-amazon.com/images/I/41XDzzzM6gL.jpg
B01CRG29H6	https://images-na.ssl-images-amazon.com/images/I/31vegReSCYL.jpg	404 Client Error: Not Found for url: https://images-na.ssl-images-amazon.com/images/I/31vegReSCYL.jpg
B0159445HA	https://images-na.ssl-images-amazon.com/images/I/41JvM4cIL-L.jpg	404 Client Error: Not Found for url: https://images-na.ssl-images-amazon.com/images/I/41JvM4cIL-L.jpg
B00P9UZ3BW	https://images-na.ssl-images-amazon.com/images/I/41jnKZGoC3L.jpg	404 Client Error: Not Found for url: https://images-na.ssl-images-amazon.com/images/I/41jnKZGoC3L.jpg
B01C6GPBXQ	https://images-na.ssl-images-amazon.com/images/I/51bWVD85tlL.jpg	404 Client Error: Not Found for url: https://images-na.ssl-images-amazon.com/images/I/51bWVD85tlL.jpg
B01C6GMBSY	https://images-na.ssl-images-amazon.com/images/I/413zyvLYIvL.jpg	404 Client Error: Not Found for url: https://images-na.ssl-images-amazon.com/images/I/413zyvLYIvL.jpg
B00B7E2IZ8	https://images-na.ssl-images-amazon.com/images/I/4172RhB3TdL.jpg	404 Client Error: Not Found for url: https://images-na.ssl-images-amazon.com/images/I/4172RhB3TdL.jpg
B01CVKASUI	https://images-na.ssl-images-amazon.com/images/I/41GCgujgDPL.jpg	404 Client Error: Not Found for url: https://images-na.ssl-images-amazon.com/images/I/41GCgujgDPL.jpg
B0057VX5Q8	https://images-na.ssl-images-amazon.com/images/I/51Y8Me9yH6L.jpg	404 Client Error: Not Found for url: https://images-na.ssl-images-amazon.com/images/I/51Y8Me9yH6L.jpg
B00XO1UZ5M	https://images-na.ssl-images-amazon.com/images/I/41ESdIlf2PL.jpg	404 Client Error: Not Found for url: https://images-na.ssl-images-amazon.com/images/I/41ESdIlf2PL.jpg
B00PBDWUUE	https://images-na.ssl-images-amazon.com/images/I/41lns-xTmKL.jpg	404 Client Error: Not Found for url: https://images-na.ssl-images-amazon.com/images/I/41lns-xTmKL.jpg
B01CRTUI9Y	https://images-na.ssl-images-amazon.com/images/I/41dizMRWXAL.jpg	404 Client Error: Not Found for url: https://images-na.ssl-images-amazon.com/images/I/41dizMRWXAL.jpg
B00BOYBHJO	https://images-na.ssl-images-amazon.com/images/I/51bF15byUhL.jpg	404 Client Error: Not Found for url: https://images-na.ssl-images-amazon.com/images/I/51bF15byUhL.jpg
B00NJO863W	https://images-na.ssl-images-amazon.com/images/I/41ZxIS8zP0L.jpg	404 Client Error: Not Found for url: https://images-na.ssl-images-amazon.com/images/I/41ZxIS8zP0L.jpg
B003YHP4QQ	https://images-na.ssl-images-amazon.com/images/I/51nEf6ebk%2BL.jpg	404 Client Error: Not Found for url: https://images-na.ssl-images-amazon.com/images/I/51nEf6ebk%2BL.jpg
B019FYH2NE	https://images-na.ssl-images-amazon.com/images/I/31U0fFCjIiL.jpg	404 Client Error: Not Found for url: https://images-na.ssl-images-amazon.com/images/I/31U0fFCjIiL.jpg
B003SD461A	https://images-na.ssl-images-amazon.com/images/I/41TWYy2ZKVL.jpg	404 Client Error: Not Found for url: https://images-na.ssl-images-amazon.com/images/I/41TWYy2ZKVL.jpg
B01AK3YS3Q	https://images-na.ssl-images-amazon.com/images/I/41eOnezerSL.jpg	404 Client Error: Not Found for url: https://images-na.ssl-images-amazon.com/images/I/41eOnezerSL.jpg
B000XS4DSY	https://images-na.ssl-images-amazon.com/images/I/5108NODK7WL.jpg	404 Client Error: Not Found for url: https://images-na.ssl-images-amazon.com/images/I/5108NODK7WL.jpg
B00KKF7X96	https://images-na.ssl-images-amazon.com/images/I/411c0tV9HWL.jpg	404 Client Error: Not Found for url: https://images-na.ssl-images-amazon.com/images/I/411c0tV9HWL.jpg
B00UJA6X0W	https://images-na.ssl-images-amazon.com/images/I/412s5TB5dUL.jpg	404 Client Error: Not Found for url: https://images-na.ssl-images-amazon.com/images/I/412s5TB5dUL.jpg
B008YDDR7S	https://images-na.ssl-images-amazon.com/images/I/41zGftDNkfL.jpg	404 Client Error: Not Found for url: https://images-na.ssl-images-amazon.com/images/I/41zGftDNkfL.jpg
B01C4NTH9K	https://images-na.ssl-images-amazon.com/images/I/412rYO8wL4L.jpg	404 Client Error: Not Found for url: https://images-na.ssl-images-amazon.com/images/I/412rYO8wL4L.jpg
B00HWF7JZ0	https://images-na.ssl-images-amazon.com/images/I/31tgpKMxvjL.jpg	404 Client Error: Not Found for url: https://images-na.ssl-images-amazon.com/images/I/31tgpKMxvjL.jpg
B00DG7AZSG	https://images-na.ssl-images-amazon.com/images/I/31XT2JIpJGL.jpg	404 Client Error: Not Found for url: https://images-na.ssl-images-amazon.com/images/I/31XT2JIpJGL.jpg
B00HWF7JSM	https://images-na.ssl-images-amazon.com/images/I/3139brVCF6L.jpg	404 Client Error: Not Found for url: https://images-na.ssl-images-amazon.com/images/I/3139brVCF6L.jpg
B00NMD88GA	https://images-na.ssl-images-amazon.com/images/I/41hsxtkOasL.jpg	404 Client Error: Not Found for url: https://images-na.ssl-images-amazon.com/images/I/41hsxtkOasL.jpg
B019R0B71Y	https://images-na.ssl-images-amazon.com/images/I/41qWnombALL.jpg	404 Client Error: Not Found for url: https://images-na.ssl-images-amazon.com/images/I/41qWnombALL.jpg
B01C5REQDC	https://images-na.ssl-images-amazon.com/images/I/51CnEUra66L.jpg	404 Client Error: Not Found for url: https://images-na.ssl-images-amazon.com/images/I/51CnEUra66L.jpg
B00Z01WTR6	https://images-na.ssl-images-amazon.com/images/I/51y20QRQ9TL.jpg	404 Client Error: Not Found for url: https://images-na.ssl-images-amazon.com/images/I/51y20QRQ9TL.jpg
B015MRD51Q	https://images-na.ssl-images-amazon.com/images/I/41sHXolsOEL.jpg	404 Client Error: Not Found for url: https://images-na.ssl-images-amazon.com/images/I/41sHXolsOEL.jpg
B014URLCBE	https://images-na.ssl-images-amazon.com/images/I/51l6TuiE0oL.jpg	404 Client Error: Not Found for url: https://images-na.ssl-images-amazon.com/images/I/51l6TuiE0oL.jpg
B00HGRERAY	https://images-na.ssl-images-amazon.com/images/I/41fKmfXgGsL.jpg	404 Client Error: Not Found for url: https://images-na.ssl-images-amazon.com/images/I/41fKmfXgGsL.jpg
B00FSBYTU8	https://images-na.ssl-images-amazon.com/images/I/4169O%2BhJc%2BL.jpg	404 Client Error: Not Found for url: https://images-na.ssl-images-amazon.com/images/I/4169O%2BhJc%2BL.jpg
B016E43XLS	https://images-na.ssl-images-amazon.com/images/I/41iFBLS%2BWHL.jpg	404 Client Error: Not Found for url: https://images-na.ssl-images-amazon.com/images/I/41iFBLS%2BWHL.jpg
B00V3B6A72	https://images-na.ssl-images-amazon.com/images/I/41bf05L7zGL.jpg	404 Client Error: Not Found for url: https://images-na.ssl-images-amazon.com/images/I/41bf05L7zGL.jpg
B016YKIBGE	https://images-na.ssl-images-amazon.com/images/I/41nMVNdin0L.jpg	404 Client Error: Not Found for url: https://images-na.ssl-images-amazon.com/images/I/41nMVNdin0L.jpg
B01CT72QEE	https://images-na.ssl-images-amazon.com/images/I/41wV77z7G4L.jpg	404 Client Error: Not Found for url: https://images-na.ssl-images-amazon.com/images/I/41wV77z7G4L.jpg
B00LU7GPLK	https://images-na.ssl-images-amazon.com/images/I/41pz3oJ8n6L.jpg	404 Client Error: Not Found for url: https://images-na.ssl-images-amazon.com/images/I/41pz3oJ8n6L.jpg
B01EYXVDW2	https://images-na.ssl-images-amazon.com/images/I/41mj6wUYghL.jpg	404 Client Error: Not Found for url: https://images-na.ssl-images-amazon.com/images/I/41mj6wUYghL.jpg
B01FIJ0TJ4	https://images-na.ssl-images-amazon.com/images/I/4113YnjlevL.jpg	404 Client Error: Not Found for url: https://images-na.ssl-images-amazon.com/images/I/4113YnjlevL.jpg
B01GEXOKB6	https://images-na.ssl-images-amazon.com/images/I/41Fyp0573jL.jpg	404 Client Error: Not Found for url: https://images-na.ssl-images-amazon.com/images/I/41Fyp0573jL.jpg
B00E9J0GG6	https://images-na.ssl-images-amazon.com/images/I/414vUo8CgZL.jpg	404 Client Error: Not Found for url: https://images-na.ssl-images-amazon.com/images/I/414vUo8CgZL.jpg
B00JULWE68	https://images-na.ssl-images-amazon.com/images/I/41h9MdVQQBL.jpg	404 Client Error: Not Found for url: https://images-na.ssl-images-amazon.com/images/I/41h9MdVQQBL.jpg
B01ELTA7HG	https://images-na.ssl-images-amazon.com/images/I/41ETU7haGSL.jpg	404 Client Error: Not Found for url: https://images-na.ssl-images-amazon.com/images/I/41ETU7haGSL.jpg
B00F09YIRC	https://images-na.ssl-images-amazon.com/images/I/51-9HnirH-L.jpg	404 Client Error: Not Found for url: https://images-na.ssl-images-amazon.com/images/I/51-9HnirH-L.jpg
B00EYZFERG	https://images-na.ssl-images-amazon.com/images/I/51PDmVFF18L.jpg	404 Client Error: Not Found for url: https://images-na.ssl-images-amazon.com/images/I/51PDmVFF18L.jpg
B018YCLSVA	https://images-na.ssl-images-amazon.com/images/I/51aaGqPKD9L.jpg	404 Client Error: Not Found for url: https://images-na.ssl-images-amazon.com/images/I/51aaGqPKD9L.jpg
B001G55JTK	https://images-na.ssl-images-amazon.com/images/I/41bfNGk1quL.jpg	404 Client Error: Not Found for url: https://images-na.ssl-images-amazon.com/images/I/41bfNGk1quL.jpg
B0072D7V5A	https://images-na.ssl-images-amazon.com/images/I/51-t74H9QjL.jpg	404 Client Error: Not Found for url: https://images-na.ssl-images-amazon.com/images/I/51-t74H9QjL.jpg
B011APDYBA	https://images-na.ssl-images-amazon.com/images/I/41H1kykvd-L.jpg	404 Client Error: Not Found for url: https://images-na.ssl-images-amazon.com/images/I/41H1kykvd-L.jpg
B01C44B5HG	https://images-na.ssl-images-amazon.com/images/I/313SoAnt9aL.jpg	404 Client Error: Not Found for url: https://images-na.ssl-images-amazon.com/images/I/313SoAnt9aL.jpg
B00K58XHCA	https://images-na.ssl-images-amazon.com/images/I/517ccZXan4L.jpg	404 Client Error: Not Found for url: https://images-na.ssl-images-amazon.com/images/I/517ccZXan4L.jpg
B016LJ4TF0	https://images-na.ssl-images-amazon.com/images/I/41dQERSCLYL.jpg	404 Client Error: Not Found for url: https://images-na.ssl-images-amazon.com/images/I/41dQERSCLYL.jpg
B01FXGH4X6	https://images-na.ssl-images-amazon.com/images/I/41PlqgHM4WL.jpg	404 Client Error: Not Found for url: https://images-na.ssl-images-amazon.com/images/I/41PlqgHM4WL.jpg
B0113L2W8C	https://images-na.ssl-images-amazon.com/images/I/41C9ki5EPJL.jpg	404 Client Error: Not Found for url: https://images-na.ssl-images-amazon.com/images/I/41C9ki5EPJL.jpg
B00EA070RM	https://images-na.ssl-images-amazon.com/images/I/41rLmmSFSXL.jpg	404 Client Error: Not Found for url: https://images-na.ssl-images-amazon.com/images/I/41rLmmSFSXL.jpg
B00BMTT40U	https://images-na.ssl-images-amazon.com/images/I/41gsvYaZ9SL.jpg	404 Client Error: Not Found for url: https://images-na.ssl-images-amazon.com/images/I/41gsvYaZ9SL.jpg
B00E7HHNV6	https://images-na.ssl-images-amazon.com/images/I/41JwQM2%2BcLL.jpg	404 Client Error: Not Found for url: https://images-na.ssl-images-amazon.com/images/I/41JwQM2%2BcLL.jpg
B00LP20BAQ	https://images-na.ssl-images-amazon.com/images/I/41hzRCAq6DL.jpg	404 Client Error: Not Found for url: https://images-na.ssl-images-amazon.com/images/I/41hzRCAq6DL.jpg
B003YHT47G	https://images-na.ssl-images-amazon.com/images/I/51ED7VOasCL.jpg	404 Client Error: Not Found for url: https://images-na.ssl-images-amazon.com/images/I/51ED7VOasCL.jpg
B001SHIJZW	https://images-na.ssl-images-amazon.com/images/I/41ZTSZJXGbL.jpg	404 Client Error: Not Found for url: https://images-na.ssl-images-amazon.com/images/I/41ZTSZJXGbL.jpg
B00YXTPHIE	https://images-na.ssl-images-amazon.com/images/I/412GbBvfnXL.jpg	404 Client Error: Not Found for url: https://images-na.ssl-images-amazon.com/images/I/412GbBvfnXL.jpg
B019YASUWG	https://images-na.ssl-images-amazon.com/images/I/51BRQzCTgJL.jpg	404 Client Error: Not Found for url: https://images-na.ssl-images-amazon.com/images/I/51BRQzCTgJL.jpg
B00M15CZCS	https://images-na.ssl-images-amazon.com/images/I/418Q2%2BDgw5L.jpg	404 Client Error: Not Found for url: https://images-na.ssl-images-amazon.com/images/I/418Q2%2BDgw5L.jpg
B017O9LY9A	https://images-na.ssl-images-amazon.com/images/I/51Lc90fwg3L.jpg	404 Client Error: Not Found for url: https://images-na.ssl-images-amazon.com/images/I/51Lc90fwg3L.jpg
B00GYWY9JG	https://images-na.ssl-images-amazon.com/images/I/41x9wgISVNL.jpg	404 Client Error: Not Found for url: https://images-na.ssl-images-amazon.com/images/I/41x9wgISVNL.jpg
B00HGRGP18	https://images-na.ssl-images-amazon.com/images/I/41WcObl3gFL.jpg	404 Client Error: Not Found for url: https://images-na.ssl-images-amazon.com/images/I/41WcObl3gFL.jpg
B00HGRI6RY	https://images-na.ssl-images-amazon.com/images/I/41UYjlbzvjL.jpg	404 Client Error: Not Found for url: https://images-na.ssl-images-amazon.com/images/I/41UYjlbzvjL.jpg
B00LNCK8KG	https://images-na.ssl-images-amazon.com/images/I/41r1-LMk4OL.jpg	404 Client Error: Not Found for url: https://images-na.ssl-images-amazon.com/images/I/41r1-LMk4OL.jpg
B00GO97U9A	https://images-na.ssl-images-amazon.com/images/I/31uIsvZ2UdL.jpg	404 Client Error: Not Found for url: https://images-na.ssl-images-amazon.com/images/I/31uIsvZ2UdL.jpg
B01CRFT3TO	https://images-na.ssl-images-amazon.com/images/I/41R4ksId77L.jpg	404 Client Error: Not Found for url: https://images-na.ssl-images-amazon.com/images/I/41R4ksId77L.jpg
B018A9F2HI	https://images-na.ssl-images-amazon.com/images/I/41SAEMc0gqL.jpg	404 Client Error: Not Found for url: https://images-na.ssl-images-amazon.com/images/I/41SAEMc0gqL.jpg
B00IWM022E	https://images-na.ssl-images-amazon.com/images/I/41xIXCTSuYL.jpg	404 Client Error: Not Found for url: https://images-na.ssl-images-amazon.com/images/I/41xIXCTSuYL.jpg
B00QU6IQ4A	https://images-na.ssl-images-amazon.com/images/I/41OP-qxqLvL.jpg	404 Client Error: Not Found for url: https://images-na.ssl-images-amazon.com/images/I/41OP-qxqLvL.jpg
B01C5M5MUS	https://images-na.ssl-images-amazon.com/images/I/41x0dlZ-HzL.jpg	404 Client Error: Not Found for url: https://images-na.ssl-images-amazon.com/images/I/41x0dlZ-HzL.jpg
B001UTP3FC	https://images-na.ssl-images-amazon.com/images/I/41GbQt7omOL.jpg	404 Client Error: Not Found for url: https://images-na.ssl-images-amazon.com/images/I/41GbQt7omOL.jpg
B00M9GR58S	https://images-na.ssl-images-amazon.com/images/I/41VgF5O69QL.jpg	404 Client Error: Not Found for url: https://images-na.ssl-images-amazon.com/images/I/41VgF5O69QL.jpg
B004SAY9IM	https://images-na.ssl-images-amazon.com/images/I/41wmZm5i1GL.jpg	404 Client Error: Not Found for url: https://images-na.ssl-images-amazon.com/images/I/41wmZm5i1GL.jpg
B01AKULRX8	https://images-na.ssl-images-amazon.com/images/I/41wlORZGFLL.jpg	404 Client Error: Not Found for url: https://images-na.ssl-images-amazon.com/images/I/41wlORZGFLL.jpg
B00IOY1AJY	https://images-na.ssl-images-amazon.com/images/I/41zGIUMK6pL.jpg	404 Client Error: Not Found for url: https://images-na.ssl-images-amazon.com/images/I/41zGIUMK6pL.jpg
B01CYVB5SI	https://images-na.ssl-images-amazon.com/images/I/31jyyqr9r5L.jpg	404 Client Error: Not Found for url: https://images-na.ssl-images-amazon.com/images/I/31jyyqr9r5L.jpg
B00KVKNQ9Q	https://images-na.ssl-images-amazon.com/images/I/41GZM0nm9IL.jpg	404 Client Error: Not Found for url: https://images-na.ssl-images-amazon.com/images/I/41GZM0nm9IL.jpg
B00AYQOXO4	https://images-na.ssl-images-amazon.com/images/I/41r5kZkqGiL.jpg	404 Client Error: Not Found for url: https://images-na.ssl-images-amazon.com/images/I/41r5kZkqGiL.jpg
B00HRDMYHA	https://images-na.ssl-images-amazon.com/images/I/41sTDtcQ7hL.jpg	404 Client Error: Not Found for url: https://images-na.ssl-images-amazon.com/images/I/41sTDtcQ7hL.jpg
B017C9IX64	https://images-na.ssl-images-amazon.com/images/I/415xAn0uF4L.jpg	404 Client Error: Not Found for url: https://images-na.ssl-images-amazon.com/images/I/415xAn0uF4L.jpg
B00SISD1U2	https://images-na.ssl-images-amazon.com/images/I/41jXea1hXXL.jpg	404 Client Error: Not Found for url: https://images-na.ssl-images-amazon.com/images/I/41jXea1hXXL.jpg
B00PUWRDBM	https://images-na.ssl-images-amazon.com/images/I/41wHFX5VQDL.jpg	404 Client Error: Not Found for url: https://images-na.ssl-images-amazon.com/images/I/41wHFX5VQDL.jpg
B00ND6SV9K	https://images-na.ssl-images-amazon.com/images/I/413PK42ROBL.jpg	404 Client Error: Not Found for url: https://images-na.ssl-images-amazon.com/images/I/413PK42ROBL.jpg
B0159J2QLW	https://images-na.ssl-images-amazon.com/images/I/416DiIr2hvL.jpg	404 Client Error: Not Found for url: https://images-na.ssl-images-amazon.com/images/I/416DiIr2hvL.jpg
B00FXPRL5O	https://images-na.ssl-images-amazon.com/images/I/41DNiQATWBL.jpg	404 Client Error: Not Found for url: https://images-na.ssl-images-amazon.com/images/I/41DNiQATWBL.jpg
B00FXPRJWO	https://images-na.ssl-images-amazon.com/images/I/31efY9gcCZL.jpg	404 Client Error: Not Found for url: https://images-na.ssl-images-amazon.com/images/I/31efY9gcCZL.jpg
B018YDZFY0	https://images-na.ssl-images-amazon.com/images/I/41kn%2B1wTPJL.jpg	404 Client Error: Not Found for url: https://images-na.ssl-images-amazon.com/images/I/41kn%2B1wTPJL.jpg
B00CI9PXNU	https://images-na.ssl-images-amazon.com/images/I/41Z8Q1CmPaL.jpg	404 Client Error: Not Found for url: https://images-na.ssl-images-amazon.com/images/I/41Z8Q1CmPaL.jpg
B002N2XYKQ	https://images-na.ssl-images-amazon.com/images/I/41wqxmAKMiL.jpg	404 Client Error: Not Found for url: https://images-na.ssl-images-amazon.com/images/I/41wqxmAKMiL.jpg
B002E6QVII	https://images-na.ssl-images-amazon.com/images/I/416YGhmTXVL.jpg	404 Client Error: Not Found for url: https://images-na.ssl-images-amazon.com/images/I/416YGhmTXVL.jpg
B015Q4RUQ6	https://images-na.ssl-images-amazon.com/images/I/418VJJFmKTL.jpg	404 Client Error: Not Found for url: https://images-na.ssl-images-amazon.com/images/I/418VJJFmKTL.jpg
B001LV9ZQW	https://images-na.ssl-images-amazon.com/images/I/51-cYw6raML.jpg	404 Client Error: Not Found for url: https://images-na.ssl-images-amazon.com/images/I/51-cYw6raML.jpg
B008LWRD72	https://images-na.ssl-images-amazon.com/images/I/31FbABxi%2BML.jpg	404 Client Error: Not Found for url: https://images-na.ssl-images-amazon.com/images/I/31FbABxi%2BML.jpg
B01DYIKQ7Q	https://images-na.ssl-images-amazon.com/images/I/31JTRY4SgAL.jpg	404 Client Error: Not Found for url: https://images-na.ssl-images-amazon.com/images/I/31JTRY4SgAL.jpg
B004Q2M7T0	https://images-na.ssl-images-amazon.com/images/I/31aW0OnLZUL.jpg	404 Client Error: Not Found for url: https://images-na.ssl-images-amazon.com/images/I/31aW0OnLZUL.jpg
B003B187SC	https://images-na.ssl-images-amazon.com/images/I/314-Yrvw57L.jpg	404 Client Error: Not Found for url: https://images-na.ssl-images-amazon.com/images/I/314-Yrvw57L.jpg
B0011FU3NC	https://images-na.ssl-images-amazon.com/images/I/51UsyIjRMAL.jpg	404 Client Error: Not Found for url: https://images-na.ssl-images-amazon.com/images/I/51UsyIjRMAL.jpg
B00XHZ39MG	https://images-na.ssl-images-amazon.com/images/I/51XyoJF6WNL.jpg	HTTPSConnectionPool(host='images-na.ssl-images-amazon.com', port=443): Read timed out. (read timeout=15)
B005F50JGU	https://images-na.ssl-images-amazon.com/images/I/41HODpC8gEL.jpg	404 Client Error: Not Found for url: https://images-na.ssl-images-amazon.com/images/I/41HODpC8gEL.jpg
B00NI6M2NQ	https://images-na.ssl-images-amazon.com/images/I/410MR9S7C9L.jpg	404 Client Error: Not Found for url: https://images-na.ssl-images-amazon.com/images/I/410MR9S7C9L.jpg
B00EYY755Q	https://images-na.ssl-images-amazon.com/images/I/41yflSDVutL.jpg	404 Client Error: Not Found for url: https://images-na.ssl-images-amazon.com/images/I/41yflSDVutL.jpg
B00IP8BDEG	https://images-na.ssl-images-amazon.com/images/I/41Bu0WZw1jL.jpg	404 Client Error: Not Found for url: https://images-na.ssl-images-amazon.com/images/I/41Bu0WZw1jL.jpg
B004U7UHSO	https://images-na.ssl-images-amazon.com/images/I/31HjnZecPnL.jpg	404 Client Error: Not Found for url: https://images-na.ssl-images-amazon.com/images/I/31HjnZecPnL.jpg
B013NIGGSA	https://images-na.ssl-images-amazon.com/images/I/41lkqFn02jL.jpg	404 Client Error: Not Found for url: https://images-na.ssl-images-amazon.com/images/I/41lkqFn02jL.jpg
B01DP1RPHG	https://images-na.ssl-images-amazon.com/images/I/41WEOOh9bsL.jpg	HTTPSConnectionPool(host='images-na.ssl-images-amazon.com', port=443): Read timed out. (read timeout=15)
B00DY71C7G	https://images-na.ssl-images-amazon.com/images/I/41Mxr%2BXxRJL.jpg	HTTPSConnectionPool(host='images-na.ssl-images-amazon.com', port=443): Read timed out. (read timeout=15)
B00149G7NK	https://images-na.ssl-images-amazon.com/images/I/41e4B34Bo6L.jpg	404 Client Error: Not Found for url: https://images-na.ssl-images-amazon.com/images/I/41e4B34Bo6L.jpg
B00Y7OIUX4	https://images-na.ssl-images-amazon.com/images/I/61X3y%2BDrDIL.jpg	HTTPSConnectionPool(host='images-na.ssl-images-amazon.com', port=443): Read timed out. (read timeout=15)
B00X3RZIK4	https://images-na.ssl-images-amazon.com/images/I/41tmnOwVRFL.jpg	404 Client Error: Not Found for url: https://images-na.ssl-images-amazon.com/images/I/41tmnOwVRFL.jpg
B00FELFDB6	https://images-na.ssl-images-amazon.com/images/I/4197yV-Yp%2BL.jpg	404 Client Error: Not Found for url: https://images-na.ssl-images-amazon.com/images/I/4197yV-Yp%2BL.jpg
B01CDD3SBO	https://images-na.ssl-images-amazon.com/images/I/31ly2ztJ7uL.jpg	404 Client Error: Not Found for url: https://images-na.ssl-images-amazon.com/images/I/31ly2ztJ7uL.jpg
B01CO8LURM	https://images-na.ssl-images-amazon.com/images/I/413Wj6cWagL.jpg	404 Client Error: Not Found for url: https://images-na.ssl-images-amazon.com/images/I/413Wj6cWagL.jpg
B0101QIVCG	https://images-na.ssl-images-amazon.com/images/I/31bctw2uX7L.jpg	404 Client Error: Not Found for url: https://images-na.ssl-images-amazon.com/images/I/31bctw2uX7L.jpg
B01CO8M5TO	https://images-na.ssl-images-amazon.com/images/I/41K4zzzEC0L.jpg	404 Client Error: Not Found for url: https://images-na.ssl-images-amazon.com/images/I/41K4zzzEC0L.jpg
B00JFTFUF2	https://images-na.ssl-images-amazon.com/images/I/31UjImfxEJL.jpg	HTTPSConnectionPool(host='images-na.ssl-images-amazon.com', port=443): Read timed out. (read timeout=15)
B001K2L3YE	https://images-na.ssl-images-amazon.com/images/I/41uBLsKpqSL.jpg	HTTPSConnectionPool(host='images-na.ssl-images-amazon.com', port=443): Read timed out. (read timeout=15)
B00LLPWYGG	https://images-na.ssl-images-amazon.com/images/I/41LOWLjKaVL.jpg	404 Client Error: Not Found for url: https://images-na.ssl-images-amazon.com/images/I/41LOWLjKaVL.jpg
B01COW6APU	https://images-na.ssl-images-amazon.com/images/I/41%2BFv5LAHYL.jpg	404 Client Error: Not Found for url: https://images-na.ssl-images-amazon.com/images/I/41%2BFv5LAHYL.jpg
B00EOGOX4K	https://images-na.ssl-images-amazon.com/images/I/41Mv5fFBr3L.jpg	404 Client Error: Not Found for url: https://images-na.ssl-images-amazon.com/images/I/41Mv5fFBr3L.jpg
B00M6Y76W8	https://images-na.ssl-images-amazon.com/images/I/41FN4cUgH%2BL.jpg	502 Server Error: Bad Gateway for url: https://images-na.ssl-images-amazon.com/images/I/41FN4cUgH%2BL.jpg
B006R9V6WY	https://images-na.ssl-images-amazon.com/images/I/51E2niZ17sL.jpg	502 Server Error: Bad Gateway for url: https://images-na.ssl-images-amazon.com/images/I/51E2niZ17sL.jpg
B00LXTEY4U	https://images-na.ssl-images-amazon.com/images/I/41itCf9MFBL.jpg	404 Client Error: Not Found for url: https://images-na.ssl-images-amazon.com/images/I/41itCf9MFBL.jpg
B00IM5PLRM	https://images-na.ssl-images-amazon.com/images/I/41z6neQYMvL.jpg	HTTPSConnectionPool(host='images-na.ssl-images-amazon.com', port=443): Read timed out. (read timeout=15)
B017D4IAAM	https://images-na.ssl-images-amazon.com/images/I/41TI3snXypL.jpg	404 Client Error: Not Found for url: https://images-na.ssl-images-amazon.com/images/I/41TI3snXypL.jpg
B00EEHKU3M	https://images-na.ssl-images-amazon.com/images/I/51UreNBLV%2BL.jpg	HTTPSConnectionPool(host='images-na.ssl-images-amazon.com', port=443): Read timed out. (read timeout=15)
B01H8RZVRE	https://images-na.ssl-images-amazon.com/images/I/41GQ9E6bvOL.jpg	HTTPSConnectionPool(host='images-na.ssl-images-amazon.com', port=443): Read timed out. (read timeout=15)
B002D4508S	https://images-na.ssl-images-amazon.com/images/I/315UCU3PkCL.jpg	404 Client Error: Not Found for url: https://images-na.ssl-images-amazon.com/images/I/315UCU3PkCL.jpg
B01ATQG4Q8	https://images-na.ssl-images-amazon.com/images/I/41689vHpMCL.jpg	404 Client Error: Not Found for url: https://images-na.ssl-images-amazon.com/images/I/41689vHpMCL.jpg
B000IO7XN0	https://images-na.ssl-images-amazon.com/images/I/317byqV%2BL-L.jpg	404 Client Error: Not Found for url: https://images-na.ssl-images-amazon.com/images/I/317byqV%2BL-L.jpg
B00EYH3JRG	https://images-na.ssl-images-amazon.com/images/I/31Y9OBeIFEL.jpg	404 Client Error: Not Found for url: https://images-na.ssl-images-amazon.com/images/I/31Y9OBeIFEL.jpg
B00SAIA8TW	https://images-na.ssl-images-amazon.com/images/I/41%2B2cTXjyGL.jpg	404 Client Error: Not Found for url: https://images-na.ssl-images-amazon.com/images/I/41%2B2cTXjyGL.jpg
B01BCPF9KC	https://images-na.ssl-images-amazon.com/images/I/41vbvunQhlL.jpg	404 Client Error: Not Found for url: https://images-na.ssl-images-amazon.com/images/I/41vbvunQhlL.jpg
B00V5YQ7IO	https://images-na.ssl-images-amazon.com/images/I/41vp-JU23KL.jpg	404 Client Error: Not Found for url: https://images-na.ssl-images-amazon.com/images/I/41vp-JU23KL.jpg
B008EVUV06	https://images-na.ssl-images-amazon.com/images/I/41yimzWnoCL.jpg	404 Client Error: Not Found for url: https://images-na.ssl-images-amazon.com/images/I/41yimzWnoCL.jpg
B002JJLPRC	https://images-na.ssl-images-amazon.com/images/I/31s2QuN6fPL.jpg	404 Client Error: Not Found for url: https://images-na.ssl-images-amazon.com/images/I/31s2QuN6fPL.jpg
B00FYEW26C	https://images-na.ssl-images-amazon.com/images/I/41uzQTCp4JL.jpg	404 Client Error: Not Found for url: https://images-na.ssl-images-amazon.com/images/I/41uzQTCp4JL.jpg
B003A26TPU	https://images-na.ssl-images-amazon.com/images/I/41eip2ZWJoL.jpg	404 Client Error: Not Found for url: https://images-na.ssl-images-amazon.com/images/I/41eip2ZWJoL.jpg
B0012QAY1G	https://images-na.ssl-images-amazon.com/images/I/41GQcEShdtL.jpg	404 Client Error: Not Found for url: https://images-na.ssl-images-amazon.com/images/I/41GQcEShdtL.jpg
B00V5YP9JW	https://images-na.ssl-images-amazon.com/images/I/41CFt28m25L.jpg	404 Client Error: Not Found for url: https://images-na.ssl-images-amazon.com/images/I/41CFt28m25L.jpg
B0117FXE5E	https://images-na.ssl-images-amazon.com/images/I/41hOQrZNuOL.jpg	404 Client Error: Not Found for url: https://images-na.ssl-images-amazon.com/images/I/41hOQrZNuOL.jpg
B00DSKUVGC	https://images-na.ssl-images-amazon.com/images/I/414vYU1wXwL.jpg	404 Client Error: Not Found for url: https://images-na.ssl-images-amazon.com/images/I/414vYU1wXwL.jpg
B002BUTCIS	https://images-na.ssl-images-amazon.com/images/I/31Z-NfjzB6L.jpg	404 Client Error: Not Found for url: https://images-na.ssl-images-amazon.com/images/I/31Z-NfjzB6L.jpg
B00DAOCTOS	https://images-na.ssl-images-amazon.com/images/I/415qnl4SLIL.jpg	404 Client Error: Not Found for url: https://images-na.ssl-images-amazon.com/images/I/415qnl4SLIL.jpg
B00HMMZPFO	https://images-na.ssl-images-amazon.com/images/I/41dlzc4f0EL.jpg	404 Client Error: Not Found for url: https://images-na.ssl-images-amazon.com/images/I/41dlzc4f0EL.jpg
B00EYH1KV8	https://images-na.ssl-images-amazon.com/images/I/31MlISirtgL.jpg	404 Client Error: Not Found for url: https://images-na.ssl-images-amazon.com/images/I/31MlISirtgL.jpg
B004Z0CN60	https://images-na.ssl-images-amazon.com/images/I/41dn4VDUIBL.jpg	404 Client Error: Not Found for url: https://images-na.ssl-images-amazon.com/images/I/41dn4VDUIBL.jpg
B00AQDBMM6	https://images-na.ssl-images-amazon.com/images/I/41U%2BytIdsyL.jpg	404 Client Error: Not Found for url: https://images-na.ssl-images-amazon.com/images/I/41U%2BytIdsyL.jpg
B00A2WOCKU	https://images-na.ssl-images-amazon.com/images/I/51UiqNyZNLL.jpg	HTTPSConnectionPool(host='images-na.ssl-images-amazon.com', port=443): Read timed out. (read timeout=15)
B017V66IV0	https://images-na.ssl-images-amazon.com/images/I/31aKNcUQprL.jpg	404 Client Error: Not Found for url: https://images-na.ssl-images-amazon.com/images/I/31aKNcUQprL.jpg
B00HMMZNYM	https://images-na.ssl-images-amazon.com/images/I/41dlzc4f0EL.jpg	404 Client Error: Not Found for url: https://images-na.ssl-images-amazon.com/images/I/41dlzc4f0EL.jpg
B00EYH5BEU	https://images-na.ssl-images-amazon.com/images/I/31hV-zsrYmL.jpg	404 Client Error: Not Found for url: https://images-na.ssl-images-amazon.com/images/I/31hV-zsrYmL.jpg
B00ODVW43I	https://images-na.ssl-images-amazon.com/images/I/41WlOgmjFsL.jpg	404 Client Error: Not Found for url: https://images-na.ssl-images-amazon.com/images/I/41WlOgmjFsL.jpg
B008FC3I5O	https://images-na.ssl-images-amazon.com/images/I/31kA1OeoKpL.jpg	404 Client Error: Not Found for url: https://images-na.ssl-images-amazon.com/images/I/31kA1OeoKpL.jpg
B00EYH1HVQ	https://images-na.ssl-images-amazon.com/images/I/41vY-f-iC5L.jpg	404 Client Error: Not Found for url: https://images-na.ssl-images-amazon.com/images/I/41vY-f-iC5L.jpg
B00KRV3ML6	https://images-na.ssl-images-amazon.com/images/I/31xbEuqDhaL.jpg	404 Client Error: Not Found for url: https://images-na.ssl-images-amazon.com/images/I/31xbEuqDhaL.jpg
B000Q99TI4	https://images-na.ssl-images-amazon.com/images/I/41dlzc4f0EL.jpg	404 Client Error: Not Found for url: https://images-na.ssl-images-amazon.com/images/I/41dlzc4f0EL.jpg
B00E9ZW7YE	https://images-na.ssl-images-amazon.com/images/I/41uqH3acrzL.jpg	404 Client Error: Not Found for url: https://images-na.ssl-images-amazon.com/images/I/41uqH3acrzL.jpg
B003A28YNK	https://images-na.ssl-images-amazon.com/images/I/41dm14APU4L.jpg	404 Client Error: Not Found for url: https://images-na.ssl-images-amazon.com/images/I/41dm14APU4L.jpg
B00B1L35WW	https://images-na.ssl-images-amazon.com/images/I/31KchULAHDL.jpg	404 Client Error: Not Found for url: https://images-na.ssl-images-amazon.com/images/I/31KchULAHDL.jpg
B002625QJU	https://images-na.ssl-images-amazon.com/images/I/31cv8LtUGCL.jpg	404 Client Error: Not Found for url: https://images-na.ssl-images-amazon.com/images/I/31cv8LtUGCL.jpg
B008X26P9C	https://images-na.ssl-images-amazon.com/images/I/31lQxzukyLL.jpg	404 Client Error: Not Found for url: https://images-na.ssl-images-amazon.com/images/I/31lQxzukyLL.jpg
B007PB7IVQ	https://images-na.ssl-images-amazon.com/images/I/41GQcEShdtL.jpg	404 Client Error: Not Found for url: https://images-na.ssl-images-amazon.com/images/I/41GQcEShdtL.jpg
B01BCPHK8Q	https://images-na.ssl-images-amazon.com/images/I/41BcYCBfO5L.jpg	404 Client Error: Not Found for url: https://images-na.ssl-images-amazon.com/images/I/41BcYCBfO5L.jpg
B01C3WETNG	https://images-na.ssl-images-amazon.com/images/I/31HFSGofrML.jpg	404 Client Error: Not Found for url: https://images-na.ssl-images-amazon.com/images/I/31HFSGofrML.jpg
B008TC240A	https://images-na.ssl-images-amazon.com/images/I/41lm27O%2BK1L.jpg	404 Client Error: Not Found for url: https://images-na.ssl-images-amazon.com/images/I/41lm27O%2BK1L.jpg
B00V5YQ0G8	https://images-na.ssl-images-amazon.com/images/I/41g7zBSqg%2BL.jpg	404 Client Error: Not Found for url: https://images-na.ssl-images-amazon.com/images/I/41g7zBSqg%2BL.jpg
B00HMMZCVG	https://images-na.ssl-images-amazon.com/images/I/41GQcEShdtL.jpg	404 Client Error: Not Found for url: https://images-na.ssl-images-amazon.com/images/I/41GQcEShdtL.jpg
B00AQD4A34	https://images-na.ssl-images-amazon.com/images/I/31xXxqpuwGL.jpg	404 Client Error: Not Found for url: https://images-na.ssl-images-amazon.com/images/I/31xXxqpuwGL.jpg
B0088PI0DI	https://images-na.ssl-images-amazon.com/images/I/31hkrzZG3jL.jpg	404 Client Error: Not Found for url: https://images-na.ssl-images-amazon.com/images/I/31hkrzZG3jL.jpg
B00770RXY2	https://images-na.ssl-images-amazon.com/images/I/41GQcEShdtL.jpg	404 Client Error: Not Found for url: https://images-na.ssl-images-amazon.com/images/I/41GQcEShdtL.jpg
B00DAOCJSO	https://images-na.ssl-images-amazon.com/images/I/415qnl4SLIL.jpg	404 Client Error: Not Found for url: https://images-na.ssl-images-amazon.com/images/I/415qnl4SLIL.jpg
B017MPLIGA	https://images-na.ssl-images-amazon.com/images/I/51jXPed-X6L.jpg	404 Client Error: Not Found for url: https://images-na.ssl-images-amazon.com/images/I/51jXPed-X6L.jpg
B00AQD2CPW	https://images-na.ssl-images-amazon.com/images/I/41V9lNE4QZL.jpg	404 Client Error: Not Found for url: https://images-na.ssl-images-amazon.com/images/I/41V9lNE4QZL.jpg
B00EYH5IUC	https://images-na.ssl-images-amazon.com/images/I/316UlQI8JaL.jpg	404 Client Error: Not Found for url: https://images-na.ssl-images-amazon.com/images/I/316UlQI8JaL.jpg
B01ATQH0Q6	https://images-na.ssl-images-amazon.com/images/I/41I-cLKFVJL.jpg	404 Client Error: Not Found for url: https://images-na.ssl-images-amazon.com/images/I/41I-cLKFVJL.jpg
B00SAHO8FI	https://images-na.ssl-images-amazon.com/images/I/51SJUqTloNL.jpg	404 Client Error: Not Found for url: https://images-na.ssl-images-amazon.com/images/I/51SJUqTloNL.jpg
B00063SOXG	https://images-na.ssl-images-amazon.com/images/I/413z3OqgmgL.jpg	404 Client Error: Not Found for url: https://images-na.ssl-images-amazon.com/images/I/413z3OqgmgL.jpg
B00EYH4ZW4	https://images-na.ssl-images-amazon.com/images/I/31adJmXjzUL.jpg	404 Client Error: Not Found for url: https://images-na.ssl-images-amazon.com/images/I/31adJmXjzUL.jpg
B0081K85XU	https://images-na.ssl-images-amazon.com/images/I/51EzUksqSWL.jpg	HTTPSConnectionPool(host='images-na.ssl-images-amazon.com', port=443): Read timed out. (read timeout=15)
