Loaded 24719 embeddings, 68664 train edges, 7629 val edges.
Using device: mps

=== Training model_a_random_negs (R=8 random negs, H=0 hard negs) ===
  epoch 0: train_loss=2.0105 val_loss=1.5712 mean_pairwise_cosine=0.1763
  epoch 1: train_loss=1.5145 val_loss=1.3690 mean_pairwise_cosine=0.1304
  epoch 2: train_loss=1.3556 val_loss=1.3073 mean_pairwise_cosine=0.1416
  epoch 3: train_loss=1.2570 val_loss=1.2415 mean_pairwise_cosine=0.0726
  epoch 4: train_loss=1.1954 val_loss=1.2090 mean_pairwise_cosine=0.0742
  epoch 5: train_loss=1.1509 val_loss=1.1880 mean_pairwise_cosine=0.0778
  epoch 6: train_loss=1.1146 val_loss=1.1665 mean_pairwise_cosine=0.0519
  epoch 7: train_loss=1.0848 val_loss=1.1391 mean_pairwise_cosine=0.0639
  epoch 8: train_loss=1.0577 val_loss=1.1306 mean_pairwise_cosine=0.0532
  epoch 9: train_loss=1.0406 val_loss=1.1209 mean_pairwise_cosine=0.0447
  epoch 10: train_loss=1.0214 val_loss=1.1179 mean_pairwise_cosine=0.0355
  epoch 11: train_loss=1.0045 val_loss=1.0987 mean_pairwise_cosine=0.0329
  epoch 12: train_loss=0.9871 val_loss=1.0960 mean_pairwise_cosine=0.0469
  epoch 13: train_loss=0.9834 val_loss=1.0866 mean_pairwise_cosine=0.0489
  epoch 14: train_loss=0.9642 val_loss=1.0817 mean_pairwise_cosine=0.0423
  epoch 15: train_loss=0.9532 val_loss=1.0691 mean_pairwise_cosine=0.0417
  epoch 16: train_loss=0.9453 val_loss=1.0697 mean_pairwise_cosine=0.0332
  epoch 17: train_loss=0.9355 val_loss=1.0747 mean_pairwise_cosine=0.0479
  epoch 18: train_loss=0.9239 val_loss=1.0662 mean_pairwise_cosine=0.0475
  epoch 19: train_loss=0.9213 val_loss=1.0557 mean_pairwise_cosine=0.0469
  epoch 20: train_loss=0.9113 val_loss=1.0455 mean_pairwise_cosine=0.0354
  epoch 21: train_loss=0.9050 val_loss=1.0525 mean_pairwise_cosine=0.0417
  epoch 22: train_loss=0.9010 val_loss=1.0443 mean_pairwise_cosine=0.0341
  epoch 23: train_loss=0.8963 val_loss=1.0405 mean_pairwise_cosine=0.0365
  epoch 24: train_loss=0.8909 val_loss=1.0397 mean_pairwise_cosine=0.0521
  epoch 25: train_loss=0.8826 val_loss=1.0464 mean_pairwise_cosine=0.0323
  epoch 26: train_loss=0.8811 val_loss=1.0286 mean_pairwise_cosine=0.0281
  epoch 27: train_loss=0.8737 val_loss=1.0413 mean_pairwise_cosine=0.0340
  epoch 28: train_loss=0.8667 val_loss=1.0241 mean_pairwise_cosine=0.0318
  epoch 29: train_loss=0.8673 val_loss=1.0163 mean_pairwise_cosine=0.0486
  epoch 30: train_loss=0.8569 val_loss=1.0319 mean_pairwise_cosine=0.0387
  epoch 31: train_loss=0.8541 val_loss=1.0183 mean_pairwise_cosine=0.0410
  epoch 32: train_loss=0.8553 val_loss=1.0195 mean_pairwise_cosine=0.0389
  epoch 33: train_loss=0.8484 val_loss=1.0243 mean_pairwise_cosine=0.0367
  epoch 34: train_loss=0.8486 val_loss=1.0156 mean_pairwise_cosine=0.0354
  epoch 35: train_loss=0.8391 val_loss=1.0117 mean_pairwise_cosine=0.0270
  epoch 36: train_loss=0.8372 val_loss=1.0091 mean_pairwise_cosine=0.0308
  epoch 37: train_loss=0.8362 val_loss=1.0116 mean_pairwise_cosine=0.0334
  epoch 38: train_loss=0.8309 val_loss=1.0117 mean_pairwise_cosine=0.0360
  epoch 39: train_loss=0.8351 val_loss=1.0049 mean_pairwise_cosine=0.0393
  epoch 40: train_loss=0.8235 val_loss=0.9962 mean_pairwise_cosine=0.0406
  epoch 41: train_loss=0.8245 val_loss=0.9988 mean_pairwise_cosine=0.0414
  epoch 42: train_loss=0.8221 val_loss=1.0025 mean_pairwise_cosine=0.0289
  epoch 43: train_loss=0.8133 val_loss=0.9947 mean_pairwise_cosine=0.0471
  epoch 44: train_loss=0.8160 val_loss=0.9958 mean_pairwise_cosine=0.0394
  epoch 45: train_loss=0.8160 val_loss=1.0002 mean_pairwise_cosine=0.0257
  epoch 46: train_loss=0.8141 val_loss=0.9968 mean_pairwise_cosine=0.0384
  epoch 47: train_loss=0.8100 val_loss=0.9967 mean_pairwise_cosine=0.0334
  epoch 48: train_loss=0.8061 val_loss=0.9955 mean_pairwise_cosine=0.0369
  early stopping at epoch 48 (patience=5 exceeded, best_val_loss=0.9947)
Saved best checkpoint to /Users/haseeb/Desktop/mitacs_project/week3/phase7_learned_compatibility/models/model_a_random_negs.pt (best_val_loss=0.9947)

=== Training model_b_hard_negs (R=4 random negs, H=4 hard negs) ===
  epoch 0: train_loss=2.7174 val_loss=2.3337 mean_pairwise_cosine=0.4130
  epoch 1: train_loss=2.2104 val_loss=2.0746 mean_pairwise_cosine=0.3107
  epoch 2: train_loss=1.9849 val_loss=1.9070 mean_pairwise_cosine=0.2767
  epoch 3: train_loss=1.8383 val_loss=1.8366 mean_pairwise_cosine=0.2090
  epoch 4: train_loss=1.7436 val_loss=1.7705 mean_pairwise_cosine=0.1705
  epoch 5: train_loss=1.6642 val_loss=1.7358 mean_pairwise_cosine=0.1475
  epoch 6: train_loss=1.6018 val_loss=1.6911 mean_pairwise_cosine=0.1163
  epoch 7: train_loss=1.5511 val_loss=1.6606 mean_pairwise_cosine=0.1153
  epoch 8: train_loss=1.5103 val_loss=1.6289 mean_pairwise_cosine=0.0995
  epoch 9: train_loss=1.4706 val_loss=1.6088 mean_pairwise_cosine=0.1005
  epoch 10: train_loss=1.4467 val_loss=1.5944 mean_pairwise_cosine=0.1006
  epoch 11: train_loss=1.4104 val_loss=1.5778 mean_pairwise_cosine=0.0693
  epoch 12: train_loss=1.3888 val_loss=1.5576 mean_pairwise_cosine=0.0837
  epoch 13: train_loss=1.3667 val_loss=1.5570 mean_pairwise_cosine=0.1057
  epoch 14: train_loss=1.3537 val_loss=1.5368 mean_pairwise_cosine=0.0688
  epoch 15: train_loss=1.3307 val_loss=1.5383 mean_pairwise_cosine=0.0637
  epoch 16: train_loss=1.3208 val_loss=1.5251 mean_pairwise_cosine=0.0800
  epoch 17: train_loss=1.3078 val_loss=1.5093 mean_pairwise_cosine=0.0668
  epoch 18: train_loss=1.2821 val_loss=1.5046 mean_pairwise_cosine=0.0689
  epoch 19: train_loss=1.2762 val_loss=1.5066 mean_pairwise_cosine=0.0578
  epoch 20: train_loss=1.2640 val_loss=1.4905 mean_pairwise_cosine=0.0504
  epoch 21: train_loss=1.2564 val_loss=1.4816 mean_pairwise_cosine=0.0624
  epoch 22: train_loss=1.2410 val_loss=1.4680 mean_pairwise_cosine=0.0572
  epoch 23: train_loss=1.2358 val_loss=1.4722 mean_pairwise_cosine=0.0537
  epoch 24: train_loss=1.2259 val_loss=1.4627 mean_pairwise_cosine=0.0585
  epoch 25: train_loss=1.2142 val_loss=1.4602 mean_pairwise_cosine=0.0409
  epoch 26: train_loss=1.2036 val_loss=1.4498 mean_pairwise_cosine=0.0589
  epoch 27: train_loss=1.2002 val_loss=1.4468 mean_pairwise_cosine=0.0437
  epoch 28: train_loss=1.1934 val_loss=1.4316 mean_pairwise_cosine=0.0480
  epoch 29: train_loss=1.1814 val_loss=1.4514 mean_pairwise_cosine=0.0479
  epoch 30: train_loss=1.1816 val_loss=1.4489 mean_pairwise_cosine=0.0474
  epoch 31: train_loss=1.1748 val_loss=1.4302 mean_pairwise_cosine=0.0488
  epoch 32: train_loss=1.1656 val_loss=1.4241 mean_pairwise_cosine=0.0346
  epoch 33: train_loss=1.1632 val_loss=1.4351 mean_pairwise_cosine=0.0492
  epoch 34: train_loss=1.1541 val_loss=1.4208 mean_pairwise_cosine=0.0374
  epoch 35: train_loss=1.1462 val_loss=1.4278 mean_pairwise_cosine=0.0262
  epoch 36: train_loss=1.1436 val_loss=1.4306 mean_pairwise_cosine=0.0429
  epoch 37: train_loss=1.1402 val_loss=1.4183 mean_pairwise_cosine=0.0353
  epoch 38: train_loss=1.1336 val_loss=1.4233 mean_pairwise_cosine=0.0413
  epoch 39: train_loss=1.1330 val_loss=1.4145 mean_pairwise_cosine=0.0444
  epoch 40: train_loss=1.1265 val_loss=1.4192 mean_pairwise_cosine=0.0339
  epoch 41: train_loss=1.1180 val_loss=1.4103 mean_pairwise_cosine=0.0448
  epoch 42: train_loss=1.1148 val_loss=1.3999 mean_pairwise_cosine=0.0355
  epoch 43: train_loss=1.1142 val_loss=1.4067 mean_pairwise_cosine=0.0478
  epoch 44: train_loss=1.1060 val_loss=1.4020 mean_pairwise_cosine=0.0368
  epoch 45: train_loss=1.1107 val_loss=1.4095 mean_pairwise_cosine=0.0368
  epoch 46: train_loss=1.1035 val_loss=1.3992 mean_pairwise_cosine=0.0448
  epoch 47: train_loss=1.0948 val_loss=1.3957 mean_pairwise_cosine=0.0431
  epoch 48: train_loss=1.1002 val_loss=1.4076 mean_pairwise_cosine=0.0417
  epoch 49: train_loss=1.0943 val_loss=1.3983 mean_pairwise_cosine=0.0311
  epoch 50: train_loss=1.0824 val_loss=1.3920 mean_pairwise_cosine=0.0451
  epoch 51: train_loss=1.0860 val_loss=1.3980 mean_pairwise_cosine=0.0439
  epoch 52: train_loss=1.0862 val_loss=1.3923 mean_pairwise_cosine=0.0286
  epoch 53: train_loss=1.0788 val_loss=1.3863 mean_pairwise_cosine=0.0322
  epoch 54: train_loss=1.0796 val_loss=1.3915 mean_pairwise_cosine=0.0274
  epoch 55: train_loss=1.0720 val_loss=1.3925 mean_pairwise_cosine=0.0408
  epoch 56: train_loss=1.0703 val_loss=1.3918 mean_pairwise_cosine=0.0438
  epoch 57: train_loss=1.0669 val_loss=1.3745 mean_pairwise_cosine=0.0494
  epoch 58: train_loss=1.0707 val_loss=1.3771 mean_pairwise_cosine=0.0327
  epoch 59: train_loss=1.0611 val_loss=1.3839 mean_pairwise_cosine=0.0341
  epoch 60: train_loss=1.0592 val_loss=1.3832 mean_pairwise_cosine=0.0220
  epoch 61: train_loss=1.0555 val_loss=1.3828 mean_pairwise_cosine=0.0377
  epoch 62: train_loss=1.0566 val_loss=1.3746 mean_pairwise_cosine=0.0329
  early stopping at epoch 62 (patience=5 exceeded, best_val_loss=1.3745)
Saved best checkpoint to /Users/haseeb/Desktop/mitacs_project/week3/phase7_learned_compatibility/models/model_b_hard_negs.pt (best_val_loss=1.3745)

Saved /Users/haseeb/Desktop/mitacs_project/week3/phase7_learned_compatibility/models/training_curves.json
